main_head=e6c2e2625bb5ce463282b13b2949b3538a2dbbbe
61af5e3c49e65711db6c819fc383f177948338ff ancestry=true
6dbf110a5fdd4c97246926fafee2a67867523883 ancestry=true
bd48271b954f7d2699a1383b12d821eae5275c8f ancestry=true
0fdee1072bbba941d3d7de0cb17268f81952da05 ancestry=true
e6c2e2625bb5ce463282b13b2949b3538a2dbbbe ancestry=true
git_cat_file=pass paths=7
r4_ledger_sha256=e34f9833440abfef05deef0db40fa4b993b95c20d41ef96e1b13c36cc347caa6
r4_driver_sha256=3ba147fe15eb7221e7439335beb4fe26af18d7c3ad2ef1b1ab1928f3a794e58a
command_pair_head=7485102b26ed34eb828e94900902147d5e00e995
MD5 (/Volumes/nvme/cargo-target-w7-builder-b/debug/ledger-run) = 627f5e6fa5f47a61d23a09b918b50567
wt-maple-core head=0fdee1072bbba941d3d7de0cb17268f81952da05
wt-s7-cedar head=25517d808cc19e3f002ceba51000b2a269bec362
wt-s7-orbit head=25517d808cc19e3f002ceba51000b2a269bec362
retained_target regular=true symlink=false tracked=false keys=sdk.dir values_logged=false
PASS baseline-bundle-successor9-sdk-regression: same-root wrong-root ambiguity escaping two-line unknown-key tracked symlink missing exact-package no-leak
selector_regression_rc=0
SUCCESSOR7_CONTINUITY evidence_commit=3528c2ad5 four_tasks=succeeded worktree=wt-maple-core manifest_bound=true archives_bound=true
continuity_rc=0
successor9_lease=absent collect=false redispatch=false ledger_started=false device_started=false
