1786612596.898174000 100x24
1786612596.944608000 100x24
1786612596.989209000 100x24
1786612597.034222000 100x24
1786612597.079980000 100x24
1786612597.122911000 100x24
1786612597.170053000 120x40
1786612597.216526000 120x40
1786612597.261505000 126x107
1786612597.305872000 126x107
1786612597.352070000 126x107
1786612597.397996000 126x107
1786612597.443633000 126x107
1786612597.491287000 126x107
1786612597.536725000 126x107
1786612597.584244000 126x107
1786612597.628670000 126x107
1786612597.674206000 126x107
1786612597.720658000 126x107
1786612597.762633000 126x107
1786612597.807148000 126x107
1786612597.849125000 126x107
1786612597.893321000 126x107
1786612597.940225000 126x107
1786612597.987699000 126x107
1786612598.034988000 126x107
1786612598.081778000 126x107
1786612598.124742000 126x107
1786612598.167739000 126x107
1786612598.210334000 126x107
1786612598.257448000 126x107
1786612598.305361000 126x107
1786612598.350746000 126x107
1786612598.395374000 126x107
1786612598.442946000 126x107
1786612598.484965000 126x107
1786612598.527710000 126x107
1786612598.573529000 126x107
1786612598.619148000 126x107
1786612598.666337000 126x107
1786612598.711155000 126x107
1786612598.756753000 126x107
1786612598.799433000 126x107
1786612598.844768000 126x107
1786612598.889680000 126x107
1786612598.936682000 126x107
1786612598.982679000 126x107
1786612599.027095000 126x107
1786612599.074192000 126x107
1786612599.119969000 126x107
1786612599.165794000 126x107
1786612599.211413000 126x107
1786612599.255295000 126x107
1786612599.300776000 126x107
1786612599.347887000 126x107
1786612599.393061000 126x107
1786612599.438898000 126x107
1786612599.484470000 126x107
1786612599.531469000 126x107
1786612599.578645000 126x107
1786612599.626063000 126x107
1786612599.672580000 126x107
1786612599.719738000 126x107
1786612599.766820000 126x107
1786612599.812753000 126x107
1786612599.858262000 126x107
1786612599.905964000 126x107
1786612599.951022000 126x107
1786612599.998676000 126x107
1786612600.045521000 126x107
1786612600.090386000 126x107
