1786612534.350209000 100x24
1786612534.394979000 100x24
1786612534.441744000 100x24
1786612534.486703000 100x24
1786612534.529787000 100x24
1786612534.575096000 100x24
1786612534.621493000 100x24
1786612534.670448000 120x40
1786612534.718227000 126x107
1786612534.764838000 126x107
1786612534.809128000 126x107
1786612534.859581000 126x107
1786612534.908905000 126x107
1786612534.957676000 126x107
1786612535.003617000 126x107
1786612535.053823000 126x107
1786612535.097780000 126x107
1786612535.145978000 126x107
1786612535.193713000 126x107
1786612535.238730000 126x107
1786612535.284894000 126x107
1786612535.331736000 126x107
1786612535.374323000 126x107
1786612535.419841000 126x107
1786612535.465042000 126x107
1786612535.513126000 126x107
1786612535.558504000 126x107
1786612535.603582000 126x107
1786612535.649061000 126x107
1786612535.691706000 126x107
1786612535.736927000 126x107
1786612535.784217000 126x107
1786612535.830014000 126x107
1786612535.877645000 126x107
1786612535.924561000 126x107
1786612535.967534000 126x107
1786612536.015183000 126x107
1786612536.059397000 126x107
1786612536.106130000 126x107
1786612536.153332000 126x107
1786612536.197645000 126x107
1786612536.244270000 126x107
1786612536.289208000 126x107
1786612536.336632000 126x107
1786612536.382484000 126x107
1786612536.428181000 126x107
1786612536.472301000 126x107
1786612536.519292000 126x107
1786612536.563737000 126x107
1786612536.610986000 126x107
1786612536.658104000 126x107
1786612536.702691000 126x107
1786612536.749407000 126x107
1786612536.796236000 126x107
1786612536.843537000 126x107
1786612536.891670000 126x107
1786612536.935035000 126x107
1786612536.982029000 126x107
1786612537.027138000 126x107
1786612537.069606000 126x107
1786612537.116280000 126x107
1786612537.159751000 126x107
1786612537.206352000 126x107
1786612537.251809000 126x107
1786612537.297675000 126x107
1786612537.341954000 126x107
1786612537.388238000 126x107
1786612537.432291000 126x107
1786612537.479214000 126x107
1786612537.524316000 126x107
1786612537.570341000 126x107
