1786612264.816536000 100x24
1786612264.935916000 100x24
1786612265.049984000 100x24
1786612265.171360000 100x24
1786612265.293019000 126x107
1786612265.412690000 126x107
1786612265.528512000 126x107
1786612265.652252000 126x107
1786612265.772162000 126x107
1786612265.887351000 126x107
1786612266.009422000 126x107
1786612266.129786000 126x107
1786612266.252763000 126x107
1786612266.373311000 126x107
1786612266.489523000 126x107
1786612266.612361000 126x107
1786612266.733974000 126x107
1786612266.850098000 126x107
1786612266.970961000 126x107
1786612267.091242000 126x107
1786612267.206689000 126x107
1786612267.323179000 126x107
1786612267.443801000 126x107
1786612267.557350000 126x107
1786612267.671016000 126x107
1786612267.787231000 126x107
1786612267.906088000 126x107
1786612268.021809000 126x107
1786612268.136312000 126x107
