## headscale-configtest.log


## headscale.stderr


## headscale-cli.stderr


## sandbox-check.log


## go-build.log


## daemon.stderr
time=2026-08-10T18:54:42.065+08:00 level=INFO msg="single-instance guard acquired" pidfile=TASK_TMP/daemon-state/agentmirrord.pid
time=2026-08-10T18:54:42.066+08:00 level=INFO msg="pairing token source=explicit"
time=2026-08-10T18:54:42.066+08:00 level=INFO msg="agentmirrord starting" listen=127.0.0.1:43920 qr_listen="" token_source=explicit upload_dir="" max_upload_mib=20 list_interval=2s
time=2026-08-10T18:54:42.066+08:00 level=INFO msg="tailnet 已启用" hostname=MacBook-Pro.local state_dir=TASK_TMP/daemon-state/tsnet
time=2026-08-10T18:54:42.066+08:00 level=INFO msg="tailnet 入网中（等待 Tailscale 控制面握手）…"
2026/08/10 18:54:42 tsnet running state path TASK_TMP/daemon-state/tsnet/tailscaled.state
2026/08/10 18:54:42 tsnet starting with hostname "MacBook-Pro.local", varRoot "TASK_TMP/daemon-state/tsnet"
2026/08/10 18:54:42 LocalBackend state is NeedsLogin; running StartLoginInteractive...
2026/08/10 18:54:42 AuthLoop: state is Starting; done
time=2026-08-10T18:54:45.198+08:00 level=INFO msg="tailnet 已入网" ip=100.64.0.1
time=2026-08-10T18:55:07.943+08:00 level=INFO msg="shutting down"


## app-install.log
Performing Streamed Install
Success


## app-test-install.log
Success


## app-wrapper-prepare.log
SELinux: Loaded file context from:
		/system/etc/selinux/plat_file_contexts
		/system_ext/etc/selinux/system_ext_file_contexts
		/vendor/etc/selinux/vendor_file_contexts
SELinux: Loaded file context from:
		/system/etc/selinux/plat_file_contexts
		/system_ext/etc/selinux/system_ext_file_contexts
		/vendor/etc/selinux/vendor_file_contexts


## app-restore.log
Performing Streamed Install
Success


## instrumentation.log
INSTRUMENTATION_RESULT: api_status=fail
INSTRUMENTATION_RESULT: failure_stage=pairing_not_success
INSTRUMENTATION_CODE: 0


## app-logcat-redacted.log
727  3209  3209 D nativeloader:   com_android_neuralnetworks: libneuralnetworks.so
08-10 18:54:50.727  3209  3209 D nativeloader: InitDefaultPublicLibraries for_preload=0: libandroid.so:libaaudio.so:libamidi.so:libbinder_ndk.so:libc.so:libcamera2ndk.so:libclang_rt.hwasan-aarch64-android.so:libdl.so:libEGL.so:libGLESv1_CM.so:libGLESv2.so:libGLESv3.so:libjnigraphics.so:liblog.so:libmediandk.so:libm.so:libnativewindow.so:libOpenMAXAL.so:libOpenSLES.so:libRS.so:libstdc++.so:libsync.so:libvulkan.so:libwebviewchromium_plat_support.so:libz.so
08-10 18:54:50.727  3209  3209 D nativeloader: Configuring clns-shared-1 for other apk /system/framework/android.hidl.base-V1.0-java.jar. target_sdk_version=35, uses_libraries=, library_path=, permitted_path=/data:/mnt/expand
08-10 18:54:50.727  3209  3209 D nativeloader: InitExtendedPublicLibraries: 
08-10 18:54:50.727  3209  3209 I nativeloader: InitVendorPublicLibraries skipped: Failed to read /vendor/etc/public.libraries.txt: No such file or directory
08-10 18:54:50.727  3209  3209 D nativeloader: InitProductPublicLibraries: 
08-10 18:54:50.727  3209  3209 D ApplicationLoaders: Created zygote-cached class loader: /system/framework/android.hidl.base-V1.0-java.jar
08-10 18:54:50.730  3209  3209 D nativeloader: Configuring clns-shared-2 for other apk /system/framework/android.hidl.manager-V1.0-java.jar. target_sdk_version=35, uses_libraries=, library_path=, permitted_path=/data:/mnt/expand
08-10 18:54:50.731  3209  3209 D ApplicationLoaders: Created zygote-cached class loader: /system/framework/android.hidl.manager-V1.0-java.jar
08-10 18:54:50.732  3209  3209 D nativeloader: Configuring clns-shared-3 for other apk /system/framework/android.test.base.jar. target_sdk_version=35, uses_libraries=, library_path=, permitted_path=/data:/mnt/expand
08-10 18:54:50.732  3209  3209 D ApplicationLoaders: Created zygote-cached class loader: /system/framework/android.test.base.jar
08-10 18:54:50.734  3209  3209 D nativeloader: Configuring clns-shared-4 for other apk /system/framework/org.apache.http.legacy.jar. target_sdk_version=35, uses_libraries=, library_path=, permitted_path=/data:/mnt/expand
08-10 18:54:50.735  3209  3209 D ApplicationLoaders: Created zygote-cached class loader: /system/framework/org.apache.http.legacy.jar
08-10 18:54:50.737  3209  3209 D nativeloader: Configuring clns-shared-5 for other apk /system_ext/framework/androidx.window.extensions.jar. target_sdk_version=35, uses_libraries=, library_path=, permitted_path=/data:/mnt/expand
08-10 18:54:50.737  3209  3209 D ApplicationLoaders: Created zygote-cached class loader: /system_ext/framework/androidx.window.extensions.jar
08-10 18:54:50.738  3209  3209 D nativeloader: Configuring clns-shared-6 for other apk /system_ext/framework/androidx.window.sidecar.jar. target_sdk_version=35, uses_libraries=, library_path=, permitted_path=/data:/mnt/expand
08-10 18:54:50.738  3209  3209 D ApplicationLoaders: Created zygote-cached class loader: /system_ext/framework/androidx.window.sidecar.jar
08-10 18:54:50.738  3209  3209 V WrapperInitTiming: CacheNonBootClasspathClassLoaders took to complete: 17ms
08-10 18:54:50.738  3209  3209 I Resources: Preloading resources...
08-10 18:54:50.744  3209  3209 W Resources: Preloaded drawable resource #0x10802cb (android:drawable/dialog_background_material) that varies with configuration!!
08-10 18:54:50.754  3209  3209 W Resources: Preloaded drawable resource #0x1080846 (android:drawable/progress_horizontal_material) that varies with configuration!!
08-10 18:54:50.763  3209  3209 W Resources: Preloaded drawable resource #0x108084a (android:drawable/progress_indeterminate_horizontal_material) that varies with configuration!!
08-10 18:54:50.767  3209  3209 I Resources: ...preloaded 63 resources in 29ms.
08-10 18:54:50.768  3209  3209 I Resources: ...preloaded 41 resources in 2ms.
08-10 18:54:50.768  3209  3209 V WrapperInitTiming: PreloadResources took to complete: 31ms
08-10 18:54:50.792  3209  3209 I Zygote  : Preloading shared libraries...
08-10 18:54:50.793  3209  3209 D nativeloader: Load libandroid.so using system ns (caller=/system/framework/framework.jar!classes5.dex): ok
08-10 18:54:50.795  3209  3209 D nativeloader: Load libjnigraphics.so using system ns (caller=/system/framework/framework.jar!classes5.dex): ok
08-10 18:54:50.797  3209  3209 D nativeloader: Load libcompiler_rt.so using system ns (caller=/system/framework/framework.jar!classes5.dex): ok
08-10 18:54:50.798  3209  3209 E dev.agentmirror.app: Unable to find pattern file or unable to map it for am
08-10 18:54:50.800  3209  3209 D nativeloader: Load libwebviewchromium_loader.so using system ns (caller=/system/framework/framework.jar!classes4.dex): ok
08-10 18:54:50.802  3209  3209 I Zygote  : Called ZygoteHooks.endPreload()
08-10 18:54:50.802  3209  3209 I Zygote  : Installed AndroidKeyStoreProvider in 0ms.
08-10 18:54:50.803  3209  3209 I Zygote  : Warmed up JCA providers in 1ms.
08-10 18:54:50.803  3209  3209 D Zygote  : end preload
08-10 18:54:50.808  3209  3209 D nativeloader: Load libstats_jni.so using APEX ns com_android_os_statsd for caller /apex/com.android.os.statsd/javalib/framework-statsd.jar: ok
08-10 18:54:50.831  3209  3209 W ActivityThread: Package uses different ABI(s) than its instrumentation: package[dev.agentmirror.app]: arm64-v8a, null instrumentation[dev.agentmirror.app.fixstatee2e]: null, null
08-10 18:54:50.831  3209  3209 D ApplicationLoaders: Returning zygote-cached class loader: /system_ext/framework/androidx.window.extensions.jar
08-10 18:54:50.832  3209  3209 D ApplicationLoaders: Returning zygote-cached class loader: /system_ext/framework/androidx.window.sidecar.jar
08-10 18:54:50.833  3209  3209 W dev.agentmirror.app: ClassLoaderContext classpath element mismatch. expected=/system/framework/android.test.base.jar, found=/system_ext/framework/androidx.window.extensions.jar (PCL[]{PCL[/system/framework/android.test.base.jar*724373495]#PCL[/system/framework/android.test.mock.jar*1452759902]} | PCL[]{PCL[/system_ext/framework/androidx.window.extensions.jar*1060046784]#PCL[/system_ext/framework/androidx.window.sidecar.jar*2147524027]})
08-10 18:54:50.836  3209  3209 W dev.agentmirror.app: ClassLoaderContext classpath size mismatch. expected=0, found=1 (PCL[] | PCL[/system/framework/android.test.runner.jar*2496447986]{PCL[/system_ext/framework/androidx.window.extensions.jar*1060046784]#PCL[/system_ext/framework/androidx.window.sidecar.jar*2147524027]})
08-10 18:54:50.837  3209  3209 W dev.agentmirror.app: ClassLoaderContext classpath size mismatch. expected=0, found=2 (PCL[] | PCL[/system/framework/android.test.runner.jar*2496447986:/system/framework/android.test.mock.jar*1452759902]{PCL[/system_ext/framework/androidx.window.extensions.jar*1060046784]#PCL[/system_ext/framework/androidx.window.sidecar.jar*2147524027]})
08-10 18:54:50.838  3209  3209 W ziparchive: Unable to open '/data/app/~~0ITEZoNVSZyTpvxDXMWyjA==/dev.agentmirror.app.fixstatee2e-9EhcRY4auMC0qv1z-VICUw==/base.dm': No such file or directory
08-10 18:54:50.838  3209  3209 W ziparchive: Unable to open '/data/app/~~0ITEZoNVSZyTpvxDXMWyjA==/dev.agentmirror.app.fixstatee2e-9EhcRY4auMC0qv1z-VICUw==/base.dm': No such file or directory
08-10 18:54:50.839  3209  3209 W ziparchive: Unable to open '/data/app/~~esXd9xrquKJXimtLQ8mL-w==/dev.agentmirror.app-MnAvoBnV1iKvsmyIkzmEdg==/base.dm': No such file or directory
08-10 18:54:50.839  3209  3209 W ziparchive: Unable to open '/data/app/~~esXd9xrquKJXimtLQ8mL-w==/dev.agentmirror.app-MnAvoBnV1iKvsmyIkzmEdg==/base.dm': No such file or directory
08-10 18:54:51.196  3209  3209 D nativeloader: Configuring clns-7 for other apk /system/framework/android.test.runner.jar:/system/framework/android.test.mock.jar:/system/framework/android.test.base.jar:/data/app/~~0ITEZoNVSZyTpvxDXMWyjA==/dev.agentmirror.app.fixstatee2e-9EhcRY4auMC0qv1z-VICUw==/base.apk:/data/app/~~esXd9xrquKJXimtLQ8mL-w==/dev.agentmirror.app-MnAvoBnV1iKvsmyIkzmEdg==/base.apk. target_sdk_version=35, uses_libraries=, library_path=/data/app/~~0ITEZoNVSZyTpvxDXMWyjA==/dev.agentmirror.app.fixstatee2e-9EhcRY4auMC0qv1z-VICUw==/lib/arm64:/data/app/~~esXd9xrquKJXimtLQ8mL-w==/dev.agentmirror.app-MnAvoBnV1iKvsmyIkzmEdg==/lib/arm64:/data/app/~~0ITEZoNVSZyTpvxDXMWyjA==/dev.agentmirror.app.fixstatee2e-9EhcRY4auMC0qv1z-VICUw==/base.apk!/lib/arm64-v8a:/data/app/~~esXd9xrquKJXimtLQ8mL-w==/dev.agentmirror.app-MnAvoBnV1iKvsmyIkzmEdg==/base.apk!/lib/arm64-v8a, permitted_path=/data:/mnt/expand:/data/user/34/dev.agentmirror.app
08-10 18:54:51.196  3209  3209 D CompatChangeReporter: Compat change id reported: 202956589; UID 3410207; state: ENABLED
08-10 18:54:51.199  3209  3209 V GraphicsEnvironment: Currently set values for:
08-10 18:54:51.199  3209  3209 V GraphicsEnvironment:   angle_gl_driver_selection_pkgs=[]
08-10 18:54:51.199  3209  3209 V GraphicsEnvironment:   angle_gl_driver_selection_values=[]
08-10 18:54:51.199  3209  3209 V GraphicsEnvironment: Global.Settings values are invalid: number of packages: 0, number of values: 0
08-10 18:54:51.199  3209  3209 V GraphicsEnvironment: Neither updatable production driver nor prerelease driver is supported.
08-10 18:54:51.203  3209  3209 D ApplicationLoaders: Returning zygote-cached class loader: /system/framework/android.test.base.jar
08-10 18:54:51.204  3209  3209 D nativeloader: Configuring clns-8 for other apk /system/framework/android.test.mock.jar. target_sdk_version=35, uses_libraries=ALL, library_path=/data/app/~~0ITEZoNVSZyTpvxDXMWyjA==/dev.agentmirror.app.fixstatee2e-9EhcRY4auMC0qv1z-VICUw==/lib/arm64:/data/app/~~esXd9xrquKJXimtLQ8mL-w==/dev.agentmirror.app-MnAvoBnV1iKvsmyIkzmEdg==/lib/arm64, permitted_path=/data:/mnt/expand
08-10 18:54:51.204  3209  3209 D ApplicationLoaders: Returning zygote-cached class loader: /system/framework/android.test.base.jar
08-10 18:54:51.204  3209  3209 D nativeloader: Configuring clns-9 for other apk /system/framework/android.test.runner.jar. target_sdk_version=35, uses_libraries=ALL, library_path=/data/app/~~0ITEZoNVSZyTpvxDXMWyjA==/dev.agentmirror.app.fixstatee2e-9EhcRY4auMC0qv1z-VICUw==/lib/arm64:/data/app/~~esXd9xrquKJXimtLQ8mL-w==/dev.agentmirror.app-MnAvoBnV1iKvsmyIkzmEdg==/lib/arm64, permitted_path=/data:/mnt/expand
08-10 18:54:51.205  3209  3209 W dev.agentmirror.app: ClassLoaderContext shared library size mismatch. Expected=2, found=3 (PCL[]{PCL[/system/framework/android.test.base.jar*724373495]#PCL[/system/framework/android.test.mock.jar*1452759902]} | PCL[]{PCL[/system/framework/android.test.base.jar*724373495]#PCL[/system/framework/android.test.mock.jar*1452759902]#PCL[/system/framework/android.test.runner.jar*2496447986]{PCL[/system/framework/android.test.base.jar*724373495]#PCL[/system/framework/android.test.mock.jar*1452759902]}};PCL[/system/framework/android.test.runner.jar*2496447986:/system/framework/android.test.mock.jar*1452759902:/system/framework/android.test.base.jar*724373495:/data/app/~~0ITEZoNVSZyTpvxDXMWyjA==/dev.agentmirror.app.fixstatee2e-9EhcRY4auMC0qv1z-VICUw==/base.apk*718125839:/data/app/~~esXd9xrquKJXimtLQ8mL-w==/dev.agentmirror.app-MnAvoBnV1iKvsmyIkzmEdg==/base.apk*3217645481]{PCL[/system_ext/framework/androidx.window.extensions.jar*1060046784]#PCL[/system_ext/framework/androidx.window.sidecar.jar*2147524027]})
08-10 18:54:51.205  3209  3209 W dev.agentmirror.app: ClassLoaderContext classpath size mismatch. expected=0, found=1 (PCL[] | PCL[/system/framework/android.test.runner.jar*2496447986]{PCL[/system/framework/android.test.base.jar*724373495]#PCL[/system/framework/android.test.mock.jar*1452759902]#PCL[/system/framework/android.test.runner.jar*2496447986]{PCL[/system/framework/android.test.base.jar*724373495]#PCL[/system/framework/android.test.mock.jar*1452759902]}};PCL[/system/framework/android.test.runner.jar*2496447986:/system/framework/android.test.mock.jar*1452759902:/system/framework/android.test.base.jar*724373495:/data/app/~~0ITEZoNVSZyTpvxDXMWyjA==/dev.agentmirror.app.fixstatee2e-9EhcRY4auMC0qv1z-VICUw==/base.apk*718125839:/data/app/~~esXd9xrquKJXimtLQ8mL-w==/dev.agentmirror.app-MnAvoBnV1iKvsmyIkzmEdg==/base.apk*3217645481]{PCL[/system_ext/framework/androidx.window.extensions.jar*1060046784]#PCL[/system_ext/framework/androidx.window.sidecar.jar*2147524027]})
08-10 18:54:51.205  3209  3209 W dev.agentmirror.app: ClassLoaderContext classpath size mismatch. expected=0, found=2 (PCL[] | PCL[/system/framework/android.test.runner.jar*2496447986:/system/framework/android.test.mock.jar*1452759902]{PCL[/system/framework/android.test.base.jar*724373495]#PCL[/system/framework/android.test.mock.jar*1452759902]#PCL[/system/framework/android.test.runner.jar*2496447986]{PCL[/system/framework/android.test.base.jar*724373495]#PCL[/system/framework/android.test.mock.jar*1452759902]}};PCL[/system/framework/android.test.runner.jar*2496447986:/system/framework/android.test.mock.jar*1452759902:/system/framework/android.test.base.jar*724373495:/data/app/~~0ITEZoNVSZyTpvxDXMWyjA==/dev.agentmirror.app.fixstatee2e-9EhcRY4auMC0qv1z-VICUw==/base.apk*718125839:/data/app/~~esXd9xrquKJXimtLQ8mL-w==/dev.agentmirror.app-MnAvoBnV1iKvsmyIkzmEdg==/base.apk*3217645481]{PCL[/system_ext/framework/androidx.window.extensions.jar*1060046784]#PCL[/system_ext/framework/androidx.window.sidecar.jar*2147524027]})
08-10 18:54:51.205  3209  3209 W ziparchive: Unable to open '/data/app/~~0ITEZoNVSZyTpvxDXMWyjA==/dev.agentmirror.app.fixstatee2e-9EhcRY4auMC0qv1z-VICUw==/base.dm': No such file or directory
08-10 18:54:51.205  3209  3209 W ziparchive: Unable to open '/data/app/~~0ITEZoNVSZyTpvxDXMWyjA==/dev.agentmirror.app.fixstatee2e-9EhcRY4auMC0qv1z-VICUw==/base.dm': No such file or directory
08-10 18:54:51.206  3209  3209 W ziparchive: Unable to open '/data/app/~~esXd9xrquKJXimtLQ8mL-w==/dev.agentmirror.app-MnAvoBnV1iKvsmyIkzmEdg==/base.dm': No such file or directory
08-10 18:54:51.206  3209  3209 W ziparchive: Unable to open '/data/app/~~esXd9xrquKJXimtLQ8mL-w==/dev.agentmirror.app-MnAvoBnV1iKvsmyIkzmEdg==/base.dm': No such file or directory
08-10 18:54:51.808  3209  3209 D CompatChangeReporter: Compat change id reported: 279646685; UID 3410207; state: ENABLED
08-10 18:54:51.944  3209  3478 D nativeloader: Load /data/app/~~esXd9xrquKJXimtLQ8mL-w==/dev.agentmirror.app-MnAvoBnV1iKvsmyIkzmEdg==/base.apk!/lib/arm64-v8a/libgojni.so using ns clns-7 from class loader (caller=/data/app/~~esXd9xrquKJXimtLQ8mL-w==/dev.agentmirror.app-MnAvoBnV1iKvsmyIkzmEdg==/base.apk!classes10.dex): ok
08-10 18:54:52.141  3209  3478 I GoLog   : tsnet running state path /data/user/34/dev.agentmirror.app/files/tsnet/node-instrumentation/tailscaled.state
08-10 18:54:52.148  3209  3478 I GoLog   : tsnet starting with hostname "agentmirror-api-e2e", varRoot "/data/user/34/dev.agentmirror.app/files/tsnet/node-instrumentation"
08-10 18:54:52.157  3209  3478 I GoLog   : LocalBackend state is NeedsLogin; running StartLoginInteractive...
08-10 18:54:52.284  3209  3209 W fix-ts-state-di: type=1400 audit(0.0:1919): avc:  denied  { read } for  name="route" dev="proc" ino=4026532011 scontext=u:r:untrusted_app:s0:c207,c256,c546,c768 tcontext=u:object_r:proc_net:s0 tclass=file permissive=0
08-10 18:54:52.304  3209  3502 I GoLog   : AuthLoop: state is Starting; done
08-10 18:54:55.296  3209  3209 W fix-ts-state-di: type=1400 audit(0.0:1920): avc:  denied  { read } for  name="somaxconn" dev="proc" ino=847927 scontext=u:r:untrusted_app:s0:c207,c256,c546,c768 tcontext=u:object_r:proc_net:s0 tclass=file permissive=0
08-10 18:54:55.534  3209  4112 D TrafficStats: tagSocket(79) with statsTag=0xffffffff, statsUid=-1
08-10 18:54:57.170  3209  4293 D ProfileInstaller: Installing profile for dev.agentmirror.app
08-10 18:55:00.655  3209  3498 I GoLog   : socks5: client connection failed: context deadline exceeded
08-10 18:55:00.765  3209  3498 I GoLog   : localapi tcp serve error: use of closed network connection
08-10 18:55:00.765  3209  3498 I GoLog   : socks5: SOCKS5 server exited: use of closed network connection

