main_head=ad7468f747d421305279632f0db9cbc227b08cd4
efed31310d94a077940544c65845eec5ec759d3e ancestry=true
918b4c06ff93271b0c84bfc187bde1f3a5a93db3 ancestry=true
9ea73dff8b70e054fbc899bb9fd55c3e490fcc43 ancestry=true
ad7468f747d421305279632f0db9cbc227b08cd4 ancestry=true
git_cat_file=pass successor9-r4-ledger+driver diagnosis bootstrap+review+taskbook wt-preflight
r4_ledger_sha256=f579b99d9319f46d87a7e3c5c2c5f32b3d0851af988826b5635b170cac1084e5
r4_driver_sha256=24a014cf38e3cb6219096f87b4b0e0e11a0c3a0175c92c4fff76b036851e72fd
wt-maple-core head=9ea73dff8b70e054fbc899bb9fd55c3e490fcc43
wt-s7-cedar head=25517d808cc19e3f002ceba51000b2a269bec362
wt-s7-orbit head=25517d808cc19e3f002ceba51000b2a269bec362
RED_sha256=04cdbd661548a4b3261c88d491cf80c48f98dcbe3c080e710fb7d12bbe6c105a
PROBE_sha256=88868a1a1979d3f1504e5efd6876dc5ca8ed5cc6b45a2eb6f6dd23b8e5176cf7
command_pair_head=7485102b26ed34eb828e94900902147d5e00e995
command_pair_binary_md5=627f5e6fa5f47a61d23a09b918b50567
source_sha256=7f3921bbcfd97d4c0d094241cf5085bdf02c9150ec950921865bec085adccc5d
compiled_sha256=6d776fcfca11c7842d6e00abb27060a00d96b612620594b75106535e9b4cc518
structure_sha256=224133f9950feb25fced266348871d64ada45e1601ed0eaffa19296f35aac61b
taskbook_sha256=38b75aef693af6907878e263fd85d39798cc1d5f67a61329e3fd54d838c2557f
successor10_lease=absent collect=false redispatch=false ledger_started=false device_started=false

