time=2026-08-21T17:38:13.125+08:00 level=INFO msg="provider whitelist loaded" entries=6
time=2026-08-21T17:38:13.126+08:00 level=INFO msg="single-instance guard acquired" pidfile=/Volumes/nvme/Projects/远程Agent安卓/.team/nodes/hl1-repro2/tmp/state/agentmirrord.pid
time=2026-08-21T17:38:13.126+08:00 level=INFO msg="pairing token source=explicit"
time=2026-08-21T17:38:13.126+08:00 level=INFO msg="agentmirrord starting" listen=0.0.0.0:22217 qr_listen="" token_source=explicit upload_dir=/Volumes/nvme/Projects/远程Agent安卓/.team/nodes/hl1-repro2/tmp/uploads max_upload_mib=20 list_interval=2s
time=2026-08-21T17:38:13.126+08:00 level=DEBUG msg="listing loop started" interval=2s
time=2026-08-21T17:38:13.126+08:00 level=DEBUG msg="level2 loop started" interval=2s heartbeat=8s
time=2026-08-21T17:38:13.127+08:00 level=WARN msg="tailnet 未启用：未配置 TS authkey，仅 LAN 监听"
                                                             
                                                             
    █▀▀▀▀▀█  █▄▄▀▄▄ ▀▄█    █▄  ▄  ▀▄ ▀▄█  ▄▄▀▄█▄  █▀▀▀▀▀█    
    █ ███ █ █▄▄█ ▄  ▀ ▀   ▄▀██ ██▄▀▄▄▄▄ █ ▄▄ █▄▀▄ █ ███ █    
    █ ▀▀▀ █ ███▀█▀ ▄█▄▄█▄▀  █▀▀▀█▄▀▄▄  ▀ █▄▀▀▄█   █ ▀▀▀ █    
    ▀▀▀▀▀▀▀ █▄█▄▀ ▀▄▀▄█▄█ ▀ █ ▀ █ ▀ █▄▀▄█ ▀▄█▄█ █ ▀▀▀▀▀▀▀    
    ▀ ██▀█▀▄▄▄▀█ ██▄█ █▄█ ▄▀▀▀█▀█▀ ███▀▄ ▀   ██  ▄▀▀▀▀█▄▄    
    ▀▀▀█▄ ▀▄ ▄ ▄█  ▀▄█ ▄▄██▄▀▄█▀ ▀▄ ▀ ▀▀▀▄▀▀▀█▄ █ ▀    ▀▄    
    ▀▄  ██▀▀▄  ▄ ▄ █▄▄▄  █▄▄▀▄▀▀▄ ▀▀ ▄█▄▀▄ ▀ ▀▀▄▀█▀███▀▀▀    
    ▀▀▄█▀ ▀▀▀ ▀ ▄▀█▀▄▀█▀ ▀██▄▄ ▄▄▀ ▄▄█▄▄█ ▀▄█▀▄ ▀▄  ██ ▄     
    █▄ ▀  ▀▄ █▄▄ █  █▄▀ ▀█▀▀█▀▀█  ▄█▄ ▀ █▀ █▄█▄▀██▀▄▀▀██     
    ▀██▄▀█▀█ ▀██▀▀▀▄█▄▀ █ ▄ █  █▄  ▀▄█   ▀▀██▄▄█▀▀▀▀ ▄██▄    
    ▄█▄▀▄▄▀ ▄▄▀▄▄████▀██  ▀█ ▄▀█▀▀█▀█▄ ▄▀▀ ▄ ▀██▀ ▄ ▀ ▀██    
    ▄▀▄▀  ▀▀ ▄▀▄█▀█▄ ▀▀▄▄█  ▄█▄ ▄     ▀▀▄▄ ▀ ▀▄ ▀█ ▄▄▀█ ▄    
    ▀▀█▀█▀▀▀██ ▀▀▄ █▄▀██▄▄▄▄█▀▀▀█ ▄  ▄ ▄██▀▀ ██▀█▀▀▀█▀▀█▀    
    ▄█▄▄█ ▀ █▀  ▀▀ █▀▄▄▀▄▄  █ ▀ █ ▄▄▄██▄▄▀██▄▀▄▄█ ▀ █▄▀█▄    
    ▀▀█ ▀▀▀▀▀ ▀▀▄██▄ ▀▄▀▀▄▄██▀▀██▀▀▀ ▀▀▄█▀ ▄ ▄▄█▀▀▀▀█▀█▀█    
    ▀█▄▀▀▄▀▀▄ ▄█▄█ ▀█▄▄▀ █  ▄█▄▀▄▀▀▄▀▄▄█ ▀    ▄▀█▀ ▀█▀█▄▄    
    ▄▀▀▄█ ▀█▄ ▄ ▀█▄▀▄█▄█ ▄▄ ██▄▀█ █  █ ███ ▀    ▀▀ ▀▄▀█▄▄    
      ▄ ▄▀▀▄▄█▄ ▄▀█▀▄██  ▀  █▄ ▄▀ █▄▄▀ ▀█▀█▀▄▀▄█ █▄ ▄▀ ▀▄    
    █ ▄▄▀ ▀▀▄▄ ▀███▀█▄ ▀█▄▄▄▀▀▄ █▄█▀▄▄▄ ▀▀██▄██ ▄▀ ▀█ ▀█▄    
    ▄▄▄▄▀ ▀▄▄▄▄█▀▀ ▄▄█  ▄█ ▄ ▄▄█▀ ▄ ▄▄   █▀█   █▀▀▄▀▀█  ▄    
    ██▀▄  ▀▄█ ▄▄  ██ ▄ █▀█ ▀ █ ▀▄ ▄███  ▀▄ █▀▀ ▄ █▄█▀ █▄█    
    ▀█▄▀▀▀▀▄▄ █▄█ █▄▄ ▀▄ ▄▀█▄▀█▀▀▄ ▄ █▀ ▄▀▀▀▀▀ █ █▄▀ ▀█▄     
       ▀  ▀ ▄▀▀▄▄▀█▄█▀▄▀█▀███▀▀▀█▀▄ ▄▀ █▀▀▀▀▀██ █▀▀▀██ ▀▀    
    █▀▀▀▀▀█ ▄█ ▄▀ ▄▀ █ ██▄█▀█ ▀ █ ▄████▄▄▀████ ▄█ ▀ █ ▀      
    █ ███ █ █▄▄▀  ▄▄▀   ▀▄▀▄▀▀▀▀███ ▀▄▀▄▄▀ ▄▄ ████▀█▀ █▀▀    
    █ ▀▀▀ █ ▀▀▀███▀▀█ ▀ █ ▀█▀▀ ▄█▄ ▀▄▀▀  ▄▀ ▀▄▄▄█▀  ▀▀▄█     
    ▀▀▀▀▀▀▀ ▀▀▀▀ ▀ ▀ ▀▀    ▀▀▀ ▀ ▀▀▀ ▀▀▀▀  ▀ ▀   ▀▀ ▀▀       
                                                             
                                                             

──────────────────────────────────────────────
配对信息 · 用 App 扫码，或手填以下内容：
  服务端 ws 地址 : ws://10.202.81.20:22217/ws
  配对 token      : R2T17025912446
  其他可达地址（若上面的连不上，改用下列之一）：
    ws://10.202.81.20:22217/ws   [lan]
    ws://192.168.31.116:22217/ws   [lan]
    ws://100.75.207.88:22217/ws   [tailnet]
time=2026-08-21T17:38:17.139+08:00 level=DEBUG msg="discovery: skipping unreachable socket" socket=/tmp/tmux-501/t115d24675 err="query tmux on /tmp/tmux-501/t115d24675: exit status 1: no server running on /tmp/tmux-501/t115d24675"
time=2026-08-21T17:38:17.148+08:00 level=DEBUG msg="discovery: skipping unreachable socket" socket=/tmp/tmux-501/t115e31319 err="query tmux on /tmp/tmux-501/t115e31319: exit status 1: no server running on /tmp/tmux-501/t115e31319"
time=2026-08-21T17:38:17.149+08:00 level=DEBUG msg="discovery: skipping unreachable socket" socket=/tmp/tmux-501/t115d24675 err="query tmux on /tmp/tmux-501/t115d24675: exit status 1: no server running on /tmp/tmux-501/t115d24675"
time=2026-08-21T17:38:17.158+08:00 level=DEBUG msg="discovery: skipping unreachable socket" socket=/tmp/tmux-501/t115e31319 err="query tmux on /tmp/tmux-501/t115e31319: exit status 1: no server running on /tmp/tmux-501/t115e31319"
time=2026-08-21T17:38:17.158+08:00 level=DEBUG msg="discovery: skipping unreachable socket" socket=/tmp/tmux-501/t115f44898 err="query tmux on /tmp/tmux-501/t115f44898: exit status 1: no server running on /tmp/tmux-501/t115f44898"
time=2026-08-21T17:38:17.167+08:00 level=DEBUG msg="discovery: skipping unreachable socket" socket=/tmp/tmux-501/t115g47728 err="query tmux on /tmp/tmux-501/t115g47728: exit status 1: no server running on /tmp/tmux-501/t115g47728"
time=2026-08-21T17:38:17.167+08:00 level=DEBUG msg="discovery: skipping unreachable socket" socket=/tmp/tmux-501/t115f44898 err="query tmux on /tmp/tmux-501/t115f44898: exit status 1: no server running on /tmp/tmux-501/t115f44898"
time=2026-08-21T17:38:17.176+08:00 level=DEBUG msg="discovery: skipping unreachable socket" socket=/tmp/tmux-501/ta-0bafa3965ade err="query tmux on /tmp/tmux-501/ta-0bafa3965ade: exit status 1: no server running on /tmp/tmux-501/ta-0bafa3965ade"
time=2026-08-21T17:38:17.176+08:00 level=DEBUG msg="discovery: skipping unreachable socket" socket=/tmp/tmux-501/t115g47728 err="query tmux on /tmp/tmux-501/t115g47728: exit status 1: no server running on /tmp/tmux-501/t115g47728"
time=2026-08-21T17:38:17.185+08:00 level=DEBUG msg="discovery: skipping unreachable socket" socket=/tmp/tmux-501/ta-0bafa3965ade err="query tmux on /tmp/tmux-501/ta-0bafa3965ade: exit status 1: no server running on /tmp/tmux-501/ta-0bafa3965ade"
time=2026-08-21T17:38:17.205+08:00 level=DEBUG msg="discovery: skipping unreachable socket" socket=/tmp/tmux-501/ta-61709dcf801e err="query tmux on /tmp/tmux-501/ta-61709dcf801e: exit status 1: no server running on /tmp/tmux-501/ta-61709dcf801e"
time=2026-08-21T17:38:17.215+08:00 level=DEBUG msg="discovery: skipping unreachable socket" socket=/tmp/tmux-501/ta-61709dcf801e err="query tmux on /tmp/tmux-501/ta-61709dcf801e: exit status 1: no server running on /tmp/tmux-501/ta-61709dcf801e"
time=2026-08-21T17:38:17.225+08:00 level=DEBUG msg="discovery: skipping unparsable pane line" socket=/tmp/tmux-501/ta-a9fd5b7defbd line="team-refactor-maintainability|6|%39|/Users/alauda/Documents/code/agent前沿探索/多agent协作|bash|87458|t.p9.review 零上下文设计审查已通过<|eos|> - grok|235x50|tester-t124"
time=2026-08-21T17:38:17.234+08:00 level=DEBUG msg="discovery: skipping unparsable pane line" socket=/tmp/tmux-501/ta-a9fd5b7defbd line="team-refactor-maintainability|6|%39|/Users/alauda/Documents/code/agent前沿探索/多agent协作|bash|87458|t.p9.review 零上下文设计审查已通过<|eos|> - grok|235x50|tester-t124"
time=2026-08-21T17:38:17.244+08:00 level=DEBUG msg="discovery: skipping unreachable socket" socket=/tmp/tmux-501/ta-ed81bd4d8c17 err="query tmux on /tmp/tmux-501/ta-ed81bd4d8c17: exit status 1: no server running on /tmp/tmux-501/ta-ed81bd4d8c17"
time=2026-08-21T17:38:17.252+08:00 level=DEBUG msg="discovery: skipping unreachable socket" socket=/tmp/tmux-501/ta-f1ad1b378fc7 err="query tmux on /tmp/tmux-501/ta-f1ad1b378fc7: exit status 1: no server running on /tmp/tmux-501/ta-f1ad1b378fc7"
time=2026-08-21T17:38:17.253+08:00 level=DEBUG msg="discovery: skipping unreachable socket" socket=/tmp/tmux-501/ta-ed81bd4d8c17 err="query tmux on /tmp/tmux-501/ta-ed81bd4d8c17: exit status 1: no server running on /tmp/tmux-501/ta-ed81bd4d8c17"
time=2026-08-21T17:38:17.262+08:00 level=DEBUG msg="discovery: skipping unreachable socket" socket=/tmp/tmux-501/ta-f1ad1b378fc7 err="query tmux on /tmp/tmux-501/ta-f1ad1b378fc7: exit status 1: no server running on /tmp/tmux-501/ta-f1ad1b378fc7"
time=2026-08-21T17:38:17.270+08:00 level=DEBUG msg="discovery: skipping unreachable socket" socket=/tmp/tmux-501/ta-t121u01 err="query tmux on /tmp/tmux-501/ta-t121u01: exit status 1: no server running on /tmp/tmux-501/ta-t121u01"
time=2026-08-21T17:38:17.280+08:00 level=DEBUG msg="discovery: skipping unreachable socket" socket=/tmp/tmux-501/ta-t121u01b err="query tmux on /tmp/tmux-501/ta-t121u01b: exit status 1: no server running on /tmp/tmux-501/ta-t121u01b"
time=2026-08-21T17:38:17.280+08:00 level=DEBUG msg="discovery: skipping unreachable socket" socket=/tmp/tmux-501/ta-t121u01 err="query tmux on /tmp/tmux-501/ta-t121u01: exit status 1: no server running on /tmp/tmux-501/ta-t121u01"
time=2026-08-21T17:38:17.288+08:00 level=DEBUG msg="discovery: skipping unreachable socket" socket=/tmp/tmux-501/ta-user-agents err="query tmux on /tmp/tmux-501/ta-user-agents: exit status 1: no server running on /tmp/tmux-501/ta-user-agents"
time=2026-08-21T17:38:17.288+08:00 level=DEBUG msg="discovery: skipping unreachable socket" socket=/tmp/tmux-501/ta-t121u01b err="query tmux on /tmp/tmux-501/ta-t121u01b: exit status 1: no server running on /tmp/tmux-501/ta-t121u01b"
time=2026-08-21T17:38:17.297+08:00 level=DEBUG msg="discovery: skipping unreachable socket" socket=/tmp/tmux-501/ta-user-agents err="query tmux on /tmp/tmux-501/ta-user-agents: exit status 1: no server running on /tmp/tmux-501/ta-user-agents"
time=2026-08-21T17:38:20.746+08:00 level=DEBUG msg="listing: first snapshot" seq=1
time=2026-08-21T17:38:20.877+08:00 level=DEBUG msg="listing: first snapshot" seq=1
time=2026-08-21T17:38:20.877+08:00 level=INFO msg="listing: refresh on open" req_id=1 had_cache=false prev_seq=0 prev_sessions=0 cur_sessions=39 cur_seq=1 refresh_err=""
time=2026-08-21T17:38:22.777+08:00 level=DEBUG msg="discovery: skipping unreachable socket" socket=/tmp/tmux-501/t115d24675 err="query tmux on /tmp/tmux-501/t115d24675: exit status 1: no server running on /tmp/tmux-501/t115d24675"
time=2026-08-21T17:38:22.785+08:00 level=DEBUG msg="discovery: skipping unreachable socket" socket=/tmp/tmux-501/t115e31319 err="query tmux on /tmp/tmux-501/t115e31319: exit status 1: no server running on /tmp/tmux-501/t115e31319"
time=2026-08-21T17:38:22.794+08:00 level=DEBUG msg="discovery: skipping unreachable socket" socket=/tmp/tmux-501/t115f44898 err="query tmux on /tmp/tmux-501/t115f44898: exit status 1: no server running on /tmp/tmux-501/t115f44898"
time=2026-08-21T17:38:22.803+08:00 level=DEBUG msg="discovery: skipping unreachable socket" socket=/tmp/tmux-501/t115g47728 err="query tmux on /tmp/tmux-501/t115g47728: exit status 1: no server running on /tmp/tmux-501/t115g47728"
time=2026-08-21T17:38:22.812+08:00 level=DEBUG msg="discovery: skipping unreachable socket" socket=/tmp/tmux-501/ta-0bafa3965ade err="query tmux on /tmp/tmux-501/ta-0bafa3965ade: exit status 1: no server running on /tmp/tmux-501/ta-0bafa3965ade"
time=2026-08-21T17:38:22.839+08:00 level=DEBUG msg="discovery: skipping unreachable socket" socket=/tmp/tmux-501/ta-61709dcf801e err="query tmux on /tmp/tmux-501/ta-61709dcf801e: exit status 1: no server running on /tmp/tmux-501/ta-61709dcf801e"
time=2026-08-21T17:38:22.861+08:00 level=DEBUG msg="discovery: skipping unparsable pane line" socket=/tmp/tmux-501/ta-a9fd5b7defbd line="team-refactor-maintainability|6|%39|/Users/alauda/Documents/code/agent前沿探索/多agent协作|bash|87458|t.p9.review 零上下文设计审查已通过<|eos|> - grok|235x50|tester-t124"
time=2026-08-21T17:38:22.878+08:00 level=DEBUG msg="discovery: skipping unreachable socket" socket=/tmp/tmux-501/ta-ed81bd4d8c17 err="query tmux on /tmp/tmux-501/ta-ed81bd4d8c17: exit status 1: no server running on /tmp/tmux-501/ta-ed81bd4d8c17"
time=2026-08-21T17:38:22.887+08:00 level=DEBUG msg="discovery: skipping unreachable socket" socket=/tmp/tmux-501/ta-f1ad1b378fc7 err="query tmux on /tmp/tmux-501/ta-f1ad1b378fc7: exit status 1: no server running on /tmp/tmux-501/ta-f1ad1b378fc7"
time=2026-08-21T17:38:22.905+08:00 level=DEBUG msg="discovery: skipping unreachable socket" socket=/tmp/tmux-501/ta-t121u01 err="query tmux on /tmp/tmux-501/ta-t121u01: exit status 1: no server running on /tmp/tmux-501/ta-t121u01"
time=2026-08-21T17:38:22.914+08:00 level=DEBUG msg="discovery: skipping unreachable socket" socket=/tmp/tmux-501/ta-t121u01b err="query tmux on /tmp/tmux-501/ta-t121u01b: exit status 1: no server running on /tmp/tmux-501/ta-t121u01b"
time=2026-08-21T17:38:22.923+08:00 level=DEBUG msg="discovery: skipping unreachable socket" socket=/tmp/tmux-501/ta-user-agents err="query tmux on /tmp/tmux-501/ta-user-agents: exit status 1: no server running on /tmp/tmux-501/ta-user-agents"
time=2026-08-21T17:38:24.325+08:00 level=DEBUG msg="discovery: skipping unreachable socket" socket=/tmp/tmux-501/t115d24675 err="query tmux on /tmp/tmux-501/t115d24675: exit status 1: no server running on /tmp/tmux-501/t115d24675"
time=2026-08-21T17:38:24.325+08:00 level=DEBUG msg="discovery: skipping unreachable socket" socket=/tmp/tmux-501/t115d24675 err="query tmux on /tmp/tmux-501/t115d24675: exit status 1: no server running on /tmp/tmux-501/t115d24675"
time=2026-08-21T17:38:24.334+08:00 level=DEBUG msg="discovery: skipping unreachable socket" socket=/tmp/tmux-501/t115e31319 err="query tmux on /tmp/tmux-501/t115e31319: exit status 1: no server running on /tmp/tmux-501/t115e31319"
time=2026-08-21T17:38:24.334+08:00 level=DEBUG msg="discovery: skipping unreachable socket" socket=/tmp/tmux-501/t115e31319 err="query tmux on /tmp/tmux-501/t115e31319: exit status 1: no server running on /tmp/tmux-501/t115e31319"
time=2026-08-21T17:38:24.344+08:00 level=DEBUG msg="discovery: skipping unreachable socket" socket=/tmp/tmux-501/t115f44898 err="query tmux on /tmp/tmux-501/t115f44898: exit status 1: no server running on /tmp/tmux-501/t115f44898"
time=2026-08-21T17:38:24.344+08:00 level=DEBUG msg="discovery: skipping unreachable socket" socket=/tmp/tmux-501/t115f44898 err="query tmux on /tmp/tmux-501/t115f44898: exit status 1: no server running on /tmp/tmux-501/t115f44898"
time=2026-08-21T17:38:24.352+08:00 level=DEBUG msg="discovery: skipping unreachable socket" socket=/tmp/tmux-501/t115g47728 err="query tmux on /tmp/tmux-501/t115g47728: exit status 1: no server running on /tmp/tmux-501/t115g47728"
time=2026-08-21T17:38:24.353+08:00 level=DEBUG msg="discovery: skipping unreachable socket" socket=/tmp/tmux-501/t115g47728 err="query tmux on /tmp/tmux-501/t115g47728: exit status 1: no server running on /tmp/tmux-501/t115g47728"
time=2026-08-21T17:38:24.363+08:00 level=DEBUG msg="discovery: skipping unreachable socket" socket=/tmp/tmux-501/ta-0bafa3965ade err="query tmux on /tmp/tmux-501/ta-0bafa3965ade: exit status 1: no server running on /tmp/tmux-501/ta-0bafa3965ade"
time=2026-08-21T17:38:24.363+08:00 level=DEBUG msg="discovery: skipping unreachable socket" socket=/tmp/tmux-501/ta-0bafa3965ade err="query tmux on /tmp/tmux-501/ta-0bafa3965ade: exit status 1: no server running on /tmp/tmux-501/ta-0bafa3965ade"
time=2026-08-21T17:38:24.393+08:00 level=DEBUG msg="discovery: skipping unreachable socket" socket=/tmp/tmux-501/ta-61709dcf801e err="query tmux on /tmp/tmux-501/ta-61709dcf801e: exit status 1: no server running on /tmp/tmux-501/ta-61709dcf801e"
time=2026-08-21T17:38:24.393+08:00 level=DEBUG msg="discovery: skipping unreachable socket" socket=/tmp/tmux-501/ta-61709dcf801e err="query tmux on /tmp/tmux-501/ta-61709dcf801e: exit status 1: no server running on /tmp/tmux-501/ta-61709dcf801e"
time=2026-08-21T17:38:24.413+08:00 level=DEBUG msg="discovery: skipping unparsable pane line" socket=/tmp/tmux-501/ta-a9fd5b7defbd line="team-refactor-maintainability|6|%39|/Users/alauda/Documents/code/agent前沿探索/多agent协作|bash|87458|t.p9.review 零上下文设计审查已通过<|eos|> - grok|235x50|tester-t124"
time=2026-08-21T17:38:24.413+08:00 level=DEBUG msg="discovery: skipping unparsable pane line" socket=/tmp/tmux-501/ta-a9fd5b7defbd line="team-refactor-maintainability|6|%39|/Users/alauda/Documents/code/agent前沿探索/多agent协作|bash|87458|t.p9.review 零上下文设计审查已通过<|eos|> - grok|235x50|tester-t124"
time=2026-08-21T17:38:24.433+08:00 level=DEBUG msg="discovery: skipping unreachable socket" socket=/tmp/tmux-501/ta-ed81bd4d8c17 err="query tmux on /tmp/tmux-501/ta-ed81bd4d8c17: exit status 1: no server running on /tmp/tmux-501/ta-ed81bd4d8c17"
time=2026-08-21T17:38:24.433+08:00 level=DEBUG msg="discovery: skipping unreachable socket" socket=/tmp/tmux-501/ta-ed81bd4d8c17 err="query tmux on /tmp/tmux-501/ta-ed81bd4d8c17: exit status 1: no server running on /tmp/tmux-501/ta-ed81bd4d8c17"
time=2026-08-21T17:38:24.443+08:00 level=DEBUG msg="discovery: skipping unreachable socket" socket=/tmp/tmux-501/ta-f1ad1b378fc7 err="query tmux on /tmp/tmux-501/ta-f1ad1b378fc7: exit status 1: no server running on /tmp/tmux-501/ta-f1ad1b378fc7"
time=2026-08-21T17:38:24.444+08:00 level=DEBUG msg="discovery: skipping unreachable socket" socket=/tmp/tmux-501/ta-f1ad1b378fc7 err="query tmux on /tmp/tmux-501/ta-f1ad1b378fc7: exit status 1: no server running on /tmp/tmux-501/ta-f1ad1b378fc7"
time=2026-08-21T17:38:24.462+08:00 level=DEBUG msg="discovery: skipping unreachable socket" socket=/tmp/tmux-501/ta-t121u01 err="query tmux on /tmp/tmux-501/ta-t121u01: exit status 1: no server running on /tmp/tmux-501/ta-t121u01"
time=2026-08-21T17:38:24.462+08:00 level=DEBUG msg="discovery: skipping unreachable socket" socket=/tmp/tmux-501/ta-t121u01 err="query tmux on /tmp/tmux-501/ta-t121u01: exit status 1: no server running on /tmp/tmux-501/ta-t121u01"
time=2026-08-21T17:38:24.471+08:00 level=DEBUG msg="discovery: skipping unreachable socket" socket=/tmp/tmux-501/ta-t121u01b err="query tmux on /tmp/tmux-501/ta-t121u01b: exit status 1: no server running on /tmp/tmux-501/ta-t121u01b"
time=2026-08-21T17:38:24.471+08:00 level=DEBUG msg="discovery: skipping unreachable socket" socket=/tmp/tmux-501/ta-t121u01b err="query tmux on /tmp/tmux-501/ta-t121u01b: exit status 1: no server running on /tmp/tmux-501/ta-t121u01b"
time=2026-08-21T17:38:24.481+08:00 level=DEBUG msg="discovery: skipping unreachable socket" socket=/tmp/tmux-501/ta-user-agents err="query tmux on /tmp/tmux-501/ta-user-agents: exit status 1: no server running on /tmp/tmux-501/ta-user-agents"
time=2026-08-21T17:38:24.481+08:00 level=DEBUG msg="discovery: skipping unreachable socket" socket=/tmp/tmux-501/ta-user-agents err="query tmux on /tmp/tmux-501/ta-user-agents: exit status 1: no server running on /tmp/tmux-501/ta-user-agents"
time=2026-08-21T17:38:24.632+08:00 level=DEBUG msg="discovery: skipping unreachable socket" socket=/tmp/tmux-501/t115d24675 err="query tmux on /tmp/tmux-501/t115d24675: exit status 1: no server running on /tmp/tmux-501/t115d24675"
time=2026-08-21T17:38:24.641+08:00 level=DEBUG msg="discovery: skipping unreachable socket" socket=/tmp/tmux-501/t115e31319 err="query tmux on /tmp/tmux-501/t115e31319: exit status 1: no server running on /tmp/tmux-501/t115e31319"
time=2026-08-21T17:38:24.650+08:00 level=DEBUG msg="discovery: skipping unreachable socket" socket=/tmp/tmux-501/t115f44898 err="query tmux on /tmp/tmux-501/t115f44898: exit status 1: no server running on /tmp/tmux-501/t115f44898"
time=2026-08-21T17:38:24.659+08:00 level=DEBUG msg="discovery: skipping unreachable socket" socket=/tmp/tmux-501/t115g47728 err="query tmux on /tmp/tmux-501/t115g47728: exit status 1: no server running on /tmp/tmux-501/t115g47728"
time=2026-08-21T17:38:24.668+08:00 level=DEBUG msg="discovery: skipping unreachable socket" socket=/tmp/tmux-501/ta-0bafa3965ade err="query tmux on /tmp/tmux-501/ta-0bafa3965ade: exit status 1: no server running on /tmp/tmux-501/ta-0bafa3965ade"
time=2026-08-21T17:38:24.688+08:00 level=DEBUG msg="listing: no changes"
time=2026-08-21T17:38:24.698+08:00 level=DEBUG msg="discovery: skipping unreachable socket" socket=/tmp/tmux-501/ta-61709dcf801e err="query tmux on /tmp/tmux-501/ta-61709dcf801e: exit status 1: no server running on /tmp/tmux-501/ta-61709dcf801e"
time=2026-08-21T17:38:24.719+08:00 level=DEBUG msg="discovery: skipping unparsable pane line" socket=/tmp/tmux-501/ta-a9fd5b7defbd line="team-refactor-maintainability|6|%39|/Users/alauda/Documents/code/agent前沿探索/多agent协作|bash|87458|t.p9.review 零上下文设计审查已通过<|eos|> - grok|235x50|tester-t124"
time=2026-08-21T17:38:24.738+08:00 level=DEBUG msg="discovery: skipping unreachable socket" socket=/tmp/tmux-501/ta-ed81bd4d8c17 err="query tmux on /tmp/tmux-501/ta-ed81bd4d8c17: exit status 1: no server running on /tmp/tmux-501/ta-ed81bd4d8c17"
time=2026-08-21T17:38:24.747+08:00 level=DEBUG msg="discovery: skipping unreachable socket" socket=/tmp/tmux-501/ta-f1ad1b378fc7 err="query tmux on /tmp/tmux-501/ta-f1ad1b378fc7: exit status 1: no server running on /tmp/tmux-501/ta-f1ad1b378fc7"
time=2026-08-21T17:38:24.765+08:00 level=DEBUG msg="discovery: skipping unreachable socket" socket=/tmp/tmux-501/ta-t121u01 err="query tmux on /tmp/tmux-501/ta-t121u01: exit status 1: no server running on /tmp/tmux-501/ta-t121u01"
time=2026-08-21T17:38:24.774+08:00 level=DEBUG msg="discovery: skipping unreachable socket" socket=/tmp/tmux-501/ta-t121u01b err="query tmux on /tmp/tmux-501/ta-t121u01b: exit status 1: no server running on /tmp/tmux-501/ta-t121u01b"
time=2026-08-21T17:38:24.783+08:00 level=DEBUG msg="discovery: skipping unreachable socket" socket=/tmp/tmux-501/ta-user-agents err="query tmux on /tmp/tmux-501/ta-user-agents: exit status 1: no server running on /tmp/tmux-501/ta-user-agents"
time=2026-08-21T17:38:26.414+08:00 level=DEBUG msg="listing: no changes"
time=2026-08-21T17:38:26.414+08:00 level=INFO msg="listing: refresh on open" req_id=2 had_cache=true prev_seq=1 prev_sessions=39 cur_sessions=39 cur_seq=1 refresh_err=""
time=2026-08-21T17:38:26.631+08:00 level=DEBUG msg="discovery: skipping unreachable socket" socket=/tmp/tmux-501/t115d24675 err="query tmux on /tmp/tmux-501/t115d24675: exit status 1: no server running on /tmp/tmux-501/t115d24675"
time=2026-08-21T17:38:26.640+08:00 level=DEBUG msg="discovery: skipping unreachable socket" socket=/tmp/tmux-501/t115e31319 err="query tmux on /tmp/tmux-501/t115e31319: exit status 1: no server running on /tmp/tmux-501/t115e31319"
time=2026-08-21T17:38:26.649+08:00 level=DEBUG msg="discovery: skipping unreachable socket" socket=/tmp/tmux-501/t115f44898 err="query tmux on /tmp/tmux-501/t115f44898: exit status 1: no server running on /tmp/tmux-501/t115f44898"
time=2026-08-21T17:38:26.658+08:00 level=DEBUG msg="discovery: skipping unreachable socket" socket=/tmp/tmux-501/t115g47728 err="query tmux on /tmp/tmux-501/t115g47728: exit status 1: no server running on /tmp/tmux-501/t115g47728"
time=2026-08-21T17:38:26.666+08:00 level=DEBUG msg="discovery: skipping unreachable socket" socket=/tmp/tmux-501/ta-0bafa3965ade err="query tmux on /tmp/tmux-501/ta-0bafa3965ade: exit status 1: no server running on /tmp/tmux-501/ta-0bafa3965ade"
time=2026-08-21T17:38:26.695+08:00 level=DEBUG msg="discovery: skipping unreachable socket" socket=/tmp/tmux-501/ta-61709dcf801e err="query tmux on /tmp/tmux-501/ta-61709dcf801e: exit status 1: no server running on /tmp/tmux-501/ta-61709dcf801e"
time=2026-08-21T17:38:26.715+08:00 level=DEBUG msg="discovery: skipping unparsable pane line" socket=/tmp/tmux-501/ta-a9fd5b7defbd line="team-refactor-maintainability|6|%39|/Users/alauda/Documents/code/agent前沿探索/多agent协作|bash|87458|t.p9.review 零上下文设计审查已通过<|eos|> - grok|235x50|tester-t124"
time=2026-08-21T17:38:26.717+08:00 level=DEBUG msg="discovery: skipping unreachable socket" socket=/tmp/tmux-501/t115d24675 err="query tmux on /tmp/tmux-501/t115d24675: exit status 1: no server running on /tmp/tmux-501/t115d24675"
time=2026-08-21T17:38:26.727+08:00 level=DEBUG msg="discovery: skipping unreachable socket" socket=/tmp/tmux-501/t115e31319 err="query tmux on /tmp/tmux-501/t115e31319: exit status 1: no server running on /tmp/tmux-501/t115e31319"
time=2026-08-21T17:38:26.734+08:00 level=DEBUG msg="discovery: skipping unreachable socket" socket=/tmp/tmux-501/ta-ed81bd4d8c17 err="query tmux on /tmp/tmux-501/ta-ed81bd4d8c17: exit status 1: no server running on /tmp/tmux-501/ta-ed81bd4d8c17"
time=2026-08-21T17:38:26.735+08:00 level=DEBUG msg="discovery: skipping unreachable socket" socket=/tmp/tmux-501/t115f44898 err="query tmux on /tmp/tmux-501/t115f44898: exit status 1: no server running on /tmp/tmux-501/t115f44898"
time=2026-08-21T17:38:26.742+08:00 level=DEBUG msg="discovery: skipping unreachable socket" socket=/tmp/tmux-501/ta-f1ad1b378fc7 err="query tmux on /tmp/tmux-501/ta-f1ad1b378fc7: exit status 1: no server running on /tmp/tmux-501/ta-f1ad1b378fc7"
time=2026-08-21T17:38:26.742+08:00 level=DEBUG msg="discovery: skipping unreachable socket" socket=/tmp/tmux-501/t115g47728 err="query tmux on /tmp/tmux-501/t115g47728: exit status 1: no server running on /tmp/tmux-501/t115g47728"
time=2026-08-21T17:38:26.751+08:00 level=DEBUG msg="discovery: skipping unreachable socket" socket=/tmp/tmux-501/ta-0bafa3965ade err="query tmux on /tmp/tmux-501/ta-0bafa3965ade: exit status 1: no server running on /tmp/tmux-501/ta-0bafa3965ade"
time=2026-08-21T17:38:26.760+08:00 level=DEBUG msg="discovery: skipping unreachable socket" socket=/tmp/tmux-501/ta-t121u01 err="query tmux on /tmp/tmux-501/ta-t121u01: exit status 1: no server running on /tmp/tmux-501/ta-t121u01"
time=2026-08-21T17:38:26.768+08:00 level=DEBUG msg="discovery: skipping unreachable socket" socket=/tmp/tmux-501/ta-t121u01b err="query tmux on /tmp/tmux-501/ta-t121u01b: exit status 1: no server running on /tmp/tmux-501/ta-t121u01b"
time=2026-08-21T17:38:26.777+08:00 level=DEBUG msg="discovery: skipping unreachable socket" socket=/tmp/tmux-501/ta-61709dcf801e err="query tmux on /tmp/tmux-501/ta-61709dcf801e: exit status 1: no server running on /tmp/tmux-501/ta-61709dcf801e"
time=2026-08-21T17:38:26.777+08:00 level=DEBUG msg="discovery: skipping unreachable socket" socket=/tmp/tmux-501/ta-user-agents err="query tmux on /tmp/tmux-501/ta-user-agents: exit status 1: no server running on /tmp/tmux-501/ta-user-agents"
time=2026-08-21T17:38:26.795+08:00 level=DEBUG msg="discovery: skipping unparsable pane line" socket=/tmp/tmux-501/ta-a9fd5b7defbd line="team-refactor-maintainability|6|%39|/Users/alauda/Documents/code/agent前沿探索/多agent协作|bash|87458|t.p9.review 零上下文设计审查已通过<|eos|> - grok|235x50|tester-t124"
time=2026-08-21T17:38:26.813+08:00 level=DEBUG msg="discovery: skipping unreachable socket" socket=/tmp/tmux-501/ta-ed81bd4d8c17 err="query tmux on /tmp/tmux-501/ta-ed81bd4d8c17: exit status 1: no server running on /tmp/tmux-501/ta-ed81bd4d8c17"
time=2026-08-21T17:38:26.822+08:00 level=DEBUG msg="discovery: skipping unreachable socket" socket=/tmp/tmux-501/ta-f1ad1b378fc7 err="query tmux on /tmp/tmux-501/ta-f1ad1b378fc7: exit status 1: no server running on /tmp/tmux-501/ta-f1ad1b378fc7"
time=2026-08-21T17:38:26.839+08:00 level=DEBUG msg="discovery: skipping unreachable socket" socket=/tmp/tmux-501/ta-t121u01 err="query tmux on /tmp/tmux-501/ta-t121u01: exit status 1: no server running on /tmp/tmux-501/ta-t121u01"
time=2026-08-21T17:38:26.847+08:00 level=DEBUG msg="discovery: skipping unreachable socket" socket=/tmp/tmux-501/ta-t121u01b err="query tmux on /tmp/tmux-501/ta-t121u01b: exit status 1: no server running on /tmp/tmux-501/ta-t121u01b"
time=2026-08-21T17:38:26.855+08:00 level=DEBUG msg="discovery: skipping unreachable socket" socket=/tmp/tmux-501/ta-user-agents err="query tmux on /tmp/tmux-501/ta-user-agents: exit status 1: no server running on /tmp/tmux-501/ta-user-agents"
time=2026-08-21T17:38:28.504+08:00 level=DEBUG msg="listing: no changes"
time=2026-08-21T17:38:28.857+08:00 level=DEBUG msg="discovery: skipping unreachable socket" socket=/tmp/tmux-501/t115d24675 err="query tmux on /tmp/tmux-501/t115d24675: exit status 1: no server running on /tmp/tmux-501/t115d24675"
time=2026-08-21T17:38:28.865+08:00 level=DEBUG msg="discovery: skipping unreachable socket" socket=/tmp/tmux-501/t115e31319 err="query tmux on /tmp/tmux-501/t115e31319: exit status 1: no server running on /tmp/tmux-501/t115e31319"
time=2026-08-21T17:38:28.874+08:00 level=DEBUG msg="discovery: skipping unreachable socket" socket=/tmp/tmux-501/t115f44898 err="query tmux on /tmp/tmux-501/t115f44898: exit status 1: no server running on /tmp/tmux-501/t115f44898"
time=2026-08-21T17:38:28.883+08:00 level=DEBUG msg="discovery: skipping unreachable socket" socket=/tmp/tmux-501/t115g47728 err="query tmux on /tmp/tmux-501/t115g47728: exit status 1: no server running on /tmp/tmux-501/t115g47728"
time=2026-08-21T17:38:28.892+08:00 level=DEBUG msg="discovery: skipping unreachable socket" socket=/tmp/tmux-501/ta-0bafa3965ade err="query tmux on /tmp/tmux-501/ta-0bafa3965ade: exit status 1: no server running on /tmp/tmux-501/ta-0bafa3965ade"
time=2026-08-21T17:38:28.926+08:00 level=DEBUG msg="discovery: skipping unreachable socket" socket=/tmp/tmux-501/ta-61709dcf801e err="query tmux on /tmp/tmux-501/ta-61709dcf801e: exit status 1: no server running on /tmp/tmux-501/ta-61709dcf801e"
time=2026-08-21T17:38:28.946+08:00 level=DEBUG msg="discovery: skipping unparsable pane line" socket=/tmp/tmux-501/ta-a9fd5b7defbd line="team-refactor-maintainability|6|%39|/Users/alauda/Documents/code/agent前沿探索/多agent协作|bash|87458|t.p9.review 零上下文设计审查已通过<|eos|> - grok|235x50|tester-t124"
time=2026-08-21T17:38:28.969+08:00 level=DEBUG msg="discovery: skipping unreachable socket" socket=/tmp/tmux-501/ta-ed81bd4d8c17 err="query tmux on /tmp/tmux-501/ta-ed81bd4d8c17: exit status 1: no server running on /tmp/tmux-501/ta-ed81bd4d8c17"
time=2026-08-21T17:38:28.978+08:00 level=DEBUG msg="discovery: skipping unreachable socket" socket=/tmp/tmux-501/ta-f1ad1b378fc7 err="query tmux on /tmp/tmux-501/ta-f1ad1b378fc7: exit status 1: no server running on /tmp/tmux-501/ta-f1ad1b378fc7"
time=2026-08-21T17:38:28.996+08:00 level=DEBUG msg="discovery: skipping unreachable socket" socket=/tmp/tmux-501/ta-t121u01 err="query tmux on /tmp/tmux-501/ta-t121u01: exit status 1: no server running on /tmp/tmux-501/ta-t121u01"
time=2026-08-21T17:38:29.004+08:00 level=DEBUG msg="discovery: skipping unreachable socket" socket=/tmp/tmux-501/ta-t121u01b err="query tmux on /tmp/tmux-501/ta-t121u01b: exit status 1: no server running on /tmp/tmux-501/ta-t121u01b"
time=2026-08-21T17:38:29.022+08:00 level=DEBUG msg="discovery: skipping unreachable socket" socket=/tmp/tmux-501/ta-user-agents err="query tmux on /tmp/tmux-501/ta-user-agents: exit status 1: no server running on /tmp/tmux-501/ta-user-agents"
time=2026-08-21T17:38:30.534+08:00 level=DEBUG msg="discovery: skipping unreachable socket" socket=/tmp/tmux-501/t115d24675 err="query tmux on /tmp/tmux-501/t115d24675: exit status 1: no server running on /tmp/tmux-501/t115d24675"
time=2026-08-21T17:38:30.543+08:00 level=DEBUG msg="discovery: skipping unreachable socket" socket=/tmp/tmux-501/t115e31319 err="query tmux on /tmp/tmux-501/t115e31319: exit status 1: no server running on /tmp/tmux-501/t115e31319"
time=2026-08-21T17:38:30.553+08:00 level=DEBUG msg="discovery: skipping unreachable socket" socket=/tmp/tmux-501/t115f44898 err="query tmux on /tmp/tmux-501/t115f44898: exit status 1: no server running on /tmp/tmux-501/t115f44898"
time=2026-08-21T17:38:30.563+08:00 level=DEBUG msg="discovery: skipping unreachable socket" socket=/tmp/tmux-501/t115g47728 err="query tmux on /tmp/tmux-501/t115g47728: exit status 1: no server running on /tmp/tmux-501/t115g47728"
time=2026-08-21T17:38:30.572+08:00 level=DEBUG msg="discovery: skipping unreachable socket" socket=/tmp/tmux-501/ta-0bafa3965ade err="query tmux on /tmp/tmux-501/ta-0bafa3965ade: exit status 1: no server running on /tmp/tmux-501/ta-0bafa3965ade"
time=2026-08-21T17:38:30.600+08:00 level=DEBUG msg="discovery: skipping unreachable socket" socket=/tmp/tmux-501/ta-61709dcf801e err="query tmux on /tmp/tmux-501/ta-61709dcf801e: exit status 1: no server running on /tmp/tmux-501/ta-61709dcf801e"
time=2026-08-21T17:38:30.623+08:00 level=DEBUG msg="discovery: skipping unparsable pane line" socket=/tmp/tmux-501/ta-a9fd5b7defbd line="team-refactor-maintainability|6|%39|/Users/alauda/Documents/code/agent前沿探索/多agent协作|bash|87458|t.p9.review 零上下文设计审查已通过<|eos|> - grok|235x50|tester-t124"
time=2026-08-21T17:38:30.642+08:00 level=DEBUG msg="discovery: skipping unreachable socket" socket=/tmp/tmux-501/ta-ed81bd4d8c17 err="query tmux on /tmp/tmux-501/ta-ed81bd4d8c17: exit status 1: no server running on /tmp/tmux-501/ta-ed81bd4d8c17"
time=2026-08-21T17:38:30.652+08:00 level=DEBUG msg="discovery: skipping unreachable socket" socket=/tmp/tmux-501/ta-f1ad1b378fc7 err="query tmux on /tmp/tmux-501/ta-f1ad1b378fc7: exit status 1: no server running on /tmp/tmux-501/ta-f1ad1b378fc7"
time=2026-08-21T17:38:30.671+08:00 level=DEBUG msg="discovery: skipping unreachable socket" socket=/tmp/tmux-501/ta-t121u01 err="query tmux on /tmp/tmux-501/ta-t121u01: exit status 1: no server running on /tmp/tmux-501/ta-t121u01"
time=2026-08-21T17:38:30.680+08:00 level=DEBUG msg="discovery: skipping unreachable socket" socket=/tmp/tmux-501/ta-t121u01b err="query tmux on /tmp/tmux-501/ta-t121u01b: exit status 1: no server running on /tmp/tmux-501/ta-t121u01b"
time=2026-08-21T17:38:30.690+08:00 level=DEBUG msg="discovery: skipping unreachable socket" socket=/tmp/tmux-501/ta-user-agents err="query tmux on /tmp/tmux-501/ta-user-agents: exit status 1: no server running on /tmp/tmux-501/ta-user-agents"
time=2026-08-21T17:38:31.103+08:00 level=DEBUG msg="discovery: skipping unreachable socket" socket=/tmp/tmux-501/t115d24675 err="query tmux on /tmp/tmux-501/t115d24675: exit status 1: no server running on /tmp/tmux-501/t115d24675"
time=2026-08-21T17:38:31.113+08:00 level=DEBUG msg="discovery: skipping unreachable socket" socket=/tmp/tmux-501/t115e31319 err="query tmux on /tmp/tmux-501/t115e31319: exit status 1: no server running on /tmp/tmux-501/t115e31319"
time=2026-08-21T17:38:31.124+08:00 level=DEBUG msg="discovery: skipping unreachable socket" socket=/tmp/tmux-501/t115f44898 err="query tmux on /tmp/tmux-501/t115f44898: exit status 1: no server running on /tmp/tmux-501/t115f44898"
time=2026-08-21T17:38:31.139+08:00 level=DEBUG msg="discovery: skipping unreachable socket" socket=/tmp/tmux-501/t115g47728 err="query tmux on /tmp/tmux-501/t115g47728: exit status 1: no server running on /tmp/tmux-501/t115g47728"
time=2026-08-21T17:38:31.149+08:00 level=DEBUG msg="discovery: skipping unreachable socket" socket=/tmp/tmux-501/ta-0bafa3965ade err="query tmux on /tmp/tmux-501/ta-0bafa3965ade: exit status 1: no server running on /tmp/tmux-501/ta-0bafa3965ade"
time=2026-08-21T17:38:31.179+08:00 level=DEBUG msg="discovery: skipping unreachable socket" socket=/tmp/tmux-501/ta-61709dcf801e err="query tmux on /tmp/tmux-501/ta-61709dcf801e: exit status 1: no server running on /tmp/tmux-501/ta-61709dcf801e"
time=2026-08-21T17:38:31.202+08:00 level=DEBUG msg="discovery: skipping unparsable pane line" socket=/tmp/tmux-501/ta-a9fd5b7defbd line="team-refactor-maintainability|6|%39|/Users/alauda/Documents/code/agent前沿探索/多agent协作|bash|87458|t.p9.review 零上下文设计审查已通过<|eos|> - grok|235x50|tester-t124"
time=2026-08-21T17:38:31.221+08:00 level=DEBUG msg="discovery: skipping unreachable socket" socket=/tmp/tmux-501/ta-ed81bd4d8c17 err="query tmux on /tmp/tmux-501/ta-ed81bd4d8c17: exit status 1: no server running on /tmp/tmux-501/ta-ed81bd4d8c17"
time=2026-08-21T17:38:31.234+08:00 level=DEBUG msg="discovery: skipping unreachable socket" socket=/tmp/tmux-501/ta-f1ad1b378fc7 err="query tmux on /tmp/tmux-501/ta-f1ad1b378fc7: exit status 1: no server running on /tmp/tmux-501/ta-f1ad1b378fc7"
time=2026-08-21T17:38:31.254+08:00 level=DEBUG msg="discovery: skipping unreachable socket" socket=/tmp/tmux-501/ta-t121u01 err="query tmux on /tmp/tmux-501/ta-t121u01: exit status 1: no server running on /tmp/tmux-501/ta-t121u01"
time=2026-08-21T17:38:31.263+08:00 level=DEBUG msg="discovery: skipping unreachable socket" socket=/tmp/tmux-501/ta-t121u01b err="query tmux on /tmp/tmux-501/ta-t121u01b: exit status 1: no server running on /tmp/tmux-501/ta-t121u01b"
time=2026-08-21T17:38:31.273+08:00 level=DEBUG msg="discovery: skipping unreachable socket" socket=/tmp/tmux-501/ta-user-agents err="query tmux on /tmp/tmux-501/ta-user-agents: exit status 1: no server running on /tmp/tmux-501/ta-user-agents"
time=2026-08-21T17:38:33.400+08:00 level=DEBUG msg="discovery: skipping unreachable socket" socket=/tmp/tmux-501/t115d24675 err="query tmux on /tmp/tmux-501/t115d24675: exit status 1: no server running on /tmp/tmux-501/t115d24675"
time=2026-08-21T17:38:33.408+08:00 level=DEBUG msg="discovery: skipping unreachable socket" socket=/tmp/tmux-501/t115e31319 err="query tmux on /tmp/tmux-501/t115e31319: exit status 1: no server running on /tmp/tmux-501/t115e31319"
time=2026-08-21T17:38:33.416+08:00 level=DEBUG msg="discovery: skipping unreachable socket" socket=/tmp/tmux-501/t115f44898 err="query tmux on /tmp/tmux-501/t115f44898: exit status 1: no server running on /tmp/tmux-501/t115f44898"
time=2026-08-21T17:38:33.425+08:00 level=DEBUG msg="discovery: skipping unreachable socket" socket=/tmp/tmux-501/t115g47728 err="query tmux on /tmp/tmux-501/t115g47728: exit status 1: no server running on /tmp/tmux-501/t115g47728"
time=2026-08-21T17:38:33.433+08:00 level=DEBUG msg="discovery: skipping unreachable socket" socket=/tmp/tmux-501/ta-0bafa3965ade err="query tmux on /tmp/tmux-501/ta-0bafa3965ade: exit status 1: no server running on /tmp/tmux-501/ta-0bafa3965ade"
time=2026-08-21T17:38:33.458+08:00 level=DEBUG msg="discovery: skipping unreachable socket" socket=/tmp/tmux-501/ta-61709dcf801e err="query tmux on /tmp/tmux-501/ta-61709dcf801e: exit status 1: no server running on /tmp/tmux-501/ta-61709dcf801e"
time=2026-08-21T17:38:33.476+08:00 level=DEBUG msg="discovery: skipping unparsable pane line" socket=/tmp/tmux-501/ta-a9fd5b7defbd line="team-refactor-maintainability|6|%39|/Users/alauda/Documents/code/agent前沿探索/多agent协作|bash|87458|t.p9.review 零上下文设计审查已通过<|eos|> - grok|235x50|tester-t124"
time=2026-08-21T17:38:33.493+08:00 level=DEBUG msg="discovery: skipping unreachable socket" socket=/tmp/tmux-501/ta-ed81bd4d8c17 err="query tmux on /tmp/tmux-501/ta-ed81bd4d8c17: exit status 1: no server running on /tmp/tmux-501/ta-ed81bd4d8c17"
time=2026-08-21T17:38:33.501+08:00 level=DEBUG msg="discovery: skipping unreachable socket" socket=/tmp/tmux-501/ta-f1ad1b378fc7 err="query tmux on /tmp/tmux-501/ta-f1ad1b378fc7: exit status 1: no server running on /tmp/tmux-501/ta-f1ad1b378fc7"
time=2026-08-21T17:38:33.517+08:00 level=DEBUG msg="discovery: skipping unreachable socket" socket=/tmp/tmux-501/ta-t121u01 err="query tmux on /tmp/tmux-501/ta-t121u01: exit status 1: no server running on /tmp/tmux-501/ta-t121u01"
time=2026-08-21T17:38:33.525+08:00 level=DEBUG msg="discovery: skipping unreachable socket" socket=/tmp/tmux-501/ta-t121u01b err="query tmux on /tmp/tmux-501/ta-t121u01b: exit status 1: no server running on /tmp/tmux-501/ta-t121u01b"
time=2026-08-21T17:38:33.534+08:00 level=DEBUG msg="discovery: skipping unreachable socket" socket=/tmp/tmux-501/ta-user-agents err="query tmux on /tmp/tmux-501/ta-user-agents: exit status 1: no server running on /tmp/tmux-501/ta-user-agents"
time=2026-08-21T17:38:34.544+08:00 level=DEBUG msg="discovery: skipping unreachable socket" socket=/tmp/tmux-501/t115d24675 err="query tmux on /tmp/tmux-501/t115d24675: exit status 1: no server running on /tmp/tmux-501/t115d24675"
time=2026-08-21T17:38:34.552+08:00 level=DEBUG msg="discovery: skipping unreachable socket" socket=/tmp/tmux-501/t115e31319 err="query tmux on /tmp/tmux-501/t115e31319: exit status 1: no server running on /tmp/tmux-501/t115e31319"
time=2026-08-21T17:38:34.561+08:00 level=DEBUG msg="discovery: skipping unreachable socket" socket=/tmp/tmux-501/t115f44898 err="query tmux on /tmp/tmux-501/t115f44898: exit status 1: no server running on /tmp/tmux-501/t115f44898"
time=2026-08-21T17:38:34.569+08:00 level=DEBUG msg="discovery: skipping unreachable socket" socket=/tmp/tmux-501/t115g47728 err="query tmux on /tmp/tmux-501/t115g47728: exit status 1: no server running on /tmp/tmux-501/t115g47728"
time=2026-08-21T17:38:34.578+08:00 level=DEBUG msg="discovery: skipping unreachable socket" socket=/tmp/tmux-501/ta-0bafa3965ade err="query tmux on /tmp/tmux-501/ta-0bafa3965ade: exit status 1: no server running on /tmp/tmux-501/ta-0bafa3965ade"
time=2026-08-21T17:38:34.605+08:00 level=DEBUG msg="discovery: skipping unreachable socket" socket=/tmp/tmux-501/ta-61709dcf801e err="query tmux on /tmp/tmux-501/ta-61709dcf801e: exit status 1: no server running on /tmp/tmux-501/ta-61709dcf801e"
time=2026-08-21T17:38:34.623+08:00 level=DEBUG msg="discovery: skipping unparsable pane line" socket=/tmp/tmux-501/ta-a9fd5b7defbd line="team-refactor-maintainability|6|%39|/Users/alauda/Documents/code/agent前沿探索/多agent协作|bash|87458|t.p9.review 零上下文设计审查已通过<|eos|> - grok|235x50|tester-t124"
time=2026-08-21T17:38:34.640+08:00 level=DEBUG msg="discovery: skipping unreachable socket" socket=/tmp/tmux-501/ta-ed81bd4d8c17 err="query tmux on /tmp/tmux-501/ta-ed81bd4d8c17: exit status 1: no server running on /tmp/tmux-501/ta-ed81bd4d8c17"
time=2026-08-21T17:38:34.648+08:00 level=DEBUG msg="discovery: skipping unreachable socket" socket=/tmp/tmux-501/ta-f1ad1b378fc7 err="query tmux on /tmp/tmux-501/ta-f1ad1b378fc7: exit status 1: no server running on /tmp/tmux-501/ta-f1ad1b378fc7"
time=2026-08-21T17:38:34.666+08:00 level=DEBUG msg="discovery: skipping unreachable socket" socket=/tmp/tmux-501/ta-t121u01 err="query tmux on /tmp/tmux-501/ta-t121u01: exit status 1: no server running on /tmp/tmux-501/ta-t121u01"
time=2026-08-21T17:38:34.675+08:00 level=DEBUG msg="discovery: skipping unreachable socket" socket=/tmp/tmux-501/ta-t121u01b err="query tmux on /tmp/tmux-501/ta-t121u01b: exit status 1: no server running on /tmp/tmux-501/ta-t121u01b"
time=2026-08-21T17:38:34.684+08:00 level=DEBUG msg="discovery: skipping unreachable socket" socket=/tmp/tmux-501/ta-user-agents err="query tmux on /tmp/tmux-501/ta-user-agents: exit status 1: no server running on /tmp/tmux-501/ta-user-agents"
time=2026-08-21T17:38:35.606+08:00 level=DEBUG msg="discovery: skipping unreachable socket" socket=/tmp/tmux-501/t115d24675 err="query tmux on /tmp/tmux-501/t115d24675: exit status 1: no server running on /tmp/tmux-501/t115d24675"
time=2026-08-21T17:38:35.616+08:00 level=DEBUG msg="discovery: skipping unreachable socket" socket=/tmp/tmux-501/t115e31319 err="query tmux on /tmp/tmux-501/t115e31319: exit status 1: no server running on /tmp/tmux-501/t115e31319"
time=2026-08-21T17:38:35.626+08:00 level=DEBUG msg="discovery: skipping unreachable socket" socket=/tmp/tmux-501/t115f44898 err="query tmux on /tmp/tmux-501/t115f44898: exit status 1: no server running on /tmp/tmux-501/t115f44898"
time=2026-08-21T17:38:35.634+08:00 level=DEBUG msg="discovery: skipping unreachable socket" socket=/tmp/tmux-501/t115g47728 err="query tmux on /tmp/tmux-501/t115g47728: exit status 1: no server running on /tmp/tmux-501/t115g47728"
time=2026-08-21T17:38:35.643+08:00 level=DEBUG msg="discovery: skipping unreachable socket" socket=/tmp/tmux-501/ta-0bafa3965ade err="query tmux on /tmp/tmux-501/ta-0bafa3965ade: exit status 1: no server running on /tmp/tmux-501/ta-0bafa3965ade"
time=2026-08-21T17:38:35.671+08:00 level=DEBUG msg="discovery: skipping unreachable socket" socket=/tmp/tmux-501/ta-61709dcf801e err="query tmux on /tmp/tmux-501/ta-61709dcf801e: exit status 1: no server running on /tmp/tmux-501/ta-61709dcf801e"
time=2026-08-21T17:38:35.690+08:00 level=DEBUG msg="discovery: skipping unparsable pane line" socket=/tmp/tmux-501/ta-a9fd5b7defbd line="team-refactor-maintainability|6|%39|/Users/alauda/Documents/code/agent前沿探索/多agent协作|bash|87458|t.p9.review 零上下文设计审查已通过<|eos|> - grok|235x50|tester-t124"
time=2026-08-21T17:38:35.709+08:00 level=DEBUG msg="discovery: skipping unreachable socket" socket=/tmp/tmux-501/ta-ed81bd4d8c17 err="query tmux on /tmp/tmux-501/ta-ed81bd4d8c17: exit status 1: no server running on /tmp/tmux-501/ta-ed81bd4d8c17"
time=2026-08-21T17:38:35.717+08:00 level=DEBUG msg="discovery: skipping unreachable socket" socket=/tmp/tmux-501/ta-f1ad1b378fc7 err="query tmux on /tmp/tmux-501/ta-f1ad1b378fc7: exit status 1: no server running on /tmp/tmux-501/ta-f1ad1b378fc7"
time=2026-08-21T17:38:35.735+08:00 level=DEBUG msg="discovery: skipping unreachable socket" socket=/tmp/tmux-501/ta-t121u01 err="query tmux on /tmp/tmux-501/ta-t121u01: exit status 1: no server running on /tmp/tmux-501/ta-t121u01"
time=2026-08-21T17:38:35.743+08:00 level=DEBUG msg="discovery: skipping unreachable socket" socket=/tmp/tmux-501/ta-t121u01b err="query tmux on /tmp/tmux-501/ta-t121u01b: exit status 1: no server running on /tmp/tmux-501/ta-t121u01b"
time=2026-08-21T17:38:35.752+08:00 level=DEBUG msg="discovery: skipping unreachable socket" socket=/tmp/tmux-501/ta-user-agents err="query tmux on /tmp/tmux-501/ta-user-agents: exit status 1: no server running on /tmp/tmux-501/ta-user-agents"
time=2026-08-21T17:38:36.395+08:00 level=DEBUG msg="listing: no changes"
time=2026-08-21T17:38:37.881+08:00 level=DEBUG msg="discovery: skipping unreachable socket" socket=/tmp/tmux-501/t115d24675 err="query tmux on /tmp/tmux-501/t115d24675: exit status 1: no server running on /tmp/tmux-501/t115d24675"
time=2026-08-21T17:38:37.889+08:00 level=DEBUG msg="discovery: skipping unreachable socket" socket=/tmp/tmux-501/t115e31319 err="query tmux on /tmp/tmux-501/t115e31319: exit status 1: no server running on /tmp/tmux-501/t115e31319"
time=2026-08-21T17:38:37.898+08:00 level=DEBUG msg="discovery: skipping unreachable socket" socket=/tmp/tmux-501/t115f44898 err="query tmux on /tmp/tmux-501/t115f44898: exit status 1: no server running on /tmp/tmux-501/t115f44898"
time=2026-08-21T17:38:37.908+08:00 level=DEBUG msg="discovery: skipping unreachable socket" socket=/tmp/tmux-501/t115g47728 err="query tmux on /tmp/tmux-501/t115g47728: exit status 1: no server running on /tmp/tmux-501/t115g47728"
time=2026-08-21T17:38:37.917+08:00 level=DEBUG msg="discovery: skipping unreachable socket" socket=/tmp/tmux-501/ta-0bafa3965ade err="query tmux on /tmp/tmux-501/ta-0bafa3965ade: exit status 1: no server running on /tmp/tmux-501/ta-0bafa3965ade"
time=2026-08-21T17:38:37.953+08:00 level=DEBUG msg="discovery: skipping unreachable socket" socket=/tmp/tmux-501/ta-61709dcf801e err="query tmux on /tmp/tmux-501/ta-61709dcf801e: exit status 1: no server running on /tmp/tmux-501/ta-61709dcf801e"
time=2026-08-21T17:38:37.972+08:00 level=DEBUG msg="discovery: skipping unparsable pane line" socket=/tmp/tmux-501/ta-a9fd5b7defbd line="team-refactor-maintainability|6|%39|/Users/alauda/Documents/code/agent前沿探索/多agent协作|bash|87458|t.p9.review 零上下文设计审查已通过<|eos|> - grok|235x50|tester-t124"
time=2026-08-21T17:38:37.991+08:00 level=DEBUG msg="discovery: skipping unreachable socket" socket=/tmp/tmux-501/ta-ed81bd4d8c17 err="query tmux on /tmp/tmux-501/ta-ed81bd4d8c17: exit status 1: no server running on /tmp/tmux-501/ta-ed81bd4d8c17"
time=2026-08-21T17:38:38.000+08:00 level=DEBUG msg="discovery: skipping unreachable socket" socket=/tmp/tmux-501/ta-f1ad1b378fc7 err="query tmux on /tmp/tmux-501/ta-f1ad1b378fc7: exit status 1: no server running on /tmp/tmux-501/ta-f1ad1b378fc7"
time=2026-08-21T17:38:38.023+08:00 level=DEBUG msg="discovery: skipping unreachable socket" socket=/tmp/tmux-501/ta-t121u01 err="query tmux on /tmp/tmux-501/ta-t121u01: exit status 1: no server running on /tmp/tmux-501/ta-t121u01"
time=2026-08-21T17:38:38.032+08:00 level=DEBUG msg="discovery: skipping unreachable socket" socket=/tmp/tmux-501/ta-t121u01b err="query tmux on /tmp/tmux-501/ta-t121u01b: exit status 1: no server running on /tmp/tmux-501/ta-t121u01b"
time=2026-08-21T17:38:38.041+08:00 level=DEBUG msg="discovery: skipping unreachable socket" socket=/tmp/tmux-501/ta-user-agents err="query tmux on /tmp/tmux-501/ta-user-agents: exit status 1: no server running on /tmp/tmux-501/ta-user-agents"
time=2026-08-21T17:38:38.432+08:00 level=DEBUG msg="discovery: skipping unreachable socket" socket=/tmp/tmux-501/t115d24675 err="query tmux on /tmp/tmux-501/t115d24675: exit status 1: no server running on /tmp/tmux-501/t115d24675"
time=2026-08-21T17:38:38.442+08:00 level=DEBUG msg="discovery: skipping unreachable socket" socket=/tmp/tmux-501/t115e31319 err="query tmux on /tmp/tmux-501/t115e31319: exit status 1: no server running on /tmp/tmux-501/t115e31319"
time=2026-08-21T17:38:38.452+08:00 level=DEBUG msg="discovery: skipping unreachable socket" socket=/tmp/tmux-501/t115f44898 err="query tmux on /tmp/tmux-501/t115f44898: exit status 1: no server running on /tmp/tmux-501/t115f44898"
time=2026-08-21T17:38:38.460+08:00 level=DEBUG msg="discovery: skipping unreachable socket" socket=/tmp/tmux-501/t115g47728 err="query tmux on /tmp/tmux-501/t115g47728: exit status 1: no server running on /tmp/tmux-501/t115g47728"
time=2026-08-21T17:38:38.470+08:00 level=DEBUG msg="discovery: skipping unreachable socket" socket=/tmp/tmux-501/ta-0bafa3965ade err="query tmux on /tmp/tmux-501/ta-0bafa3965ade: exit status 1: no server running on /tmp/tmux-501/ta-0bafa3965ade"
time=2026-08-21T17:38:38.508+08:00 level=DEBUG msg="discovery: skipping unreachable socket" socket=/tmp/tmux-501/ta-61709dcf801e err="query tmux on /tmp/tmux-501/ta-61709dcf801e: exit status 1: no server running on /tmp/tmux-501/ta-61709dcf801e"
time=2026-08-21T17:38:38.526+08:00 level=DEBUG msg="discovery: skipping unparsable pane line" socket=/tmp/tmux-501/ta-a9fd5b7defbd line="team-refactor-maintainability|6|%39|/Users/alauda/Documents/code/agent前沿探索/多agent协作|bash|87458|t.p9.review 零上下文设计审查已通过<|eos|> - grok|235x50|tester-t124"
time=2026-08-21T17:38:38.549+08:00 level=DEBUG msg="discovery: skipping unreachable socket" socket=/tmp/tmux-501/ta-ed81bd4d8c17 err="query tmux on /tmp/tmux-501/ta-ed81bd4d8c17: exit status 1: no server running on /tmp/tmux-501/ta-ed81bd4d8c17"
time=2026-08-21T17:38:38.558+08:00 level=DEBUG msg="discovery: skipping unreachable socket" socket=/tmp/tmux-501/ta-f1ad1b378fc7 err="query tmux on /tmp/tmux-501/ta-f1ad1b378fc7: exit status 1: no server running on /tmp/tmux-501/ta-f1ad1b378fc7"
time=2026-08-21T17:38:38.576+08:00 level=DEBUG msg="discovery: skipping unreachable socket" socket=/tmp/tmux-501/ta-t121u01 err="query tmux on /tmp/tmux-501/ta-t121u01: exit status 1: no server running on /tmp/tmux-501/ta-t121u01"
time=2026-08-21T17:38:38.585+08:00 level=DEBUG msg="discovery: skipping unreachable socket" socket=/tmp/tmux-501/ta-t121u01b err="query tmux on /tmp/tmux-501/ta-t121u01b: exit status 1: no server running on /tmp/tmux-501/ta-t121u01b"
time=2026-08-21T17:38:38.596+08:00 level=DEBUG msg="discovery: skipping unreachable socket" socket=/tmp/tmux-501/ta-user-agents err="query tmux on /tmp/tmux-501/ta-user-agents: exit status 1: no server running on /tmp/tmux-501/ta-user-agents"
time=2026-08-21T17:38:40.116+08:00 level=DEBUG msg="discovery: skipping unreachable socket" socket=/tmp/tmux-501/t115d24675 err="query tmux on /tmp/tmux-501/t115d24675: exit status 1: no server running on /tmp/tmux-501/t115d24675"
time=2026-08-21T17:38:40.124+08:00 level=DEBUG msg="discovery: skipping unreachable socket" socket=/tmp/tmux-501/t115e31319 err="query tmux on /tmp/tmux-501/t115e31319: exit status 1: no server running on /tmp/tmux-501/t115e31319"
time=2026-08-21T17:38:40.133+08:00 level=DEBUG msg="discovery: skipping unreachable socket" socket=/tmp/tmux-501/t115f44898 err="query tmux on /tmp/tmux-501/t115f44898: exit status 1: no server running on /tmp/tmux-501/t115f44898"
time=2026-08-21T17:38:40.142+08:00 level=DEBUG msg="discovery: skipping unreachable socket" socket=/tmp/tmux-501/t115g47728 err="query tmux on /tmp/tmux-501/t115g47728: exit status 1: no server running on /tmp/tmux-501/t115g47728"
time=2026-08-21T17:38:40.153+08:00 level=DEBUG msg="discovery: skipping unreachable socket" socket=/tmp/tmux-501/ta-0bafa3965ade err="query tmux on /tmp/tmux-501/ta-0bafa3965ade: exit status 1: no server running on /tmp/tmux-501/ta-0bafa3965ade"
time=2026-08-21T17:38:40.180+08:00 level=DEBUG msg="discovery: skipping unreachable socket" socket=/tmp/tmux-501/ta-61709dcf801e err="query tmux on /tmp/tmux-501/ta-61709dcf801e: exit status 1: no server running on /tmp/tmux-501/ta-61709dcf801e"
time=2026-08-21T17:38:40.200+08:00 level=DEBUG msg="discovery: skipping unparsable pane line" socket=/tmp/tmux-501/ta-a9fd5b7defbd line="team-refactor-maintainability|6|%39|/Users/alauda/Documents/code/agent前沿探索/多agent协作|bash|87458|t.p9.review 零上下文设计审查已通过<|eos|> - grok|235x50|tester-t124"
time=2026-08-21T17:38:40.219+08:00 level=DEBUG msg="discovery: skipping unreachable socket" socket=/tmp/tmux-501/ta-ed81bd4d8c17 err="query tmux on /tmp/tmux-501/ta-ed81bd4d8c17: exit status 1: no server running on /tmp/tmux-501/ta-ed81bd4d8c17"
time=2026-08-21T17:38:40.228+08:00 level=DEBUG msg="discovery: skipping unreachable socket" socket=/tmp/tmux-501/ta-f1ad1b378fc7 err="query tmux on /tmp/tmux-501/ta-f1ad1b378fc7: exit status 1: no server running on /tmp/tmux-501/ta-f1ad1b378fc7"
time=2026-08-21T17:38:40.255+08:00 level=DEBUG msg="discovery: skipping unreachable socket" socket=/tmp/tmux-501/ta-t121u01 err="query tmux on /tmp/tmux-501/ta-t121u01: exit status 1: no server running on /tmp/tmux-501/ta-t121u01"
time=2026-08-21T17:38:40.263+08:00 level=DEBUG msg="discovery: skipping unreachable socket" socket=/tmp/tmux-501/ta-t121u01b err="query tmux on /tmp/tmux-501/ta-t121u01b: exit status 1: no server running on /tmp/tmux-501/ta-t121u01b"
time=2026-08-21T17:38:40.272+08:00 level=DEBUG msg="discovery: skipping unreachable socket" socket=/tmp/tmux-501/ta-user-agents err="query tmux on /tmp/tmux-501/ta-user-agents: exit status 1: no server running on /tmp/tmux-501/ta-user-agents"
time=2026-08-21T17:38:40.437+08:00 level=DEBUG msg="listing: no changes"
time=2026-08-21T17:38:42.380+08:00 level=DEBUG msg="discovery: skipping unreachable socket" socket=/tmp/tmux-501/t115d24675 err="query tmux on /tmp/tmux-501/t115d24675: exit status 1: no server running on /tmp/tmux-501/t115d24675"
time=2026-08-21T17:38:42.388+08:00 level=DEBUG msg="discovery: skipping unreachable socket" socket=/tmp/tmux-501/t115e31319 err="query tmux on /tmp/tmux-501/t115e31319: exit status 1: no server running on /tmp/tmux-501/t115e31319"
time=2026-08-21T17:38:42.398+08:00 level=DEBUG msg="discovery: skipping unreachable socket" socket=/tmp/tmux-501/t115f44898 err="query tmux on /tmp/tmux-501/t115f44898: exit status 1: no server running on /tmp/tmux-501/t115f44898"
time=2026-08-21T17:38:42.406+08:00 level=DEBUG msg="discovery: skipping unreachable socket" socket=/tmp/tmux-501/t115g47728 err="query tmux on /tmp/tmux-501/t115g47728: exit status 1: no server running on /tmp/tmux-501/t115g47728"
time=2026-08-21T17:38:42.414+08:00 level=DEBUG msg="discovery: skipping unreachable socket" socket=/tmp/tmux-501/ta-0bafa3965ade err="query tmux on /tmp/tmux-501/ta-0bafa3965ade: exit status 1: no server running on /tmp/tmux-501/ta-0bafa3965ade"
time=2026-08-21T17:38:42.440+08:00 level=DEBUG msg="discovery: skipping unreachable socket" socket=/tmp/tmux-501/ta-61709dcf801e err="query tmux on /tmp/tmux-501/ta-61709dcf801e: exit status 1: no server running on /tmp/tmux-501/ta-61709dcf801e"
time=2026-08-21T17:38:42.458+08:00 level=DEBUG msg="discovery: skipping unparsable pane line" socket=/tmp/tmux-501/ta-a9fd5b7defbd line="team-refactor-maintainability|6|%39|/Users/alauda/Documents/code/agent前沿探索/多agent协作|bash|87458|t.p9.review 零上下文设计审查已通过<|eos|> - grok|235x50|tester-t124"
time=2026-08-21T17:38:42.464+08:00 level=DEBUG msg="discovery: skipping unreachable socket" socket=/tmp/tmux-501/t115d24675 err="query tmux on /tmp/tmux-501/t115d24675: exit status 1: no server running on /tmp/tmux-501/t115d24675"
time=2026-08-21T17:38:42.472+08:00 level=DEBUG msg="discovery: skipping unreachable socket" socket=/tmp/tmux-501/t115e31319 err="query tmux on /tmp/tmux-501/t115e31319: exit status 1: no server running on /tmp/tmux-501/t115e31319"
time=2026-08-21T17:38:42.476+08:00 level=DEBUG msg="discovery: skipping unreachable socket" socket=/tmp/tmux-501/ta-ed81bd4d8c17 err="query tmux on /tmp/tmux-501/ta-ed81bd4d8c17: exit status 1: no server running on /tmp/tmux-501/ta-ed81bd4d8c17"
time=2026-08-21T17:38:42.481+08:00 level=DEBUG msg="discovery: skipping unreachable socket" socket=/tmp/tmux-501/t115f44898 err="query tmux on /tmp/tmux-501/t115f44898: exit status 1: no server running on /tmp/tmux-501/t115f44898"
time=2026-08-21T17:38:42.485+08:00 level=DEBUG msg="discovery: skipping unreachable socket" socket=/tmp/tmux-501/ta-f1ad1b378fc7 err="query tmux on /tmp/tmux-501/ta-f1ad1b378fc7: exit status 1: no server running on /tmp/tmux-501/ta-f1ad1b378fc7"
time=2026-08-21T17:38:42.489+08:00 level=DEBUG msg="discovery: skipping unreachable socket" socket=/tmp/tmux-501/t115g47728 err="query tmux on /tmp/tmux-501/t115g47728: exit status 1: no server running on /tmp/tmux-501/t115g47728"
time=2026-08-21T17:38:42.497+08:00 level=DEBUG msg="discovery: skipping unreachable socket" socket=/tmp/tmux-501/ta-0bafa3965ade err="query tmux on /tmp/tmux-501/ta-0bafa3965ade: exit status 1: no server running on /tmp/tmux-501/ta-0bafa3965ade"
time=2026-08-21T17:38:42.501+08:00 level=DEBUG msg="discovery: skipping unreachable socket" socket=/tmp/tmux-501/ta-t121u01 err="query tmux on /tmp/tmux-501/ta-t121u01: exit status 1: no server running on /tmp/tmux-501/ta-t121u01"
time=2026-08-21T17:38:42.509+08:00 level=DEBUG msg="discovery: skipping unreachable socket" socket=/tmp/tmux-501/ta-t121u01b err="query tmux on /tmp/tmux-501/ta-t121u01b: exit status 1: no server running on /tmp/tmux-501/ta-t121u01b"
time=2026-08-21T17:38:42.518+08:00 level=DEBUG msg="discovery: skipping unreachable socket" socket=/tmp/tmux-501/ta-user-agents err="query tmux on /tmp/tmux-501/ta-user-agents: exit status 1: no server running on /tmp/tmux-501/ta-user-agents"
time=2026-08-21T17:38:42.523+08:00 level=DEBUG msg="discovery: skipping unreachable socket" socket=/tmp/tmux-501/ta-61709dcf801e err="query tmux on /tmp/tmux-501/ta-61709dcf801e: exit status 1: no server running on /tmp/tmux-501/ta-61709dcf801e"
time=2026-08-21T17:38:42.541+08:00 level=DEBUG msg="discovery: skipping unparsable pane line" socket=/tmp/tmux-501/ta-a9fd5b7defbd line="team-refactor-maintainability|6|%39|/Users/alauda/Documents/code/agent前沿探索/多agent协作|bash|87458|t.p9.review 零上下文设计审查已通过<|eos|> - grok|235x50|tester-t124"
time=2026-08-21T17:38:42.559+08:00 level=DEBUG msg="discovery: skipping unreachable socket" socket=/tmp/tmux-501/ta-ed81bd4d8c17 err="query tmux on /tmp/tmux-501/ta-ed81bd4d8c17: exit status 1: no server running on /tmp/tmux-501/ta-ed81bd4d8c17"
time=2026-08-21T17:38:42.568+08:00 level=DEBUG msg="discovery: skipping unreachable socket" socket=/tmp/tmux-501/ta-f1ad1b378fc7 err="query tmux on /tmp/tmux-501/ta-f1ad1b378fc7: exit status 1: no server running on /tmp/tmux-501/ta-f1ad1b378fc7"
time=2026-08-21T17:38:42.585+08:00 level=DEBUG msg="discovery: skipping unreachable socket" socket=/tmp/tmux-501/ta-t121u01 err="query tmux on /tmp/tmux-501/ta-t121u01: exit status 1: no server running on /tmp/tmux-501/ta-t121u01"
time=2026-08-21T17:38:42.594+08:00 level=DEBUG msg="discovery: skipping unreachable socket" socket=/tmp/tmux-501/ta-t121u01b err="query tmux on /tmp/tmux-501/ta-t121u01b: exit status 1: no server running on /tmp/tmux-501/ta-t121u01b"
time=2026-08-21T17:38:42.602+08:00 level=DEBUG msg="discovery: skipping unreachable socket" socket=/tmp/tmux-501/ta-user-agents err="query tmux on /tmp/tmux-501/ta-user-agents: exit status 1: no server running on /tmp/tmux-501/ta-user-agents"
time=2026-08-21T17:38:43.030+08:00 level=INFO msg="ws: sendq health" conn=1 conn.deltas_dropped=0 conn.snapshots_pushed=1 conn.snapshots_from_resize=0 conn.snapshots_from_subscribe=1 conn.frames_sent=0 total.deltas_dropped=0 total.snapshots_pushed=1 total.snapshots_from_resize=0 total.subscribes=1 total.snapshots_from_subscribe=1 total.connections=1 total.queue_peak=0 total.frames_sent=0 close_reason="read_error: failed to get reader: failed to read frame header: EOF"
time=2026-08-21T17:38:44.291+08:00 level=DEBUG msg="listing: no changes"
time=2026-08-21T22:40:58.771+08:00 level=INFO msg="shutting down"
time=2026-08-21T22:40:58.777+08:00 level=DEBUG msg="level2 loop stopped"
time=2026-08-21T22:40:58.777+08:00 level=DEBUG msg="listing loop stopped"
