bootstrap real-entry teeth; fresh after refutes repair

implementation source:
  .worktrees/wt-b2-mainline/tools/perfbase/baseline_bundle.py
entry_sha256:
  6c15312b82aa78a1a31dcb8315cf2cc6b492999f071e631cfc8697898811938d
isolated shell root:
  .team/nodes/spec-sol/baseline-bundle-successor3/tmp/bootstrap-shell-root-v2

command:
  sh <isolated-root>/.team/ledgers/acceptance/baseline-bundle-successor3-canonical.sh
output:
  SUCCESSOR3_CANONICAL_REAL entry_sha256=6c15312b82aa78a1a31dcb8315cf2cc6b492999f071e631cfc8697898811938d green_rc=0 stale_rc=2 stale_reason=manifest_bundle_id_mismatch forged_base_rc=2 forged_hardened_rc=1 forged_reason=manifest_bundle_id_mismatch stale_operand=build.independent_builds[0].apk_relpath forged_operand=implementation.bundle_py.sha256
  PASS baseline-bundle-successor3-canonical: real manifest stale/final/provenance controls verified
  canonical_wrapper_rc=0

command:
  sh <isolated-root>/.team/ledgers/acceptance/baseline-bundle-successor3-bypass.sh
output:
  SUCCESSOR3_CANONICAL_REAL entry_sha256=6c15312b82aa78a1a31dcb8315cf2cc6b492999f071e631cfc8697898811938d green_rc=0 stale_rc=2 stale_reason=manifest_bundle_id_mismatch forged_base_rc=2 forged_hardened_rc=1 forged_reason=manifest_bundle_id_mismatch stale_operand=build.independent_builds[0].apk_relpath forged_operand=implementation.bundle_py.sha256
  SUCCESSOR3_MEASURE_CONTROL green_rc=0 forged_rc=1 reason=runner_provenance_mismatch operand=runner_sha256 raw_nonempty=true root_valid=true
  PASS baseline-bundle-successor3-bypass: controlled real provenance forgeries rejected
  bypass_wrapper_rc=0

assertions:
  canonical green invokes the copied real baseline_bundle.py retrieve entry and retrieves bytes.
  stale bundle_id against final path projection is rejected by the real entry for the exact bundle-id reason.
  only implementation.bundle_py.sha256 changes in canonical provenance control; low-level rc=2 exact mismatch is translated by the hardened tooth to classification 1.
  only declared runner_sha256 changes in measure control; the actual runner bytes, valid git root, nonempty raw logs, identities, sequence, fixtures, n and values stay fixed.
  repository root mismatch and empty raw log are forbidden as bypass success reasons.

result: pass
