successor3 immutable provenance and tracked reachability

bootstrap:
  f0fce0a44182558c23e4bba66d6b0b6ea91bdf1d
HEAD at verification:
  f0fce0a44182558c23e4bba66d6b0b6ea91bdf1d
ancestry:
  git merge-base --is-ancestor bootstrap HEAD => 0
  bootstrap_is_ancestor_of_head=true

all 9 task Resources.provenance values:
  identity=git
  revision=f0fce0a44182558c23e4bba66d6b0b6ea91bdf1d

reachability:
  every compiled ScriptRef path is present at bootstrap and HEAD
  transitive base gates called by successor3 impl/measure wrappers are present
  successor3 canonical gate, real-fixture helper and all four bootstrap taskbooks are present
  reachable_path_count=24
  all_compiled_and_transitive_acceptance_paths_reachable=true

fixed fixture:
  path=.team/ledgers/acceptance/fixtures/baseline-bundle-successor3/control-contract.json
  sha256=ffcea3d0d3282618ad91f9db44c7a99616868b6610c88516e022385e59bd3fd9
  tracked_real_fixture_and_control_contract=true

future drive precondition:
  leader must commit this final source/compiled ledger before start; ledger-run then creates WT from a current main descendant that already contains the bootstrap acceptance/fixture at immutable provenance.

result: pass
