successor3 fresh worktree identities and non-start proof

wt-bundle3-core-f0:
  disk_absent=true
  git_worktree_metadata_count=0
  prior_tracked_history_count=0
wt-canon-red-lane:
  disk_absent=true
  git_worktree_metadata_count=0
  prior_tracked_history_count=0
wt-provenance-oracle:
  disk_absent=true
  git_worktree_metadata_count=0
  prior_tracked_history_count=0

isolation:
  impl/test/probe have three distinct worktree ids
  repro/impl/verify/user-gate/migrate/measure/final reuse only the dependency-serialized core worktree
  parallel_write_isolation=true
  sequential_core_worktree_reuse=true

runtime absent:
  .team/ledgers/baseline-bundle-successor3-v1.json.lease
  .team/ledgers/baseline-bundle-successor3-v1.json.lease.pid
  .team/nodes/_driver/baseline-bundle-successor3-v1.pid
  ledger_started=false

result: pass
