successor3 fresh ledger-run dry-run

command:
  ledger-run --dry-run .team/ledgers/baseline-bundle-successor3-v1.json --json

summary:
  ok=true
  ledger_id=ledger.baseline-bundle.successor3.v1
  revision=1
  desired_state=running
  workflow_state=active
  frontier=[t.baseline-bundle.repro]
  excluded_count=8
  every excluded task reports dependency_unsatisfied
  dry_run_rc=0

excluded dependency heads:
  impl/test/probe <- repro
  verify <- test/probe/impl
  user-gate <- verify
  migrate <- user-gate
  measure <- migrate
  final <- measure

no drive/once command was executed.

result: pass
