successor4 required exact-set and legacy negative teeth

candidate assertions:
  ledger_id=ledger.baseline-bundle.successor4.v1
  revision=1 tasks=9 dependencies=10 transitions=0
  test_required=[M.baseline-bundle.successor4-test]
  probe_required=[M.baseline-bundle.successor4-probe]
  impl_required=[M.baseline-bundle.successor4-impl,M.baseline-bundle.successor4-bypass]
  mechanical id/argv maps exactly to the taskbook table
  M.baseline-bundle.impl-bypass absent from ledger=true
  M.baseline-bundle.probe absent from ledger=true
  impl worktree=wt-atlas-42
  test worktree=wt-quartz-77
  probe worktree=wt-nimbus-93

fresh isolated mutations of the production structure checker:
  exact_rc=0
  legacy-impl_rc=1
  legacy-probe_rc=1
  old-argv_rc=1

The mutations were copies under this case's tmp directory; the candidate ledger was not edited.

result: pass
