> Task :terminal:checkKotlinGradlePluginConfigurationErrors SKIPPED
> Task :terminal:compileKotlin UP-TO-DATE
> Task :terminal:compileJava NO-SOURCE
> Task :terminal:processResources NO-SOURCE
> Task :terminal:classes UP-TO-DATE
> Task :terminal:jar UP-TO-DATE
> Task :app:checkKotlinGradlePluginConfigurationErrors SKIPPED
> Task :app:preBuild UP-TO-DATE
> Task :app:preDebugBuild UP-TO-DATE
> Task :app:checkDebugAarMetadata UP-TO-DATE
> Task :app:processDebugNavigationResources UP-TO-DATE
> Task :app:compileDebugNavigationResources UP-TO-DATE
> Task :app:generateDebugResValues UP-TO-DATE
> Task :app:mapDebugSourceSetPaths UP-TO-DATE
> Task :app:generateDebugResources UP-TO-DATE
> Task :app:mergeDebugResources UP-TO-DATE
> Task :app:packageDebugResources UP-TO-DATE
> Task :app:parseDebugLocalResources UP-TO-DATE
> Task :app:createDebugCompatibleScreenManifests UP-TO-DATE
> Task :app:extractDeepLinksDebug UP-TO-DATE
> Task :app:processDebugMainManifest UP-TO-DATE
> Task :app:processDebugManifest UP-TO-DATE
> Task :app:processDebugManifestForPackage UP-TO-DATE
> Task :app:processDebugResources UP-TO-DATE
> Task :app:compileDebugKotlin UP-TO-DATE
> Task :app:javaPreCompileDebug UP-TO-DATE
> Task :app:compileDebugJavaWithJavac NO-SOURCE
> Task :app:bundleDebugClassesToRuntimeJar UP-TO-DATE
> Task :app:bundleDebugClassesToCompileJar UP-TO-DATE
> Task :app:compileDebugUnitTestKotlin UP-TO-DATE
> Task :app:preDebugUnitTestBuild UP-TO-DATE
> Task :app:javaPreCompileDebugUnitTest UP-TO-DATE
> Task :app:compileDebugUnitTestJavaWithJavac NO-SOURCE
> Task :app:mergeDebugShaders UP-TO-DATE
> Task :app:compileDebugShaders NO-SOURCE
> Task :app:generateDebugAssets UP-TO-DATE
> Task :app:mergeDebugAssets UP-TO-DATE
> Task :app:packageDebugUnitTestForUnitTest UP-TO-DATE
> Task :app:processDebugUnitTestManifest UP-TO-DATE
> Task :app:generateDebugUnitTestConfig UP-TO-DATE
> Task :app:processDebugJavaRes UP-TO-DATE
> Task :app:processDebugUnitTestJavaRes UP-TO-DATE
> Task :app:preReleaseBuild UP-TO-DATE
> Task :app:createReleaseCompatibleScreenManifests UP-TO-DATE
> Task :app:generateReleaseResValues UP-TO-DATE
> Task :app:extractDeepLinksRelease UP-TO-DATE
> Task :app:processReleaseMainManifest UP-TO-DATE
> Task :app:processReleaseManifest UP-TO-DATE

> Task :app:testDebugUnitTest FAILED

PerfTraceChainTest > perfTrace_两次并发打开open_id不串 FAILED
    java.lang.AssertionError at PerfTraceChainTest.kt:206

PerfTraceChainTest > perfTrace_一次打开产出八事件且open_id一致且时间单调 FAILED
    java.lang.AssertionError at PerfTraceChainTest.kt:92

3 tests completed, 2 failed

FAILURE: Build failed with an exception.

* What went wrong:
Execution failed for task ':app:testDebugUnitTest'.
> There were failing tests. See the report at: file:///Volumes/nvme/Projects/%E8%BF%9C%E7%A8%8BAgent%E5%AE%89%E5%8D%93/.worktrees/wt-pb-red/app/app/build/reports/tests/testDebugUnitTest/index.html

* Try:
> Run with --scan to get full insights.

BUILD FAILED in 1s
36 actionable tasks: 1 executed, 35 up-to-date
