1786613380.135698000 100x24
1786613380.181436000 100x24
1786613380.225152000 100x24
1786613380.275457000 100x24
1786613380.322821000 100x24
1786613380.373137000 100x24
1786613380.421112000 126x107
1786613380.466993000 126x107
1786613380.520206000 126x107
1786613380.573036000 126x107
1786613380.622620000 126x107
1786613380.669910000 126x107
1786613380.723025000 126x107
1786613380.771614000 126x107
1786613380.816924000 126x107
1786613380.868742000 126x107
1786613380.919527000 126x107
1786613380.967291000 126x107
1786613381.018016000 126x107
1786613381.062787000 126x107
1786613381.105903000 126x107
1786613381.157661000 126x107
1786613381.209077000 126x107
1786613381.261152000 126x107
1786613381.304619000 126x107
1786613381.356091000 126x107
1786613381.407397000 126x107
1786613381.459226000 126x107
1786613381.510276000 126x107
1786613381.553763000 126x107
1786613381.604720000 126x107
1786613381.657108000 126x107
1786613381.705323000 126x107
1786613381.753541000 126x107
1786613381.804337000 126x107
1786613381.852874000 126x107
1786613381.901940000 126x107
1786613381.946455000 126x107
1786613381.997819000 126x107
1786613382.049972000 126x107
1786613382.102295000 126x107
1786613382.149377000 126x107
1786613382.201133000 126x107
1786613382.247844000 126x107
1786613382.292445000 126x107
1786613382.335610000 126x107
1786613382.383355000 126x107
1786613382.433622000 126x107
1786613382.477640000 126x107
1786613382.526960000 126x107
1786613382.574339000 126x107
1786613382.620688000 126x107
1786613382.670908000 126x107
1786613382.718663000 126x107
1786613382.767340000 126x107
1786613382.812875000 126x107
1786613382.856112000 126x107
1786613382.902235000 126x107
1786613382.948653000 126x107
1786613382.995098000 126x107
1786613383.039017000 126x107
1786613383.090004000 126x107
1786613383.140970000 126x107
1786613383.184233000 126x107
1786613383.234290000 126x107
1786613383.279863000 126x107
1786613383.330237000 126x107
