candidate=ac84f22ef15e62eb74208592ce5fa258020c862e
tree=a338cec1b881d2fb6204434debec674d71de4a07
app_tree=f1ec0edd5a55d96c857b8f070efd964b4b5af694
started_utc=2026-09-01T14:08:12Z
command=./gradlew :app:assembleRelease --rerun-tasks --no-build-cache
> Task :core-terminal:checkKotlinGradlePluginConfigurationErrors SKIPPED
> Task :terminal:checkKotlinGradlePluginConfigurationErrors SKIPPED
> Task :terminal:processResources NO-SOURCE
> Task :core-terminal:processResources NO-SOURCE
> Task :core-conn:checkKotlinGradlePluginConfigurationErrors SKIPPED
> Task :core-protocol:checkKotlinGradlePluginConfigurationErrors SKIPPED
> Task :core-conn:processResources NO-SOURCE
> Task :core-protocol:processResources NO-SOURCE
> Task :app:preBuild UP-TO-DATE
> Task :app:preReleaseBuild UP-TO-DATE
> Task :app:mergeReleaseJniLibFolders
> Task :app:buildKotlinToolingMetadata
> Task :app:checkKotlinGradlePluginConfigurationErrors SKIPPED
> Task :app:checkReleaseAarMetadata
> Task :app:processReleaseNavigationResources
> Task :app:compileReleaseNavigationResources
> Task :app:generateReleaseResValues
> Task :app:mapReleaseSourceSetPaths
> Task :app:generateReleaseResources
> Task :app:checkReleaseDuplicateClasses
> Task :app:packageReleaseResources
> Task :app:parseReleaseLocalResources
> Task :app:createReleaseCompatibleScreenManifests
> Task :app:extractDeepLinksRelease
> Task :app:processReleaseMainManifest
> Task :app:processReleaseManifest
> Task :app:javaPreCompileRelease
> Task :app:mergeReleaseStartupProfile
> Task :app:mergeReleaseShaders
> Task :app:compileReleaseShaders NO-SOURCE
> Task :app:generateReleaseAssets UP-TO-DATE
> Task :app:mergeReleaseAssets
> Task :app:mergeReleaseArtProfile
> Task :app:extractReleaseVersionControlInfo
> Task :app:processReleaseManifestForPackage
> Task :app:compressReleaseAssets
> Task :app:extractProguardFiles
> Task :app:desugarReleaseFileDependencies
> Task :app:mergeReleaseResources
> Task :core-terminal:compileKotlin
> Task :app:collectReleaseDependencies
> Task :core-terminal:compileJava NO-SOURCE
> Task :terminal:compileKotlin NO-SOURCE
> Task :terminal:compileJava NO-SOURCE
> Task :terminal:classes UP-TO-DATE
> Task :terminal:jar
> Task :core-terminal:classes UP-TO-DATE
> Task :core-terminal:jar

> Task :core-protocol:compileKotlin
w: file:///Volumes/nvme/Projects/%E8%BF%9C%E7%A8%8BAgent%E5%AE%89%E5%8D%93/.team/nodes/pi-compose-dev/worktree/app/core-protocol/src/main/java/dev/agentmirror/app/conn/Frames.kt:75:25 This declaration needs opt-in. Its usage should be marked with '@kotlinx.serialization.ExperimentalSerializationApi' or '@OptIn(kotlinx.serialization.ExperimentalSerializationApi::class)'
w: file:///Volumes/nvme/Projects/%E8%BF%9C%E7%A8%8BAgent%E5%AE%89%E5%8D%93/.team/nodes/pi-compose-dev/worktree/app/core-protocol/src/main/java/dev/agentmirror/app/conn/Frames.kt:79:48 This declaration needs opt-in. Its usage should be marked with '@kotlinx.serialization.ExperimentalSerializationApi' or '@OptIn(kotlinx.serialization.ExperimentalSerializationApi::class)'
w: file:///Volumes/nvme/Projects/%E8%BF%9C%E7%A8%8BAgent%E5%AE%89%E5%8D%93/.team/nodes/pi-compose-dev/worktree/app/core-protocol/src/main/java/dev/agentmirror/app/conn/Frames.kt:79:50 This declaration needs opt-in. Its usage should be marked with '@kotlinx.serialization.ExperimentalSerializationApi' or '@OptIn(kotlinx.serialization.ExperimentalSerializationApi::class)'

> Task :core-protocol:compileJava NO-SOURCE
> Task :core-protocol:classes UP-TO-DATE
> Task :core-protocol:jar
> Task :app:sdkReleaseDependencyData
> Task :app:validateSigningRelease
> Task :app:writeReleaseAppMetadata
> Task :app:writeReleaseSigningConfigVersions
> Task :app:processReleaseResources
> Task :app:optimizeReleaseResources
> Task :core-conn:compileKotlin
> Task :core-conn:compileJava NO-SOURCE
> Task :core-conn:classes UP-TO-DATE
> Task :core-conn:jar
> Task :app:mergeReleaseNativeLibs

> Task :app:stripReleaseDebugSymbols
Unable to strip the following libraries, packaging them as they are: libandroidx.graphics.path.so, libgojni.so, libimage_processing_util_jni.so, libsurface_util_jni.so. Run with --info option to learn more.

> Task :app:extractReleaseNativeSymbolTables
> Task :app:mergeReleaseNativeDebugMetadata NO-SOURCE
> Task :app:mergeExtDexRelease

> Task :app:compileReleaseKotlin
w: file:///Volumes/nvme/Projects/%E8%BF%9C%E7%A8%8BAgent%E5%AE%89%E5%8D%93/.team/nodes/pi-compose-dev/worktree/app/app/src/main/java/dev/agentmirror/app/MainActivity.kt:78:60 'static field SOFT_INPUT_ADJUST_RESIZE: Int' is deprecated. Deprecated in Java.
w: file:///Volumes/nvme/Projects/%E8%BF%9C%E7%A8%8BAgent%E5%AE%89%E5%8D%93/.team/nodes/pi-compose-dev/worktree/app/app/src/main/java/dev/agentmirror/app/diag/DiagLog.kt:227:17 Only safe (?.) or non-null asserted (!!.) calls are allowed on a nullable receiver of type 'SimpleDateFormat?'.
w: file:///Volumes/nvme/Projects/%E8%BF%9C%E7%A8%8BAgent%E5%AE%89%E5%8D%93/.team/nodes/pi-compose-dev/worktree/app/app/src/main/java/dev/agentmirror/app/diag/DiagLogViewScreen.kt:81:21 'val LocalClipboardManager: ProvidableCompositionLocal<ClipboardManager>' is deprecated. Use LocalClipboard instead which supports suspend functions.
w: file:///Volumes/nvme/Projects/%E8%BF%9C%E7%A8%8BAgent%E5%AE%89%E5%8D%93/.team/nodes/pi-compose-dev/worktree/app/app/src/main/java/dev/agentmirror/app/pairing/PairingScreen.kt:459:22 'fun Modifier.menuAnchor(): Modifier' is deprecated. Use overload that takes ExposedDropdownMenuAnchorType and enabled parameters.
w: file:///Volumes/nvme/Projects/%E8%BF%9C%E7%A8%8BAgent%E5%AE%89%E5%8D%93/.team/nodes/pi-compose-dev/worktree/app/app/src/main/java/dev/agentmirror/app/termview/TermSurfaceView.kt:869:60 'field scaledDensity: Float' is deprecated. Deprecated in Java.

> Task :app:compileReleaseJavaWithJavac NO-SOURCE
> Task :app:dexBuilderRelease
> Task :app:mergeReleaseGlobalSynthetics
> Task :app:generateReleaseLintVitalReportModel
> Task :app:processReleaseJavaRes
> Task :app:mergeReleaseJavaResource
> Task :app:mergeDexRelease
> Task :app:compileReleaseArtProfile
> Task :app:lintVitalAnalyzeRelease
> Task :app:lintVitalReportRelease
> Task :app:lintVitalRelease
> Task :app:packageRelease
> Task :app:createReleaseApkListingFileRedirect
> Task :app:assembleRelease

BUILD SUCCESSFUL in 18s
57 actionable tasks: 57 executed
exit=0
duration_seconds=18
