candidate=50e3798ce14d5b06bb600ec3f2e4262f332821ff
tree=5121a5ed7d926d3044c2ec5ec53566c584e0f4ad
app_tree=2fe7062f21030142327e081f59f04251a03749b9
server_tree=a6a7e63f4f906ce7034b5950ebaefbd59278388d
cwd=/Volumes/nvme/Projects/远程Agent安卓/.team/nodes/pi-compose-dev/worktree
started_utc=2026-09-01T13:49:56Z
command=cargo test --locked --manifest-path tools/nodeprobe/Cargo.toml -- --test-threads=1
    Finished `test` profile [unoptimized + debuginfo] target(s) in 0.24s
     Running unittests src/lib.rs (/Volumes/nvme/cargo-target/debug/deps/nodeprobe-9fc16c2382662042)

running 34 tests
test classify::tests::codex_plain_title_is_idle ... ok
test classify::tests::codex_spinner_frames_are_working ... ok
test classify::tests::codex_unknown_braille_is_unknown ... ok
test classify::tests::footer_grok_running_is_count_state_stays_idle ... ok
test classify::tests::footer_grok_vacuum_is_zero_not_constant_one ... ok
test classify::tests::footer_provider_without_rule_is_unknown_not_zero ... ok
test classify::tests::pi_identical_active_and_idle_labels_have_no_title_signal ... ok
test classify::tests::pi_observed_title_is_unknown_not_idle ... ok
test classify::tests::pi_unrecognized_glyph_remains_unknown ... ok
test classify::tests::unknown_title_state_is_not_idle ... ok
test pi_activity::tests::missing_and_multi_seat_are_fail_closed ... ok
test pi_activity::tests::old_and_unknown_channel_versions_fail_closed ... ok
test pi_activity::tests::stale_or_invalid_channel_never_becomes_idle ... ok
test pi_activity::tests::title_name_accepts_official_forms ... ok
test pi_activity::tests::title_name_rejects_spaced_hyphen_ambiguity ... ok
test pi_activity::tests::valid_working_and_idle_channel_records_are_normal ... ok
test proctree::tests::ps_invocation_is_narrow_fields_only ... ok
test proctree::tests::walk_hits_nested_codex_via_basename ... ok
test proctree::tests::walk_is_bounded_for_deep_process_graphs ... ok
test proctree::tests::walk_terminates_on_cycles_and_preserves_first_visit_order ... ok
test providers::tests::empty_provider_corpus_is_unavailable ... ok
test providers::tests::malformed_provider_rows_fail_closed ... ok
test providers::tests::provider_corpus_load_failures_are_structured ... ok
test providers::tests::provider_corpus_parity_with_go ... ok
test providers::tests::six_rows_and_basename ... ok
test tests::corpus_rejects_missing_kind ... ok
test tests::error_report_is_versioned_and_explicit ... ok
test tests::fixture_runs_are_repeatable_and_provider_is_separate ... ok
test tests::fixtures_corpus ... ok
test tests::malformed_corpus_kind_is_not_ignored ... ok
test tests::missing_socket_is_not_empty_success ... ok
test tests::pi_channel_evidence_matches_authoritative_activity_and_health ... ok
test tests::pi_session_name_merge_requires_agreement_or_single_authority ... ok
test tests::pi_unsupported_activity_is_explicit_in_evidence ... ok

test result: ok. 34 passed; 0 failed; 0 ignored; 0 measured; 0 filtered out; finished in 0.05s

     Running unittests src/main.rs (/Volumes/nvme/cargo-target/debug/deps/nodeprobe-1f093f487b9ef972)

running 0 tests

test result: ok. 0 passed; 0 failed; 0 ignored; 0 measured; 0 filtered out; finished in 0.00s

     Running tests/fake_tmux.rs (/Volumes/nvme/cargo-target/debug/deps/fake_tmux-d6d6daf03c1e8238)

running 1 test
test fake_tmux_inventory_is_read_only_and_unknown_is_explicit ... ok

test result: ok. 1 passed; 0 failed; 0 ignored; 0 measured; 0 filtered out; finished in 0.47s

   Doc-tests nodeprobe

running 0 tests

test result: ok. 0 passed; 0 failed; 0 ignored; 0 measured; 0 filtered out; finished in 0.00s

exit=0
duration_seconds=16
