2026-08-20T16:05:53.619 [lifecycle] ON_CREATE
2026-08-20T16:05:53.723 [ws] conn state STOPPED → CONNECTING
2026-08-20T16:05:53.761 [lifecycle] ON_START
2026-08-20T16:05:53.771 [ws] conn state CONNECTING → AUTHENTICATING
2026-08-20T16:05:53.812 [ws] conn state AUTHENTICATING → READY
2026-08-20T16:05:54.638 [refresh] enterLevel1 list cached=0 first_frame=missing refreshing_prev=false → refresh()
2026-08-20T16:05:54.638 [refresh] refresh() refreshing_prev=false refreshing_next=true cached=0
2026-08-20T16:05:54.794 [refresh] applyListing seq=1291 workspaces=6 refreshing_prev=true refreshing_next=false
2026-08-20T16:05:55.586 [refresh] applyListing seq=1291 workspaces=6 refreshing_prev=false refreshing_next=false
2026-08-20T16:05:56.415 [refresh] applyListing seq=1291 workspaces=6 refreshing_prev=false refreshing_next=false
2026-08-20T16:05:57.253 [refresh] applyListing seq=1291 workspaces=6 refreshing_prev=false refreshing_next=false
2026-08-20T16:06:04.122 [refresh] enterLevel2 subscribe cwd=/Users/alauda/Documents/code/agent前沿探索/多agent协作 painted=0 cached=0
2026-08-20T16:06:04.140 [refresh] refresh() refreshing_prev=false refreshing_next=true cached=6
2026-08-20T16:06:04.976 [level2] applyLevel2 src=level2-push workspace=/Users/alauda/Documents/code/agent前沿探索/多agent协作 seq=6741 subscribed=/Users/alauda/Documents/code/agent前沿探索/多agent协作 incoming=6 publish=true statuses=x-501/ta-a9fd5b7defbd%0:<none>->idle,x-501/ta-a9fd5b7defbd%1:<none>->idle,x-501/ta-a9fd5b7defbd%2:<none>->idle,-501/ta-a9fd5b7defbd%19:<none>->idle,x-501/ta-a9fd5b7defbd%5:<none>->idle,-501/ta-a9fd5b7defbd%20:<none>->idle
2026-08-20T16:06:05.789 [refresh] applyListing seq=1293 workspaces=6 refreshing_prev=false refreshing_next=false
2026-08-20T16:06:07.806 [view-menu] viewMenuSource current_ref=/tmp/tmux-501/ta-a9fd5b7defbd%0 current_ws=/Users/alauda/Documents/code/agent前沿探索/多agent协作 current_socket=/tmp/tmux-501/ta-a9fd5b7defbd overlay_ws=/Users/alauda/Documents/code/agent前沿探索/多agent协作 overlay_socket=/tmp/tmux-501/ta-a9fd5b7defbd last_published_ws=/Users/alauda/Documents/code/agent前沿探索/多agent协作 sessions=6 source_match=true singleton_mismatch=false
2026-08-20T16:06:07.868 [term-bg-remap] source=theme-chrome night=true defaultBg=0xff0a1120 ansi0=0xff16203a userBlock=0xff10241f paperLuma=16 ansi0Luma=31 blockLuma=29 verdict=paper_ne_ansi0
2026-08-20T16:06:07.876 [viewport] source=windowVisibility visibility=0 width=0 height=0
2026-08-20T16:06:07.898 [view-menu] viewMenuSource current_ref=/tmp/tmux-501/ta-a9fd5b7defbd%0 current_ws=/Users/alauda/Documents/code/agent前沿探索/多agent协作 current_socket=/tmp/tmux-501/ta-a9fd5b7defbd overlay_ws=/Users/alauda/Documents/code/agent前沿探索/多agent协作 overlay_socket=/tmp/tmux-501/ta-a9fd5b7defbd last_published_ws=/Users/alauda/Documents/code/agent前沿探索/多agent协作 sessions=6 source_match=true singleton_mismatch=false
2026-08-20T16:06:07.899 [session-live] enterSessionLive src=session-route ref=/tmp/tmux-501/ta-a9fd5b7defbd%0 resolved_ws=/Users/alauda/Documents/code/agent前沿探索/多agent协作 hint_ws=/Users/alauda/Documents/code/agent前沿探索/多agent协作 use_ws=/Users/alauda/Documents/code/agent前沿探索/多agent协作 subscribed=/Users/alauda/Documents/code/agent前沿探索/多agent协作 already=true cache_sessions=6 will_subscribe=false
2026-08-20T16:06:07.944 [viewport] source=onViewportSizeChanged oldW=0 oldH=0 newW=1205 newH=2144 viewportSeeded=false emulatorRows=40 emulatorCols=120
2026-08-20T16:06:07.945 [reflow] resize sent rows=47 cols=52 reason=user ok=true bookkept_rows=47 bookkept_cols=52
2026-08-20T16:06:07.947 [grid] viewport_width_px=1205 cell_width_nominal=23 cell_width_measured=23 reported_cols=52 canvas_capacity_cols=52 overflow_px=0 half_cell_px=11.5
2026-08-20T16:06:07.950 [viewport] source=onViewportSizeChanged result resized=true outgrewGuard=false candidateRows=47 candidateCols=52 emulatorRows=47 emulatorCols=52
2026-08-20T16:06:07.957 [term-left-edge] source=onDraw contentLeft=17 col0Origin=17 cellW=23 viewW=1238 verdict=OK ×6
2026-08-20T16:06:08.021 [session-lamp] src=level2-push ref=/tmp/tmux-501/ta-a9fd5b7defbd%0 overlay_n=6 hit=true hit_status=idle hit_ref=/tmp/tmux-501/ta-a9fd5b7defbd%0 lamp=Idle eq_ref=true
2026-08-20T16:06:08.030 [reflow] frame cols=52 render cols=52 bookkept_rows=47 emulator_rows=47
2026-08-20T16:06:10.678 [level2] applyLevel2 src=level2-push workspace=/Users/alauda/Documents/code/agent前沿探索/多agent协作 seq=6742 subscribed=/Users/alauda/Documents/code/agent前沿探索/多agent协作 incoming=6 publish=true statuses=x-501/ta-a9fd5b7defbd%0:idle->idle,x-501/ta-a9fd5b7defbd%1:idle->idle,x-501/ta-a9fd5b7defbd%2:idle->idle,-501/ta-a9fd5b7defbd%19:idle->idle,x-501/ta-a9fd5b7defbd%5:idle->idle,-501/ta-a9fd5b7defbd%20:idle->idle
2026-08-20T16:06:10.681 [view-menu] viewMenuSource current_ref=/tmp/tmux-501/ta-a9fd5b7defbd%0 current_ws=/Users/alauda/Documents/code/agent前沿探索/多agent协作 current_socket=/tmp/tmux-501/ta-a9fd5b7defbd overlay_ws=/Users/alauda/Documents/code/agent前沿探索/多agent协作 overlay_socket=/tmp/tmux-501/ta-a9fd5b7defbd last_published_ws=/Users/alauda/Documents/code/agent前沿探索/多agent协作 sessions=6 source_match=true singleton_mismatch=false
2026-08-20T16:06:10.684 [view-menu] viewMenuSource current_ref=/tmp/tmux-501/ta-a9fd5b7defbd%0 current_ws=/Users/alauda/Documents/code/agent前沿探索/多agent协作 current_socket=/tmp/tmux-501/ta-a9fd5b7defbd overlay_ws=/Users/alauda/Documents/code/agent前沿探索/多agent协作 overlay_socket=/tmp/tmux-501/ta-a9fd5b7defbd last_published_ws=/Users/alauda/Documents/code/agent前沿探索/多agent协作 sessions=6 source_match=true singleton_mismatch=false
2026-08-20T16:06:10.684 [session-live] enterSessionLive src=session-route ref=/tmp/tmux-501/ta-a9fd5b7defbd%0 resolved_ws=/Users/alauda/Documents/code/agent前沿探索/多agent协作 hint_ws=/Users/alauda/Documents/code/agent前沿探索/多agent协作 use_ws=/Users/alauda/Documents/code/agent前沿探索/多agent协作 subscribed=/Users/alauda/Documents/code/agent前沿探索/多agent协作 already=true cache_sessions=6 will_subscribe=false
2026-08-20T16:06:10.684 [session-lamp] src=level2-push ref=/tmp/tmux-501/ta-a9fd5b7defbd%0 overlay_n=6 hit=true hit_status=idle hit_ref=/tmp/tmux-501/ta-a9fd5b7defbd%0 lamp=Idle eq_ref=true
2026-08-20T16:06:14.487 [level2] applyLevel2 src=level2-push workspace=/Users/alauda/Documents/code/agent前沿探索/多agent协作 seq=6745 subscribed=/Users/alauda/Documents/code/agent前沿探索/多agent协作 incoming=6 publish=true statuses=x-501/ta-a9fd5b7defbd%0:idle->idle,x-501/ta-a9fd5b7defbd%1:idle->idle,x-501/ta-a9fd5b7defbd%2:idle->idle,-501/ta-a9fd5b7defbd%19:idle->idle,x-501/ta-a9fd5b7defbd%5:idle->idle,-501/ta-a9fd5b7defbd%20:idle->idle
2026-08-20T16:06:14.498 [view-menu] viewMenuSource current_ref=/tmp/tmux-501/ta-a9fd5b7defbd%0 current_ws=/Users/alauda/Documents/code/agent前沿探索/多agent协作 current_socket=/tmp/tmux-501/ta-a9fd5b7defbd overlay_ws=/Users/alauda/Documents/code/agent前沿探索/多agent协作 overlay_socket=/tmp/tmux-501/ta-a9fd5b7defbd last_published_ws=/Users/alauda/Documents/code/agent前沿探索/多agent协作 sessions=6 source_match=true singleton_mismatch=false
2026-08-20T16:06:14.499 [view-menu] viewMenuSource current_ref=/tmp/tmux-501/ta-a9fd5b7defbd%0 current_ws=/Users/alauda/Documents/code/agent前沿探索/多agent协作 current_socket=/tmp/tmux-501/ta-a9fd5b7defbd overlay_ws=/Users/alauda/Documents/code/agent前沿探索/多agent协作 overlay_socket=/tmp/tmux-501/ta-a9fd5b7defbd last_published_ws=/Users/alauda/Documents/code/agent前沿探索/多agent协作 sessions=6 source_match=true singleton_mismatch=false
2026-08-20T16:06:14.499 [session-live] enterSessionLive src=session-route ref=/tmp/tmux-501/ta-a9fd5b7defbd%0 resolved_ws=/Users/alauda/Documents/code/agent前沿探索/多agent协作 hint_ws=/Users/alauda/Documents/code/agent前沿探索/多agent协作 use_ws=/Users/alauda/Documents/code/agent前沿探索/多agent协作 subscribed=/Users/alauda/Documents/code/agent前沿探索/多agent协作 already=true cache_sessions=6 will_subscribe=false
2026-08-20T16:06:14.499 [session-lamp] src=level2-push ref=/tmp/tmux-501/ta-a9fd5b7defbd%0 overlay_n=6 hit=true hit_status=idle hit_ref=/tmp/tmux-501/ta-a9fd5b7defbd%0 lamp=Idle eq_ref=true
2026-08-20T16:06:16.200 [level2] applyLevel2 src=level2-push workspace=/Users/alauda/Documents/code/agent前沿探索/多agent协作 seq=6747 subscribed=/Users/alauda/Documents/code/agent前沿探索/多agent协作 incoming=6 publish=true statuses=x-501/ta-a9fd5b7defbd%0:idle->idle,x-501/ta-a9fd5b7defbd%1:idle->idle,x-501/ta-a9fd5b7defbd%2:idle->idle,-501/ta-a9fd5b7defbd%19:idle->idle,x-501/ta-a9fd5b7defbd%5:idle->idle,-501/ta-a9fd5b7defbd%20:idle->idle
2026-08-20T16:06:16.214 [view-menu] viewMenuSource current_ref=/tmp/tmux-501/ta-a9fd5b7defbd%0 current_ws=/Users/alauda/Documents/code/agent前沿探索/多agent协作 current_socket=/tmp/tmux-501/ta-a9fd5b7defbd overlay_ws=/Users/alauda/Documents/code/agent前沿探索/多agent协作 overlay_socket=/tmp/tmux-501/ta-a9fd5b7defbd last_published_ws=/Users/alauda/Documents/code/agent前沿探索/多agent协作 sessions=6 source_match=true singleton_mismatch=false
2026-08-20T16:06:16.215 [view-menu] viewMenuSource current_ref=/tmp/tmux-501/ta-a9fd5b7defbd%0 current_ws=/Users/alauda/Documents/code/agent前沿探索/多agent协作 current_socket=/tmp/tmux-501/ta-a9fd5b7defbd overlay_ws=/Users/alauda/Documents/code/agent前沿探索/多agent协作 overlay_socket=/tmp/tmux-501/ta-a9fd5b7defbd last_published_ws=/Users/alauda/Documents/code/agent前沿探索/多agent协作 sessions=6 source_match=true singleton_mismatch=false
2026-08-20T16:06:16.215 [session-live] enterSessionLive src=session-route ref=/tmp/tmux-501/ta-a9fd5b7defbd%0 resolved_ws=/Users/alauda/Documents/code/agent前沿探索/多agent协作 hint_ws=/Users/alauda/Documents/code/agent前沿探索/多agent协作 use_ws=/Users/alauda/Documents/code/agent前沿探索/多agent协作 subscribed=/Users/alauda/Documents/code/agent前沿探索/多agent协作 already=true cache_sessions=6 will_subscribe=false
2026-08-20T16:06:16.215 [session-lamp] src=level2-push ref=/tmp/tmux-501/ta-a9fd5b7defbd%0 overlay_n=6 hit=true hit_status=idle hit_ref=/tmp/tmux-501/ta-a9fd5b7defbd%0 lamp=Idle eq_ref=true
2026-08-20T16:06:21.937 [level2] applyLevel2 src=level2-push workspace=/Users/alauda/Documents/code/agent前沿探索/多agent协作 seq=6751 subscribed=/Users/alauda/Documents/code/agent前沿探索/多agent协作 incoming=6 publish=true statuses=x-501/ta-a9fd5b7defbd%0:idle->idle,x-501/ta-a9fd5b7defbd%1:idle->idle,x-501/ta-a9fd5b7defbd%2:idle->idle,-501/ta-a9fd5b7defbd%19:idle->idle,x-501/ta-a9fd5b7defbd%5:idle->idle,-501/ta-a9fd5b7defbd%20:idle->idle
2026-08-20T16:06:21.948 [view-menu] viewMenuSource current_ref=/tmp/tmux-501/ta-a9fd5b7defbd%0 current_ws=/Users/alauda/Documents/code/agent前沿探索/多agent协作 current_socket=/tmp/tmux-501/ta-a9fd5b7defbd overlay_ws=/Users/alauda/Documents/code/agent前沿探索/多agent协作 overlay_socket=/tmp/tmux-501/ta-a9fd5b7defbd last_published_ws=/Users/alauda/Documents/code/agent前沿探索/多agent协作 sessions=6 source_match=true singleton_mismatch=false
2026-08-20T16:06:21.949 [view-menu] viewMenuSource current_ref=/tmp/tmux-501/ta-a9fd5b7defbd%0 current_ws=/Users/alauda/Documents/code/agent前沿探索/多agent协作 current_socket=/tmp/tmux-501/ta-a9fd5b7defbd overlay_ws=/Users/alauda/Documents/code/agent前沿探索/多agent协作 overlay_socket=/tmp/tmux-501/ta-a9fd5b7defbd last_published_ws=/Users/alauda/Documents/code/agent前沿探索/多agent协作 sessions=6 source_match=true singleton_mismatch=false
2026-08-20T16:06:21.949 [session-live] enterSessionLive src=session-route ref=/tmp/tmux-501/ta-a9fd5b7defbd%0 resolved_ws=/Users/alauda/Documents/code/agent前沿探索/多agent协作 hint_ws=/Users/alauda/Documents/code/agent前沿探索/多agent协作 use_ws=/Users/alauda/Documents/code/agent前沿探索/多agent协作 subscribed=/Users/alauda/Documents/code/agent前沿探索/多agent协作 already=true cache_sessions=6 will_subscribe=false
2026-08-20T16:06:21.950 [session-lamp] src=level2-push ref=/tmp/tmux-501/ta-a9fd5b7defbd%0 overlay_n=6 hit=true hit_status=idle hit_ref=/tmp/tmux-501/ta-a9fd5b7defbd%0 lamp=Idle eq_ref=true
2026-08-20T16:06:26.655 [refresh] applyListing seq=1293 workspaces=6 refreshing_prev=false refreshing_next=false
2026-08-20T16:06:26.678 [refresh] enterLevel2 subscribe cwd=/Users/alauda/Documents/code/agent前沿探索/多agent协作 painted=6 cached=6
2026-08-20T16:06:26.694 [level2] applyLevel2 src=level2-push workspace=/Users/alauda/Documents/code/agent前沿探索/多agent协作 seq=6753 subscribed=/Users/alauda/Documents/code/agent前沿探索/多agent协作 incoming=6 publish=true statuses=x-501/ta-a9fd5b7defbd%0:idle->idle,x-501/ta-a9fd5b7defbd%1:idle->idle,x-501/ta-a9fd5b7defbd%2:idle->idle,-501/ta-a9fd5b7defbd%19:idle->idle,x-501/ta-a9fd5b7defbd%5:idle->idle,-501/ta-a9fd5b7defbd%20:idle->idle
2026-08-20T16:06:26.724 [refresh] refresh() refreshing_prev=false refreshing_next=true cached=6
2026-08-20T16:06:26.733 [view-menu] viewMenuSource current_ref=/tmp/tmux-501/ta-a9fd5b7defbd%0 current_ws=/Users/alauda/Documents/code/agent前沿探索/多agent协作 current_socket=/tmp/tmux-501/ta-a9fd5b7defbd overlay_ws=/Users/alauda/Documents/code/agent前沿探索/多agent协作 overlay_socket=/tmp/tmux-501/ta-a9fd5b7defbd last_published_ws=/Users/alauda/Documents/code/agent前沿探索/多agent协作 sessions=6 source_match=true singleton_mismatch=false
2026-08-20T16:06:26.743 [view-menu] viewMenuSource current_ref=/tmp/tmux-501/ta-a9fd5b7defbd%0 current_ws=/Users/alauda/Documents/code/agent前沿探索/多agent协作 current_socket=/tmp/tmux-501/ta-a9fd5b7defbd overlay_ws=/Users/alauda/Documents/code/agent前沿探索/多agent协作 overlay_socket=/tmp/tmux-501/ta-a9fd5b7defbd last_published_ws=/Users/alauda/Documents/code/agent前沿探索/多agent协作 sessions=6 source_match=true singleton_mismatch=false
2026-08-20T16:06:26.744 [session-live] enterSessionLive src=session-route ref=/tmp/tmux-501/ta-a9fd5b7defbd%0 resolved_ws=/Users/alauda/Documents/code/agent前沿探索/多agent协作 hint_ws=/Users/alauda/Documents/code/agent前沿探索/多agent协作 use_ws=/Users/alauda/Documents/code/agent前沿探索/多agent协作 subscribed=/Users/alauda/Documents/code/agent前沿探索/多agent协作 already=true cache_sessions=6 will_subscribe=false
2026-08-20T16:06:26.989 [viewport] source=windowVisibility visibility=8 width=1238 height=2144
2026-08-20T16:06:27.570 [level2] applyLevel2 src=level2-push workspace=/Users/alauda/Documents/code/agent前沿探索/多agent协作 seq=6754 subscribed=/Users/alauda/Documents/code/agent前沿探索/多agent协作 incoming=6 publish=true statuses=x-501/ta-a9fd5b7defbd%0:idle->idle,x-501/ta-a9fd5b7defbd%1:idle->idle,x-501/ta-a9fd5b7defbd%2:idle->idle,-501/ta-a9fd5b7defbd%19:idle->idle,x-501/ta-a9fd5b7defbd%5:idle->idle,-501/ta-a9fd5b7defbd%20:idle->idle
2026-08-20T16:06:29.325 [refresh] applyListing seq=1297 workspaces=6 refreshing_prev=false refreshing_next=false
