candidate=dce90469fbfb767bc2a3d2fe1afedc94fda41587
tree=576a2b0e33fea860b11b01f41686fc3f8b98ef87
app_tree=9e8301f64b377505dbb16f2a82ff4457f978e38b
started_utc=2026-09-01T13:02:03Z
java=openjdk version "17.0.19" 2026-04-21
ANDROID_HOME=/Users/alauda/Library/Android/sdk
command=./gradlew :core-protocol:test :app:testDebugUnitTest --rerun-tasks --no-build-cache
> Task :core-protocol:checkKotlinGradlePluginConfigurationErrors SKIPPED
> Task :core-protocol:processResources NO-SOURCE
> Task :core-protocol:processTestResources NO-SOURCE
> Task :core-terminal:checkKotlinGradlePluginConfigurationErrors SKIPPED
> Task :terminal:checkKotlinGradlePluginConfigurationErrors SKIPPED
> Task :terminal:processResources NO-SOURCE
> Task :core-terminal:processResources NO-SOURCE
> Task :core-conn:checkKotlinGradlePluginConfigurationErrors SKIPPED
> Task :core-conn:processResources NO-SOURCE
> Task :app:checkKotlinGradlePluginConfigurationErrors SKIPPED
> Task :app:preBuild UP-TO-DATE
> Task :app:preDebugBuild UP-TO-DATE
> Task :app:checkDebugAarMetadata
> Task :app:processDebugNavigationResources
> Task :app:compileDebugNavigationResources
> Task :app:generateDebugResValues
> Task :app:mapDebugSourceSetPaths
> Task :app:generateDebugResources
> Task :app:packageDebugResources
> Task :core-terminal:compileKotlin
> Task :core-terminal:compileJava NO-SOURCE
> Task :terminal:compileKotlin NO-SOURCE
> Task :terminal:compileJava NO-SOURCE
> Task :terminal:classes UP-TO-DATE
> Task :terminal:jar
> Task :core-terminal:classes UP-TO-DATE
> Task :app:mergeDebugResources
> Task :core-terminal:jar
> Task :app:createDebugCompatibleScreenManifests
> Task :app:parseDebugLocalResources
> Task :app:extractDeepLinksDebug

> Task :core-protocol:compileKotlin
w: file:///Volumes/nvme/Projects/%E8%BF%9C%E7%A8%8BAgent%E5%AE%89%E5%8D%93/.team/nodes/pi-compose-dev/worktree/app/core-protocol/src/main/java/dev/agentmirror/app/conn/Frames.kt:75:25 This declaration needs opt-in. Its usage should be marked with '@kotlinx.serialization.ExperimentalSerializationApi' or '@OptIn(kotlinx.serialization.ExperimentalSerializationApi::class)'
w: file:///Volumes/nvme/Projects/%E8%BF%9C%E7%A8%8BAgent%E5%AE%89%E5%8D%93/.team/nodes/pi-compose-dev/worktree/app/core-protocol/src/main/java/dev/agentmirror/app/conn/Frames.kt:79:48 This declaration needs opt-in. Its usage should be marked with '@kotlinx.serialization.ExperimentalSerializationApi' or '@OptIn(kotlinx.serialization.ExperimentalSerializationApi::class)'
w: file:///Volumes/nvme/Projects/%E8%BF%9C%E7%A8%8BAgent%E5%AE%89%E5%8D%93/.team/nodes/pi-compose-dev/worktree/app/core-protocol/src/main/java/dev/agentmirror/app/conn/Frames.kt:79:50 This declaration needs opt-in. Its usage should be marked with '@kotlinx.serialization.ExperimentalSerializationApi' or '@OptIn(kotlinx.serialization.ExperimentalSerializationApi::class)'

> Task :app:processDebugMainManifest
> Task :core-protocol:compileJava NO-SOURCE
> Task :core-protocol:classes UP-TO-DATE
> Task :core-protocol:jar
> Task :app:processDebugManifest
> Task :app:processDebugManifestForPackage
> Task :app:javaPreCompileDebug
> Task :app:preDebugUnitTestBuild UP-TO-DATE
> Task :app:javaPreCompileDebugUnitTest
> Task :app:mergeDebugShaders
> Task :app:compileDebugShaders NO-SOURCE
> Task :app:generateDebugAssets UP-TO-DATE
> Task :app:mergeDebugAssets
> Task :app:processDebugUnitTestManifest
> Task :app:preReleaseBuild UP-TO-DATE
> Task :app:createReleaseCompatibleScreenManifests
> Task :app:generateReleaseResValues
> Task :app:extractDeepLinksRelease
> Task :app:processReleaseMainManifest
> Task :app:processReleaseManifest
> Task :core-protocol:compileTestKotlin
> Task :core-protocol:compileTestJava NO-SOURCE
> Task :core-protocol:testClasses UP-TO-DATE
> Task :core-conn:compileKotlin
> Task :app:processDebugResources
> Task :core-protocol:test
> Task :core-conn:compileJava NO-SOURCE
> Task :core-conn:classes UP-TO-DATE
> Task :core-conn:jar
> Task :app:packageDebugUnitTestForUnitTest
> Task :app:generateDebugUnitTestConfig

> Task :app:compileDebugKotlin
w: file:///Volumes/nvme/Projects/%E8%BF%9C%E7%A8%8BAgent%E5%AE%89%E5%8D%93/.team/nodes/pi-compose-dev/worktree/app/app/src/debug/java/dev/agentmirror/app/SessionUiAcceptanceActivity.kt:60:27 The corresponding parameter in the supertype 'ComponentActivity' is named 'savedInstanceState'. This may cause problems when calling this function with named arguments.
w: file:///Volumes/nvme/Projects/%E8%BF%9C%E7%A8%8BAgent%E5%AE%89%E5%8D%93/.team/nodes/pi-compose-dev/worktree/app/app/src/debug/java/dev/agentmirror/app/SessionUiAcceptanceActivity.kt:62:60 'static field SOFT_INPUT_ADJUST_RESIZE: Int' is deprecated. Deprecated in Java.
w: file:///Volumes/nvme/Projects/%E8%BF%9C%E7%A8%8BAgent%E5%AE%89%E5%8D%93/.team/nodes/pi-compose-dev/worktree/app/app/src/main/java/dev/agentmirror/app/MainActivity.kt:78:60 'static field SOFT_INPUT_ADJUST_RESIZE: Int' is deprecated. Deprecated in Java.
w: file:///Volumes/nvme/Projects/%E8%BF%9C%E7%A8%8BAgent%E5%AE%89%E5%8D%93/.team/nodes/pi-compose-dev/worktree/app/app/src/main/java/dev/agentmirror/app/diag/DiagLog.kt:227:17 Only safe (?.) or non-null asserted (!!.) calls are allowed on a nullable receiver of type 'SimpleDateFormat?'.
w: file:///Volumes/nvme/Projects/%E8%BF%9C%E7%A8%8BAgent%E5%AE%89%E5%8D%93/.team/nodes/pi-compose-dev/worktree/app/app/src/main/java/dev/agentmirror/app/diag/DiagLogViewScreen.kt:81:21 'val LocalClipboardManager: ProvidableCompositionLocal<ClipboardManager>' is deprecated. Use LocalClipboard instead which supports suspend functions.
w: file:///Volumes/nvme/Projects/%E8%BF%9C%E7%A8%8BAgent%E5%AE%89%E5%8D%93/.team/nodes/pi-compose-dev/worktree/app/app/src/main/java/dev/agentmirror/app/pairing/PairingScreen.kt:459:22 'fun Modifier.menuAnchor(): Modifier' is deprecated. Use overload that takes ExposedDropdownMenuAnchorType and enabled parameters.
w: file:///Volumes/nvme/Projects/%E8%BF%9C%E7%A8%8BAgent%E5%AE%89%E5%8D%93/.team/nodes/pi-compose-dev/worktree/app/app/src/main/java/dev/agentmirror/app/termview/TermSurfaceView.kt:869:60 'field scaledDensity: Float' is deprecated. Deprecated in Java.

> Task :app:compileDebugJavaWithJavac NO-SOURCE
> Task :app:processDebugJavaRes
> Task :app:bundleDebugClassesToRuntimeJar
> Task :app:bundleDebugClassesToCompileJar

> Task :app:compileDebugUnitTestKotlin
w: file:///Volumes/nvme/Projects/%E8%BF%9C%E7%A8%8BAgent%E5%AE%89%E5%8D%93/.team/nodes/pi-compose-dev/worktree/app/app/src/test/java/dev/agentmirror/app/PairingUxTest.kt:46:19 'fun createComposeRule(effectContext: CoroutineContext = ...): ComposeContentTestRule' is deprecated. Use `androidx.compose.ui.test.junit4.v2.createComposeRule` instead. The v2 APIs use StandardTestDispatcher instead of UnconfinedTestDispatcher, which aligns with standard coroutine behavior by queuing tasks rather than executing them immediately. Tests relying on immediate execution may require explicit synchronization. Please refer to the migration guide for more details.
w: file:///Volumes/nvme/Projects/%E8%BF%9C%E7%A8%8BAgent%E5%AE%89%E5%8D%93/.team/nodes/pi-compose-dev/worktree/app/app/src/test/java/dev/agentmirror/app/pairing/CameraPermissionCardTest.kt:38:19 'fun createComposeRule(effectContext: CoroutineContext = ...): ComposeContentTestRule' is deprecated. Use `androidx.compose.ui.test.junit4.v2.createComposeRule` instead. The v2 APIs use StandardTestDispatcher instead of UnconfinedTestDispatcher, which aligns with standard coroutine behavior by queuing tasks rather than executing them immediately. Tests relying on immediate execution may require explicit synchronization. Please refer to the migration guide for more details.
w: file:///Volumes/nvme/Projects/%E8%BF%9C%E7%A8%8BAgent%E5%AE%89%E5%8D%93/.team/nodes/pi-compose-dev/worktree/app/app/src/test/java/dev/agentmirror/app/pairing/PairingScreenClockPumpTest.kt:71:19 'fun createComposeRule(effectContext: CoroutineContext = ...): ComposeContentTestRule' is deprecated. Use `androidx.compose.ui.test.junit4.v2.createComposeRule` instead. The v2 APIs use StandardTestDispatcher instead of UnconfinedTestDispatcher, which aligns with standard coroutine behavior by queuing tasks rather than executing them immediately. Tests relying on immediate execution may require explicit synchronization. Please refer to the migration guide for more details.
w: file:///Volumes/nvme/Projects/%E8%BF%9C%E7%A8%8BAgent%E5%AE%89%E5%8D%93/.team/nodes/pi-compose-dev/worktree/app/app/src/test/java/dev/agentmirror/app/service/OnScreenFallbackPumpTest.kt:64:19 'fun createComposeRule(effectContext: CoroutineContext = ...): ComposeContentTestRule' is deprecated. Use `androidx.compose.ui.test.junit4.v2.createComposeRule` instead. The v2 APIs use StandardTestDispatcher instead of UnconfinedTestDispatcher, which aligns with standard coroutine behavior by queuing tasks rather than executing them immediately. Tests relying on immediate execution may require explicit synchronization. Please refer to the migration guide for more details.
w: file:///Volumes/nvme/Projects/%E8%BF%9C%E7%A8%8BAgent%E5%AE%89%E5%8D%93/.team/nodes/pi-compose-dev/worktree/app/app/src/test/java/dev/agentmirror/app/session/AttachmentButtonTest.kt:39:19 'fun createComposeRule(effectContext: CoroutineContext = ...): ComposeContentTestRule' is deprecated. Use `androidx.compose.ui.test.junit4.v2.createComposeRule` instead. The v2 APIs use StandardTestDispatcher instead of UnconfinedTestDispatcher, which aligns with standard coroutine behavior by queuing tasks rather than executing them immediately. Tests relying on immediate execution may require explicit synchronization. Please refer to the migration guide for more details.
w: file:///Volumes/nvme/Projects/%E8%BF%9C%E7%A8%8BAgent%E5%AE%89%E5%8D%93/.team/nodes/pi-compose-dev/worktree/app/app/src/test/java/dev/agentmirror/app/session/KeyBarFitTest.kt:51:19 'fun createComposeRule(effectContext: CoroutineContext = ...): ComposeContentTestRule' is deprecated. Use `androidx.compose.ui.test.junit4.v2.createComposeRule` instead. The v2 APIs use StandardTestDispatcher instead of UnconfinedTestDispatcher, which aligns with standard coroutine behavior by queuing tasks rather than executing them immediately. Tests relying on immediate execution may require explicit synchronization. Please refer to the migration guide for more details.
w: file:///Volumes/nvme/Projects/%E8%BF%9C%E7%A8%8BAgent%E5%AE%89%E5%8D%93/.team/nodes/pi-compose-dev/worktree/app/app/src/test/java/dev/agentmirror/app/session/KeyBarOrderTest.kt:47:19 'fun createComposeRule(effectContext: CoroutineContext = ...): ComposeContentTestRule' is deprecated. Use `androidx.compose.ui.test.junit4.v2.createComposeRule` instead. The v2 APIs use StandardTestDispatcher instead of UnconfinedTestDispatcher, which aligns with standard coroutine behavior by queuing tasks rather than executing them immediately. Tests relying on immediate execution may require explicit synchronization. Please refer to the migration guide for more details.
w: file:///Volumes/nvme/Projects/%E8%BF%9C%E7%A8%8BAgent%E5%AE%89%E5%8D%93/.team/nodes/pi-compose-dev/worktree/app/app/src/test/kotlin/dev/agentmirror/app/BottomTabsTest.kt:48:19 'fun createComposeRule(effectContext: CoroutineContext = ...): ComposeContentTestRule' is deprecated. Use `androidx.compose.ui.test.junit4.v2.createComposeRule` instead. The v2 APIs use StandardTestDispatcher instead of UnconfinedTestDispatcher, which aligns with standard coroutine behavior by queuing tasks rather than executing them immediately. Tests relying on immediate execution may require explicit synchronization. Please refer to the migration guide for more details.
w: file:///Volumes/nvme/Projects/%E8%BF%9C%E7%A8%8BAgent%E5%AE%89%E5%8D%93/.team/nodes/pi-compose-dev/worktree/app/app/src/test/kotlin/dev/agentmirror/app/TabScrollTest.kt:63:19 'fun createComposeRule(effectContext: CoroutineContext = ...): ComposeContentTestRule' is deprecated. Use `androidx.compose.ui.test.junit4.v2.createComposeRule` instead. The v2 APIs use StandardTestDispatcher instead of UnconfinedTestDispatcher, which aligns with standard coroutine behavior by queuing tasks rather than executing them immediately. Tests relying on immediate execution may require explicit synchronization. Please refer to the migration guide for more details.
w: file:///Volumes/nvme/Projects/%E8%BF%9C%E7%A8%8BAgent%E5%AE%89%E5%8D%93/.team/nodes/pi-compose-dev/worktree/app/app/src/test/kotlin/dev/agentmirror/app/TestThreePane.kt:46:19 'fun createComposeRule(effectContext: CoroutineContext = ...): ComposeContentTestRule' is deprecated. Use `androidx.compose.ui.test.junit4.v2.createComposeRule` instead. The v2 APIs use StandardTestDispatcher instead of UnconfinedTestDispatcher, which aligns with standard coroutine behavior by queuing tasks rather than executing them immediately. Tests relying on immediate execution may require explicit synchronization. Please refer to the migration guide for more details.
w: file:///Volumes/nvme/Projects/%E8%BF%9C%E7%A8%8BAgent%E5%AE%89%E5%8D%93/.team/nodes/pi-compose-dev/worktree/app/app/src/test/kotlin/dev/agentmirror/app/overlay/OverlayEmulatorFixtureTest.kt:114:24 Java type mismatch: inferred type is 'String?', but 'String' was expected.
w: file:///Volumes/nvme/Projects/%E8%BF%9C%E7%A8%8BAgent%E5%AE%89%E5%8D%93/.team/nodes/pi-compose-dev/worktree/app/app/src/test/kotlin/dev/agentmirror/app/overlay/OverlayEmulatorFixtureTest.kt:119:49 Java type mismatch: inferred type is 'String?', but 'String' was expected.
w: file:///Volumes/nvme/Projects/%E8%BF%9C%E7%A8%8BAgent%E5%AE%89%E5%8D%93/.team/nodes/pi-compose-dev/worktree/app/app/src/test/kotlin/dev/agentmirror/app/overlay/OverlayEmulatorFixtureTest.kt:121:21 Java type mismatch: inferred type is 'String?', but 'String' was expected.
w: file:///Volumes/nvme/Projects/%E8%BF%9C%E7%A8%8BAgent%E5%AE%89%E5%8D%93/.team/nodes/pi-compose-dev/worktree/app/app/src/test/kotlin/dev/agentmirror/app/session/OverlayDismissOnOutsideTapTest.kt:45:19 'fun createComposeRule(effectContext: CoroutineContext = ...): ComposeContentTestRule' is deprecated. Use `androidx.compose.ui.test.junit4.v2.createComposeRule` instead. The v2 APIs use StandardTestDispatcher instead of UnconfinedTestDispatcher, which aligns with standard coroutine behavior by queuing tasks rather than executing them immediately. Tests relying on immediate execution may require explicit synchronization. Please refer to the migration guide for more details.
w: file:///Volumes/nvme/Projects/%E8%BF%9C%E7%A8%8BAgent%E5%AE%89%E5%8D%93/.team/nodes/pi-compose-dev/worktree/app/app/src/test/kotlin/dev/agentmirror/app/session/OverlayMenuTest.kt:53:19 'fun createComposeRule(effectContext: CoroutineContext = ...): ComposeContentTestRule' is deprecated. Use `androidx.compose.ui.test.junit4.v2.createComposeRule` instead. The v2 APIs use StandardTestDispatcher instead of UnconfinedTestDispatcher, which aligns with standard coroutine behavior by queuing tasks rather than executing them immediately. Tests relying on immediate execution may require explicit synchronization. Please refer to the migration guide for more details.
w: file:///Volumes/nvme/Projects/%E8%BF%9C%E7%A8%8BAgent%E5%AE%89%E5%8D%93/.team/nodes/pi-compose-dev/worktree/app/app/src/test/kotlin/dev/agentmirror/app/session/OverlayOpensFromSessionTopRightTest.kt:48:19 'fun createComposeRule(effectContext: CoroutineContext = ...): ComposeContentTestRule' is deprecated. Use `androidx.compose.ui.test.junit4.v2.createComposeRule` instead. The v2 APIs use StandardTestDispatcher instead of UnconfinedTestDispatcher, which aligns with standard coroutine behavior by queuing tasks rather than executing them immediately. Tests relying on immediate execution may require explicit synchronization. Please refer to the migration guide for more details.
w: file:///Volumes/nvme/Projects/%E8%BF%9C%E7%A8%8BAgent%E5%AE%89%E5%8D%93/.team/nodes/pi-compose-dev/worktree/app/app/src/test/kotlin/dev/agentmirror/app/session/ViewMenuSourceTest.kt:50:19 'fun createComposeRule(effectContext: CoroutineContext = ...): ComposeContentTestRule' is deprecated. Use `androidx.compose.ui.test.junit4.v2.createComposeRule` instead. The v2 APIs use StandardTestDispatcher instead of UnconfinedTestDispatcher, which aligns with standard coroutine behavior by queuing tasks rather than executing them immediately. Tests relying on immediate execution may require explicit synchronization. Please refer to the migration guide for more details.
w: file:///Volumes/nvme/Projects/%E8%BF%9C%E7%A8%8BAgent%E5%AE%89%E5%8D%93/.team/nodes/pi-compose-dev/worktree/app/app/src/test/kotlin/dev/agentmirror/app/ui/ConsoleChromeTest.kt:58:19 'fun createComposeRule(effectContext: CoroutineContext = ...): ComposeContentTestRule' is deprecated. Use `androidx.compose.ui.test.junit4.v2.createComposeRule` instead. The v2 APIs use StandardTestDispatcher instead of UnconfinedTestDispatcher, which aligns with standard coroutine behavior by queuing tasks rather than executing them immediately. Tests relying on immediate execution may require explicit synchronization. Please refer to the migration guide for more details.
w: file:///Volumes/nvme/Projects/%E8%BF%9C%E7%A8%8BAgent%E5%AE%89%E5%8D%93/.team/nodes/pi-compose-dev/worktree/app/app/src/test/kotlin/dev/agentmirror/app/ui/LandBaseTest.kt:52:19 'fun createComposeRule(effectContext: CoroutineContext = ...): ComposeContentTestRule' is deprecated. Use `androidx.compose.ui.test.junit4.v2.createComposeRule` instead. The v2 APIs use StandardTestDispatcher instead of UnconfinedTestDispatcher, which aligns with standard coroutine behavior by queuing tasks rather than executing them immediately. Tests relying on immediate execution may require explicit synchronization. Please refer to the migration guide for more details.
w: file:///Volumes/nvme/Projects/%E8%BF%9C%E7%A8%8BAgent%E5%AE%89%E5%8D%93/.team/nodes/pi-compose-dev/worktree/app/app/src/test/kotlin/dev/agentmirror/app/ui/LandListTest.kt:57:19 'fun createComposeRule(effectContext: CoroutineContext = ...): ComposeContentTestRule' is deprecated. Use `androidx.compose.ui.test.junit4.v2.createComposeRule` instead. The v2 APIs use StandardTestDispatcher instead of UnconfinedTestDispatcher, which aligns with standard coroutine behavior by queuing tasks rather than executing them immediately. Tests relying on immediate execution may require explicit synchronization. Please refer to the migration guide for more details.
w: file:///Volumes/nvme/Projects/%E8%BF%9C%E7%A8%8BAgent%E5%AE%89%E5%8D%93/.team/nodes/pi-compose-dev/worktree/app/app/src/test/kotlin/dev/agentmirror/app/ui/LandSettingsTest.kt:60:19 'fun createComposeRule(effectContext: CoroutineContext = ...): ComposeContentTestRule' is deprecated. Use `androidx.compose.ui.test.junit4.v2.createComposeRule` instead. The v2 APIs use StandardTestDispatcher instead of UnconfinedTestDispatcher, which aligns with standard coroutine behavior by queuing tasks rather than executing them immediately. Tests relying on immediate execution may require explicit synchronization. Please refer to the migration guide for more details.
w: file:///Volumes/nvme/Projects/%E8%BF%9C%E7%A8%8BAgent%E5%AE%89%E5%8D%93/.team/nodes/pi-compose-dev/worktree/app/app/src/test/kotlin/dev/agentmirror/app/ui/LandTermTest.kt:61:19 'fun createComposeRule(effectContext: CoroutineContext = ...): ComposeContentTestRule' is deprecated. Use `androidx.compose.ui.test.junit4.v2.createComposeRule` instead. The v2 APIs use StandardTestDispatcher instead of UnconfinedTestDispatcher, which aligns with standard coroutine behavior by queuing tasks rather than executing them immediately. Tests relying on immediate execution may require explicit synchronization. Please refer to the migration guide for more details.
w: file:///Volumes/nvme/Projects/%E8%BF%9C%E7%A8%8BAgent%E5%AE%89%E5%8D%93/.team/nodes/pi-compose-dev/worktree/app/app/src/test/kotlin/dev/agentmirror/app/ui/TermThemeSettingsTest.kt:50:19 'fun createComposeRule(effectContext: CoroutineContext = ...): ComposeContentTestRule' is deprecated. Use `androidx.compose.ui.test.junit4.v2.createComposeRule` instead. The v2 APIs use StandardTestDispatcher instead of UnconfinedTestDispatcher, which aligns with standard coroutine behavior by queuing tasks rather than executing them immediately. Tests relying on immediate execution may require explicit synchronization. Please refer to the migration guide for more details.
w: file:///Volumes/nvme/Projects/%E8%BF%9C%E7%A8%8BAgent%E5%AE%89%E5%8D%93/.team/nodes/pi-compose-dev/worktree/app/app/src/test/kotlin/dev/agentmirror/app/ui/VzVerifyRoundTest.kt:70:19 'fun createComposeRule(effectContext: CoroutineContext = ...): ComposeContentTestRule' is deprecated. Use `androidx.compose.ui.test.junit4.v2.createComposeRule` instead. The v2 APIs use StandardTestDispatcher instead of UnconfinedTestDispatcher, which aligns with standard coroutine behavior by queuing tasks rather than executing them immediately. Tests relying on immediate execution may require explicit synchronization. Please refer to the migration guide for more details.
w: file:///Volumes/nvme/Projects/%E8%BF%9C%E7%A8%8BAgent%E5%AE%89%E5%8D%93/.team/nodes/pi-compose-dev/worktree/app/app/src/test/kotlin/dev/agentmirror/app/workspace/FavRowParityTest.kt:51:19 'fun createComposeRule(effectContext: CoroutineContext = ...): ComposeContentTestRule' is deprecated. Use `androidx.compose.ui.test.junit4.v2.createComposeRule` instead. The v2 APIs use StandardTestDispatcher instead of UnconfinedTestDispatcher, which aligns with standard coroutine behavior by queuing tasks rather than executing them immediately. Tests relying on immediate execution may require explicit synchronization. Please refer to the migration guide for more details.
w: file:///Volumes/nvme/Projects/%E8%BF%9C%E7%A8%8BAgent%E5%AE%89%E5%8D%93/.team/nodes/pi-compose-dev/worktree/app/app/src/test/kotlin/dev/agentmirror/app/workspace/FavoriteIdentityTest.kt:49:19 'fun createComposeRule(effectContext: CoroutineContext = ...): ComposeContentTestRule' is deprecated. Use `androidx.compose.ui.test.junit4.v2.createComposeRule` instead. The v2 APIs use StandardTestDispatcher instead of UnconfinedTestDispatcher, which aligns with standard coroutine behavior by queuing tasks rather than executing them immediately. Tests relying on immediate execution may require explicit synchronization. Please refer to the migration guide for more details.
w: file:///Volumes/nvme/Projects/%E8%BF%9C%E7%A8%8BAgent%E5%AE%89%E5%8D%93/.team/nodes/pi-compose-dev/worktree/app/app/src/test/kotlin/dev/agentmirror/app/workspace/FavoriteToggleClickTest.kt:54:19 'fun createComposeRule(effectContext: CoroutineContext = ...): ComposeContentTestRule' is deprecated. Use `androidx.compose.ui.test.junit4.v2.createComposeRule` instead. The v2 APIs use StandardTestDispatcher instead of UnconfinedTestDispatcher, which aligns with standard coroutine behavior by queuing tasks rather than executing them immediately. Tests relying on immediate execution may require explicit synchronization. Please refer to the migration guide for more details.
w: file:///Volumes/nvme/Projects/%E8%BF%9C%E7%A8%8BAgent%E5%AE%89%E5%8D%93/.team/nodes/pi-compose-dev/worktree/app/app/src/test/kotlin/dev/agentmirror/app/workspace/L2ListRendersStatusTest.kt:41:19 'fun createComposeRule(effectContext: CoroutineContext = ...): ComposeContentTestRule' is deprecated. Use `androidx.compose.ui.test.junit4.v2.createComposeRule` instead. The v2 APIs use StandardTestDispatcher instead of UnconfinedTestDispatcher, which aligns with standard coroutine behavior by queuing tasks rather than executing them immediately. Tests relying on immediate execution may require explicit synchronization. Please refer to the migration guide for more details.
w: file:///Volumes/nvme/Projects/%E8%BF%9C%E7%A8%8BAgent%E5%AE%89%E5%8D%93/.team/nodes/pi-compose-dev/worktree/app/app/src/test/kotlin/dev/agentmirror/app/workspace/L2NavigationIdentityTest.kt:44:19 'fun createComposeRule(effectContext: CoroutineContext = ...): ComposeContentTestRule' is deprecated. Use `androidx.compose.ui.test.junit4.v2.createComposeRule` instead. The v2 APIs use StandardTestDispatcher instead of UnconfinedTestDispatcher, which aligns with standard coroutine behavior by queuing tasks rather than executing them immediately. Tests relying on immediate execution may require explicit synchronization. Please refer to the migration guide for more details.
w: file:///Volumes/nvme/Projects/%E8%BF%9C%E7%A8%8BAgent%E5%AE%89%E5%8D%93/.team/nodes/pi-compose-dev/worktree/app/app/src/test/kotlin/dev/agentmirror/app/workspace/L2RowLayoutTest.kt:51:19 'fun createComposeRule(effectContext: CoroutineContext = ...): ComposeContentTestRule' is deprecated. Use `androidx.compose.ui.test.junit4.v2.createComposeRule` instead. The v2 APIs use StandardTestDispatcher instead of UnconfinedTestDispatcher, which aligns with standard coroutine behavior by queuing tasks rather than executing them immediately. Tests relying on immediate execution may require explicit synchronization. Please refer to the migration guide for more details.
w: file:///Volumes/nvme/Projects/%E8%BF%9C%E7%A8%8BAgent%E5%AE%89%E5%8D%93/.team/nodes/pi-compose-dev/worktree/app/app/src/test/kotlin/dev/agentmirror/app/workspace/L2StaleStatusReplacedTest.kt:44:19 'fun createComposeRule(effectContext: CoroutineContext = ...): ComposeContentTestRule' is deprecated. Use `androidx.compose.ui.test.junit4.v2.createComposeRule` instead. The v2 APIs use StandardTestDispatcher instead of UnconfinedTestDispatcher, which aligns with standard coroutine behavior by queuing tasks rather than executing them immediately. Tests relying on immediate execution may require explicit synchronization. Please refer to the migration guide for more details.
w: file:///Volumes/nvme/Projects/%E8%BF%9C%E7%A8%8BAgent%E5%AE%89%E5%8D%93/.team/nodes/pi-compose-dev/worktree/app/app/src/test/kotlin/dev/agentmirror/app/workspace/L2UnknownStatusTest.kt:42:19 'fun createComposeRule(effectContext: CoroutineContext = ...): ComposeContentTestRule' is deprecated. Use `androidx.compose.ui.test.junit4.v2.createComposeRule` instead. The v2 APIs use StandardTestDispatcher instead of UnconfinedTestDispatcher, which aligns with standard coroutine behavior by queuing tasks rather than executing them immediately. Tests relying on immediate execution may require explicit synchronization. Please refer to the migration guide for more details.
w: file:///Volumes/nvme/Projects/%E8%BF%9C%E7%A8%8BAgent%E5%AE%89%E5%8D%93/.team/nodes/pi-compose-dev/worktree/app/app/src/test/kotlin/dev/agentmirror/app/workspace/NoRefreshLoopTest.kt:55:19 'fun createComposeRule(effectContext: CoroutineContext = ...): ComposeContentTestRule' is deprecated. Use `androidx.compose.ui.test.junit4.v2.createComposeRule` instead. The v2 APIs use StandardTestDispatcher instead of UnconfinedTestDispatcher, which aligns with standard coroutine behavior by queuing tasks rather than executing them immediately. Tests relying on immediate execution may require explicit synchronization. Please refer to the migration guide for more details.
w: file:///Volumes/nvme/Projects/%E8%BF%9C%E7%A8%8BAgent%E5%AE%89%E5%8D%93/.team/nodes/pi-compose-dev/worktree/app/app/src/test/kotlin/dev/agentmirror/app/workspace/SessionTitleTest.kt:46:19 'fun createComposeRule(effectContext: CoroutineContext = ...): ComposeContentTestRule' is deprecated. Use `androidx.compose.ui.test.junit4.v2.createComposeRule` instead. The v2 APIs use StandardTestDispatcher instead of UnconfinedTestDispatcher, which aligns with standard coroutine behavior by queuing tasks rather than executing them immediately. Tests relying on immediate execution may require explicit synchronization. Please refer to the migration guide for more details.
w: file:///Volumes/nvme/Projects/%E8%BF%9C%E7%A8%8BAgent%E5%AE%89%E5%8D%93/.team/nodes/pi-compose-dev/worktree/app/app/src/test/kotlin/dev/agentmirror/app/workspace/SpinnerIdleTest.kt:64:19 'fun createComposeRule(effectContext: CoroutineContext = ...): ComposeContentTestRule' is deprecated. Use `androidx.compose.ui.test.junit4.v2.createComposeRule` instead. The v2 APIs use StandardTestDispatcher instead of UnconfinedTestDispatcher, which aligns with standard coroutine behavior by queuing tasks rather than executing them immediately. Tests relying on immediate execution may require explicit synchronization. Please refer to the migration guide for more details.
w: file:///Volumes/nvme/Projects/%E8%BF%9C%E7%A8%8BAgent%E5%AE%89%E5%8D%93/.team/nodes/pi-compose-dev/worktree/app/app/src/test/kotlin/dev/agentmirror/app/workspace/TestFavorite.kt:52:19 'fun createComposeRule(effectContext: CoroutineContext = ...): ComposeContentTestRule' is deprecated. Use `androidx.compose.ui.test.junit4.v2.createComposeRule` instead. The v2 APIs use StandardTestDispatcher instead of UnconfinedTestDispatcher, which aligns with standard coroutine behavior by queuing tasks rather than executing them immediately. Tests relying on immediate execution may require explicit synchronization. Please refer to the migration guide for more details.
w: file:///Volumes/nvme/Projects/%E8%BF%9C%E7%A8%8BAgent%E5%AE%89%E5%8D%93/.team/nodes/pi-compose-dev/worktree/app/app/src/test/kotlin/dev/agentmirror/app/workspace/WorkspaceRefreshTest.kt:60:19 'fun createComposeRule(effectContext: CoroutineContext = ...): ComposeContentTestRule' is deprecated. Use `androidx.compose.ui.test.junit4.v2.createComposeRule` instead. The v2 APIs use StandardTestDispatcher instead of UnconfinedTestDispatcher, which aligns with standard coroutine behavior by queuing tasks rather than executing them immediately. Tests relying on immediate execution may require explicit synchronization. Please refer to the migration guide for more details.
w: file:///Volumes/nvme/Projects/%E8%BF%9C%E7%A8%8BAgent%E5%AE%89%E5%8D%93/.team/nodes/pi-compose-dev/worktree/app/app/src/test/kotlin/dev/agentmirror/app/workspace/WorkspaceWiringTest.kt:53:23 'fun createComposeRule(effectContext: CoroutineContext = ...): ComposeContentTestRule' is deprecated. Use `androidx.compose.ui.test.junit4.v2.createComposeRule` instead. The v2 APIs use StandardTestDispatcher instead of UnconfinedTestDispatcher, which aligns with standard coroutine behavior by queuing tasks rather than executing them immediately. Tests relying on immediate execution may require explicit synchronization. Please refer to the migration guide for more details.

> Task :app:compileDebugUnitTestJavaWithJavac NO-SOURCE
> Task :app:processDebugUnitTestJavaRes
> Task :app:testDebugUnitTest

BUILD SUCCESSFUL in 45s
43 actionable tasks: 43 executed
exit=0
duration_seconds=46
