candidate=dce90469fbfb767bc2a3d2fe1afedc94fda41587
tree=576a2b0e33fea860b11b01f41686fc3f8b98ef87
app_tree=9e8301f64b377505dbb16f2a82ff4457f978e38b
started_utc=2026-09-01T13:04:47Z
ANDROID_HOME=/Users/alauda/Library/Android/sdk
command=./gradlew :app:assembleDebug --rerun-tasks --no-build-cache
> Task :app:preBuild UP-TO-DATE
> Task :app:preDebugBuild UP-TO-DATE
> Task :app:mergeDebugNativeDebugMetadata NO-SOURCE
> Task :core-terminal:checkKotlinGradlePluginConfigurationErrors SKIPPED
> Task :terminal:checkKotlinGradlePluginConfigurationErrors SKIPPED
> Task :terminal:processResources NO-SOURCE
> Task :core-terminal:processResources NO-SOURCE
> Task :core-conn:checkKotlinGradlePluginConfigurationErrors SKIPPED
> Task :core-protocol:checkKotlinGradlePluginConfigurationErrors SKIPPED
> Task :core-conn:processResources NO-SOURCE
> Task :core-protocol:processResources NO-SOURCE
> Task :app:checkKotlinGradlePluginConfigurationErrors SKIPPED
> Task :app:processDebugNavigationResources
> Task :app:compileDebugNavigationResources
> Task :app:generateDebugResValues
> Task :app:checkDebugAarMetadata
> Task :app:mapDebugSourceSetPaths
> Task :app:generateDebugResources
> Task :core-terminal:compileKotlin
> Task :core-terminal:compileJava NO-SOURCE
> Task :terminal:compileKotlin NO-SOURCE
> Task :terminal:compileJava NO-SOURCE
> Task :terminal:classes UP-TO-DATE
> Task :terminal:jar
> Task :core-terminal:classes UP-TO-DATE
> Task :core-terminal:jar
> Task :app:packageDebugResources
> Task :app:createDebugCompatibleScreenManifests
> Task :app:extractDeepLinksDebug
> Task :app:parseDebugLocalResources
> Task :app:processDebugMainManifest
> Task :app:mergeDebugResources

> Task :core-protocol:compileKotlin
w: file:///Volumes/nvme/Projects/%E8%BF%9C%E7%A8%8BAgent%E5%AE%89%E5%8D%93/.team/nodes/pi-compose-dev/worktree/app/core-protocol/src/main/java/dev/agentmirror/app/conn/Frames.kt:75:25 This declaration needs opt-in. Its usage should be marked with '@kotlinx.serialization.ExperimentalSerializationApi' or '@OptIn(kotlinx.serialization.ExperimentalSerializationApi::class)'
w: file:///Volumes/nvme/Projects/%E8%BF%9C%E7%A8%8BAgent%E5%AE%89%E5%8D%93/.team/nodes/pi-compose-dev/worktree/app/core-protocol/src/main/java/dev/agentmirror/app/conn/Frames.kt:79:48 This declaration needs opt-in. Its usage should be marked with '@kotlinx.serialization.ExperimentalSerializationApi' or '@OptIn(kotlinx.serialization.ExperimentalSerializationApi::class)'
w: file:///Volumes/nvme/Projects/%E8%BF%9C%E7%A8%8BAgent%E5%AE%89%E5%8D%93/.team/nodes/pi-compose-dev/worktree/app/core-protocol/src/main/java/dev/agentmirror/app/conn/Frames.kt:79:50 This declaration needs opt-in. Its usage should be marked with '@kotlinx.serialization.ExperimentalSerializationApi' or '@OptIn(kotlinx.serialization.ExperimentalSerializationApi::class)'

> Task :core-protocol:compileJava NO-SOURCE
> Task :core-protocol:classes UP-TO-DATE
> Task :core-protocol:jar
> Task :app:processDebugManifest
> Task :app:javaPreCompileDebug
> Task :app:mergeDebugShaders
> Task :app:compileDebugShaders NO-SOURCE
> Task :app:generateDebugAssets UP-TO-DATE
> Task :app:mergeDebugAssets
> Task :app:compressDebugAssets
> Task :app:processDebugManifestForPackage
> Task :app:mergeDebugJniLibFolders
> Task :app:validateSigningDebug
> Task :app:writeDebugAppMetadata
> Task :app:writeDebugSigningConfigVersions
> Task :app:desugarDebugFileDependencies
> Task :app:checkDebugDuplicateClasses
> Task :app:processDebugResources
> Task :core-conn:compileKotlin
> Task :core-conn:compileJava NO-SOURCE
> Task :core-conn:classes UP-TO-DATE
> Task :core-conn:jar
> Task :app:mergeDebugNativeLibs

> Task :app:stripDebugDebugSymbols
Unable to strip the following libraries, packaging them as they are: libandroidx.graphics.path.so, libgojni.so, libimage_processing_util_jni.so, libsurface_util_jni.so. Run with --info option to learn more.

> Task :app:mergeLibDexDebug
> Task :app:mergeExtDexDebug

> Task :app:compileDebugKotlin
w: file:///Volumes/nvme/Projects/%E8%BF%9C%E7%A8%8BAgent%E5%AE%89%E5%8D%93/.team/nodes/pi-compose-dev/worktree/app/app/src/debug/java/dev/agentmirror/app/SessionUiAcceptanceActivity.kt:60:27 The corresponding parameter in the supertype 'ComponentActivity' is named 'savedInstanceState'. This may cause problems when calling this function with named arguments.
w: file:///Volumes/nvme/Projects/%E8%BF%9C%E7%A8%8BAgent%E5%AE%89%E5%8D%93/.team/nodes/pi-compose-dev/worktree/app/app/src/debug/java/dev/agentmirror/app/SessionUiAcceptanceActivity.kt:62:60 'static field SOFT_INPUT_ADJUST_RESIZE: Int' is deprecated. Deprecated in Java.
w: file:///Volumes/nvme/Projects/%E8%BF%9C%E7%A8%8BAgent%E5%AE%89%E5%8D%93/.team/nodes/pi-compose-dev/worktree/app/app/src/main/java/dev/agentmirror/app/MainActivity.kt:78:60 'static field SOFT_INPUT_ADJUST_RESIZE: Int' is deprecated. Deprecated in Java.
w: file:///Volumes/nvme/Projects/%E8%BF%9C%E7%A8%8BAgent%E5%AE%89%E5%8D%93/.team/nodes/pi-compose-dev/worktree/app/app/src/main/java/dev/agentmirror/app/diag/DiagLog.kt:227:17 Only safe (?.) or non-null asserted (!!.) calls are allowed on a nullable receiver of type 'SimpleDateFormat?'.
w: file:///Volumes/nvme/Projects/%E8%BF%9C%E7%A8%8BAgent%E5%AE%89%E5%8D%93/.team/nodes/pi-compose-dev/worktree/app/app/src/main/java/dev/agentmirror/app/diag/DiagLogViewScreen.kt:81:21 'val LocalClipboardManager: ProvidableCompositionLocal<ClipboardManager>' is deprecated. Use LocalClipboard instead which supports suspend functions.
w: file:///Volumes/nvme/Projects/%E8%BF%9C%E7%A8%8BAgent%E5%AE%89%E5%8D%93/.team/nodes/pi-compose-dev/worktree/app/app/src/main/java/dev/agentmirror/app/pairing/PairingScreen.kt:459:22 'fun Modifier.menuAnchor(): Modifier' is deprecated. Use overload that takes ExposedDropdownMenuAnchorType and enabled parameters.
w: file:///Volumes/nvme/Projects/%E8%BF%9C%E7%A8%8BAgent%E5%AE%89%E5%8D%93/.team/nodes/pi-compose-dev/worktree/app/app/src/main/java/dev/agentmirror/app/termview/TermSurfaceView.kt:869:60 'field scaledDensity: Float' is deprecated. Deprecated in Java.

> Task :app:compileDebugJavaWithJavac NO-SOURCE
> Task :app:dexBuilderDebug
> Task :app:mergeDebugGlobalSynthetics
> Task :app:processDebugJavaRes
> Task :app:mergeProjectDexDebug
> Task :app:mergeDebugJavaResource
> Task :app:packageDebug
> Task :app:createDebugApkListingFileRedirect
> Task :app:assembleDebug

BUILD SUCCESSFUL in 11s
44 actionable tasks: 44 executed
exit=0
duration_seconds=12
