candidate=dce90469fbfb767bc2a3d2fe1afedc94fda41587
tree=576a2b0e33fea860b11b01f41686fc3f8b98ef87
app_tree=9e8301f64b377505dbb16f2a82ff4457f978e38b
started_utc=2026-09-01T13:04:59Z
ANDROID_HOME=/Users/alauda/Library/Android/sdk
command=./gradlew :app:assembleRelease --rerun-tasks --no-build-cache
> Task :core-terminal:checkKotlinGradlePluginConfigurationErrors SKIPPED
> Task :terminal:checkKotlinGradlePluginConfigurationErrors SKIPPED
> Task :terminal:processResources NO-SOURCE
> Task :core-terminal:processResources NO-SOURCE
> Task :core-conn:checkKotlinGradlePluginConfigurationErrors SKIPPED
> Task :core-protocol:checkKotlinGradlePluginConfigurationErrors SKIPPED
> Task :core-conn:processResources NO-SOURCE
> Task :core-protocol:processResources NO-SOURCE
> Task :app:preBuild UP-TO-DATE
> Task :app:preReleaseBuild UP-TO-DATE
> Task :app:mergeReleaseJniLibFolders
> Task :app:checkReleaseDuplicateClasses
> Task :app:buildKotlinToolingMetadata
> Task :app:checkKotlinGradlePluginConfigurationErrors SKIPPED
> Task :app:processReleaseNavigationResources
> Task :app:compileReleaseNavigationResources
> Task :app:generateReleaseResValues
> Task :app:checkReleaseAarMetadata
> Task :app:mapReleaseSourceSetPaths
> Task :app:generateReleaseResources
> Task :core-terminal:compileKotlin
> Task :core-terminal:compileJava NO-SOURCE
> Task :terminal:compileKotlin NO-SOURCE
> Task :terminal:compileJava NO-SOURCE
> Task :terminal:classes UP-TO-DATE
> Task :terminal:jar
> Task :core-terminal:classes UP-TO-DATE
> Task :core-terminal:jar
> Task :app:packageReleaseResources
> Task :app:createReleaseCompatibleScreenManifests
> Task :app:extractDeepLinksRelease
> Task :app:parseReleaseLocalResources

> Task :core-protocol:compileKotlin
w: file:///Volumes/nvme/Projects/%E8%BF%9C%E7%A8%8BAgent%E5%AE%89%E5%8D%93/.team/nodes/pi-compose-dev/worktree/app/core-protocol/src/main/java/dev/agentmirror/app/conn/Frames.kt:75:25 This declaration needs opt-in. Its usage should be marked with '@kotlinx.serialization.ExperimentalSerializationApi' or '@OptIn(kotlinx.serialization.ExperimentalSerializationApi::class)'
w: file:///Volumes/nvme/Projects/%E8%BF%9C%E7%A8%8BAgent%E5%AE%89%E5%8D%93/.team/nodes/pi-compose-dev/worktree/app/core-protocol/src/main/java/dev/agentmirror/app/conn/Frames.kt:79:48 This declaration needs opt-in. Its usage should be marked with '@kotlinx.serialization.ExperimentalSerializationApi' or '@OptIn(kotlinx.serialization.ExperimentalSerializationApi::class)'
w: file:///Volumes/nvme/Projects/%E8%BF%9C%E7%A8%8BAgent%E5%AE%89%E5%8D%93/.team/nodes/pi-compose-dev/worktree/app/core-protocol/src/main/java/dev/agentmirror/app/conn/Frames.kt:79:50 This declaration needs opt-in. Its usage should be marked with '@kotlinx.serialization.ExperimentalSerializationApi' or '@OptIn(kotlinx.serialization.ExperimentalSerializationApi::class)'

> Task :app:processReleaseMainManifest
> Task :core-protocol:compileJava NO-SOURCE
> Task :core-protocol:classes UP-TO-DATE
> Task :core-protocol:jar
> Task :app:processReleaseManifest
> Task :app:javaPreCompileRelease
> Task :app:processReleaseManifestForPackage
> Task :app:mergeReleaseStartupProfile
> Task :app:desugarReleaseFileDependencies
> Task :app:mergeReleaseResources
> Task :app:mergeReleaseArtProfile
> Task :app:mergeReleaseShaders
> Task :app:compileReleaseShaders NO-SOURCE
> Task :app:generateReleaseAssets UP-TO-DATE
> Task :app:mergeReleaseAssets
> Task :app:compressReleaseAssets
> Task :core-conn:compileKotlin
> Task :app:extractReleaseVersionControlInfo
> Task :core-conn:compileJava NO-SOURCE
> Task :core-conn:classes UP-TO-DATE
> Task :core-conn:jar
> Task :app:extractProguardFiles
> Task :app:processReleaseResources
> Task :app:mergeReleaseNativeLibs
> Task :app:collectReleaseDependencies

> Task :app:stripReleaseDebugSymbols
Unable to strip the following libraries, packaging them as they are: libandroidx.graphics.path.so, libgojni.so, libimage_processing_util_jni.so, libsurface_util_jni.so. Run with --info option to learn more.

> Task :app:extractReleaseNativeSymbolTables
> Task :app:mergeReleaseNativeDebugMetadata NO-SOURCE
> Task :app:sdkReleaseDependencyData
> Task :app:validateSigningRelease
> Task :app:writeReleaseAppMetadata
> Task :app:writeReleaseSigningConfigVersions
> Task :app:optimizeReleaseResources
> Task :app:mergeExtDexRelease

> Task :app:compileReleaseKotlin
w: file:///Volumes/nvme/Projects/%E8%BF%9C%E7%A8%8BAgent%E5%AE%89%E5%8D%93/.team/nodes/pi-compose-dev/worktree/app/app/src/main/java/dev/agentmirror/app/MainActivity.kt:78:60 'static field SOFT_INPUT_ADJUST_RESIZE: Int' is deprecated. Deprecated in Java.
w: file:///Volumes/nvme/Projects/%E8%BF%9C%E7%A8%8BAgent%E5%AE%89%E5%8D%93/.team/nodes/pi-compose-dev/worktree/app/app/src/main/java/dev/agentmirror/app/diag/DiagLog.kt:227:17 Only safe (?.) or non-null asserted (!!.) calls are allowed on a nullable receiver of type 'SimpleDateFormat?'.
w: file:///Volumes/nvme/Projects/%E8%BF%9C%E7%A8%8BAgent%E5%AE%89%E5%8D%93/.team/nodes/pi-compose-dev/worktree/app/app/src/main/java/dev/agentmirror/app/diag/DiagLogViewScreen.kt:81:21 'val LocalClipboardManager: ProvidableCompositionLocal<ClipboardManager>' is deprecated. Use LocalClipboard instead which supports suspend functions.
w: file:///Volumes/nvme/Projects/%E8%BF%9C%E7%A8%8BAgent%E5%AE%89%E5%8D%93/.team/nodes/pi-compose-dev/worktree/app/app/src/main/java/dev/agentmirror/app/pairing/PairingScreen.kt:459:22 'fun Modifier.menuAnchor(): Modifier' is deprecated. Use overload that takes ExposedDropdownMenuAnchorType and enabled parameters.
w: file:///Volumes/nvme/Projects/%E8%BF%9C%E7%A8%8BAgent%E5%AE%89%E5%8D%93/.team/nodes/pi-compose-dev/worktree/app/app/src/main/java/dev/agentmirror/app/termview/TermSurfaceView.kt:869:60 'field scaledDensity: Float' is deprecated. Deprecated in Java.

> Task :app:compileReleaseJavaWithJavac NO-SOURCE
> Task :app:dexBuilderRelease
> Task :app:mergeReleaseGlobalSynthetics
> Task :app:generateReleaseLintVitalReportModel
> Task :app:processReleaseJavaRes
> Task :app:mergeReleaseJavaResource
> Task :app:mergeDexRelease
> Task :app:compileReleaseArtProfile
> Task :app:lintVitalAnalyzeRelease
> Task :app:lintVitalReportRelease
> Task :app:lintVitalRelease
> Task :app:packageRelease
> Task :app:createReleaseApkListingFileRedirect
> Task :app:assembleRelease

BUILD SUCCESSFUL in 54s
57 actionable tasks: 57 executed
exit=0
duration_seconds=54
