time=2026-08-22T14:27:35.299+08:00 level=INFO msg="provider whitelist loaded" entries=6
time=2026-08-22T14:27:35.300+08:00 level=INFO msg="single-instance guard acquired" pidfile=/Volumes/nvme/Projects/远程Agent安卓/.worktrees/wt-ca/.team/nodes/ca-emu/tmp/state/agentmirrord.pid
time=2026-08-22T14:27:35.300+08:00 level=INFO msg="pairing token source=explicit"
time=2026-08-22T14:27:35.300+08:00 level=INFO msg="agentmirrord starting" listen=0.0.0.0:9324 qr_listen="" token_source=explicit upload_dir=/Volumes/nvme/Projects/远程Agent安卓/.worktrees/wt-ca/.team/nodes/ca-emu/tmp/uploads max_upload_mib=20 list_interval=500ms
time=2026-08-22T14:27:35.300+08:00 level=DEBUG msg="listing loop started" interval=500ms
time=2026-08-22T14:27:35.300+08:00 level=DEBUG msg="level2 loop started" interval=2s heartbeat=8s
time=2026-08-22T14:27:35.300+08:00 level=WARN msg="tailnet 未启用：未配置 TS authkey，仅 LAN 监听"
                                                             
                                                             
    █▀▀▀▀▀█ ▀▀ █ █▀▀▀ ▀▀▄▀▄▄█ █ ▀▄█▄█▄▄█ █▀█▄▀█▄  █▀▀▀▀▀█    
    █ ███ █ ▄▀ ▀▀▀▀▀▀█▀▀▀█▀▀ █▀▀  ▄▄▄▀▀▀█ ▄▄▄█▄▀▄ █ ███ █    
    █ ▀▀▀ █ █▄  ▀▀  █▀█▀ █ ▀█▀▀▀█▄▄▀▀ ▄ ▄ ▀█▀ █   █ ▀▀▀ █    
    ▀▀▀▀▀▀▀ █▄▀ ▀▄█▄▀ ▀ ▀▄█ █ ▀ █ █ ▀ ▀▄▀ █ ▀ ▀ ▀ ▀▀▀▀▀▀▀    
    █ ▄ ▀ ▀▀▀▄ ▄█▀█▄ █▀▀▀▄▄█▀█▀▀▀█▀ ▀▀▄▀▄▀█ ▀██▄▄▀▀▀▀▀  █    
    █ ▄██▀▀█ ▀▀ ▀▄██ ███▀▀▀▄▀▄█▀▀▄ ▀█ ▀█▄ ███ ██▀ ▄██▄█▀▀    
    ▄█  ▄▄▀▄ ▄█  ██ █▄ ▀▄▄█ █▀ ▀▄▄██▀  ▄██▄▀  ▀▄ ▄ ▀▀█▄ ▀    
    ▄▀▀ ▄ ▀█▀▄▄▀▄ ▄▄ █  ▀▄▀▄▀▀█▀▄▄▄▄ ██▄▀▀▀▄▀▀▀  ▀█ ▀▀ ▄█    
    ▄▀▀▀█▄▀▀ ▄ ▄ ▀▄▀▄  ▄█ ▀  ▄  ▀ ▄▀██▄ ▀▄  ▄▀▄▀▄ ▀▀▄ ██▄    
    ▀▄▀█ ▄▀██ ▀ ▄█ █     ▄ █▄  █▀▀▀█▀▄▄█▄▄▀█ ▄▀█▄ ▀▀▀█▄█▄    
    ▀ ▀▄  ▀  ██ ▀▀ ▄▄▄▄▄▀▀▀ ▄▀█ █ ▄█▄▀ ▄▀██▀▀ ▄ ▄█▀▄█ ▄▄     
    █▀▀▄▀█▀▄▀ ██▄██▄▀ ▄█▄▀█▀▄█▀█▀  ▀    ▀▄▀▀▀█▀ ▀▀██ ▀▄█▄    
    █▄▄▀█▀▀▀█▄█▀█ ▀█▀▀██ ▄█▄█▀▀▀█▀ ██▀█▀▀ ▄█▄▀▀▀█▀▀▀███▀█    
    █▄▄▀█ ▀ █▀▀ ▄▀ ▀▀▄ ▀▄ █ █ ▀ █▄▄▄ ██▄ ▀█ ▀█ ██ ▀ █▄▀█▀    
    ▄▀▀▀██▀█▀▄ ▄▄  ▄  ██▄▄█▄███▀▀██▄▄▀ ▄███ ▄▄▄▄▀██▀▀  ▄▄    
    █  ▄  ▀ ▄▄▀ ▄▄▄ ▄ ▀ ▀ ██ █▄█▄▀ ▄█▄▄▀  ▀██▀█▄█▄█  ▄▀▄▀    
    █ ▄ ▄█▀█  ███████ █▀▀   ▄ ▄ ▄█▄█▀ ▀▄██ █▄█▀▀ ▄ ▀▄▀ ▀▄    
    ▀ ▀█  ▀█▀█  ▄▄ ▄█▄▀ ▀▀███▄ ▄█▄▀█ ███ ▀▀ ▀█ ▄▀█▀█▀▀ ▄▀    
     █▀ ▄█▀▄▀ ▀█▀▀ ▀▀ ▄ █▀ ▄▄▄▀ ▄▄█▀▄█ ▀▄▀  ▄ ▄▄▄▀█▄ ▄███    
    █ ▀ █▄▀  ▀▀▀█ ▀█▀█ ██▀█    ▄▄█▀▄▀██████▀█▄▀▄▄█▄▀██  █    
    █▀▀▀█▄▀  █▀▀▄ ▀ ▀▀▄ ▀▄ █▀▀  █▀██▀   ▀██  ▄ ▄ ▄ ▄█▀██▄    
    ▀█▄▀▀▀▀█▄▀▄ ▄█  ▀ ▄▀ ▄  ▀▀▄▀▄▄█▄▀█▄▀▀ ▀▄▀▀▄█ ▀▀▀ ▄ █     
       ▀  ▀▀▄ ▄ ▀ ▀█ █  █▀█▀█▀▀▀█ ▀█▀▀▄▄█▄▄ ▄ ▀██▀▀▀█▀█      
    █▀▀▀▀▀█ ▀▀ █▄▄▀▄█▀▀ ▀▄ ██ ▀ █▄ ▀▀█  █▀█▀▀▀▄▄█ ▀ █ ▀█     
    █ ███ █ ▀█▄▀▄ ▄▀ ▀██▀▀▀ █▀███  ▄█▀█▀ █▄ ▀ █▄▀▀▀██▀▄█▀    
    █ ▀▀▀ █  █▄▄█ ▄█▀▄█ █▀██▄▄▀ ▀ ▀█▄▄ ▀  ▄▄█▀▀█▀█▀▀ ▄ ██    
    ▀▀▀▀▀▀▀ ▀ ▀ ▀▀▀    ▀▀▀ ▀▀▀   ▀        ▀▀  ▀ ▀ ▀ ▀▀▀▀     
                                                             
                                                             

──────────────────────────────────────────────
配对信息 · 用 App 扫码，或手填以下内容：
  服务端 ws 地址 : ws://10.202.81.20:9324/ws
  配对 token      : CAPF380053
  其他可达地址（若上面的连不上，改用下列之一）：
    ws://10.202.81.20:9324/ws   [lan]
    ws://192.168.31.116:9324/ws   [lan]
    ws://100.75.207.88:9324/ws   [tailnet]
