1786589125.366100000 108x87
1786589125.435525000 108x87
1786589125.506686000 108x87
1786589125.573469000 108x87
1786589125.643959000 108x87
1786589125.714907000 108x87
1786589125.781383000 108x87
1786589125.849060000 108x87
1786589125.912439000 108x87
1786589125.984044000 108x87
1786589126.048485000 108x87
1786589126.113457000 108x87
1786589126.183495000 108x87
1786589126.253295000 108x87
1786589126.322303000 108x87
1786589126.390009000 108x87
1786589126.452879000 108x87
1786589126.524420000 108x87
1786589126.595382000 108x87
1786589126.667118000 108x87
1786589126.731309000 108x87
1786589126.795678000 108x87
1786589126.864332000 108x87
1786589126.932502000 108x87
1786589127.001989000 108x87
1786589127.071661000 108x87
1786589127.142769000 108x87
1786589127.214478000 108x87
1786589127.277413000 108x87
1786589127.339405000 108x87
1786589127.411914000 108x87
1786589127.483104000 108x87
1786589127.551617000 108x87
1786589127.621722000 108x87
1786589127.687737000 108x87
1786589127.754680000 108x87
1786589127.825919000 108x87
1786589127.896712000 108x87
1786589127.966433000 108x87
1786589128.039516000 108x87
1786589128.109985000 108x87
1786589128.179196000 108x87
1786589128.258164000 108x87
1786589128.321748000 108x87
1786589128.396600000 108x87
1786589128.466349000 108x87
1786589128.535197000 108x87
1786589128.609664000 83x67
1786589128.678630000 83x67
1786589128.743398000 83x67
1786589128.810088000 83x67
1786589128.874498000 83x67
1786589128.942382000 77x60
1786589129.010386000 77x60
1786589129.077986000 77x60
1786589129.148673000 77x60
1786589129.216726000 77x60
1786589129.288095000 77x60
1786589129.352681000 77x60
1786589129.424986000 77x60
1786589129.497699000 77x60
1786589129.565722000 77x60
1786589129.636364000 77x60
1786589129.701653000 77x60
1786589129.766556000 77x60
1786589129.834125000 77x60
1786589129.903288000 77x60
1786589129.976066000 77x60
1786589130.048565000 77x60
1786589130.116884000 77x60
1786589130.182779000 77x60
1786589130.249691000 77x60
1786589130.317618000 77x60
1786589130.381846000 77x60
1786589130.450406000 77x60
1786589130.523326000 77x60
1786589130.593492000 77x60
1786589130.664920000 77x60
1786589130.730291000 77x60
1786589130.801142000 77x60
1786589130.867009000 77x60
1786589130.936760000 77x60
1786589131.003973000 77x60
1786589131.067240000 77x60
1786589131.133312000 77x60
1786589131.197241000 77x60
1786589131.264620000 77x60
1786589131.330572000 77x60
1786589131.402741000 77x60
1786589131.470645000 77x60
1786589131.547488000 77x60
1786589131.619127000 77x60
1786589131.685081000 77x60
1786589131.755960000 77x60
1786589131.824914000 77x60
