1786588990.952026000 108x87
1786588991.025835000 108x87
1786588991.090364000 108x87
1786588991.162299000 108x87
1786588991.227215000 108x87
1786588991.298311000 108x87
1786588991.361440000 108x87
1786588991.432237000 108x87
1786588991.500149000 108x87
1786588991.567886000 108x87
1786588991.640128000 108x87
1786588991.707220000 108x87
1786588991.777790000 108x87
1786588991.847937000 108x87
1786588991.920771000 108x87
1786588991.990961000 108x87
1786588992.060925000 108x87
1786588992.126307000 108x87
1786588992.198202000 108x87
1786588992.263619000 108x87
1786588992.331890000 108x87
1786588992.399993000 108x87
1786588992.468424000 108x87
1786588992.539373000 108x87
1786588992.608643000 108x87
1786588992.676889000 108x87
1786588992.747797000 108x87
1786588992.818610000 108x87
1786588992.882607000 108x87
1786588992.947538000 108x87
1786588993.018556000 108x87
1786588993.089503000 108x87
1786588993.158372000 108x87
1786588993.228169000 108x87
1786588993.297933000 108x87
1786588993.361526000 108x87
1786588993.431542000 108x87
1786588993.496165000 108x87
1786588993.564099000 108x87
1786588993.632244000 108x87
1786588993.704548000 108x87
1786588993.778986000 108x87
1786588993.843955000 108x87
1786588993.912360000 108x87
1786588993.984223000 98x76
1786588994.049254000 98x76
1786588994.118684000 98x76
1786588994.194930000 90x67
1786588994.271293000 83x67
1786588994.341044000 83x67
1786588994.407645000 77x60
1786588994.473108000 77x60
1786588994.540530000 77x60
1786588994.603130000 77x60
1786588994.674985000 77x60
1786588994.745180000 77x60
1786588994.813091000 77x60
1786588994.877216000 77x60
1786588994.949538000 77x60
1786588995.017736000 77x60
1786588995.085511000 77x60
1786588995.152498000 77x60
1786588995.222948000 77x60
1786588995.289237000 77x60
1786588995.359657000 77x60
1786588995.427103000 77x60
1786588995.490755000 77x60
1786588995.556574000 77x60
1786588995.628193000 77x60
1786588995.694492000 77x60
1786588995.764432000 77x60
1786588995.827490000 77x60
1786588995.897231000 77x60
1786588995.963173000 77x60
1786588996.033663000 77x60
1786588996.097530000 77x60
1786588996.162897000 77x60
1786588996.233953000 77x60
1786588996.296600000 77x60
1786588996.360289000 77x60
1786588996.424977000 77x60
1786588996.496806000 77x60
1786588996.564405000 77x60
1786588996.628264000 77x60
1786588996.697757000 77x60
1786588996.769690000 77x60
1786588996.837156000 77x60
1786588996.909316000 77x60
1786588996.978251000 77x60
1786588997.048481000 77x60
1786588997.111675000 77x60
1786588997.181087000 77x60
1786588997.248400000 77x60
1786588997.317618000 77x60
1786588997.383908000 77x60
1786588997.455540000 77x60
