[ledger-run 2026-08-24T22:53:17Z] 开工 start | ledger_id=ledger.baseline-bundle.successor5.v1 revision=1 账本=/Volumes/nvme/Projects/远程Agent安卓/.team/ledgers/baseline-bundle-successor5-v1.json 墙钟上限=115200s 派单死线=90s
[ledger-run 2026-08-24T22:53:36Z] 轮次 round | 第 1 轮开始：前沿 ["t.baseline-bundle.repro"]（墙钟已跑 19s / 上限 115200s）
[ledger-run 2026-08-24T22:53:36Z] 派单 dispatch | task=t.baseline-bundle.repro 收件人=/Volumes/nvme/Projects/远程Agent安卓::remote-agent-android/sampler-test-luna2 席位=sampler-test-luna2 attempt=att-t.baseline-bundle.repro-seq1-t1787612016425 delivery=del-t.baseline-bundle.repro-seq1-t1787612016425 等席位预算=3600s 来源=任务 seat_wait_seconds
[ledger-run 2026-08-24T22:53:36Z] 投递回执 send-ok | task=t.baseline-bundle.repro case_id=ledger_baseline-bundle_successor5_v1__t.baseline-bundle.repro__r1 message_id=msg_803970ed9dd0 —— 回执成功≠席位收到，下一步查收件箱确认落地
[ledger-run 2026-08-24T22:53:36Z] 派单落地 dispatch-landed | task=t.baseline-bundle.repro 席位 sampler-test-luna2 的收件箱已多出这条派单
[ledger-run 2026-08-24T22:53:36Z] 等待 wait | task=t.baseline-bundle.repro 在等的 key（case_id）=ledger_baseline-bundle_successor5_v1__t.baseline-bundle.repro__r1 team=remote-agent-android 预算=3600s 来源=任务 seat_wait_seconds
[ledger-run 2026-08-24T22:56:14Z] 已唤醒 wait-signaled | task=t.baseline-bundle.repro 等到结果了
[ledger-run 2026-08-24T22:56:14Z] 判据 acceptance | task=t.baseline-bundle.repro 在跑 required=["M.baseline-bundle.repro", "M.baseline-bundle.repro-regression"]
[ledger-run 2026-08-24T22:56:17Z] 判据通过留档 acceptance-success | task=t.baseline-bundle.repro 成功 attempt 落进 attempts[] writeback_revision=2 passed=["M.baseline-bundle.repro", "M.baseline-bundle.repro-regression"]
[ledger-run 2026-08-24T22:56:17Z] 原子写回 writeback-atomic | task=t.baseline-bundle.repro state=succeeded + revision+1 → 临时文件+rename 已落盘（revision=2 hash=674345c62e2be897）——中途死也不会留下半份账本，进度不会全废
[ledger-run 2026-08-24T22:56:17Z] 写回 writeback | task=t.baseline-bundle.repro state=succeeded revision=1 → 2
[ledger-run 2026-08-24T22:56:17Z] 轮次 round | 第 2 轮开始：前沿 ["t.baseline-bundle.impl", "t.baseline-bundle.probe", "t.baseline-bundle.test"]（墙钟已跑 180s / 上限 115200s）
[ledger-run 2026-08-24T22:56:17Z] 派单 dispatch | task=t.baseline-bundle.impl 收件人=/Volumes/nvme/Projects/远程Agent安卓::remote-agent-android/sampler-dev-luna2 席位=sampler-dev-luna2 attempt=att-t.baseline-bundle.impl-seq2-t1787612177875 delivery=del-t.baseline-bundle.impl-seq2-t1787612177875 等席位预算=10800s 来源=任务 seat_wait_seconds
[ledger-run 2026-08-24T22:56:18Z] 投递回执 send-ok | task=t.baseline-bundle.impl case_id=ledger_baseline-bundle_successor5_v1__t.baseline-bundle.impl__r2 message_id=msg_d652085c8df0 —— 回执成功≠席位收到，下一步查收件箱确认落地
[ledger-run 2026-08-24T22:56:18Z] 派单落地 dispatch-landed | task=t.baseline-bundle.impl 席位 sampler-dev-luna2 的收件箱已多出这条派单
[ledger-run 2026-08-24T22:56:18Z] 派单 dispatch | task=t.baseline-bundle.probe 收件人=/Volumes/nvme/Projects/远程Agent安卓::remote-agent-android/sampler-review-luna2 席位=sampler-review-luna2 attempt=att-t.baseline-bundle.probe-seq3-t1787612178159 delivery=del-t.baseline-bundle.probe-seq3-t1787612178159 等席位预算=3600s 来源=任务 seat_wait_seconds
[ledger-run 2026-08-24T22:56:18Z] 投递回执 send-ok | task=t.baseline-bundle.probe case_id=ledger_baseline-bundle_successor5_v1__t.baseline-bundle.probe__r2 message_id=msg_d634190c09f0 —— 回执成功≠席位收到，下一步查收件箱确认落地
[ledger-run 2026-08-24T22:56:18Z] 派单落地 dispatch-landed | task=t.baseline-bundle.probe 席位 sampler-review-luna2 的收件箱已多出这条派单
[ledger-run 2026-08-24T22:56:18Z] 派单 dispatch | task=t.baseline-bundle.test 收件人=/Volumes/nvme/Projects/远程Agent安卓::remote-agent-android/sampler-test-luna2 席位=sampler-test-luna2 attempt=att-t.baseline-bundle.test-seq4-t1787612178441 delivery=del-t.baseline-bundle.test-seq4-t1787612178441 等席位预算=3600s 来源=任务 seat_wait_seconds
[ledger-run 2026-08-24T22:56:18Z] 投递回执 send-ok | task=t.baseline-bundle.test case_id=ledger_baseline-bundle_successor5_v1__t.baseline-bundle.test__r2 message_id=msg_d596292d5398 —— 回执成功≠席位收到，下一步查收件箱确认落地
[ledger-run 2026-08-24T22:56:18Z] 派单落地 dispatch-landed | task=t.baseline-bundle.test 席位 sampler-test-luna2 的收件箱已多出这条派单
[ledger-run 2026-08-24T22:56:18Z] 等待 wait | task=t.baseline-bundle.impl 在等的 key（case_id）=ledger_baseline-bundle_successor5_v1__t.baseline-bundle.impl__r2 team=remote-agent-android 预算=10800s 来源=任务 seat_wait_seconds
[ledger-run 2026-08-24T23:09:17Z] 已唤醒 wait-signaled | task=t.baseline-bundle.impl 等到结果了
[ledger-run 2026-08-24T23:09:17Z] 判据 acceptance | task=t.baseline-bundle.impl 在跑 required=["M.baseline-bundle.successor5-impl", "M.baseline-bundle.successor5-bypass"]
[ledger-run 2026-08-24T23:09:26Z] 判据失败诊断 acceptance-diagnostic | task=t.baseline-bundle.impl 判据 M.baseline-bundle.successor5-impl 失败：exit_code=1 (期望 0) cwd=/Volumes/nvme/Projects/远程Agent安卓/.worktrees/wt-cedar-main argv=["/bin/sh", ".team/ledgers/acceptance/baseline-bundle-successor5-impl.sh"] error=exit_code_mismatch: expected 0, observed 1 stderr(末20行)=

[ledger-run 2026-08-24T23:09:26Z] 原子写回 writeback-atomic | task=t.baseline-bundle.impl 判据失败诊断落进 attempts[] → 临时文件+rename 已落盘（revision=2 hash=a9140620c8b70a72）——中途死也不会留下半份账本，进度不会全废
[ledger-run 2026-08-24T23:09:26Z] 原子写回 writeback-atomic | task=t.baseline-bundle.impl 判据红下一步落盘 → 临时文件+rename 已落盘（revision=2 hash=025f66651c4a6ad4）——中途死也不会留下半份账本，进度不会全废
[ledger-run 2026-08-24T23:09:26Z] 状态变坏 notify-bad-state | task=t.baseline-bundle.impl 判据红 停机通知：已投递
[ledger-run 2026-08-24T23:09:26Z] 判据红 acceptance-red | task=t.baseline-bundle.impl required 未全过——关 attempt，默认 halt（该格已移出前沿；停机通知：已投递）
[ledger-run 2026-08-24T23:09:26Z] 等待 wait | task=t.baseline-bundle.probe 在等的 key（case_id）=ledger_baseline-bundle_successor5_v1__t.baseline-bundle.probe__r2 team=remote-agent-android 预算=3600s 来源=任务 seat_wait_seconds
[ledger-run 2026-08-24T23:09:26Z] 已唤醒 wait-signaled | task=t.baseline-bundle.probe 等到结果了
[ledger-run 2026-08-24T23:09:26Z] 判据 acceptance | task=t.baseline-bundle.probe 在跑 required=["M.baseline-bundle.successor5-probe"]
[ledger-run 2026-08-24T23:09:36Z] 判据通过留档 acceptance-success | task=t.baseline-bundle.probe 成功 attempt 落进 attempts[] writeback_revision=3 passed=["M.baseline-bundle.successor5-probe"]
[ledger-run 2026-08-24T23:09:36Z] 原子写回 writeback-atomic | task=t.baseline-bundle.probe state=succeeded + revision+1 → 临时文件+rename 已落盘（revision=3 hash=e65d213824567eac）——中途死也不会留下半份账本，进度不会全废
[ledger-run 2026-08-24T23:09:36Z] 写回 writeback | task=t.baseline-bundle.probe state=succeeded revision=2 → 3
[ledger-run 2026-08-24T23:09:36Z] 等待 wait | task=t.baseline-bundle.test 在等的 key（case_id）=ledger_baseline-bundle_successor5_v1__t.baseline-bundle.test__r2 team=remote-agent-android 预算=3600s 来源=任务 seat_wait_seconds
[ledger-run 2026-08-24T23:09:36Z] 已唤醒 wait-signaled | task=t.baseline-bundle.test 等到结果了
[ledger-run 2026-08-24T23:09:36Z] 判据 acceptance | task=t.baseline-bundle.test 在跑 required=["M.baseline-bundle.successor5-test"]
[ledger-run 2026-08-24T23:09:45Z] 判据通过留档 acceptance-success | task=t.baseline-bundle.test 成功 attempt 落进 attempts[] writeback_revision=4 passed=["M.baseline-bundle.successor5-test"]
[ledger-run 2026-08-24T23:09:45Z] 原子写回 writeback-atomic | task=t.baseline-bundle.test state=succeeded + revision+1 → 临时文件+rename 已落盘（revision=4 hash=b74d2e4bd6471aa0）——中途死也不会留下半份账本，进度不会全废
[ledger-run 2026-08-24T23:09:45Z] 写回 writeback | task=t.baseline-bundle.test state=succeeded revision=3 → 4
[ledger-run 2026-08-24T23:09:45Z] 收工 finish | 停机原因=Failed 写回=["t.baseline-bundle.repro", "t.baseline-bundle.probe", "t.baseline-bundle.test"] 冻结=["t.baseline-bundle.impl"] 不可判=[] 墙钟已跑 988s
[ledger-run 2026-08-24T23:09:45Z] 通知 notify-begin | 正在把停机原因发给 leader（--team 取自账本 roles[].seat.team）
[ledger-run 2026-08-24T23:09:45Z] 通知 notify-done | 停机通知已投递（投递结果不静默丢弃）
{"ok":true,"ledger_id":"ledger.baseline-bundle.successor5.v1","revision_before":1,"revision_after":4,"wrote_back":["t.baseline-bundle.repro","t.baseline-bundle.probe","t.baseline-bundle.test"],"unjudgeable":[],"frozen":["t.baseline-bundle.impl"],"preflight_rejected":false,"awaiting_human":false,"idle_reason":null,"notices_sent":["ledger_id: ledger.baseline-bundle.successor5.v1 | revision: 2 | 停机原因: Failed | 最后失败判据: task=t.baseline-bundle.impl revision=2 判据红 acceptance_id=[M.baseline-bundle.successor5-impl] 判据 M.baseline-bundle.successor5-impl 失败：exit_code=1 (期望 0) cwd=/Volumes/nvme/Projects/远程Agent安卓/.worktrees/wt-cedar-main argv=[\"/bin/sh\", \".team/ledgers/acceptance/baseline-bundle-successor5-impl.sh\"] error=exit_code_mismatch: expected 0, observed 1 | 各任务终态: t.baseline-bundle.final=Planned, t.baseline-bundle.impl=FailedRetryable, t.baseline-bundle.measure=Planned, t.baseline-bundle.migrate=Planned, t.baseline-bundle.probe=Planned, t.baseline-bundle.repro=Succeeded, t.baseline-bundle.test=Planned, t.baseline-bundle.user-gate=Planned, t.baseline-bundle.verify=Planned","ledger_id: ledger.baseline-bundle.successor5.v1 | revision: 4 | 停机原因: Failed | 最后失败判据: t.baseline-bundle.impl 判据未过 ｜ t.baseline-bundle.impl：判据 M.baseline-bundle.successor5-impl 失败：exit_code=1 (期望 0) cwd=/Volumes/nvme/Projects/远程Agent安卓/.worktrees/wt-cedar-main argv=[\"/bin/sh\", \".team/ledgers/acceptance/baseline-bundle-successor5-impl.sh\"] error=exit_code_mismatch: expected 0, observed 1（stderr 末20行见账本 tasks.t.baseline-bundle.impl.attempts[].artifact_refs） ｜ 未干完的任务（非 Succeeded）: t.baseline-bundle.final=Planned, t.baseline-bundle.impl=FailedRetryable, t.baseline-bundle.measure=Planned, t.baseline-bundle.migrate=Planned, t.baseline-bundle.user-gate=Planned, t.baseline-bundle.verify=Planned | 各任务终态: t.baseline-bundle.final=Planned, t.baseline-bundle.impl=FailedRetryable, t.baseline-bundle.measure=Planned, t.baseline-bundle.migrate=Planned, t.baseline-bundle.probe=Succeeded, t.baseline-bundle.repro=Succeeded, t.baseline-bundle.test=Succeeded, t.baseline-bundle.user-gate=Planned, t.baseline-bundle.verify=Planned"],"notice_undelivered":null}
