[ledger-run 2026-08-24T17:57:54Z] 开工 start | ledger_id=ledger.baseline-bundle.successor.v1 revision=1 账本=/Volumes/nvme/Projects/远程Agent安卓/.team/ledgers/baseline-bundle-successor-v1.json 墙钟上限=115200s 派单死线=90s
[ledger-run 2026-08-24T17:57:55Z] 轮次 round | 第 1 轮开始：前沿 ["t.baseline-bundle.repro"]（墙钟已跑 1s / 上限 115200s）
[ledger-run 2026-08-24T17:57:55Z] 派单 dispatch | task=t.baseline-bundle.repro 收件人=/Volumes/nvme/Projects/远程Agent安卓::remote-agent-android/sampler-test-luna2 席位=sampler-test-luna2 attempt=att-t.baseline-bundle.repro-seq1-t1787594275571 delivery=del-t.baseline-bundle.repro-seq1-t1787594275571 等席位预算=3600s 来源=任务 seat_wait_seconds
[ledger-run 2026-08-24T17:57:55Z] 投递回执 send-ok | task=t.baseline-bundle.repro case_id=ledger_baseline-bundle_successor_v1__t.baseline-bundle.repro__r1 message_id=msg_a596d3688cf0 —— 回执成功≠席位收到，下一步查收件箱确认落地
[ledger-run 2026-08-24T17:57:55Z] 派单落地 dispatch-landed | task=t.baseline-bundle.repro 席位 sampler-test-luna2 的收件箱已多出这条派单
[ledger-run 2026-08-24T17:57:55Z] 等待 wait | task=t.baseline-bundle.repro 在等的 key（case_id）=ledger_baseline-bundle_successor_v1__t.baseline-bundle.repro__r1 team=remote-agent-android 预算=3600s 来源=任务 seat_wait_seconds
[ledger-run 2026-08-24T18:13:03Z] 已唤醒 wait-signaled | task=t.baseline-bundle.repro 等到结果了
[ledger-run 2026-08-24T18:13:03Z] 判据 acceptance | task=t.baseline-bundle.repro 在跑 required=["M.baseline-bundle.repro", "M.baseline-bundle.repro-regression"]
[ledger-run 2026-08-24T18:13:04Z] 判据失败诊断 acceptance-diagnostic | task=t.baseline-bundle.repro 判据 M.baseline-bundle.repro 失败：exit_code=1 (期望 0) cwd=/Volumes/nvme/Projects/远程Agent安卓/.worktrees/wt-bundle-core argv=["/bin/sh", ".team/ledgers/acceptance/baseline-bundle-repro.sh"] error=exit_code_mismatch: expected 0, observed 1 stderr(末20行)=
FAIL baseline-bundle-repro: REPRO.md omits recover_exact_artifact
[ledger-run 2026-08-24T18:13:04Z] 判据失败诊断 acceptance-diagnostic | task=t.baseline-bundle.repro 判据 M.baseline-bundle.repro-regression 失败：exit_code=127 (期望 0) cwd=/Volumes/nvme/Projects/远程Agent安卓/.worktrees/wt-bundle-core argv=["/bin/sh", ".team/ledgers/acceptance/baseline-bundle-repro-regression.sh"] error=exit_code_mismatch: expected 0, observed 127 stderr(末20行)=
/bin/sh: .team/ledgers/acceptance/baseline-bundle-repro-regression.sh: No such file or directory
[ledger-run 2026-08-24T18:13:04Z] 原子写回 writeback-atomic | task=t.baseline-bundle.repro 判据失败诊断落进 attempts[] → 临时文件+rename 已落盘（revision=1 hash=e3d31ed5643fa9b9）——中途死也不会留下半份账本，进度不会全废
[ledger-run 2026-08-24T18:13:04Z] 状态变坏 notify-bad-state | task=t.baseline-bundle.repro 不可判 停机通知：已投递
[ledger-run 2026-08-24T18:13:04Z] 判据不可判 acceptance-unjudgeable | task=t.baseline-bundle.repro 判据自己跑不起来（命令不存在/判据超时）——不是活坏，记不可判；停机通知：已投递
[ledger-run 2026-08-24T18:13:04Z] 停机 halt | 第 1 轮零进展（没有任何任务写回）：前沿不会自己变，继续转只会重发同一条派单——停下来交人
[ledger-run 2026-08-24T18:13:04Z] 收工 finish | 停机原因=AwaitingHuman 写回=[] 冻结=[] 不可判=["t.baseline-bundle.repro"] 墙钟已跑 910s
[ledger-run 2026-08-24T18:13:04Z] 通知 notify-begin | 正在把停机原因发给 leader（--team 取自账本 roles[].seat.team）
[ledger-run 2026-08-24T18:13:04Z] 通知 notify-done | 停机通知已投递（投递结果不静默丢弃）
{"ok":true,"ledger_id":"ledger.baseline-bundle.successor.v1","revision_before":1,"revision_after":1,"wrote_back":[],"unjudgeable":["t.baseline-bundle.repro"],"frozen":[],"preflight_rejected":false,"awaiting_human":false,"idle_reason":null,"notices_sent":["ledger_id: ledger.baseline-bundle.successor.v1 | revision: 1 | 停机原因: AwaitingHuman | 最后失败判据: task=t.baseline-bundle.repro revision=1 不可判 acceptance_id=[M.baseline-bundle.repro,M.baseline-bundle.repro-regression] 判据 M.baseline-bundle.repro 失败：exit_code=1 (期望 0) cwd=/Volumes/nvme/Projects/远程Agent安卓/.worktrees/wt-bundle-core argv=[\"/bin/sh\", \".team/ledgers/acceptance/baseline-bundle-repro.sh\"] error=exit_code_mismatch: expected 0, observed 1 | 各任务终态: t.baseline-bundle.final=Planned, t.baseline-bundle.impl=Planned, t.baseline-bundle.measure=Planned, t.baseline-bundle.migrate=Planned, t.baseline-bundle.probe=Planned, t.baseline-bundle.repro=Planned, t.baseline-bundle.test=Planned, t.baseline-bundle.user-gate=Planned, t.baseline-bundle.verify=Planned","ledger_id: ledger.baseline-bundle.successor.v1 | revision: 1 | 停机原因: AwaitingHuman | 最后失败判据: t.baseline-bundle.repro：判据 M.baseline-bundle.repro 失败：exit_code=1 (期望 0) cwd=/Volumes/nvme/Projects/远程Agent安卓/.worktrees/wt-bundle-core argv=[\"/bin/sh\", \".team/ledgers/acceptance/baseline-bundle-repro.sh\"] error=exit_code_mismatch: expected 0, observed 1（stderr 末20行见账本 tasks.t.baseline-bundle.repro.attempts[].artifact_refs） ｜ t.baseline-bundle.repro：判据 M.baseline-bundle.repro-regression 失败：exit_code=127 (期望 0) cwd=/Volumes/nvme/Projects/远程Agent安卓/.worktrees/wt-bundle-core argv=[\"/bin/sh\", \".team/ledgers/acceptance/baseline-bundle-repro-regression.sh\"] error=exit_code_mismatch: expected 0, observed 127（stderr 末20行见账本 tasks.t.baseline-bundle.repro.attempts[].artifact_refs） ｜ 不可判（判据自己跑不起来 / 没等到信号，不是活坏）: t.baseline-bundle.repro ｜ 未干完的任务（非 Succeeded）: t.baseline-bundle.final=Planned, t.baseline-bundle.impl=Planned, t.baseline-bundle.measure=Planned, t.baseline-bundle.migrate=Planned, t.baseline-bundle.probe=Planned, t.baseline-bundle.repro=Planned, t.baseline-bundle.test=Planned, t.baseline-bundle.user-gate=Planned, t.baseline-bundle.verify=Planned | 各任务终态: t.baseline-bundle.final=Planned, t.baseline-bundle.impl=Planned, t.baseline-bundle.measure=Planned, t.baseline-bundle.migrate=Planned, t.baseline-bundle.probe=Planned, t.baseline-bundle.repro=Planned, t.baseline-bundle.test=Planned, t.baseline-bundle.user-gate=Planned, t.baseline-bundle.verify=Planned"],"notice_undelivered":null}
