[ledger-run 2026-08-25T01:11:09Z] 开工 start | ledger_id=ledger.baseline-bundle.successor6.v1 revision=1 账本=/Volumes/nvme/Projects/远程Agent安卓/.team/ledgers/baseline-bundle-successor6-v1.json 墙钟上限=115200s 派单死线=90s
[ledger-run 2026-08-25T01:11:29Z] 轮次 round | 第 1 轮开始：前沿 ["t.baseline-bundle.repro"]（墙钟已跑 20s / 上限 115200s）
[ledger-run 2026-08-25T01:11:29Z] 派单 dispatch | task=t.baseline-bundle.repro 收件人=/Volumes/nvme/Projects/远程Agent安卓::remote-agent-android/sampler-test-luna2 席位=sampler-test-luna2 attempt=att-t.baseline-bundle.repro-seq1-t1787620289744 delivery=del-t.baseline-bundle.repro-seq1-t1787620289744 等席位预算=3600s 来源=任务 seat_wait_seconds
[ledger-run 2026-08-25T01:11:29Z] 投递回执 send-ok | task=t.baseline-bundle.repro case_id=ledger_baseline-bundle_successor6_v1__t.baseline-bundle.repro__r1 message_id=msg_feb4b8495498 —— 回执成功≠席位收到，下一步查收件箱确认落地
[ledger-run 2026-08-25T01:11:29Z] 派单落地 dispatch-landed | task=t.baseline-bundle.repro 席位 sampler-test-luna2 的收件箱已多出这条派单
[ledger-run 2026-08-25T01:11:29Z] 等待 wait | task=t.baseline-bundle.repro 在等的 key（case_id）=ledger_baseline-bundle_successor6_v1__t.baseline-bundle.repro__r1 team=remote-agent-android 预算=3600s 来源=任务 seat_wait_seconds
[ledger-run 2026-08-25T01:14:17Z] 已唤醒 wait-signaled | task=t.baseline-bundle.repro 等到结果了
[ledger-run 2026-08-25T01:14:17Z] 判据 acceptance | task=t.baseline-bundle.repro 在跑 required=["M.baseline-bundle.repro", "M.baseline-bundle.repro-regression"]
[ledger-run 2026-08-25T01:14:18Z] 判据通过留档 acceptance-success | task=t.baseline-bundle.repro 成功 attempt 落进 attempts[] writeback_revision=2 passed=["M.baseline-bundle.repro", "M.baseline-bundle.repro-regression"]
[ledger-run 2026-08-25T01:14:18Z] 原子写回 writeback-atomic | task=t.baseline-bundle.repro state=succeeded + revision+1 → 临时文件+rename 已落盘（revision=2 hash=801b02db2b52a05d）——中途死也不会留下半份账本，进度不会全废
[ledger-run 2026-08-25T01:14:18Z] 写回 writeback | task=t.baseline-bundle.repro state=succeeded revision=1 → 2
[ledger-run 2026-08-25T01:14:18Z] 轮次 round | 第 2 轮开始：前沿 ["t.baseline-bundle.impl", "t.baseline-bundle.probe", "t.baseline-bundle.test"]（墙钟已跑 189s / 上限 115200s）
[ledger-run 2026-08-25T01:14:18Z] 派单 dispatch | task=t.baseline-bundle.impl 收件人=/Volumes/nvme/Projects/远程Agent安卓::remote-agent-android/sampler-dev-luna2 席位=sampler-dev-luna2 attempt=att-t.baseline-bundle.impl-seq2-t1787620458942 delivery=del-t.baseline-bundle.impl-seq2-t1787620458942 等席位预算=10800s 来源=任务 seat_wait_seconds
[ledger-run 2026-08-25T01:14:19Z] 投递回执 send-ok | task=t.baseline-bundle.impl case_id=ledger_baseline-bundle_successor6_v1__t.baseline-bundle.impl__r2 message_id=msg_c24f1e7b1c70 —— 回执成功≠席位收到，下一步查收件箱确认落地
[ledger-run 2026-08-25T01:14:19Z] 派单落地 dispatch-landed | task=t.baseline-bundle.impl 席位 sampler-dev-luna2 的收件箱已多出这条派单
[ledger-run 2026-08-25T01:14:19Z] 派单 dispatch | task=t.baseline-bundle.probe 收件人=/Volumes/nvme/Projects/远程Agent安卓::remote-agent-android/sampler-review-luna2 席位=sampler-review-luna2 attempt=att-t.baseline-bundle.probe-seq3-t1787620459224 delivery=del-t.baseline-bundle.probe-seq3-t1787620459224 等席位预算=3600s 来源=任务 seat_wait_seconds
[ledger-run 2026-08-25T01:14:19Z] 投递回执 send-ok | task=t.baseline-bundle.probe case_id=ledger_baseline-bundle_successor6_v1__t.baseline-bundle.probe__r2 message_id=msg_c2d22ee6b588 —— 回执成功≠席位收到，下一步查收件箱确认落地
[ledger-run 2026-08-25T01:14:19Z] 派单落地 dispatch-landed | task=t.baseline-bundle.probe 席位 sampler-review-luna2 的收件箱已多出这条派单
[ledger-run 2026-08-25T01:14:19Z] 派单 dispatch | task=t.baseline-bundle.test 收件人=/Volumes/nvme/Projects/远程Agent安卓::remote-agent-android/sampler-test-luna2 席位=sampler-test-luna2 attempt=att-t.baseline-bundle.test-seq4-t1787620459494 delivery=del-t.baseline-bundle.test-seq4-t1787620459494 等席位预算=3600s 来源=任务 seat_wait_seconds
[ledger-run 2026-08-25T01:14:19Z] 投递回执 send-ok | task=t.baseline-bundle.test case_id=ledger_baseline-bundle_successor6_v1__t.baseline-bundle.test__r2 message_id=msg_c2a03f4857d8 —— 回执成功≠席位收到，下一步查收件箱确认落地
[ledger-run 2026-08-25T01:14:19Z] 派单落地 dispatch-landed | task=t.baseline-bundle.test 席位 sampler-test-luna2 的收件箱已多出这条派单
[ledger-run 2026-08-25T01:14:19Z] 等待 wait | task=t.baseline-bundle.impl 在等的 key（case_id）=ledger_baseline-bundle_successor6_v1__t.baseline-bundle.impl__r2 team=remote-agent-android 预算=10800s 来源=任务 seat_wait_seconds
[ledger-run 2026-08-25T01:24:17Z] 已唤醒 wait-signaled | task=t.baseline-bundle.impl 等到结果了
[ledger-run 2026-08-25T01:24:17Z] 判据 acceptance | task=t.baseline-bundle.impl 在跑 required=["M.baseline-bundle.successor6-impl", "M.baseline-bundle.successor6-bypass"]
[ledger-run 2026-08-25T01:24:32Z] 判据通过留档 acceptance-success | task=t.baseline-bundle.impl 成功 attempt 落进 attempts[] writeback_revision=3 passed=["M.baseline-bundle.successor6-impl", "M.baseline-bundle.successor6-bypass"]
[ledger-run 2026-08-25T01:24:32Z] 原子写回 writeback-atomic | task=t.baseline-bundle.impl state=succeeded + revision+1 → 临时文件+rename 已落盘（revision=3 hash=5a9ad2551cab0b53）——中途死也不会留下半份账本，进度不会全废
[ledger-run 2026-08-25T01:24:32Z] 写回 writeback | task=t.baseline-bundle.impl state=succeeded revision=2 → 3
[ledger-run 2026-08-25T01:24:32Z] 等待 wait | task=t.baseline-bundle.probe 在等的 key（case_id）=ledger_baseline-bundle_successor6_v1__t.baseline-bundle.probe__r2 team=remote-agent-android 预算=3600s 来源=任务 seat_wait_seconds
[ledger-run 2026-08-25T01:24:32Z] 已唤醒 wait-signaled | task=t.baseline-bundle.probe 等到结果了
[ledger-run 2026-08-25T01:24:32Z] 判据 acceptance | task=t.baseline-bundle.probe 在跑 required=["M.baseline-bundle.successor6-probe"]
[ledger-run 2026-08-25T01:24:48Z] 判据通过留档 acceptance-success | task=t.baseline-bundle.probe 成功 attempt 落进 attempts[] writeback_revision=4 passed=["M.baseline-bundle.successor6-probe"]
[ledger-run 2026-08-25T01:24:48Z] 原子写回 writeback-atomic | task=t.baseline-bundle.probe state=succeeded + revision+1 → 临时文件+rename 已落盘（revision=4 hash=ae521af51f6f931a）——中途死也不会留下半份账本，进度不会全废
[ledger-run 2026-08-25T01:24:48Z] 写回 writeback | task=t.baseline-bundle.probe state=succeeded revision=3 → 4
[ledger-run 2026-08-25T01:24:48Z] 等待 wait | task=t.baseline-bundle.test 在等的 key（case_id）=ledger_baseline-bundle_successor6_v1__t.baseline-bundle.test__r2 team=remote-agent-android 预算=3600s 来源=任务 seat_wait_seconds
[ledger-run 2026-08-25T01:24:48Z] 已唤醒 wait-signaled | task=t.baseline-bundle.test 等到结果了
[ledger-run 2026-08-25T01:24:48Z] 判据 acceptance | task=t.baseline-bundle.test 在跑 required=["M.baseline-bundle.successor6-test"]
[ledger-run 2026-08-25T01:25:03Z] 判据通过留档 acceptance-success | task=t.baseline-bundle.test 成功 attempt 落进 attempts[] writeback_revision=5 passed=["M.baseline-bundle.successor6-test"]
[ledger-run 2026-08-25T01:25:03Z] 原子写回 writeback-atomic | task=t.baseline-bundle.test state=succeeded + revision+1 → 临时文件+rename 已落盘（revision=5 hash=53395701d7c06ca1）——中途死也不会留下半份账本，进度不会全废
[ledger-run 2026-08-25T01:25:03Z] 写回 writeback | task=t.baseline-bundle.test state=succeeded revision=4 → 5
[ledger-run 2026-08-25T01:25:03Z] 轮次 round | 第 3 轮开始：前沿 ["t.baseline-bundle.verify"]（墙钟已跑 833s / 上限 115200s）
[ledger-run 2026-08-25T01:25:03Z] 派单 dispatch | task=t.baseline-bundle.verify 收件人=/Volumes/nvme/Projects/远程Agent安卓::remote-agent-android/sampler-review-luna2 席位=sampler-review-luna2 attempt=att-t.baseline-bundle.verify-seq5-t1787621103510 delivery=del-t.baseline-bundle.verify-seq5-t1787621103510 等席位预算=7200s 来源=任务 seat_wait_seconds
[ledger-run 2026-08-25T01:25:03Z] 投递回执 send-ok | task=t.baseline-bundle.verify case_id=ledger_baseline-bundle_successor6_v1__t.baseline-bundle.verify__r5 message_id=msg_34da313b8cf0 —— 回执成功≠席位收到，下一步查收件箱确认落地
[ledger-run 2026-08-25T01:25:03Z] 派单落地 dispatch-landed | task=t.baseline-bundle.verify 席位 sampler-review-luna2 的收件箱已多出这条派单
[ledger-run 2026-08-25T01:25:03Z] 等待 wait | task=t.baseline-bundle.verify 在等的 key（case_id）=ledger_baseline-bundle_successor6_v1__t.baseline-bundle.verify__r5 team=remote-agent-android 预算=7200s 来源=任务 seat_wait_seconds
[ledger-run 2026-08-25T01:31:29Z] 已唤醒 wait-signaled | task=t.baseline-bundle.verify 等到结果了
[ledger-run 2026-08-25T01:31:29Z] 判据 acceptance | task=t.baseline-bundle.verify 在跑 required=["M.baseline-bundle.successor6-verify", "M.baseline-bundle.successor6-verify-bypass"]
[ledger-run 2026-08-25T01:31:45Z] 判据失败诊断 acceptance-diagnostic | task=t.baseline-bundle.verify 判据 M.baseline-bundle.successor6-verify 失败：exit_code=2 (期望 0) cwd=/Volumes/nvme/Projects/远程Agent安卓/.worktrees/wt-maple-core argv=["/bin/sh", ".team/ledgers/acceptance/baseline-bundle-successor6-verify.sh"] error=exit_code_mismatch: expected 0, observed 2 stderr(末20行)=
UNJUDGEABLE baseline-bundle-successor6-verify: independent verifier could not judge
[ledger-run 2026-08-25T01:31:45Z] 原子写回 writeback-atomic | task=t.baseline-bundle.verify 判据失败诊断落进 attempts[] → 临时文件+rename 已落盘（revision=5 hash=d629ead8c75ec1d6）——中途死也不会留下半份账本，进度不会全废
[ledger-run 2026-08-25T01:31:45Z] 状态变坏 notify-bad-state | task=t.baseline-bundle.verify 不可判 停机通知：已投递
[ledger-run 2026-08-25T01:31:45Z] 判据不可判 acceptance-unjudgeable | task=t.baseline-bundle.verify 判据自己跑不起来（命令不存在/判据超时）——不是活坏，记不可判；停机通知：已投递
[ledger-run 2026-08-25T01:31:45Z] 停机 halt | 第 3 轮零进展（没有任何任务写回）：前沿不会自己变，继续转只会重发同一条派单——停下来交人
[ledger-run 2026-08-25T01:31:45Z] 收工 finish | 停机原因=AwaitingHuman 写回=["t.baseline-bundle.repro", "t.baseline-bundle.impl", "t.baseline-bundle.probe", "t.baseline-bundle.test"] 冻结=[] 不可判=["t.baseline-bundle.verify"] 墙钟已跑 1235s
[ledger-run 2026-08-25T01:31:45Z] 通知 notify-begin | 正在把停机原因发给 leader（--team 取自账本 roles[].seat.team）
[ledger-run 2026-08-25T01:31:45Z] 通知 notify-done | 停机通知已投递（投递结果不静默丢弃）
{"ok":true,"ledger_id":"ledger.baseline-bundle.successor6.v1","revision_before":1,"revision_after":5,"wrote_back":["t.baseline-bundle.repro","t.baseline-bundle.impl","t.baseline-bundle.probe","t.baseline-bundle.test"],"unjudgeable":["t.baseline-bundle.verify"],"frozen":[],"preflight_rejected":false,"awaiting_human":false,"idle_reason":null,"notices_sent":["ledger_id: ledger.baseline-bundle.successor6.v1 | revision: 5 | 停机原因: AwaitingHuman | 最后失败判据: task=t.baseline-bundle.verify revision=5 不可判 acceptance_id=[M.baseline-bundle.successor6-verify] 判据 M.baseline-bundle.successor6-verify 失败：exit_code=2 (期望 0) cwd=/Volumes/nvme/Projects/远程Agent安卓/.worktrees/wt-maple-core argv=[\"/bin/sh\", \".team/ledgers/acceptance/baseline-bundle-successor6-verify.sh\"] error=exit_code_mismatch: expected 0, observed 2 | 各任务终态: t.baseline-bundle.final=Planned, t.baseline-bundle.impl=Succeeded, t.baseline-bundle.measure=Planned, t.baseline-bundle.migrate=Planned, t.baseline-bundle.probe=Succeeded, t.baseline-bundle.repro=Succeeded, t.baseline-bundle.test=Succeeded, t.baseline-bundle.user-gate=Planned, t.baseline-bundle.verify=Planned","ledger_id: ledger.baseline-bundle.successor6.v1 | revision: 5 | 停机原因: AwaitingHuman | 最后失败判据: t.baseline-bundle.verify：判据 M.baseline-bundle.successor6-verify 失败：exit_code=2 (期望 0) cwd=/Volumes/nvme/Projects/远程Agent安卓/.worktrees/wt-maple-core argv=[\"/bin/sh\", \".team/ledgers/acceptance/baseline-bundle-successor6-verify.sh\"] error=exit_code_mismatch: expected 0, observed 2（stderr 末20行见账本 tasks.t.baseline-bundle.verify.attempts[].artifact_refs） ｜ 不可判（判据自己跑不起来 / 没等到信号，不是活坏）: t.baseline-bundle.verify ｜ 未干完的任务（非 Succeeded）: t.baseline-bundle.final=Planned, t.baseline-bundle.measure=Planned, t.baseline-bundle.migrate=Planned, t.baseline-bundle.user-gate=Planned, t.baseline-bundle.verify=Planned | 各任务终态: t.baseline-bundle.final=Planned, t.baseline-bundle.impl=Succeeded, t.baseline-bundle.measure=Planned, t.baseline-bundle.migrate=Planned, t.baseline-bundle.probe=Succeeded, t.baseline-bundle.repro=Succeeded, t.baseline-bundle.test=Succeeded, t.baseline-bundle.user-gate=Planned, t.baseline-bundle.verify=Planned"],"notice_undelivered":null}
