[ledger-run 2026-08-25T05:53:13Z] 开工 start | ledger_id=ledger.baseline-bundle.successor8.v1 revision=1 账本=/Volumes/nvme/Projects/远程Agent安卓/.team/ledgers/baseline-bundle-successor8-v1.json 墙钟上限=101400s 派单死线=90s
[ledger-run 2026-08-25T05:53:13Z] 轮次 round | 第 1 轮开始：前沿 ["t.baseline-bundle.apparatus-probe-consume", "t.baseline-bundle.apparatus-test-consume", "t.baseline-bundle.continuity-consume"]（墙钟已跑 0s / 上限 101400s）
[ledger-run 2026-08-25T05:53:14Z] 命令执行 command-exec | task=t.baseline-bundle.apparatus-probe-consume attempt=cmd-ledger.baseline-bundle.successor8.v1-t.baseline-bundle.apparatus-probe-consume-r1 cwd=/Volumes/nvme/Projects/远程Agent安卓/.worktrees/wt-s7-orbit argv=["/bin/sh", ".team/ledgers/acceptance/baseline-bundle-successor7-probe.sh"] budget=600s
[ledger-run 2026-08-25T05:53:14Z] 命令执行 command-exec | task=t.baseline-bundle.apparatus-test-consume attempt=cmd-ledger.baseline-bundle.successor8.v1-t.baseline-bundle.apparatus-test-consume-r1 cwd=/Volumes/nvme/Projects/远程Agent安卓/.worktrees/wt-s7-cedar argv=["/bin/sh", ".team/ledgers/acceptance/baseline-bundle-successor7-test.sh"] budget=600s
[ledger-run 2026-08-25T05:54:07Z] 命令执行 command-exec | task=t.baseline-bundle.continuity-consume attempt=cmd-ledger.baseline-bundle.successor8.v1-t.baseline-bundle.continuity-consume-r1 cwd=/Volumes/nvme/Projects/远程Agent安卓/.worktrees/wt-maple-core argv=["/bin/sh", ".team/ledgers/acceptance/baseline-bundle-successor7-continuity.sh"] budget=300s
[ledger-run 2026-08-25T05:54:08Z] 原子写回 writeback-atomic | task=t.baseline-bundle.apparatus-probe-consume command outcome + attempt → 临时文件+rename 已落盘（revision=2 hash=6b7e03f5cc7bc4c9）——中途死也不会留下半份账本，进度不会全废
[ledger-run 2026-08-25T05:54:08Z] 命令通过 command-success | task=t.baseline-bundle.apparatus-probe-consume attempt=cmd-ledger.baseline-bundle.successor8.v1-t.baseline-bundle.apparatus-probe-consume-r1 state=succeeded
[ledger-run 2026-08-25T05:54:08Z] 原子写回 writeback-atomic | task=t.baseline-bundle.apparatus-test-consume command outcome + attempt → 临时文件+rename 已落盘（revision=3 hash=004c670a9665bd1a）——中途死也不会留下半份账本，进度不会全废
[ledger-run 2026-08-25T05:54:08Z] 命令通过 command-success | task=t.baseline-bundle.apparatus-test-consume attempt=cmd-ledger.baseline-bundle.successor8.v1-t.baseline-bundle.apparatus-test-consume-r2 state=succeeded
[ledger-run 2026-08-25T05:54:08Z] 原子写回 writeback-atomic | task=t.baseline-bundle.continuity-consume command outcome + attempt → 临时文件+rename 已落盘（revision=4 hash=9477a9d0d4281d6e）——中途死也不会留下半份账本，进度不会全废
[ledger-run 2026-08-25T05:54:08Z] 命令通过 command-success | task=t.baseline-bundle.continuity-consume attempt=cmd-ledger.baseline-bundle.successor8.v1-t.baseline-bundle.continuity-consume-r3 state=succeeded
[ledger-run 2026-08-25T05:54:08Z] 轮次 round | 第 2 轮开始：前沿 ["t.baseline-bundle.apparatus"]（墙钟已跑 55s / 上限 101400s）
[ledger-run 2026-08-25T05:54:08Z] 命令执行 command-exec | task=t.baseline-bundle.apparatus attempt=cmd-ledger.baseline-bundle.successor8.v1-t.baseline-bundle.apparatus-r4 cwd=/Volumes/nvme/Projects/远程Agent安卓/.worktrees/wt-maple-core argv=["/bin/sh", ".team/ledgers/acceptance/baseline-bundle-successor7-owned-emulator.sh"] budget=7200s
[ledger-run 2026-08-25T05:54:24Z] 原子写回 writeback-atomic | task=t.baseline-bundle.apparatus command outcome + attempt → 临时文件+rename 已落盘（revision=4 hash=4054de60a0e78689）——中途死也不会留下半份账本，进度不会全废
[ledger-run 2026-08-25T05:54:24Z] 命令不可判 command-unjudgeable | task=t.baseline-bundle.apparatus attempt=cmd-ledger.baseline-bundle.successor8.v1-t.baseline-bundle.apparatus-r4 未形成 Work 成败；停机，不重投
[ledger-run 2026-08-25T05:54:24Z] 停机 halt | 第 2 轮零进展（没有任何任务写回）：前沿不会自己变，继续转只会重发同一条派单——停下来交人
[ledger-run 2026-08-25T05:54:24Z] 收工 finish | 停机原因=AwaitingHuman 写回=["t.baseline-bundle.apparatus-probe-consume", "t.baseline-bundle.apparatus-test-consume", "t.baseline-bundle.continuity-consume"] 冻结=[] 不可判=["t.baseline-bundle.apparatus"] 墙钟已跑 71s
[ledger-run 2026-08-25T05:54:24Z] 通知 notify-begin | 正在把停机原因发给 leader（--team 取自账本 roles[].seat.team）
[ledger-run 2026-08-25T05:54:24Z] 通知 notify-done | 停机通知已投递（投递结果不静默丢弃）
{"ok":true,"ledger_id":"ledger.baseline-bundle.successor8.v1","revision_before":1,"revision_after":4,"wrote_back":["t.baseline-bundle.apparatus-probe-consume","t.baseline-bundle.apparatus-test-consume","t.baseline-bundle.continuity-consume"],"unjudgeable":["t.baseline-bundle.apparatus"],"frozen":[],"preflight_rejected":false,"awaiting_human":false,"idle_reason":null,"notices_sent":["ledger_id: ledger.baseline-bundle.successor8.v1 | revision: 4 | 停机原因: AwaitingHuman | 最后失败判据: t.baseline-bundle.apparatus：判据 command 失败：exit_code=2 (期望 0) cwd=/Volumes/nvme/Projects/远程Agent安卓/.worktrees/wt-maple-core argv=[\"/bin/sh\", \".team/ledgers/acceptance/baseline-bundle-successor7-owned-emulator.sh\"] error=exit_code_mismatch: expected 0, observed 2（stderr 末20行见账本 tasks.t.baseline-bundle.apparatus.attempts[].artifact_refs） ｜ 不可判（判据自己跑不起来 / 没等到信号，不是活坏）: t.baseline-bundle.apparatus ｜ 未干完的任务（非 Succeeded）: t.baseline-bundle.apparatus=Planned, t.baseline-bundle.final=Planned, t.baseline-bundle.measure=Planned, t.baseline-bundle.migrate=Planned, t.baseline-bundle.user-gate=Planned, t.baseline-bundle.verify=Planned | 各任务终态: t.baseline-bundle.apparatus=Planned, t.baseline-bundle.apparatus-probe-consume=Succeeded, t.baseline-bundle.apparatus-test-consume=Succeeded, t.baseline-bundle.continuity-consume=Succeeded, t.baseline-bundle.final=Planned, t.baseline-bundle.measure=Planned, t.baseline-bundle.migrate=Planned, t.baseline-bundle.user-gate=Planned, t.baseline-bundle.verify=Planned"],"notice_undelivered":null}
