2026-08-20T22:10:27.445 [lifecycle] ON_CREATE
2026-08-20T22:10:27.537 [ws] conn state STOPPED → CONNECTING
2026-08-20T22:10:27.560 [lifecycle] ON_START
2026-08-20T22:10:27.580 [ws] conn state CONNECTING → AUTHENTICATING
2026-08-20T22:10:27.669 [ws] conn state AUTHENTICATING → READY
2026-08-20T22:10:27.850 [refresh] applyListing seq=50 workspaces=6 refreshing_prev=false refreshing_next=false
2026-08-20T22:10:27.851 [refresh] applyListing seq=50 workspaces=6 refreshing_prev=false refreshing_next=false
2026-08-20T22:10:28.333 [refresh] enterLevel1 list cached=6 first_frame=already refreshing_prev=false refreshing_next=false
2026-08-20T22:10:28.406 [refresh] applyListing seq=50 workspaces=6 refreshing_prev=false refreshing_next=false
2026-08-20T22:10:31.819 [refresh] enterLevel2 subscribe cwd=/Users/alauda/Documents/code/agent前沿探索/多agent协作 painted=0 cached=0
2026-08-20T22:10:31.835 [refresh] refresh() refreshing_prev=false refreshing_next=true cached=6
2026-08-20T22:10:31.876 [level2] applyLevel2 src=level2-push workspace=/Users/alauda/Documents/code/agent前沿探索/多agent协作 seq=271 subscribed=/Users/alauda/Documents/code/agent前沿探索/多agent协作 incoming=8 publish=true statuses=x-501/ta-a9fd5b7defbd%0:<none>->idle,x-501/ta-a9fd5b7defbd%1:<none>->idle,x-501/ta-a9fd5b7defbd%2:<none>->idle,x-501/ta-a9fd5b7defbd%3:<none>->idle,x-501/ta-a9fd5b7defbd%4:<none>->idle,x-501/ta-a9fd5b7defbd%5:<none>->idle,x-501/ta-a9fd5b7defbd%6:<none>->idle,x-501/ta-a9fd5b7defbd%9:<none>->idle
2026-08-20T22:10:31.930 [refresh] applyListing seq=50 workspaces=6 refreshing_prev=false refreshing_next=false
2026-08-20T22:10:35.495 [view-menu] viewMenuSource current_ref=/tmp/tmux-501/ta-a9fd5b7defbd%0 current_ws=/Users/alauda/Documents/code/agent前沿探索/多agent协作 current_socket=/tmp/tmux-501/ta-a9fd5b7defbd overlay_ws=/Users/alauda/Documents/code/agent前沿探索/多agent协作 overlay_socket=/tmp/tmux-501/ta-a9fd5b7defbd last_published_ws=/Users/alauda/Documents/code/agent前沿探索/多agent协作 sessions=8 source_match=true singleton_mismatch=false
2026-08-20T22:10:35.498 [term-geom] source=subscribe cache=miss reason=dpi rows=40 cols=120 fontSp=14 densityDpi=480 cachedRows=47 cachedCols=52 cachedFontSp=14 cachedDpi=440 fallbackRows=40 fallbackCols=120
2026-08-20T22:10:35.521 [term-theme] raw=vesper catalogHit=true slot=light
2026-08-20T22:10:35.522 [term-theme] raw=vesper catalogHit=true slot=dark
2026-08-20T22:10:35.552 [term-theme] raw=vesper catalogHit=true slot=light
2026-08-20T22:10:35.553 [term-theme] raw=vesper catalogHit=true slot=dark
2026-08-20T22:10:35.613 [term-bg-remap] source=theme-chrome night=false defaultBg=0xff101010 ansi0=0xff101010 userBlock=0xffe6f5f2 paperLuma=16 ansi0Luma=16 blockLuma=240 verdict=PAPER_EQ_ANSI0
2026-08-20T22:10:35.617 [viewport] source=windowVisibility visibility=0 width=0 height=0
2026-08-20T22:10:35.638 [view-menu] viewMenuSource current_ref=/tmp/tmux-501/ta-a9fd5b7defbd%0 current_ws=/Users/alauda/Documents/code/agent前沿探索/多agent协作 current_socket=/tmp/tmux-501/ta-a9fd5b7defbd overlay_ws=/Users/alauda/Documents/code/agent前沿探索/多agent协作 overlay_socket=/tmp/tmux-501/ta-a9fd5b7defbd last_published_ws=/Users/alauda/Documents/code/agent前沿探索/多agent协作 sessions=8 source_match=true singleton_mismatch=false
2026-08-20T22:10:35.638 [session-live] enterSessionLive src=session-route ref=/tmp/tmux-501/ta-a9fd5b7defbd%0 resolved_ws=/Users/alauda/Documents/code/agent前沿探索/多agent协作 hint_ws=/Users/alauda/Documents/code/agent前沿探索/多agent协作 use_ws=/Users/alauda/Documents/code/agent前沿探索/多agent协作 subscribed=/Users/alauda/Documents/code/agent前沿探索/多agent协作 already=true cache_sessions=8 will_subscribe=false
2026-08-20T22:10:35.713 [viewport] source=onViewportSizeChanged oldW=0 oldH=0 newW=1200 newH=2099 viewportSeeded=false emulatorRows=40 emulatorCols=120
2026-08-20T22:10:35.715 [reflow] resize sent rows=42 cols=48 reason=user ok=true bookkept_rows=42 bookkept_cols=48
2026-08-20T22:10:35.717 [grid] viewport_width_px=1200 cell_width_nominal=25 cell_width_measured=25 reported_cols=48 canvas_capacity_cols=48 overflow_px=0 half_cell_px=12.5
2026-08-20T22:10:35.718 [viewport] source=onViewportSizeChanged result resized=true outgrewGuard=false candidateRows=42 candidateCols=48 emulatorRows=42 emulatorCols=48
2026-08-20T22:10:35.719 [term-geom] source=persist rows=42 cols=48 cellW=25 cellH=49 fontSp=14 viewW=1236 viewH=2099 densityDpi=480
2026-08-20T22:10:35.723 [term-left-edge] source=onDraw contentLeft=18 col0Origin=18 cellW=25 viewW=1236 verdict=OK ×3
2026-08-20T22:10:35.758 [term-draw] source=onDraw n=0 dt_us_avg=0 dt_us_p50=0 dt_us_p95=0 dt_us_last=35222 dt_super_us_avg=0 dt_super_us_p95=0 dt_super_us_last=3 dt_body_us_avg=0 dt_body_us_p95=0 dt_body_us_last=35213 dt_clear_us_avg=0 dt_clear_us_p95=0 dt_clear_us_last=11 dt_lines_us_avg=0 dt_lines_us_p95=0 dt_lines_us_last=35184 dt_chrome_us_last=18 dt_lock_us=-1 dt_post_us=-1 surface=view rows=42 cols=48 cellW=25 cellH=49 bgRect=1 textDraw=42 measureText=0 geomRect=0 dirtyRowsIn=0 drawnRows=42 presenterNull=0 cellsNonBlank=2016 scrollDelta=0 opt=1 skippedEmpty=0 warmupLeft=9 frameTimeNanos=0 t_firstOnDraw=1787235035758 t_firstOnDrawWithCells=1787235035758 t_emit=1787235035758
2026-08-20T22:10:35.772 [reflow] frame cols=48 render cols=48 bookkept_rows=42 emulator_rows=42
2026-08-20T22:10:35.810 [session-lamp] src=level2-push ref=/tmp/tmux-501/ta-a9fd5b7defbd%0 overlay_n=8 hit=true hit_status=idle hit_ref=/tmp/tmux-501/ta-a9fd5b7defbd%0 lamp=Idle eq_ref=true
2026-08-20T22:10:35.940 [level2] applyLevel2 src=level2-push workspace=/Users/alauda/Documents/code/agent前沿探索/多agent协作 seq=282 subscribed=/Users/alauda/Documents/code/agent前沿探索/多agent协作 incoming=8 publish=true statuses=x-501/ta-a9fd5b7defbd%0:idle->idle,x-501/ta-a9fd5b7defbd%1:idle->idle,x-501/ta-a9fd5b7defbd%2:idle->idle,x-501/ta-a9fd5b7defbd%3:idle->idle,x-501/ta-a9fd5b7defbd%4:idle->idle,x-501/ta-a9fd5b7defbd%5:idle->idle,x-501/ta-a9fd5b7defbd%6:idle->idle,x-501/ta-a9fd5b7defbd%9:idle->idle
2026-08-20T22:10:35.991 [view-menu] viewMenuSource current_ref=/tmp/tmux-501/ta-a9fd5b7defbd%0 current_ws=/Users/alauda/Documents/code/agent前沿探索/多agent协作 current_socket=/tmp/tmux-501/ta-a9fd5b7defbd overlay_ws=/Users/alauda/Documents/code/agent前沿探索/多agent协作 overlay_socket=/tmp/tmux-501/ta-a9fd5b7defbd last_published_ws=/Users/alauda/Documents/code/agent前沿探索/多agent协作 sessions=8 source_match=true singleton_mismatch=false
2026-08-20T22:10:35.997 [view-menu] viewMenuSource current_ref=/tmp/tmux-501/ta-a9fd5b7defbd%0 current_ws=/Users/alauda/Documents/code/agent前沿探索/多agent协作 current_socket=/tmp/tmux-501/ta-a9fd5b7defbd overlay_ws=/Users/alauda/Documents/code/agent前沿探索/多agent协作 overlay_socket=/tmp/tmux-501/ta-a9fd5b7defbd last_published_ws=/Users/alauda/Documents/code/agent前沿探索/多agent协作 sessions=8 source_match=true singleton_mismatch=false
2026-08-20T22:10:35.998 [session-live] enterSessionLive src=session-route ref=/tmp/tmux-501/ta-a9fd5b7defbd%0 resolved_ws=/Users/alauda/Documents/code/agent前沿探索/多agent协作 hint_ws=/Users/alauda/Documents/code/agent前沿探索/多agent协作 use_ws=/Users/alauda/Documents/code/agent前沿探索/多agent协作 subscribed=/Users/alauda/Documents/code/agent前沿探索/多agent协作 already=true cache_sessions=8 will_subscribe=false
2026-08-20T22:10:36.002 [session-lamp] src=level2-push ref=/tmp/tmux-501/ta-a9fd5b7defbd%0 overlay_n=8 hit=true hit_status=idle hit_ref=/tmp/tmux-501/ta-a9fd5b7defbd%0 lamp=Idle eq_ref=true
2026-08-20T22:10:44.806 [view-menu] viewMenuSource current_ref=/tmp/tmux-501/ta-a9fd5b7defbd%0 current_ws=/Users/alauda/Documents/code/agent前沿探索/多agent协作 current_socket=/tmp/tmux-501/ta-a9fd5b7defbd overlay_ws=/Users/alauda/Documents/code/agent前沿探索/多agent协作 overlay_socket=/tmp/tmux-501/ta-a9fd5b7defbd last_published_ws=/Users/alauda/Documents/code/agent前沿探索/多agent协作 sessions=8 source_match=true singleton_mismatch=false
2026-08-20T22:10:51.427 [refresh] applyListing seq=50 workspaces=6 refreshing_prev=false refreshing_next=false
2026-08-20T22:10:51.436 [refresh] enterLevel2 subscribe cwd=/Users/alauda/Documents/code/agent前沿探索/多agent协作 painted=8 cached=8
2026-08-20T22:10:51.465 [refresh] refresh() refreshing_prev=false refreshing_next=true cached=6
2026-08-20T22:10:51.491 [level2] applyLevel2 src=level2-push workspace=/Users/alauda/Documents/code/agent前沿探索/多agent协作 seq=292 subscribed=/Users/alauda/Documents/code/agent前沿探索/多agent协作 incoming=8 publish=true statuses=x-501/ta-a9fd5b7defbd%0:idle->idle,x-501/ta-a9fd5b7defbd%1:idle->idle,x-501/ta-a9fd5b7defbd%2:idle->idle,x-501/ta-a9fd5b7defbd%3:idle->idle,x-501/ta-a9fd5b7defbd%4:idle->idle,x-501/ta-a9fd5b7defbd%5:idle->idle,x-501/ta-a9fd5b7defbd%6:idle->idle,x-501/ta-a9fd5b7defbd%9:idle->idle
2026-08-20T22:10:51.508 [view-menu] viewMenuSource current_ref=/tmp/tmux-501/ta-a9fd5b7defbd%0 current_ws=/Users/alauda/Documents/code/agent前沿探索/多agent协作 current_socket=/tmp/tmux-501/ta-a9fd5b7defbd overlay_ws=/Users/alauda/Documents/code/agent前沿探索/多agent协作 overlay_socket=/tmp/tmux-501/ta-a9fd5b7defbd last_published_ws=/Users/alauda/Documents/code/agent前沿探索/多agent协作 sessions=8 source_match=true singleton_mismatch=false
2026-08-20T22:10:51.508 [term-theme] raw=vesper catalogHit=true slot=light
2026-08-20T22:10:51.508 [term-theme] raw=vesper catalogHit=true slot=dark
2026-08-20T22:10:51.526 [view-menu] viewMenuSource current_ref=/tmp/tmux-501/ta-a9fd5b7defbd%0 current_ws=/Users/alauda/Documents/code/agent前沿探索/多agent协作 current_socket=/tmp/tmux-501/ta-a9fd5b7defbd overlay_ws=/Users/alauda/Documents/code/agent前沿探索/多agent协作 overlay_socket=/tmp/tmux-501/ta-a9fd5b7defbd last_published_ws=/Users/alauda/Documents/code/agent前沿探索/多agent协作 sessions=8 source_match=true singleton_mismatch=false
2026-08-20T22:10:51.527 [session-live] enterSessionLive src=session-route ref=/tmp/tmux-501/ta-a9fd5b7defbd%0 resolved_ws=/Users/alauda/Documents/code/agent前沿探索/多agent协作 hint_ws=/Users/alauda/Documents/code/agent前沿探索/多agent协作 use_ws=/Users/alauda/Documents/code/agent前沿探索/多agent协作 subscribed=/Users/alauda/Documents/code/agent前沿探索/多agent协作 already=true cache_sessions=8 will_subscribe=false
2026-08-20T22:10:51.548 [level2] applyLevel2 src=level2-push workspace=/Users/alauda/Documents/code/agent前沿探索/多agent协作 seq=293 subscribed=/Users/alauda/Documents/code/agent前沿探索/多agent协作 incoming=8 publish=true statuses=x-501/ta-a9fd5b7defbd%0:idle->idle,x-501/ta-a9fd5b7defbd%1:idle->idle,x-501/ta-a9fd5b7defbd%2:idle->idle,x-501/ta-a9fd5b7defbd%3:idle->idle,x-501/ta-a9fd5b7defbd%4:idle->idle,x-501/ta-a9fd5b7defbd%5:idle->idle,x-501/ta-a9fd5b7defbd%6:idle->idle,x-501/ta-a9fd5b7defbd%9:idle->idle
2026-08-20T22:10:51.555 [view-menu] viewMenuSource current_ref=/tmp/tmux-501/ta-a9fd5b7defbd%0 current_ws=/Users/alauda/Documents/code/agent前沿探索/多agent协作 current_socket=/tmp/tmux-501/ta-a9fd5b7defbd overlay_ws=/Users/alauda/Documents/code/agent前沿探索/多agent协作 overlay_socket=/tmp/tmux-501/ta-a9fd5b7defbd last_published_ws=/Users/alauda/Documents/code/agent前沿探索/多agent协作 sessions=8 source_match=true singleton_mismatch=false
2026-08-20T22:10:51.564 [view-menu] viewMenuSource current_ref=/tmp/tmux-501/ta-a9fd5b7defbd%0 current_ws=/Users/alauda/Documents/code/agent前沿探索/多agent协作 current_socket=/tmp/tmux-501/ta-a9fd5b7defbd overlay_ws=/Users/alauda/Documents/code/agent前沿探索/多agent协作 overlay_socket=/tmp/tmux-501/ta-a9fd5b7defbd last_published_ws=/Users/alauda/Documents/code/agent前沿探索/多agent协作 sessions=8 source_match=true singleton_mismatch=false
2026-08-20T22:10:51.564 [session-live] enterSessionLive src=session-route ref=/tmp/tmux-501/ta-a9fd5b7defbd%0 resolved_ws=/Users/alauda/Documents/code/agent前沿探索/多agent协作 hint_ws=/Users/alauda/Documents/code/agent前沿探索/多agent协作 use_ws=/Users/alauda/Documents/code/agent前沿探索/多agent协作 subscribed=/Users/alauda/Documents/code/agent前沿探索/多agent协作 already=true cache_sessions=8 will_subscribe=false
2026-08-20T22:10:51.607 [refresh] applyListing seq=52 workspaces=6 refreshing_prev=false refreshing_next=false
2026-08-20T22:10:51.728 [viewport] source=windowVisibility visibility=8 width=1236 height=2099
2026-08-20T22:10:53.591 [level2] applyLevel2 src=level2-push workspace=/Users/alauda/Documents/code/agent前沿探索/多agent协作 seq=294 subscribed=/Users/alauda/Documents/code/agent前沿探索/多agent协作 incoming=8 publish=true statuses=x-501/ta-a9fd5b7defbd%0:idle->idle,x-501/ta-a9fd5b7defbd%1:idle->idle,x-501/ta-a9fd5b7defbd%2:idle->idle,x-501/ta-a9fd5b7defbd%3:idle->idle,x-501/ta-a9fd5b7defbd%4:idle->idle,x-501/ta-a9fd5b7defbd%5:idle->idle,x-501/ta-a9fd5b7defbd%6:idle->idle,x-501/ta-a9fd5b7defbd%9:idle->idle
2026-08-20T22:10:54.321 [refresh] enterLevel1 list cached=6 first_frame=already refreshing_prev=false refreshing_next=false
2026-08-20T22:10:54.379 [refresh] applyListing seq=53 workspaces=6 refreshing_prev=false refreshing_next=false
2026-08-20T22:10:57.220 [term-theme] raw=vesper catalogHit=true slot=light
2026-08-20T22:10:57.221 [term-theme] raw=vesper catalogHit=true slot=dark
