2026-08-20T20:59:07.230 [lifecycle] ON_CREATE
2026-08-20T20:59:07.382 [ws] conn state STOPPED → CONNECTING
2026-08-20T20:59:07.468 [ws] conn state CONNECTING → AUTHENTICATING
2026-08-20T20:59:07.478 [lifecycle] ON_START
2026-08-20T20:59:07.505 [ws] conn state AUTHENTICATING → READY
2026-08-20T20:59:08.224 [refresh] applyListing seq=21 workspaces=1 refreshing_prev=false refreshing_next=false
2026-08-20T20:59:08.226 [refresh] applyListing seq=21 workspaces=1 refreshing_prev=false refreshing_next=false
2026-08-20T20:59:08.702 [refresh] enterLevel1 list cached=1 first_frame=already refreshing_prev=false refreshing_next=false
2026-08-20T20:59:08.751 [refresh] applyListing seq=21 workspaces=1 refreshing_prev=false refreshing_next=false
2026-08-20T20:59:12.264 [refresh] enterLevel2 subscribe cwd=/private/tmp/e2e-sent/cwd painted=0 cached=0
2026-08-20T20:59:12.284 [level2] applyLevel2 src=level2-push workspace=/private/tmp/e2e-sent/cwd seq=151 subscribed=/private/tmp/e2e-sent/cwd incoming=1 publish=true statuses=tmux/tmux-501/default%0:<none>->idle
2026-08-20T20:59:12.291 [refresh] refresh() refreshing_prev=false refreshing_next=true cached=1
2026-08-20T20:59:12.306 [refresh] applyListing seq=21 workspaces=1 refreshing_prev=true refreshing_next=false
2026-08-20T20:59:16.059 [view-menu] viewMenuSource current_ref=/private/tmp/e2e-sent/tmux/tmux-501/default%0 current_ws=/private/tmp/e2e-sent/cwd current_socket=/private/tmp/e2e-sent/tmux/tmux-501/default overlay_ws=/private/tmp/e2e-sent/cwd overlay_socket=/private/tmp/e2e-sent/tmux/tmux-501/default last_published_ws=/private/tmp/e2e-sent/cwd sessions=1 source_match=true singleton_mismatch=false
2026-08-20T20:59:16.071 [term-geom] source=subscribe cache=hit reason=hit rows=47 cols=52 fontSp=14 densityDpi=440 cachedRows=47 cachedCols=52 cachedFontSp=14 cachedDpi=440 fallbackRows=40 fallbackCols=120
2026-08-20T20:59:16.099 [term-theme] raw=vesper catalogHit=true slot=light
2026-08-20T20:59:16.100 [term-theme] raw=vesper catalogHit=true slot=dark
2026-08-20T20:59:16.125 [term-theme] raw=vesper catalogHit=true slot=light
2026-08-20T20:59:16.126 [term-theme] raw=vesper catalogHit=true slot=dark
2026-08-20T20:59:16.180 [term-bg-remap] source=theme-chrome night=false defaultBg=0xff101010 ansi0=0xff101010 userBlock=0xffe6f5f2 paperLuma=16 ansi0Luma=16 blockLuma=240 verdict=PAPER_EQ_ANSI0
2026-08-20T20:59:16.186 [viewport] source=windowVisibility visibility=0 width=0 height=0
2026-08-20T20:59:16.223 [view-menu] viewMenuSource current_ref=/private/tmp/e2e-sent/tmux/tmux-501/default%0 current_ws=/private/tmp/e2e-sent/cwd current_socket=/private/tmp/e2e-sent/tmux/tmux-501/default overlay_ws=/private/tmp/e2e-sent/cwd overlay_socket=/private/tmp/e2e-sent/tmux/tmux-501/default last_published_ws=/private/tmp/e2e-sent/cwd sessions=1 source_match=true singleton_mismatch=false
2026-08-20T20:59:16.224 [session-live] enterSessionLive src=session-route ref=/private/tmp/e2e-sent/tmux/tmux-501/default%0 resolved_ws=/private/tmp/e2e-sent/cwd hint_ws=/private/tmp/e2e-sent/cwd use_ws=/private/tmp/e2e-sent/cwd subscribed=/private/tmp/e2e-sent/cwd already=true cache_sessions=1 will_subscribe=false
2026-08-20T20:59:16.291 [viewport] source=onViewportSizeChanged oldW=0 oldH=0 newW=1205 newH=2144 viewportSeeded=false emulatorRows=47 emulatorCols=52
2026-08-20T20:59:16.291 [grid] viewport_width_px=1205 cell_width_nominal=23 cell_width_measured=23 reported_cols=52 canvas_capacity_cols=52 overflow_px=0 half_cell_px=11.5
2026-08-20T20:59:16.292 [viewport] source=onViewportSizeChanged result resized=false outgrewGuard=false candidateRows=47 candidateCols=52 emulatorRows=47 emulatorCols=52
2026-08-20T20:59:16.293 [term-geom] source=persist rows=47 cols=52 cellW=23 cellH=45 fontSp=14 viewW=1238 viewH=2144 densityDpi=440
2026-08-20T20:59:16.306 [level2] applyLevel2 src=level2-push workspace=/private/tmp/e2e-sent/cwd seq=152 subscribed=/private/tmp/e2e-sent/cwd incoming=1 publish=true statuses=tmux/tmux-501/default%0:idle->idle
2026-08-20T20:59:16.309 [term-left-edge] source=onDraw contentLeft=17 col0Origin=17 cellW=23 viewW=1238 verdict=OK ×2
2026-08-20T20:59:16.333 [term-draw] source=onDraw n=1 dt_us_avg=24273 dt_us_p50=24273 dt_us_p95=24273 dt_us_last=24273 rows=47 cols=52 cellW=23 cellH=45 bgRect=1 textDraw=0 measureText=0 geomRect=0 dirtyRowsIn=0 drawnRows=47 presenterNull=0 cellsNonBlank=0 scrollDelta=0 opt=1 frameTimeNanos=0 t_firstOnDraw=1787230756333 t_firstOnDrawWithCells=0
2026-08-20T20:59:16.359 [session-lamp] src=level2-push ref=/private/tmp/e2e-sent/tmux/tmux-501/default%0 overlay_n=1 hit=true hit_status=idle hit_ref=/private/tmp/e2e-sent/tmux/tmux-501/default%0 lamp=Idle eq_ref=true
2026-08-20T20:59:16.375 [view-menu] viewMenuSource current_ref=/private/tmp/e2e-sent/tmux/tmux-501/default%0 current_ws=/private/tmp/e2e-sent/cwd current_socket=/private/tmp/e2e-sent/tmux/tmux-501/default overlay_ws=/private/tmp/e2e-sent/cwd overlay_socket=/private/tmp/e2e-sent/tmux/tmux-501/default last_published_ws=/private/tmp/e2e-sent/cwd sessions=1 source_match=true singleton_mismatch=false
2026-08-20T20:59:16.385 [view-menu] viewMenuSource current_ref=/private/tmp/e2e-sent/tmux/tmux-501/default%0 current_ws=/private/tmp/e2e-sent/cwd current_socket=/private/tmp/e2e-sent/tmux/tmux-501/default overlay_ws=/private/tmp/e2e-sent/cwd overlay_socket=/private/tmp/e2e-sent/tmux/tmux-501/default last_published_ws=/private/tmp/e2e-sent/cwd sessions=1 source_match=true singleton_mismatch=false
2026-08-20T20:59:16.386 [session-live] enterSessionLive src=session-route ref=/private/tmp/e2e-sent/tmux/tmux-501/default%0 resolved_ws=/private/tmp/e2e-sent/cwd hint_ws=/private/tmp/e2e-sent/cwd use_ws=/private/tmp/e2e-sent/cwd subscribed=/private/tmp/e2e-sent/cwd already=true cache_sessions=1 will_subscribe=false
2026-08-20T20:59:16.418 [session-lamp] src=level2-push ref=/private/tmp/e2e-sent/tmux/tmux-501/default%0 overlay_n=1 hit=true hit_status=idle hit_ref=/private/tmp/e2e-sent/tmux/tmux-501/default%0 lamp=Idle eq_ref=true
2026-08-20T20:59:20.346 [refresh] applyListing seq=21 workspaces=1 refreshing_prev=false refreshing_next=false
2026-08-20T20:59:20.358 [level2] applyLevel2 src=level2-push workspace=/private/tmp/e2e-sent/cwd seq=153 subscribed=/private/tmp/e2e-sent/cwd incoming=1 publish=true statuses=tmux/tmux-501/default%0:idle->idle
2026-08-20T20:59:20.373 [refresh] enterLevel2 subscribe cwd=/private/tmp/e2e-sent/cwd painted=1 cached=1
2026-08-20T20:59:20.385 [level2] applyLevel2 src=level2-push workspace=/private/tmp/e2e-sent/cwd seq=154 subscribed=/private/tmp/e2e-sent/cwd incoming=1 publish=true statuses=tmux/tmux-501/default%0:idle->idle
2026-08-20T20:59:20.408 [refresh] refresh() refreshing_prev=false refreshing_next=true cached=1
2026-08-20T20:59:20.414 [view-menu] viewMenuSource current_ref=/private/tmp/e2e-sent/tmux/tmux-501/default%0 current_ws=/private/tmp/e2e-sent/cwd current_socket=/private/tmp/e2e-sent/tmux/tmux-501/default overlay_ws=/private/tmp/e2e-sent/cwd overlay_socket=/private/tmp/e2e-sent/tmux/tmux-501/default last_published_ws=/private/tmp/e2e-sent/cwd sessions=1 source_match=true singleton_mismatch=false
2026-08-20T20:59:20.414 [term-theme] raw=vesper catalogHit=true slot=light
2026-08-20T20:59:20.415 [term-theme] raw=vesper catalogHit=true slot=dark
2026-08-20T20:59:20.420 [refresh] applyListing seq=22 workspaces=1 refreshing_prev=true refreshing_next=false
2026-08-20T20:59:20.427 [view-menu] viewMenuSource current_ref=/private/tmp/e2e-sent/tmux/tmux-501/default%0 current_ws=/private/tmp/e2e-sent/cwd current_socket=/private/tmp/e2e-sent/tmux/tmux-501/default overlay_ws=/private/tmp/e2e-sent/cwd overlay_socket=/private/tmp/e2e-sent/tmux/tmux-501/default last_published_ws=/private/tmp/e2e-sent/cwd sessions=1 source_match=true singleton_mismatch=false
2026-08-20T20:59:20.428 [session-live] enterSessionLive src=session-route ref=/private/tmp/e2e-sent/tmux/tmux-501/default%0 resolved_ws=/private/tmp/e2e-sent/cwd hint_ws=/private/tmp/e2e-sent/cwd use_ws=/private/tmp/e2e-sent/cwd subscribed=/private/tmp/e2e-sent/cwd already=true cache_sessions=1 will_subscribe=false
2026-08-20T20:59:20.681 [viewport] source=windowVisibility visibility=8 width=1238 height=2144
2026-08-20T20:59:22.087 [refresh] enterLevel1 list cached=1 first_frame=already refreshing_prev=false refreshing_next=false
2026-08-20T20:59:22.099 [refresh] applyListing seq=23 workspaces=1 refreshing_prev=false refreshing_next=false
2026-08-20T20:59:23.264 [term-theme] raw=vesper catalogHit=true slot=light
2026-08-20T20:59:23.264 [term-theme] raw=vesper catalogHit=true slot=dark
