2026-08-20T20:58:23.335 [lifecycle] ON_CREATE
2026-08-20T20:58:23.462 [ws] conn state STOPPED → CONNECTING
2026-08-20T20:58:23.506 [lifecycle] ON_START
2026-08-20T20:58:23.504 [ws] conn state CONNECTING → AUTHENTICATING
2026-08-20T20:58:23.538 [ws] conn state AUTHENTICATING → READY
2026-08-20T20:58:23.920 [refresh] applyListing seq=19 workspaces=1 refreshing_prev=false refreshing_next=false
2026-08-20T20:58:23.921 [refresh] applyListing seq=19 workspaces=1 refreshing_prev=false refreshing_next=false
2026-08-20T20:58:24.220 [refresh] enterLevel1 list cached=1 first_frame=already refreshing_prev=false refreshing_next=false
2026-08-20T20:58:24.239 [refresh] applyListing seq=19 workspaces=1 refreshing_prev=false refreshing_next=false
2026-08-20T20:58:27.622 [refresh] enterLevel2 subscribe cwd=/private/tmp/e2e-sent/cwd painted=0 cached=0
2026-08-20T20:58:27.633 [level2] applyLevel2 src=level2-push workspace=/private/tmp/e2e-sent/cwd seq=145 subscribed=/private/tmp/e2e-sent/cwd incoming=1 publish=true statuses=tmux/tmux-501/default%0:<none>->idle
2026-08-20T20:58:27.634 [refresh] refresh() refreshing_prev=false refreshing_next=true cached=1
2026-08-20T20:58:27.648 [refresh] applyListing seq=19 workspaces=1 refreshing_prev=true refreshing_next=false
2026-08-20T20:58:31.233 [view-menu] viewMenuSource current_ref=/private/tmp/e2e-sent/tmux/tmux-501/default%0 current_ws=/private/tmp/e2e-sent/cwd current_socket=/private/tmp/e2e-sent/tmux/tmux-501/default overlay_ws=/private/tmp/e2e-sent/cwd overlay_socket=/private/tmp/e2e-sent/tmux/tmux-501/default last_published_ws=/private/tmp/e2e-sent/cwd sessions=1 source_match=true singleton_mismatch=false
2026-08-20T20:58:31.239 [term-geom] source=subscribe cache=miss reason=dpi rows=40 cols=120 fontSp=14 densityDpi=440 cachedRows=42 cachedCols=48 cachedFontSp=14 cachedDpi=480 fallbackRows=40 fallbackCols=120
2026-08-20T20:58:31.260 [term-theme] raw=vesper catalogHit=true slot=light
2026-08-20T20:58:31.261 [term-theme] raw=vesper catalogHit=true slot=dark
2026-08-20T20:58:31.291 [term-theme] raw=vesper catalogHit=true slot=light
2026-08-20T20:58:31.291 [term-theme] raw=vesper catalogHit=true slot=dark
2026-08-20T20:58:31.346 [term-bg-remap] source=theme-chrome night=false defaultBg=0xff101010 ansi0=0xff101010 userBlock=0xffe6f5f2 paperLuma=16 ansi0Luma=16 blockLuma=240 verdict=PAPER_EQ_ANSI0
2026-08-20T20:58:31.359 [viewport] source=windowVisibility visibility=0 width=0 height=0
2026-08-20T20:58:31.382 [view-menu] viewMenuSource current_ref=/private/tmp/e2e-sent/tmux/tmux-501/default%0 current_ws=/private/tmp/e2e-sent/cwd current_socket=/private/tmp/e2e-sent/tmux/tmux-501/default overlay_ws=/private/tmp/e2e-sent/cwd overlay_socket=/private/tmp/e2e-sent/tmux/tmux-501/default last_published_ws=/private/tmp/e2e-sent/cwd sessions=1 source_match=true singleton_mismatch=false
2026-08-20T20:58:31.383 [session-live] enterSessionLive src=session-route ref=/private/tmp/e2e-sent/tmux/tmux-501/default%0 resolved_ws=/private/tmp/e2e-sent/cwd hint_ws=/private/tmp/e2e-sent/cwd use_ws=/private/tmp/e2e-sent/cwd subscribed=/private/tmp/e2e-sent/cwd already=true cache_sessions=1 will_subscribe=false
2026-08-20T20:58:31.450 [viewport] source=onViewportSizeChanged oldW=0 oldH=0 newW=1205 newH=2144 viewportSeeded=false emulatorRows=40 emulatorCols=120
2026-08-20T20:58:31.453 [reflow] resize sent rows=47 cols=52 reason=user ok=true bookkept_rows=47 bookkept_cols=52
2026-08-20T20:58:31.456 [grid] viewport_width_px=1205 cell_width_nominal=23 cell_width_measured=23 reported_cols=52 canvas_capacity_cols=52 overflow_px=0 half_cell_px=11.5
2026-08-20T20:58:31.459 [viewport] source=onViewportSizeChanged result resized=true outgrewGuard=false candidateRows=47 candidateCols=52 emulatorRows=47 emulatorCols=52
2026-08-20T20:58:31.463 [term-geom] source=persist rows=47 cols=52 cellW=23 cellH=45 fontSp=14 viewW=1238 viewH=2144 densityDpi=440
2026-08-20T20:58:31.482 [term-left-edge] source=onDraw contentLeft=17 col0Origin=17 cellW=23 viewW=1238 verdict=OK ×3
2026-08-20T20:58:31.507 [reflow] frame cols=52 render cols=52 bookkept_rows=47 emulator_rows=47
2026-08-20T20:58:31.580 [term-draw] source=onDraw n=1 dt_us_avg=97517 dt_us_p50=97517 dt_us_p95=97517 dt_us_last=97517 rows=47 cols=52 cellW=23 cellH=45 bgRect=2445 textDraw=47 measureText=0 geomRect=0 dirtyRowsIn=0 drawnRows=47 presenterNull=0 cellsNonBlank=156 scrollDelta=0 opt=0 frameTimeNanos=0 t_firstOnDraw=1787230711579 t_firstOnDrawWithCells=1787230711579
2026-08-20T20:58:31.613 [session-lamp] src=level2-push ref=/private/tmp/e2e-sent/tmux/tmux-501/default%0 overlay_n=1 hit=true hit_status=idle hit_ref=/private/tmp/e2e-sent/tmux/tmux-501/default%0 lamp=Idle eq_ref=true
2026-08-20T20:58:31.650 [level2] applyLevel2 src=level2-push workspace=/private/tmp/e2e-sent/cwd seq=146 subscribed=/private/tmp/e2e-sent/cwd incoming=1 publish=true statuses=tmux/tmux-501/default%0:idle->idle
2026-08-20T20:58:31.676 [view-menu] viewMenuSource current_ref=/private/tmp/e2e-sent/tmux/tmux-501/default%0 current_ws=/private/tmp/e2e-sent/cwd current_socket=/private/tmp/e2e-sent/tmux/tmux-501/default overlay_ws=/private/tmp/e2e-sent/cwd overlay_socket=/private/tmp/e2e-sent/tmux/tmux-501/default last_published_ws=/private/tmp/e2e-sent/cwd sessions=1 source_match=true singleton_mismatch=false
2026-08-20T20:58:31.683 [view-menu] viewMenuSource current_ref=/private/tmp/e2e-sent/tmux/tmux-501/default%0 current_ws=/private/tmp/e2e-sent/cwd current_socket=/private/tmp/e2e-sent/tmux/tmux-501/default overlay_ws=/private/tmp/e2e-sent/cwd overlay_socket=/private/tmp/e2e-sent/tmux/tmux-501/default last_published_ws=/private/tmp/e2e-sent/cwd sessions=1 source_match=true singleton_mismatch=false
2026-08-20T20:58:31.684 [session-live] enterSessionLive src=session-route ref=/private/tmp/e2e-sent/tmux/tmux-501/default%0 resolved_ws=/private/tmp/e2e-sent/cwd hint_ws=/private/tmp/e2e-sent/cwd use_ws=/private/tmp/e2e-sent/cwd subscribed=/private/tmp/e2e-sent/cwd already=true cache_sessions=1 will_subscribe=false
2026-08-20T20:58:31.711 [session-lamp] src=level2-push ref=/private/tmp/e2e-sent/tmux/tmux-501/default%0 overlay_n=1 hit=true hit_status=idle hit_ref=/private/tmp/e2e-sent/tmux/tmux-501/default%0 lamp=Idle eq_ref=true
2026-08-20T20:58:39.690 [view-menu] viewMenuSource current_ref=/private/tmp/e2e-sent/tmux/tmux-501/default%0 current_ws=/private/tmp/e2e-sent/cwd current_socket=/private/tmp/e2e-sent/tmux/tmux-501/default overlay_ws=/private/tmp/e2e-sent/cwd overlay_socket=/private/tmp/e2e-sent/tmux/tmux-501/default last_published_ws=/private/tmp/e2e-sent/cwd sessions=1 source_match=true singleton_mismatch=false
2026-08-20T20:58:45.201 [refresh] applyListing seq=19 workspaces=1 refreshing_prev=false refreshing_next=false
2026-08-20T20:58:45.211 [level2] applyLevel2 src=level2-push workspace=/private/tmp/e2e-sent/cwd seq=148 subscribed=/private/tmp/e2e-sent/cwd incoming=1 publish=true statuses=tmux/tmux-501/default%0:idle->idle
2026-08-20T20:58:45.228 [refresh] enterLevel2 subscribe cwd=/private/tmp/e2e-sent/cwd painted=1 cached=1
2026-08-20T20:58:45.239 [level2] applyLevel2 src=level2-push workspace=/private/tmp/e2e-sent/cwd seq=149 subscribed=/private/tmp/e2e-sent/cwd incoming=1 publish=true statuses=tmux/tmux-501/default%0:idle->idle
2026-08-20T20:58:45.248 [refresh] refresh() refreshing_prev=false refreshing_next=true cached=1
2026-08-20T20:58:45.254 [view-menu] viewMenuSource current_ref=/private/tmp/e2e-sent/tmux/tmux-501/default%0 current_ws=/private/tmp/e2e-sent/cwd current_socket=/private/tmp/e2e-sent/tmux/tmux-501/default overlay_ws=/private/tmp/e2e-sent/cwd overlay_socket=/private/tmp/e2e-sent/tmux/tmux-501/default last_published_ws=/private/tmp/e2e-sent/cwd sessions=1 source_match=true singleton_mismatch=false
2026-08-20T20:58:45.255 [term-theme] raw=vesper catalogHit=true slot=light
2026-08-20T20:58:45.255 [term-theme] raw=vesper catalogHit=true slot=dark
2026-08-20T20:58:45.267 [refresh] applyListing seq=20 workspaces=1 refreshing_prev=true refreshing_next=false
2026-08-20T20:58:45.275 [view-menu] viewMenuSource current_ref=/private/tmp/e2e-sent/tmux/tmux-501/default%0 current_ws=/private/tmp/e2e-sent/cwd current_socket=/private/tmp/e2e-sent/tmux/tmux-501/default overlay_ws=/private/tmp/e2e-sent/cwd overlay_socket=/private/tmp/e2e-sent/tmux/tmux-501/default last_published_ws=/private/tmp/e2e-sent/cwd sessions=1 source_match=true singleton_mismatch=false
2026-08-20T20:58:45.276 [session-live] enterSessionLive src=session-route ref=/private/tmp/e2e-sent/tmux/tmux-501/default%0 resolved_ws=/private/tmp/e2e-sent/cwd hint_ws=/private/tmp/e2e-sent/cwd use_ws=/private/tmp/e2e-sent/cwd subscribed=/private/tmp/e2e-sent/cwd already=true cache_sessions=1 will_subscribe=false
2026-08-20T20:58:45.514 [viewport] source=windowVisibility visibility=8 width=1238 height=2144
2026-08-20T20:58:47.244 [level2] applyLevel2 src=level2-push workspace=/private/tmp/e2e-sent/cwd seq=150 subscribed=/private/tmp/e2e-sent/cwd incoming=1 publish=true statuses=tmux/tmux-501/default%0:idle->idle
2026-08-20T20:58:48.040 [refresh] enterLevel1 list cached=1 first_frame=already refreshing_prev=false refreshing_next=false
2026-08-20T20:58:48.050 [refresh] applyListing seq=21 workspaces=1 refreshing_prev=false refreshing_next=false
2026-08-20T20:58:50.857 [term-theme] raw=vesper catalogHit=true slot=light
2026-08-20T20:58:50.858 [term-theme] raw=vesper catalogHit=true slot=dark
