2026-08-20T21:59:12.736 [lifecycle] ON_CREATE
2026-08-20T21:59:12.811 [ws] conn state STOPPED → CONNECTING
2026-08-20T21:59:12.843 [ws] conn state CONNECTING → AUTHENTICATING
2026-08-20T21:59:12.845 [lifecycle] ON_START
2026-08-20T21:59:12.855 [ws] conn state AUTHENTICATING → READY
2026-08-20T21:59:13.131 [refresh] applyListing seq=1 workspaces=6 refreshing_prev=false refreshing_next=false
2026-08-20T21:59:13.132 [refresh] applyListing seq=1 workspaces=6 refreshing_prev=false refreshing_next=false
2026-08-20T21:59:13.559 [refresh] enterLevel1 list cached=6 first_frame=already refreshing_prev=false refreshing_next=false
2026-08-20T21:59:13.676 [refresh] applyListing seq=1 workspaces=6 refreshing_prev=false refreshing_next=false
2026-08-20T21:59:17.045 [refresh] enterLevel2 subscribe cwd=/Users/alauda/Documents/code/agent前沿探索/多agent协作 painted=0 cached=0
2026-08-20T21:59:17.059 [refresh] refresh() refreshing_prev=false refreshing_next=true cached=6
2026-08-20T21:59:17.110 [level2] applyLevel2 src=level2-push workspace=/Users/alauda/Documents/code/agent前沿探索/多agent协作 seq=1 subscribed=/Users/alauda/Documents/code/agent前沿探索/多agent协作 incoming=8 publish=true statuses=x-501/ta-a9fd5b7defbd%0:<none>->idle,x-501/ta-a9fd5b7defbd%1:<none>->idle,x-501/ta-a9fd5b7defbd%2:<none>->idle,x-501/ta-a9fd5b7defbd%3:<none>->idle,x-501/ta-a9fd5b7defbd%4:<none>->idle,x-501/ta-a9fd5b7defbd%5:<none>->idle,x-501/ta-a9fd5b7defbd%6:<none>->idle,x-501/ta-a9fd5b7defbd%9:<none>->idle
2026-08-20T21:59:17.156 [refresh] applyListing seq=1 workspaces=6 refreshing_prev=false refreshing_next=false
2026-08-20T21:59:20.718 [view-menu] viewMenuSource current_ref=/tmp/tmux-501/ta-a9fd5b7defbd%0 current_ws=/Users/alauda/Documents/code/agent前沿探索/多agent协作 current_socket=/tmp/tmux-501/ta-a9fd5b7defbd overlay_ws=/Users/alauda/Documents/code/agent前沿探索/多agent协作 overlay_socket=/tmp/tmux-501/ta-a9fd5b7defbd last_published_ws=/Users/alauda/Documents/code/agent前沿探索/多agent协作 sessions=8 source_match=true singleton_mismatch=false
2026-08-20T21:59:20.725 [term-geom] source=subscribe cache=hit reason=hit rows=42 cols=48 fontSp=14 densityDpi=480 cachedRows=42 cachedCols=48 cachedFontSp=14 cachedDpi=480 fallbackRows=40 fallbackCols=120
2026-08-20T21:59:20.753 [term-theme] raw=vesper catalogHit=true slot=light
2026-08-20T21:59:20.754 [term-theme] raw=vesper catalogHit=true slot=dark
2026-08-20T21:59:20.773 [term-theme] raw=vesper catalogHit=true slot=light
2026-08-20T21:59:20.773 [term-theme] raw=vesper catalogHit=true slot=dark
2026-08-20T21:59:20.849 [term-bg-remap] source=theme-chrome night=false defaultBg=0xff101010 ansi0=0xff101010 userBlock=0xffe6f5f2 paperLuma=16 ansi0Luma=16 blockLuma=240 verdict=PAPER_EQ_ANSI0
2026-08-20T21:59:20.861 [viewport] source=windowVisibility visibility=0 width=0 height=0
2026-08-20T21:59:20.914 [view-menu] viewMenuSource current_ref=/tmp/tmux-501/ta-a9fd5b7defbd%0 current_ws=/Users/alauda/Documents/code/agent前沿探索/多agent协作 current_socket=/tmp/tmux-501/ta-a9fd5b7defbd overlay_ws=/Users/alauda/Documents/code/agent前沿探索/多agent协作 overlay_socket=/tmp/tmux-501/ta-a9fd5b7defbd last_published_ws=/Users/alauda/Documents/code/agent前沿探索/多agent协作 sessions=8 source_match=true singleton_mismatch=false
2026-08-20T21:59:20.916 [session-live] enterSessionLive src=session-route ref=/tmp/tmux-501/ta-a9fd5b7defbd%0 resolved_ws=/Users/alauda/Documents/code/agent前沿探索/多agent协作 hint_ws=/Users/alauda/Documents/code/agent前沿探索/多agent协作 use_ws=/Users/alauda/Documents/code/agent前沿探索/多agent协作 subscribed=/Users/alauda/Documents/code/agent前沿探索/多agent协作 already=true cache_sessions=8 will_subscribe=false
2026-08-20T21:59:20.987 [viewport] source=onViewportSizeChanged oldW=0 oldH=0 newW=1200 newH=2099 viewportSeeded=false emulatorRows=42 emulatorCols=48
2026-08-20T21:59:20.988 [grid] viewport_width_px=1200 cell_width_nominal=25 cell_width_measured=25 reported_cols=48 canvas_capacity_cols=48 overflow_px=0 half_cell_px=12.5
2026-08-20T21:59:20.988 [viewport] source=onViewportSizeChanged result resized=false outgrewGuard=false candidateRows=42 candidateCols=48 emulatorRows=42 emulatorCols=48
2026-08-20T21:59:20.989 [term-geom] source=persist rows=42 cols=48 cellW=25 cellH=49 fontSp=14 viewW=1236 viewH=2099 densityDpi=480
2026-08-20T21:59:21.001 [term-left-edge] source=onDraw contentLeft=18 col0Origin=18 cellW=25 viewW=1236 verdict=OK ×131
2026-08-20T21:59:21.066 [term-draw] source=onDraw n=0 dt_us_avg=0 dt_us_p50=0 dt_us_p95=0 dt_us_last=65734 dt_super_us_avg=0 dt_super_us_p95=0 dt_super_us_last=4 dt_body_us_avg=0 dt_body_us_p95=0 dt_body_us_last=65725 dt_clear_us_avg=0 dt_clear_us_p95=0 dt_clear_us_last=8 dt_lines_us_avg=0 dt_lines_us_p95=0 dt_lines_us_last=65602 dt_chrome_us_last=115 dt_lock_us=-1 dt_post_us=-1 surface=view rows=42 cols=48 cellW=25 cellH=49 bgRect=2017 textDraw=42 measureText=0 geomRect=0 dirtyRowsIn=0 drawnRows=42 presenterNull=0 cellsNonBlank=2016 scrollDelta=0 opt=0 skippedEmpty=0 warmupLeft=9 frameTimeNanos=0 t_firstOnDraw=1787234361066 t_firstOnDrawWithCells=1787234361066 t_emit=1787234361066
2026-08-20T21:59:21.089 [session-lamp] src=level2-push ref=/tmp/tmux-501/ta-a9fd5b7defbd%0 overlay_n=8 hit=true hit_status=idle hit_ref=/tmp/tmux-501/ta-a9fd5b7defbd%0 lamp=Idle eq_ref=true
2026-08-20T21:59:21.187 [level2] applyLevel2 src=level2-push workspace=/Users/alauda/Documents/code/agent前沿探索/多agent协作 seq=2 subscribed=/Users/alauda/Documents/code/agent前沿探索/多agent协作 incoming=8 publish=true statuses=x-501/ta-a9fd5b7defbd%0:idle->idle,x-501/ta-a9fd5b7defbd%1:idle->idle,x-501/ta-a9fd5b7defbd%2:idle->idle,x-501/ta-a9fd5b7defbd%3:idle->idle,x-501/ta-a9fd5b7defbd%4:idle->idle,x-501/ta-a9fd5b7defbd%5:idle->idle,x-501/ta-a9fd5b7defbd%6:idle->idle,x-501/ta-a9fd5b7defbd%9:idle->idle
2026-08-20T21:59:21.223 [view-menu] viewMenuSource current_ref=/tmp/tmux-501/ta-a9fd5b7defbd%0 current_ws=/Users/alauda/Documents/code/agent前沿探索/多agent协作 current_socket=/tmp/tmux-501/ta-a9fd5b7defbd overlay_ws=/Users/alauda/Documents/code/agent前沿探索/多agent协作 overlay_socket=/tmp/tmux-501/ta-a9fd5b7defbd last_published_ws=/Users/alauda/Documents/code/agent前沿探索/多agent协作 sessions=8 source_match=true singleton_mismatch=false
2026-08-20T21:59:21.235 [view-menu] viewMenuSource current_ref=/tmp/tmux-501/ta-a9fd5b7defbd%0 current_ws=/Users/alauda/Documents/code/agent前沿探索/多agent协作 current_socket=/tmp/tmux-501/ta-a9fd5b7defbd overlay_ws=/Users/alauda/Documents/code/agent前沿探索/多agent协作 overlay_socket=/tmp/tmux-501/ta-a9fd5b7defbd last_published_ws=/Users/alauda/Documents/code/agent前沿探索/多agent协作 sessions=8 source_match=true singleton_mismatch=false
2026-08-20T21:59:21.236 [session-live] enterSessionLive src=session-route ref=/tmp/tmux-501/ta-a9fd5b7defbd%0 resolved_ws=/Users/alauda/Documents/code/agent前沿探索/多agent协作 hint_ws=/Users/alauda/Documents/code/agent前沿探索/多agent协作 use_ws=/Users/alauda/Documents/code/agent前沿探索/多agent协作 subscribed=/Users/alauda/Documents/code/agent前沿探索/多agent协作 already=true cache_sessions=8 will_subscribe=false
2026-08-20T21:59:21.249 [session-lamp] src=level2-push ref=/tmp/tmux-501/ta-a9fd5b7defbd%0 overlay_n=8 hit=true hit_status=idle hit_ref=/tmp/tmux-501/ta-a9fd5b7defbd%0 lamp=Idle eq_ref=true
2026-08-20T21:59:29.319 [term-draw] source=onDraw n=0 dt_us_avg=0 dt_us_p50=0 dt_us_p95=0 dt_us_last=12404 dt_super_us_avg=0 dt_super_us_p95=0 dt_super_us_last=0 dt_body_us_avg=0 dt_body_us_p95=0 dt_body_us_last=12385 dt_clear_us_avg=0 dt_clear_us_p95=0 dt_clear_us_last=7 dt_lines_us_avg=0 dt_lines_us_p95=0 dt_lines_us_last=12365 dt_chrome_us_last=13 dt_lock_us=-1 dt_post_us=-1 surface=view rows=42 cols=48 cellW=25 cellH=49 bgRect=2017 textDraw=42 measureText=0 geomRect=0 dirtyRowsIn=0 drawnRows=42 presenterNull=0 cellsNonBlank=2016 scrollDelta=0 opt=0 skippedEmpty=0 warmupLeft=7 frameTimeNanos=7020880021482 t_firstOnDraw=1787234361066 t_firstOnDrawWithCells=1787234361066 t_emit=1787234369319
2026-08-20T21:59:29.366 [view-menu] viewMenuSource current_ref=/tmp/tmux-501/ta-a9fd5b7defbd%0 current_ws=/Users/alauda/Documents/code/agent前沿探索/多agent协作 current_socket=/tmp/tmux-501/ta-a9fd5b7defbd overlay_ws=/Users/alauda/Documents/code/agent前沿探索/多agent协作 overlay_socket=/tmp/tmux-501/ta-a9fd5b7defbd last_published_ws=/Users/alauda/Documents/code/agent前沿探索/多agent协作 sessions=8 source_match=true singleton_mismatch=false
2026-08-20T21:59:30.327 [term-draw] source=onDraw n=53 dt_us_avg=4118 dt_us_p50=3783 dt_us_p95=7396 dt_us_last=3212 dt_super_us_avg=0 dt_super_us_p95=0 dt_super_us_last=0 dt_body_us_avg=4111 dt_body_us_p95=7387 dt_body_us_last=3206 dt_clear_us_avg=11 dt_clear_us_p95=21 dt_clear_us_last=7 dt_lines_us_avg=4078 dt_lines_us_p95=7370 dt_lines_us_last=3190 dt_chrome_us_last=9 dt_lock_us=-1 dt_post_us=-1 surface=view rows=42 cols=48 cellW=25 cellH=49 bgRect=2017 textDraw=42 measureText=0 geomRect=0 dirtyRowsIn=0 drawnRows=42 presenterNull=0 cellsNonBlank=2016 scrollDelta=0 opt=0 skippedEmpty=0 warmupLeft=0 frameTimeNanos=7021896688108 t_firstOnDraw=1787234361066 t_firstOnDrawWithCells=1787234361066 t_emit=1787234370327
2026-08-20T21:59:31.329 [term-draw] source=onDraw n=113 dt_us_avg=3746 dt_us_p50=3416 dt_us_p95=5845 dt_us_last=4487 dt_super_us_avg=0 dt_super_us_p95=0 dt_super_us_last=0 dt_body_us_avg=3739 dt_body_us_p95=5837 dt_body_us_last=4479 dt_clear_us_avg=15 dt_clear_us_p95=21 dt_clear_us_last=273 dt_lines_us_avg=3705 dt_lines_us_p95=5810 dt_lines_us_last=4196 dt_chrome_us_last=10 dt_lock_us=-1 dt_post_us=-1 surface=view rows=42 cols=48 cellW=25 cellH=49 bgRect=2017 textDraw=42 measureText=0 geomRect=0 dirtyRowsIn=0 drawnRows=42 presenterNull=0 cellsNonBlank=2016 scrollDelta=0 opt=0 skippedEmpty=0 warmupLeft=0 frameTimeNanos=7022896688068 t_firstOnDraw=1787234361066 t_firstOnDrawWithCells=1787234361066 t_emit=1787234371329
2026-08-20T21:59:31.443 [term-draw] source=onDraw n=120 dt_us_avg=3718 dt_us_p50=3389 dt_us_p95=5845 dt_us_last=3389 dt_super_us_avg=0 dt_super_us_p95=0 dt_super_us_last=0 dt_body_us_avg=3711 dt_body_us_p95=5837 dt_body_us_last=3381 dt_clear_us_avg=14 dt_clear_us_p95=21 dt_clear_us_last=5 dt_lines_us_avg=3678 dt_lines_us_p95=5810 dt_lines_us_last=3369 dt_chrome_us_last=7 dt_lock_us=-1 dt_post_us=-1 surface=view rows=42 cols=48 cellW=25 cellH=49 bgRect=2017 textDraw=42 measureText=0 geomRect=0 dirtyRowsIn=0 drawnRows=42 presenterNull=0 cellsNonBlank=2016 scrollDelta=0 opt=0 skippedEmpty=0 warmupLeft=0 frameTimeNanos=7023013354730 t_firstOnDraw=1787234361066 t_firstOnDrawWithCells=1787234361066 t_emit=1787234371443
2026-08-20T21:59:37.557 [view-menu] viewMenuSource current_ref=/tmp/tmux-501/ta-a9fd5b7defbd%0 current_ws=/Users/alauda/Documents/code/agent前沿探索/多agent协作 current_socket=/tmp/tmux-501/ta-a9fd5b7defbd overlay_ws=/Users/alauda/Documents/code/agent前沿探索/多agent协作 overlay_socket=/tmp/tmux-501/ta-a9fd5b7defbd last_published_ws=/Users/alauda/Documents/code/agent前沿探索/多agent协作 sessions=8 source_match=true singleton_mismatch=false
2026-08-20T21:59:45.773 [view-menu] viewMenuSource current_ref=/tmp/tmux-501/ta-a9fd5b7defbd%0 current_ws=/Users/alauda/Documents/code/agent前沿探索/多agent协作 current_socket=/tmp/tmux-501/ta-a9fd5b7defbd overlay_ws=/Users/alauda/Documents/code/agent前沿探索/多agent协作 overlay_socket=/tmp/tmux-501/ta-a9fd5b7defbd last_published_ws=/Users/alauda/Documents/code/agent前沿探索/多agent协作 sessions=8 source_match=true singleton_mismatch=false
2026-08-20T21:59:47.696 [refresh] applyListing seq=1 workspaces=6 refreshing_prev=false refreshing_next=false
2026-08-20T21:59:47.732 [refresh] enterLevel2 subscribe cwd=/Users/alauda/Documents/code/agent前沿探索/多agent协作 painted=8 cached=8
2026-08-20T21:59:47.751 [level2] applyLevel2 src=level2-push workspace=/Users/alauda/Documents/code/agent前沿探索/多agent协作 seq=8 subscribed=/Users/alauda/Documents/code/agent前沿探索/多agent协作 incoming=8 publish=true statuses=x-501/ta-a9fd5b7defbd%0:idle->idle,x-501/ta-a9fd5b7defbd%1:idle->idle,x-501/ta-a9fd5b7defbd%2:idle->idle,x-501/ta-a9fd5b7defbd%3:idle->idle,x-501/ta-a9fd5b7defbd%4:idle->idle,x-501/ta-a9fd5b7defbd%5:idle->idle,x-501/ta-a9fd5b7defbd%6:idle->idle,x-501/ta-a9fd5b7defbd%9:idle->idle
2026-08-20T21:59:47.755 [level2] applyLevel2 src=level2-push workspace=/Users/alauda/Documents/code/agent前沿探索/多agent协作 seq=9 subscribed=/Users/alauda/Documents/code/agent前沿探索/多agent协作 incoming=8 publish=true statuses=x-501/ta-a9fd5b7defbd%0:idle->idle,x-501/ta-a9fd5b7defbd%1:idle->idle,x-501/ta-a9fd5b7defbd%2:idle->idle,x-501/ta-a9fd5b7defbd%3:idle->idle,x-501/ta-a9fd5b7defbd%4:idle->idle,x-501/ta-a9fd5b7defbd%5:idle->idle,x-501/ta-a9fd5b7defbd%6:idle->idle,x-501/ta-a9fd5b7defbd%9:idle->idle
2026-08-20T21:59:47.813 [refresh] refresh() refreshing_prev=false refreshing_next=true cached=6
2026-08-20T21:59:47.815 [view-menu] viewMenuSource current_ref=/tmp/tmux-501/ta-a9fd5b7defbd%0 current_ws=/Users/alauda/Documents/code/agent前沿探索/多agent协作 current_socket=/tmp/tmux-501/ta-a9fd5b7defbd overlay_ws=/Users/alauda/Documents/code/agent前沿探索/多agent协作 overlay_socket=/tmp/tmux-501/ta-a9fd5b7defbd last_published_ws=/Users/alauda/Documents/code/agent前沿探索/多agent协作 sessions=8 source_match=true singleton_mismatch=false
2026-08-20T21:59:47.815 [term-theme] raw=vesper catalogHit=true slot=light
2026-08-20T21:59:47.816 [term-theme] raw=vesper catalogHit=true slot=dark
2026-08-20T21:59:47.824 [view-menu] viewMenuSource current_ref=/tmp/tmux-501/ta-a9fd5b7defbd%0 current_ws=/Users/alauda/Documents/code/agent前沿探索/多agent协作 current_socket=/tmp/tmux-501/ta-a9fd5b7defbd overlay_ws=/Users/alauda/Documents/code/agent前沿探索/多agent协作 overlay_socket=/tmp/tmux-501/ta-a9fd5b7defbd last_published_ws=/Users/alauda/Documents/code/agent前沿探索/多agent协作 sessions=8 source_match=true singleton_mismatch=false
2026-08-20T21:59:47.824 [session-live] enterSessionLive src=session-route ref=/tmp/tmux-501/ta-a9fd5b7defbd%0 resolved_ws=/Users/alauda/Documents/code/agent前沿探索/多agent协作 hint_ws=/Users/alauda/Documents/code/agent前沿探索/多agent协作 use_ws=/Users/alauda/Documents/code/agent前沿探索/多agent协作 subscribed=/Users/alauda/Documents/code/agent前沿探索/多agent协作 already=true cache_sessions=8 will_subscribe=false
2026-08-20T21:59:47.893 [refresh] applyListing seq=3 workspaces=6 refreshing_prev=true refreshing_next=false
2026-08-20T21:59:48.084 [viewport] source=windowVisibility visibility=8 width=1236 height=2099
2026-08-20T21:59:48.905 [level2] applyLevel2 src=level2-push workspace=/Users/alauda/Documents/code/agent前沿探索/多agent协作 seq=10 subscribed=/Users/alauda/Documents/code/agent前沿探索/多agent协作 incoming=8 publish=true statuses=x-501/ta-a9fd5b7defbd%0:idle->idle,x-501/ta-a9fd5b7defbd%1:idle->idle,x-501/ta-a9fd5b7defbd%2:idle->idle,x-501/ta-a9fd5b7defbd%3:idle->idle,x-501/ta-a9fd5b7defbd%4:idle->idle,x-501/ta-a9fd5b7defbd%5:idle->idle,x-501/ta-a9fd5b7defbd%6:idle->idle,x-501/ta-a9fd5b7defbd%9:idle->idle
2026-08-20T21:59:50.637 [refresh] enterLevel1 list cached=6 first_frame=already refreshing_prev=false refreshing_next=false
2026-08-20T21:59:50.687 [refresh] applyListing seq=5 workspaces=6 refreshing_prev=false refreshing_next=false
2026-08-20T21:59:53.468 [term-theme] raw=vesper catalogHit=true slot=light
2026-08-20T21:59:53.469 [term-theme] raw=vesper catalogHit=true slot=dark
