> Task :core-protocol:checkKotlinGradlePluginConfigurationErrors SKIPPED
> Task :core-protocol:compileKotlin UP-TO-DATE
> Task :core-protocol:compileJava NO-SOURCE
> Task :core-protocol:processResources NO-SOURCE
> Task :core-protocol:classes UP-TO-DATE
> Task :core-protocol:jar UP-TO-DATE
> Task :core-protocol:compileTestKotlin UP-TO-DATE
> Task :core-protocol:compileTestJava NO-SOURCE
> Task :core-protocol:processTestResources NO-SOURCE
> Task :core-protocol:testClasses UP-TO-DATE
> Task :core-protocol:test UP-TO-DATE
> Task :core-terminal:checkKotlinGradlePluginConfigurationErrors SKIPPED
> Task :core-terminal:compileKotlin UP-TO-DATE
> Task :core-terminal:compileJava NO-SOURCE
> Task :core-terminal:processResources NO-SOURCE
> Task :core-terminal:classes UP-TO-DATE
> Task :core-terminal:jar UP-TO-DATE
> Task :core-terminal:compileTestKotlin UP-TO-DATE
> Task :core-terminal:compileTestJava NO-SOURCE
> Task :core-terminal:processTestResources UP-TO-DATE
> Task :core-terminal:testClasses UP-TO-DATE
> Task :core-terminal:test UP-TO-DATE
> Task :core-conn:checkKotlinGradlePluginConfigurationErrors SKIPPED
> Task :core-conn:compileKotlin UP-TO-DATE
> Task :core-conn:compileJava NO-SOURCE
> Task :core-conn:processResources NO-SOURCE
> Task :core-conn:classes UP-TO-DATE
> Task :core-conn:jar UP-TO-DATE
> Task :core-conn:compileTestKotlin UP-TO-DATE
> Task :core-conn:compileTestJava NO-SOURCE
> Task :core-conn:processTestResources NO-SOURCE
> Task :core-conn:testClasses UP-TO-DATE
> Task :core-conn:test UP-TO-DATE

BUILD SUCCESSFUL in 891ms
13 actionable tasks: 13 up-to-date
