main_head=0df3562b7f7479ce4a2683f8c98546fab69bcf1c
bootstrap=da46a6b2b538faf7954fa4f9af7e8c09a194f45e
bootstrap_ancestor_main_rc=0
retained_head=da46a6b2b538faf7954fa4f9af7e8c09a194f45e
retained_registered=/Volumes/nvme/Projects/远程Agent安卓/.worktrees/wt-maple-core
wt-s7-cedar=absent
wt-s7-orbit=absent
wt-s7-cedar_registered=false
wt-s7-orbit_registered=false
continuity_fresh_begin
SUCCESSOR7_CONTINUITY evidence_commit=3528c2ad5 four_tasks=succeeded worktree=wt-maple-core manifest_bound=true archives_bound=true
continuity_fresh_rc=0
cat_file_bootstrap_begin
da46:path:ok .team/ledgers/acceptance/baseline-bundle-successor7-owned-emulator.sh
da46:path:ok .team/ledgers/acceptance/baseline-bundle-successor7-apparatus.sh
da46:path:ok .team/ledgers/acceptance/baseline-bundle-successor7-apparatus.py
da46:path:ok .team/ledgers/acceptance/baseline-bundle-successor7-continuity.sh
da46:path:ok .team/ledgers/acceptance/baseline-bundle-successor7-impl-bypass.sh
da46:path:ok .team/ledgers/acceptance/baseline-bundle-successor7-verify.sh
da46:path:ok .team/ledgers/acceptance/fixtures/baseline-bundle-successor7/impl-bypass/BUNDLE-MANIFEST.json
da46:path:ok .team/ledgers/acceptance/fixtures/baseline-bundle-successor7/impl-bypass/contract.json
da46:path:ok .team/nodes/spec-sol/baseline-bundle-successor7/任务书.md
da46:path:ok .team/nodes/spec-sol/baseline-bundle-successor7/apparatus-任务书.md
da46:path:ok .team/nodes/spec-sol/baseline-bundle-successor7/test-任务书.md
da46:path:ok .team/nodes/spec-sol/baseline-bundle-successor7/probe-任务书.md
da46:path:ok .team/nodes/spec-sol/baseline-bundle-successor7/verify-任务书.md
cat_file_final_input_begin
0df:path:ok .team/ledgers/acceptance/baseline-bundle-successor7-owned-emulator.sh
0df:path:ok .team/ledgers/acceptance/baseline-bundle-successor7-apparatus.sh
0df:path:ok .team/ledgers/acceptance/baseline-bundle-successor7-continuity.sh
0df:path:ok .team/ledgers/acceptance/baseline-bundle-successor7-impl-bypass.sh
0df:path:ok .team/ledgers/acceptance/baseline-bundle-successor7-verify.sh
0df:path:ok .team/ledgers/acceptance/fixtures/baseline-bundle-successor7/impl-bypass/contract.json
0df:path:ok .team/nodes/spec-sol/baseline-bundle-successor7/任务书.md
generated_final_package=working_tree_only_pending_leader_commit_before_start
ledger_started=false worktree_created=false device_command_executed=false
