successor6 deep-gate preservation audit

comparison:
  old=.team/ledgers/acceptance/baseline-bundle-impl.sh
  new=.team/ledgers/acceptance/baseline-bundle-successor6-deep.sh

line counts:
  old=200
  new=200

diff classification:
  purpose and diagnostic labels renamed to successor6
  one semantic line changed:
    old independent build safe prefix included {bundle_id}/builds/
    new deep safe prefix is repository vault root
  exact two-slot schema is not weakened or duplicated here; it is enforced first by the pinned successor6 projection gate, and wrapper rechecks manifest sha256 after projection and after each deep/antiforgery gate

preserved fact families=12:
  source closure
  artifact SHA/MD5/size
  normalized runtime
  signer/package/version
  archive regular-file/symlink/inode/seal/digest/retrieve
  A2 independent builds and roots
  no-cache build identity
  tool provenance
  report digests
  canonical bundle_id recheck
  focused mutation evidence
  private APK not tracked

wrapper negative scan:
  calls legacy baseline-bundle-impl.sh=false
  calls successor3 impl wrapper=false
  calls successor6 deep=true
  calls successor3 canonical real fixture=true
  calls successor3 controlled bypass=true

The full successor6 deep gate was not executed against the frozen old WT because bootstrap files are not present there and mutating that WT/attempt is forbidden. Final stage must commit bootstrap, create a fresh WT, and execute the full wrapper before any product verdict.

result: pass
