exact_rc=0
legacy-impl_rc=1
legacy-probe_rc=1
old-argv_rc=1
bad-fourstate_rc=1
missing_rc=2
mutation_expectations_rc=0
ledger_id=ledger.baseline-bundle.successor6.v1
revision=1
tasks=9
dependencies=10
transitions=0
t.baseline-bundle.test_required=M.baseline-bundle.successor6-test
t.baseline-bundle.probe_required=M.baseline-bundle.successor6-probe
t.baseline-bundle.impl_required=M.baseline-bundle.successor6-impl,M.baseline-bundle.successor6-bypass
legacy_impl_argv_absent=true
legacy_successor3_impl_argv_absent=true
ratio_1_10_retained=true
user_gold_retained=true
provenance_set=fdf7f64970351d51e616491850e2c49d03d24b22
worktrees=wt-falcon-review,wt-indigo-tests,wt-maple-core
parallel_group=[{'failure_policy': 'halt', 'group': 'baseline-bundle-wave', 'max_concurrency': 3}]
13:projection="$script_dir/baseline-bundle-successor6-projection.py"
22:for gate in baseline-bundle-successor5-sdk.sh baseline-bundle-successor5-sdk-regression.sh baseline-bundle-successor6-projection-regression.sh; do
42:for gate in baseline-bundle-successor6-deep.sh baseline-bundle-successor3-canonical.sh baseline-bundle-successor3-bypass.sh; do
legacy_wrapper_negative=true
