main_head=132e635761060c92edbcc789d0eac852c2a4d1e4
79cd08f0f53d0bd2e44dfd4d4e2fb33cbde001f2 ancestry_rc=0
25517d808cc19e3f002ceba51000b2a269bec362 ancestry_rc=0
79cd:r1-ledger=cat-file-ok
25517d:command-pair-review=cat-file-ok
command_pair_head=7485102b26ed34eb828e94900902147d5e00e995
command_pair_binary_md5=627f5e6fa5f47a61d23a09b918b50567
447d8a6fb608c2ab520c0a4f3a3d7bb5ab69f9818d2e008bb049096d103320dd  .team/ledgers/baseline-bundle-successor7-v1.json
aff56f8ceb238464429d577e33f51a75f51889578f6f3a3cb6ba746802e90b91  .team/nodes/_driver/baseline-bundle-successor7-v1.out
1191853ef9e1abd5cf27a1bc1cbd28a03f59871576c80f832d32fab6f6ecd1d1  .team/nodes/baseline-bundle-successor7-frontier-recovery/VERDICT.md
driver_start_count=2
driver_test_dispatch_count=2
driver_probe_dispatch_count=2
r1_source_compiled_diff_rc=0
wt-maple-core path=/Volumes/nvme/Projects/远程Agent安卓/.worktrees/wt-maple-core head=da46a6b2b538faf7954fa4f9af7e8c09a194f45e
wt-s7-cedar path=/Volumes/nvme/Projects/远程Agent安卓/.worktrees/wt-s7-cedar head=25517d808cc19e3f002ceba51000b2a269bec362
wt-s7-orbit path=/Volumes/nvme/Projects/远程Agent安卓/.worktrees/wt-s7-orbit head=25517d808cc19e3f002ceba51000b2a269bec362
04cdbd661548a4b3261c88d491cf80c48f98dcbe3c080e710fb7d12bbe6c105a  .worktrees/wt-s7-cedar/.team/nodes/baseline-bundle-successor7-test/RED.md
88868a1a1979d3f1504e5efd6876dc5ca8ed5cc6b45a2eb6f6dd23b8e5176cf7  .worktrees/wt-s7-orbit/.team/nodes/baseline-bundle-successor7-probe/PROBE.md
test: pass
probe: pass
successor8_lease=absent
collect=false redispatch=false r1_modified=false ledger_started=false device_started=false
