[ledger-run 2026-08-22T11:14:05Z] 开工 start | ledger_id=ledger.coreapp.v1 revision=15 账本=.team/ledgers/coreapp-v1.json 墙钟上限=57600s 派单死线=90s
[ledger-run 2026-08-22T11:14:05Z] 轮次 round | 第 1 轮开始：前沿 ["t.perf"]（墙钟已跑 0s / 上限 57600s）
[ledger-run 2026-08-22T11:14:05Z] 派单 dispatch | task=t.perf 收件人=/Volumes/nvme/Projects/远程Agent安卓::remote-agent-android/ca-emu2 席位=ca-emu2 attempt=att-t.perf-seq1-t1787397245658 delivery=del-t.perf-seq1-t1787397245658 等席位预算=5400s 来源=任务 seat_wait_seconds
[ledger-run 2026-08-22T11:14:05Z] 投递回执 send-ok | task=t.perf case_id=ledger_coreapp_v1__t.perf__r15 message_id=msg_5be43957a898 —— 回执成功≠席位收到，下一步查收件箱确认落地
[ledger-run 2026-08-22T11:14:05Z] 派单落地 dispatch-landed | task=t.perf 席位 ca-emu2 的收件箱已多出这条派单
[ledger-run 2026-08-22T11:14:05Z] 等待 wait | task=t.perf 在等的 key（case_id）=ledger_coreapp_v1__t.perf__r15 team=remote-agent-android 预算=5400s 来源=任务 seat_wait_seconds
[ledger-run 2026-08-22T11:36:47Z] 原子写回 writeback-atomic | task=t.perf status_record + route_hops → 临时文件+rename 已落盘（revision=16 hash=e51d9ae708394a51）——中途死也不会留下半份账本，进度不会全废
[ledger-run 2026-08-22T11:36:47Z] 状态路由点火 route-fire | task=t.perf status=done → t.rv exhausted=false reentered=false
[ledger-run 2026-08-22T11:36:47Z] 已唤醒 wait-signaled | task=t.perf 等到结果了
[ledger-run 2026-08-22T11:36:47Z] 判据 acceptance | task=t.perf 在跑 required=["c.perf"]
[ledger-run 2026-08-22T11:36:58Z] 判据失败诊断 acceptance-diagnostic | task=t.perf 判据 c.perf 失败：exit_code=1 (期望 0) cwd=.worktrees/wt-ca argv=["/bin/sh", "tools/perfbase/judge-perf-ab.sh"] error=exit_code_mismatch: expected 0, observed 1 stderr(末20行)=
Traceback (most recent call last):
  File "<stdin>", line 26, in <module>
AttributeError: 'str' object has no attribute 'get'
[ledger-run 2026-08-22T11:36:58Z] 原子写回 writeback-atomic | task=t.perf 判据失败诊断落进 attempts[] → 临时文件+rename 已落盘（revision=16 hash=4c7b37f032c2d5dc）——中途死也不会留下半份账本，进度不会全废
[ledger-run 2026-08-22T11:36:58Z] 原子写回 writeback-atomic | task=t.perf 判据红下一步落盘 → 临时文件+rename 已落盘（revision=16 hash=8955bccd28ac8edc）——中途死也不会留下半份账本，进度不会全废
[ledger-run 2026-08-22T11:36:59Z] 状态变坏 notify-bad-state | task=t.perf 判据红 停机通知：已投递
[ledger-run 2026-08-22T11:36:59Z] 判据红 acceptance-red | task=t.perf required 未全过——关 attempt，默认 halt（该格已移出前沿；停机通知：已投递）
[ledger-run 2026-08-22T11:36:59Z] 收工 finish | 停机原因=Failed 写回=["t.perf"] 冻结=["t.perf"] 不可判=[] 墙钟已跑 1374s
[ledger-run 2026-08-22T11:36:59Z] 通知 notify-begin | 正在把停机原因发给 leader（--team 取自账本 roles[].seat.team）
[ledger-run 2026-08-22T11:36:59Z] 通知 notify-done | 停机通知已投递（投递结果不静默丢弃）
ledger_id: ledger.coreapp.v1  revision: 15 → 16  wrote_back: ["t.perf"]  frozen: ["t.perf"]  unjudgeable: []  preflight_rejected: false  awaiting_human: false  idle_reason: None
notice: ledger_id: ledger.coreapp.v1 | revision: 16 | 停机原因: Failed | 最后失败判据: task=t.perf revision=16 判据红 acceptance_id=[c.perf] 判据 c.perf 失败：exit_code=1 (期望 0) cwd=.worktrees/wt-ca argv=["/bin/sh", "tools/perfbase/judge-perf-ab.sh"] error=exit_code_mismatch: expected 0, observed 1 | 各任务终态: t.capp=Succeeded, t.close=Planned, t.esc=Planned, t.path=Succeeded, t.perf=FailedRetryable, t.pub=Succeeded, t.rv=Planned
notice: ledger_id: ledger.coreapp.v1 | revision: 16 | 停机原因: Failed | 最后失败判据: t.perf 判据未过 ｜ t.perf：判据 c.perf 失败：exit_code=1 (期望 0) cwd=.worktrees/wt-ca argv=["/bin/sh", "tools/perfbase/judge-perf-ab.sh"] error=exit_code_mismatch: expected 0, observed 1（stderr 末20行见账本 tasks.t.perf.attempts[].artifact_refs） ｜ 未干完的任务（非 Succeeded）: t.close=Planned, t.esc=Planned, t.perf=FailedRetryable, t.rv=Planned | 各任务终态: t.capp=Succeeded, t.close=Planned, t.esc=Planned, t.path=Succeeded, t.perf=FailedRetryable, t.pub=Succeeded, t.rv=Planned
