租约抢占：pid=45127 stole from pid=15854 reason=holder pid 15854 不存在（判定已死） at=1787060451

[ledger-run 2026-08-18T13:40:51Z] 开工 start | ledger_id=ledger.l2-tristate.v1 revision=4 账本=.team/ledgers/l2-tristate-v1.json 墙钟上限=14400s 派单死线=90s
[ledger-run 2026-08-18T13:40:52Z] 轮次 round | 第 1 轮开始：前沿 ["t.srv"]（墙钟已跑 1s / 上限 14400s）
[ledger-run 2026-08-18T13:40:52Z] 派单 dispatch | task=t.srv 收件人=/Volumes/nvme/Projects/远程Agent安卓::grok-l2/dev-server 席位=dev-server attempt=att-t.srv-seq1-t1787060452517 delivery=del-t.srv-seq1-t1787060452517
[ledger-run 2026-08-18T13:40:52Z] 投递回执 send-ok | task=t.srv case_id=ledger_l2-tristate_v1__t.srv__r4 message_id=msg_5b877b632d58 —— 回执成功≠席位收到，下一步查收件箱确认落地
[ledger-run 2026-08-18T13:40:52Z] 派单落地 dispatch-landed | task=t.srv 席位 dev-server 的收件箱已多出这条派单
[ledger-run 2026-08-18T13:40:52Z] 等待 wait | task=t.srv 在等的 key（case_id）=ledger_l2-tristate_v1__t.srv__r4 team=grok-l2 预算=1000s
[ledger-run 2026-08-18T13:47:28Z] 已唤醒 wait-signaled | task=t.srv 等到结果了
[ledger-run 2026-08-18T13:47:28Z] 判据 acceptance | task=t.srv 在跑 required=["A-s-grok-work", "A-s-grok-idle", "A-s-cc-work", "A-s-cc-idle", "A-s-noglyph", "A-s-unknown", "A-s-decoupled", "A-s-suite"]
[ledger-run 2026-08-18T13:49:12Z] 判据通过留档 acceptance-success | task=t.srv 成功 attempt 落进 attempts[] writeback_revision=5 passed=["A-s-grok-work", "A-s-grok-idle", "A-s-cc-work", "A-s-cc-idle", "A-s-noglyph", "A-s-unknown", "A-s-decoupled", "A-s-suite"]
[ledger-run 2026-08-18T13:49:12Z] 原子写回 writeback-atomic | task=t.srv state=succeeded + revision+1 → 临时文件+rename 已落盘（revision=5 hash=9a8b5b8877c4aef8）——中途死也不会留下半份账本，进度不会全废
[ledger-run 2026-08-18T13:49:12Z] 写回 writeback | task=t.srv state=succeeded revision=4 → 5
[ledger-run 2026-08-18T13:49:12Z] 轮次 round | 第 2 轮开始：前沿 ["t.verify"]（墙钟已跑 501s / 上限 14400s）
[ledger-run 2026-08-18T13:49:12Z] 派单 dispatch | task=t.verify 收件人=/Volumes/nvme/Projects/远程Agent安卓::grok-l2/control 席位=control attempt=att-t.verify-seq2-t1787060952359 delivery=del-t.verify-seq2-t1787060952359
[ledger-run 2026-08-18T13:49:12Z] 投递回执 send-ok | task=t.verify case_id=ledger_l2-tristate_v1__t.verify__r5 message_id=msg_3335df587b50 —— 回执成功≠席位收到，下一步查收件箱确认落地
[ledger-run 2026-08-18T13:49:12Z] 派单落地 dispatch-landed | task=t.verify 席位 control 的收件箱已多出这条派单
[ledger-run 2026-08-18T13:49:12Z] 等待 wait | task=t.verify 在等的 key（case_id）=ledger_l2-tristate_v1__t.verify__r5 team=grok-l2 预算=950s
[ledger-run 2026-08-18T13:51:08Z] 已唤醒 wait-signaled | task=t.verify 等到结果了
[ledger-run 2026-08-18T13:51:08Z] 判据 acceptance | task=t.verify 在跑 required=["A-v-green", "A-v-mut", "A-v-rep", "A-v-clean"]
[ledger-run 2026-08-18T13:52:43Z] 判据失败诊断 acceptance-diagnostic | task=t.verify 判据 A-v-clean 失败：exit_code=1 (期望 0) cwd=/Volumes/nvme/Projects/远程Agent安卓 argv=["sh", "-c", "cd /Volumes/nvme/Projects/远程Agent安卓 && test -z \"$(git status --porcelain server app | grep -E '^ M|^MM')\""] error=exit_code_mismatch: expected 0, observed 1 stderr(末20行)=

[ledger-run 2026-08-18T13:52:43Z] 原子写回 writeback-atomic | task=t.verify 判据失败诊断落进 attempts[] → 临时文件+rename 已落盘（revision=5 hash=6362eb2fb2e26135）——中途死也不会留下半份账本，进度不会全废
[ledger-run 2026-08-18T13:52:43Z] 判据红 acceptance-red | task=t.verify required 未全过——冻结这一格，其余分支继续
[ledger-run 2026-08-18T13:52:43Z] 停机 halt | 第 2 轮零进展（没有任何任务写回）：前沿不会自己变，继续转只会重发同一条派单——停下来交人
[ledger-run 2026-08-18T13:52:43Z] 收工 finish | 停机原因=Failed 写回=["t.srv"] 冻结=["t.verify"] 不可判=[] 墙钟已跑 712s
[ledger-run 2026-08-18T13:52:43Z] 通知 notify-begin | 正在把停机原因发给 leader
[ledger-run 2026-08-18T13:52:43Z] 通知 notify-fail | 通知未送达：team key `annot` is not a runtime key in target workspace `/Volumes/nvme/Projects/远程Agent安卓` (spec/display name may differ from runtime key)
{"ok":true,"ledger_id":"ledger.l2-tristate.v1","revision_before":4,"revision_after":5,"wrote_back":["t.srv"],"unjudgeable":[],"frozen":["t.verify"],"preflight_rejected":false,"notices_sent":["ledger_id: ledger.l2-tristate.v1 | revision: 5 | 停机原因: Failed | 最后失败判据: t.verify 判据未过 ｜ t.verify：判据 A-v-clean 失败：exit_code=1 (期望 0) cwd=/Volumes/nvme/Projects/远程Agent安卓 argv=[\"sh\", \"-c\", \"cd /Volumes/nvme/Projects/远程Agent安卓 && test -z \\\"$(git status --porcelain server app | grep -E '^ M|^MM')\\\"\"] error=exit_code_mismatch: expected 0, observed 1（stderr 末20行见账本 tasks.t.verify.attempts[].artifact_refs） ｜ 未干完的任务（非 Succeeded）: t.pkg=Planned, t.verify=Planned | 各任务终态: t.app=Succeeded, t.pkg=Planned, t.rule=Succeeded, t.srv=Succeeded, t.verify=Planned","通知未送达：team key `annot` is not a runtime key in target workspace `/Volumes/nvme/Projects/远程Agent安卓` (spec/display name may differ from runtime key)"]}
