[ledger-run 2026-08-18T16:22:49Z] 开工 start | ledger_id=ledger.overlay.v1 revision=7 账本=.team/ledgers/overlay-v1.json 墙钟上限=18200s 派单死线=90s
[ledger-run 2026-08-18T16:22:53Z] 轮次 round | 第 1 轮开始：前沿 ["t.srv", "t.stale"]（墙钟已跑 4s / 上限 18200s）
[ledger-run 2026-08-18T16:22:54Z] 派单 dispatch | task=t.srv 收件人=/Volumes/nvme/Projects/远程Agent安卓::grok-l2/dev-server 席位=dev-server attempt=att-t.srv-seq1-t1787070173948 delivery=del-t.srv-seq1-t1787070173948
[ledger-run 2026-08-18T16:22:54Z] 投递回执 send-ok | task=t.srv case_id=ledger_overlay_v1__t.srv__r7 message_id=msg_ceafefd5aa50 —— 回执成功≠席位收到，下一步查收件箱确认落地
[ledger-run 2026-08-18T16:22:54Z] 派单落地 dispatch-landed | task=t.srv 席位 dev-server 的收件箱已多出这条派单
[ledger-run 2026-08-18T16:22:54Z] 派单 dispatch | task=t.stale 收件人=/Volumes/nvme/Projects/远程Agent安卓::grok-l2/dev-app 席位=dev-app attempt=att-t.stale-seq2-t1787070174392 delivery=del-t.stale-seq2-t1787070174392
[ledger-run 2026-08-18T16:22:54Z] 投递回执 send-ok | task=t.stale case_id=ledger_overlay_v1__t.stale__r7 message_id=msg_b6d509cc2650 —— 回执成功≠席位收到，下一步查收件箱确认落地
[ledger-run 2026-08-18T16:22:54Z] 派单落地 dispatch-landed | task=t.stale 席位 dev-app 的收件箱已多出这条派单
[ledger-run 2026-08-18T16:22:54Z] 等待 wait | task=t.srv 在等的 key（case_id）=ledger_overlay_v1__t.srv__r7 team=grok-l2 预算=1000s
[ledger-run 2026-08-18T16:23:45Z] 已唤醒 wait-signaled | task=t.srv 等到结果了
[ledger-run 2026-08-18T16:23:45Z] 判据 acceptance | task=t.srv 在跑 required=["A-s-idle", "A-s-nonempty", "A-s-anim", "A-s-suite"]
[ledger-run 2026-08-18T16:27:09Z] 判据通过留档 acceptance-success | task=t.srv 成功 attempt 落进 attempts[] writeback_revision=8 passed=["A-s-idle", "A-s-nonempty", "A-s-anim", "A-s-suite"]
[ledger-run 2026-08-18T16:27:09Z] 原子写回 writeback-atomic | task=t.srv state=succeeded + revision+1 → 临时文件+rename 已落盘（revision=8 hash=f77f76e41a7a5702）——中途死也不会留下半份账本，进度不会全废
[ledger-run 2026-08-18T16:27:09Z] 写回 writeback | task=t.srv state=succeeded revision=7 → 8
[ledger-run 2026-08-18T16:27:09Z] 等待 wait | task=t.stale 在等的 key（case_id）=ledger_overlay_v1__t.stale__r7 team=grok-l2 预算=1900s
[ledger-run 2026-08-18T16:33:03Z] 已唤醒 wait-signaled | task=t.stale 等到结果了
[ledger-run 2026-08-18T16:33:03Z] 判据 acceptance | task=t.stale 在跑 required=["A-st-new", "A-st-keep-cache", "A-st-keep-inplace", "A-st-suite"]
[ledger-run 2026-08-18T16:36:53Z] 判据通过留档 acceptance-success | task=t.stale 成功 attempt 落进 attempts[] writeback_revision=9 passed=["A-st-new", "A-st-keep-cache", "A-st-keep-inplace", "A-st-suite"]
[ledger-run 2026-08-18T16:36:53Z] 原子写回 writeback-atomic | task=t.stale state=succeeded + revision+1 → 临时文件+rename 已落盘（revision=9 hash=f0375c1a111160f8）——中途死也不会留下半份账本，进度不会全废
[ledger-run 2026-08-18T16:36:53Z] 写回 writeback | task=t.stale state=succeeded revision=8 → 9
[ledger-run 2026-08-18T16:36:53Z] 轮次 round | 第 2 轮开始：前沿 ["t.verify"]（墙钟已跑 843s / 上限 18200s）
[ledger-run 2026-08-18T16:36:53Z] 派单 dispatch | task=t.verify 收件人=/Volumes/nvme/Projects/远程Agent安卓::grok-l2/control 席位=control attempt=att-t.verify-seq3-t1787071013061 delivery=del-t.verify-seq3-t1787071013061
[ledger-run 2026-08-18T16:36:53Z] 投递回执 send-ok | task=t.verify case_id=ledger_overlay_v1__t.verify__r9 message_id=msg_59de50396b98 —— 回执成功≠席位收到，下一步查收件箱确认落地
[ledger-run 2026-08-18T16:36:53Z] 派单落地 dispatch-landed | task=t.verify 席位 control 的收件箱已多出这条派单
[ledger-run 2026-08-18T16:36:53Z] 等待 wait | task=t.verify 在等的 key（case_id）=ledger_overlay_v1__t.verify__r9 team=grok-l2 预算=950s
[ledger-run 2026-08-18T16:38:14Z] 已唤醒 wait-signaled | task=t.verify 等到结果了
[ledger-run 2026-08-18T16:38:14Z] 判据 acceptance | task=t.verify 在跑 required=["A-v-probe", "A-v-size", "A-v-mut", "A-v-rep"]
[ledger-run 2026-08-18T16:41:52Z] 判据通过留档 acceptance-success | task=t.verify 成功 attempt 落进 attempts[] writeback_revision=10 passed=["A-v-probe", "A-v-size", "A-v-mut", "A-v-rep"]
[ledger-run 2026-08-18T16:41:52Z] 原子写回 writeback-atomic | task=t.verify state=succeeded + revision+1 → 临时文件+rename 已落盘（revision=10 hash=76c1075e25302917）——中途死也不会留下半份账本，进度不会全废
[ledger-run 2026-08-18T16:41:52Z] 写回 writeback | task=t.verify state=succeeded revision=9 → 10
[ledger-run 2026-08-18T16:41:52Z] 轮次 round | 第 3 轮开始：前沿 ["t.pkg"]（墙钟已跑 1143s / 上限 18200s）
[ledger-run 2026-08-18T16:41:52Z] 派单 dispatch | task=t.pkg 收件人=/Volumes/nvme/Projects/远程Agent安卓::grok-l2/dev-app 席位=dev-app attempt=att-t.pkg-seq4-t1787071312672 delivery=del-t.pkg-seq4-t1787071312672
[ledger-run 2026-08-18T16:41:53Z] 投递回执 send-ok | task=t.pkg case_id=ledger_overlay_v1__t.pkg__r10 message_id=msg_08cb12600138 —— 回执成功≠席位收到，下一步查收件箱确认落地
[ledger-run 2026-08-18T16:41:53Z] 派单落地 dispatch-landed | task=t.pkg 席位 dev-app 的收件箱已多出这条派单
[ledger-run 2026-08-18T16:41:53Z] 等待 wait | task=t.pkg 在等的 key（case_id）=ledger_overlay_v1__t.pkg__r10 team=grok-l2 预算=2500s
[ledger-run 2026-08-18T16:43:51Z] 已唤醒 wait-signaled | task=t.pkg 等到结果了
[ledger-run 2026-08-18T16:43:51Z] 判据 acceptance | task=t.pkg 在跑 required=["A-p-build", "A-p-fresh", "A-p-probe", "A-p-size"]
[ledger-run 2026-08-18T16:47:14Z] 判据通过留档 acceptance-success | task=t.pkg 成功 attempt 落进 attempts[] writeback_revision=11 passed=["A-p-build", "A-p-fresh", "A-p-probe", "A-p-size"]
[ledger-run 2026-08-18T16:47:14Z] 延后落盘 writeback-deferred | task=t.pkg 这一格让整张账本进入全绿：**先通知 leader 再落盘**——不许出现「账本读起来全绿而没人被通知」的窗口
[ledger-run 2026-08-18T16:47:14Z] 写回 writeback | task=t.pkg state=succeeded revision=10 → 11
[ledger-run 2026-08-18T16:47:14Z] 收工 finish | 停机原因=AllSucceeded 写回=["t.srv", "t.stale", "t.verify", "t.pkg"] 冻结=[] 不可判=[] 墙钟已跑 1465s
[ledger-run 2026-08-18T16:47:14Z] 通知 notify-begin | 正在把停机原因发给 leader
[ledger-run 2026-08-18T16:47:14Z] 通知 notify-fail | 通知未送达：team key `annot` is not a runtime key in target workspace `/Volumes/nvme/Projects/远程Agent安卓` (spec/display name may differ from runtime key)
[ledger-run 2026-08-18T16:47:14Z] 原子写回 writeback-atomic | task=- 全绿落盘（leader 通知已先行） → 临时文件+rename 已落盘（revision=11 hash=5b6d3292af5d6e20）——中途死也不会留下半份账本，进度不会全废
{"ok":true,"ledger_id":"ledger.overlay.v1","revision_before":7,"revision_after":11,"wrote_back":["t.srv","t.stale","t.verify","t.pkg"],"unjudgeable":[],"frozen":[],"preflight_rejected":false,"notices_sent":["ledger_id: ledger.overlay.v1 | revision: 11 | 停机原因: AllSucceeded | 最后失败判据: 全部任务 succeeded：本轮没有失败判据、没有投递失败、没有超限 | 各任务终态: t.app=Succeeded, t.feas=Succeeded, t.pkg=Succeeded, t.srv=Succeeded, t.stale=Succeeded, t.verify=Succeeded","通知未送达：team key `annot` is not a runtime key in target workspace `/Volumes/nvme/Projects/远程Agent安卓` (spec/display name may differ from runtime key)"]}
