[ledger-run 2026-08-18T16:59:34Z] 开工 start | ledger_id=ledger.overlay-fix.v1 revision=1 账本=.team/ledgers/overlay-fix-v1.json 墙钟上限=14600s 派单死线=90s
[ledger-run 2026-08-18T16:59:50Z] 轮次 round | 第 1 轮开始：前沿 ["t.probe"]（墙钟已跑 15s / 上限 14600s）
[ledger-run 2026-08-18T16:59:50Z] 派单 dispatch | task=t.probe 收件人=/Volumes/nvme/Projects/远程Agent安卓::grok-l2/advisor 席位=advisor attempt=att-t.probe-seq1-t1787072390234 delivery=del-t.probe-seq1-t1787072390234
[ledger-run 2026-08-18T16:59:50Z] 投递回执 send-ok | task=t.probe case_id=ledger_overlay-fix_v1__t.probe__r1 message_id=msg_ab6bf64dc448 —— 回执成功≠席位收到，下一步查收件箱确认落地
[ledger-run 2026-08-18T16:59:50Z] 派单落地 dispatch-landed | task=t.probe 席位 advisor 的收件箱已多出这条派单
[ledger-run 2026-08-18T16:59:50Z] 等待 wait | task=t.probe 在等的 key（case_id）=ledger_overlay-fix_v1__t.probe__r1 team=grok-l2 预算=950s
[ledger-run 2026-08-18T17:03:51Z] 已唤醒 wait-signaled | task=t.probe 等到结果了
[ledger-run 2026-08-18T17:03:51Z] 判据 acceptance | task=t.probe 在跑 required=["A-p-exec", "A-p-doc", "A-p-three", "A-p-red"]
[ledger-run 2026-08-18T17:06:33Z] 判据通过留档 acceptance-success | task=t.probe 成功 attempt 落进 attempts[] writeback_revision=2 passed=["A-p-exec", "A-p-doc", "A-p-three", "A-p-red"]
[ledger-run 2026-08-18T17:06:33Z] 原子写回 writeback-atomic | task=t.probe state=succeeded + revision+1 → 临时文件+rename 已落盘（revision=2 hash=ec7c4e2eee888b2b）——中途死也不会留下半份账本，进度不会全废
[ledger-run 2026-08-18T17:06:33Z] 写回 writeback | task=t.probe state=succeeded revision=1 → 2
[ledger-run 2026-08-18T17:06:33Z] 轮次 round | 第 2 轮开始：前沿 ["t.app", "t.srv"]（墙钟已跑 419s / 上限 14600s）
[ledger-run 2026-08-18T17:06:33Z] 派单 dispatch | task=t.app 收件人=/Volumes/nvme/Projects/远程Agent安卓::grok-l2/dev-app 席位=dev-app attempt=att-t.app-seq2-t1787072793393 delivery=del-t.app-seq2-t1787072793393
[ledger-run 2026-08-18T17:06:33Z] 投递回执 send-ok | task=t.app case_id=ledger_overlay-fix_v1__t.app__r2 message_id=msg_693cde3651c8 —— 回执成功≠席位收到，下一步查收件箱确认落地
[ledger-run 2026-08-18T17:06:34Z] 派单落地 dispatch-landed | task=t.app 席位 dev-app 的收件箱已多出这条派单
[ledger-run 2026-08-18T17:06:34Z] 派单 dispatch | task=t.srv 收件人=/Volumes/nvme/Projects/远程Agent安卓::grok-l2/dev-server 席位=dev-server attempt=att-t.srv-seq3-t1787072794038 delivery=del-t.srv-seq3-t1787072794038
[ledger-run 2026-08-18T17:06:34Z] 投递回执 send-ok | task=t.srv case_id=ledger_overlay-fix_v1__t.srv__r2 message_id=msg_5a4efa2b7840 —— 回执成功≠席位收到，下一步查收件箱确认落地
[ledger-run 2026-08-18T17:06:34Z] 派单落地 dispatch-landed | task=t.srv 席位 dev-server 的收件箱已多出这条派单
[ledger-run 2026-08-18T17:06:34Z] 等待 wait | task=t.app 在等的 key（case_id）=ledger_overlay-fix_v1__t.app__r2 team=grok-l2 预算=1900s
[ledger-run 2026-08-18T17:15:23Z] 已唤醒 wait-signaled | task=t.app 等到结果了
[ledger-run 2026-08-18T17:15:23Z] 判据 acceptance | task=t.app 在跑 required=["A-a-ansi", "A-a-replace", "A-a-sock", "A-a-keep1", "A-a-keep2", "A-a-suite"]
[ledger-run 2026-08-18T17:18:18Z] 判据通过留档 acceptance-success | task=t.app 成功 attempt 落进 attempts[] writeback_revision=3 passed=["A-a-ansi", "A-a-replace", "A-a-sock", "A-a-keep1", "A-a-keep2", "A-a-suite"]
[ledger-run 2026-08-18T17:18:18Z] 原子写回 writeback-atomic | task=t.app state=succeeded + revision+1 → 临时文件+rename 已落盘（revision=3 hash=a19cf2af9cbcc017）——中途死也不会留下半份账本，进度不会全废
[ledger-run 2026-08-18T17:18:18Z] 写回 writeback | task=t.app state=succeeded revision=2 → 3
[ledger-run 2026-08-18T17:18:18Z] 等待 wait | task=t.srv 在等的 key（case_id）=ledger_overlay-fix_v1__t.srv__r2 team=grok-l2 预算=1000s
[ledger-run 2026-08-18T17:18:18Z] 已唤醒 wait-signaled | task=t.srv 等到结果了
[ledger-run 2026-08-18T17:18:18Z] 判据 acceptance | task=t.srv 在跑 required=["A-s-sock", "A-s-noself", "A-s-suite"]
[ledger-run 2026-08-18T17:21:03Z] 判据通过留档 acceptance-success | task=t.srv 成功 attempt 落进 attempts[] writeback_revision=4 passed=["A-s-sock", "A-s-noself", "A-s-suite"]
[ledger-run 2026-08-18T17:21:03Z] 原子写回 writeback-atomic | task=t.srv state=succeeded + revision+1 → 临时文件+rename 已落盘（revision=4 hash=57d0416401f90f4d）——中途死也不会留下半份账本，进度不会全废
[ledger-run 2026-08-18T17:21:03Z] 写回 writeback | task=t.srv state=succeeded revision=3 → 4
[ledger-run 2026-08-18T17:21:03Z] 轮次 round | 第 3 轮开始：前沿 ["t.ver"]（墙钟已跑 1289s / 上限 14600s）
[ledger-run 2026-08-18T17:21:03Z] 派单 dispatch | task=t.ver 收件人=/Volumes/nvme/Projects/远程Agent安卓::grok-l2/control 席位=control attempt=att-t.ver-seq4-t1787073663875 delivery=del-t.ver-seq4-t1787073663875
[ledger-run 2026-08-18T17:21:04Z] 投递回执 send-ok | task=t.ver case_id=ledger_overlay-fix_v1__t.ver__r4 message_id=msg_ca2e814ebbc8 —— 回执成功≠席位收到，下一步查收件箱确认落地
[ledger-run 2026-08-18T17:21:04Z] 派单落地 dispatch-landed | task=t.ver 席位 control 的收件箱已多出这条派单
[ledger-run 2026-08-18T17:21:04Z] 等待 wait | task=t.ver 在等的 key（case_id）=ledger_overlay-fix_v1__t.ver__r4 team=grok-l2 预算=950s
[ledger-run 2026-08-18T17:24:16Z] 已唤醒 wait-signaled | task=t.ver 等到结果了
[ledger-run 2026-08-18T17:24:16Z] 判据 acceptance | task=t.ver 在跑 required=["A-v-probe", "A-v-size", "A-v-mut", "A-v-rep"]
[ledger-run 2026-08-18T17:27:55Z] 判据失败诊断 acceptance-diagnostic | task=t.ver 判据 A-v-probe 失败：exit_code=1 (期望 0) cwd=/Volumes/nvme/Projects/远程Agent安卓 argv=["python3", "-c", "import subprocess,sys;sys.exit(subprocess.run(['bash', '/Volumes/nvme/Projects/远程Agent安卓/.team/nodes/ov2-probe/probe-ov2.sh'],timeout=900).returncode)"] error=exit_code_mismatch: expected 0, observed 1 stderr(末20行)=

[ledger-run 2026-08-18T17:27:55Z] 原子写回 writeback-atomic | task=t.ver 判据失败诊断落进 attempts[] → 临时文件+rename 已落盘（revision=4 hash=f75efd8224e43904）——中途死也不会留下半份账本，进度不会全废
[ledger-run 2026-08-18T17:27:55Z] 判据红 acceptance-red | task=t.ver required 未全过——冻结这一格，其余分支继续
[ledger-run 2026-08-18T17:27:55Z] 停机 halt | 第 3 轮零进展（没有任何任务写回）：前沿不会自己变，继续转只会重发同一条派单——停下来交人
[ledger-run 2026-08-18T17:27:55Z] 收工 finish | 停机原因=Failed 写回=["t.probe", "t.app", "t.srv"] 冻结=["t.ver"] 不可判=[] 墙钟已跑 1701s
[ledger-run 2026-08-18T17:27:55Z] 通知 notify-begin | 正在把停机原因发给 leader
[ledger-run 2026-08-18T17:27:55Z] 通知 notify-fail | 通知未送达：team key `annot` is not a runtime key in target workspace `/Volumes/nvme/Projects/远程Agent安卓` (spec/display name may differ from runtime key)
{"ok":true,"ledger_id":"ledger.overlay-fix.v1","revision_before":1,"revision_after":4,"wrote_back":["t.probe","t.app","t.srv"],"unjudgeable":[],"frozen":["t.ver"],"preflight_rejected":false,"notices_sent":["ledger_id: ledger.overlay-fix.v1 | revision: 4 | 停机原因: Failed | 最后失败判据: t.ver 判据未过 ｜ t.ver：判据 A-v-probe 失败：exit_code=1 (期望 0) cwd=/Volumes/nvme/Projects/远程Agent安卓 argv=[\"python3\", \"-c\", \"import subprocess,sys;sys.exit(subprocess.run(['bash', '/Volumes/nvme/Projects/远程Agent安卓/.team/nodes/ov2-probe/probe-ov2.sh'],timeout=900).returncode)\"] error=exit_code_mismatch: expected 0, observed 1（stderr 末20行见账本 tasks.t.ver.attempts[].artifact_refs） ｜ 未干完的任务（非 Succeeded）: t.pkg=Planned, t.ver=Planned | 各任务终态: t.app=Succeeded, t.pkg=Planned, t.probe=Succeeded, t.srv=Succeeded, t.ver=Planned","通知未送达：team key `annot` is not a runtime key in target workspace `/Volumes/nvme/Projects/远程Agent安卓` (spec/display name may differ from runtime key)"]}
