[ledger-run 2026-08-21T21:18:59Z] 开工 start | ledger_id=ledger.perfbase.v1 revision=15 账本=.team/ledgers/perfbase-v1.json 墙钟上限=126000s 派单死线=90s
[ledger-run 2026-08-21T21:19:03Z] 轮次 round | 第 1 轮开始：前沿 ["t.instr3"]（墙钟已跑 3s / 上限 126000s）
[ledger-run 2026-08-21T21:19:03Z] 派单 dispatch | task=t.instr3 收件人=/Volumes/nvme/Projects/远程Agent安卓::grok-l2/pb-impl 席位=pb-impl attempt=att-t.instr3-seq1-t1787347143113 delivery=del-t.instr3-seq1-t1787347143113 等席位预算=3600s 来源=任务 seat_wait_seconds
[ledger-run 2026-08-21T21:19:03Z] 投递回执 send-ok | task=t.instr3 case_id=ledger_perfbase_v1__t.instr3__r15 message_id=msg_2808d0c141e0 —— 回执成功≠席位收到，下一步查收件箱确认落地
[ledger-run 2026-08-21T21:19:03Z] 派单落地 dispatch-landed | task=t.instr3 席位 pb-impl 的收件箱已多出这条派单
[ledger-run 2026-08-21T21:19:03Z] 等待 wait | task=t.instr3 在等的 key（case_id）=ledger_perfbase_v1__t.instr3__r15 team=grok-l2 预算=3600s 来源=任务 seat_wait_seconds
[ledger-run 2026-08-21T21:23:25Z] 已唤醒 wait-signaled | task=t.instr3 等到结果了
[ledger-run 2026-08-21T21:23:25Z] 判据 acceptance | task=t.instr3 在跑 required=["c.instr3"]
[ledger-run 2026-08-21T21:23:54Z] 判据通过留档 acceptance-success | task=t.instr3 成功 attempt 落进 attempts[] writeback_revision=16 passed=["c.instr3"]
[ledger-run 2026-08-21T21:23:54Z] 原子写回 writeback-atomic | task=t.instr3 state=succeeded + revision+1 → 临时文件+rename 已落盘（revision=16 hash=703880c18bf8152e）——中途死也不会留下半份账本，进度不会全废
[ledger-run 2026-08-21T21:23:54Z] 写回 writeback | task=t.instr3 state=succeeded revision=15 → 16
[ledger-run 2026-08-21T21:23:54Z] 轮次 round | 第 2 轮开始：前沿 ["t.base"]（墙钟已跑 295s / 上限 126000s）
[ledger-run 2026-08-21T21:23:54Z] 派单 dispatch | task=t.base 收件人=/Volumes/nvme/Projects/远程Agent安卓::remote-agent-android/pb-emu 席位=pb-emu attempt=att-t.base-seq2-t1787347434652 delivery=del-t.base-seq2-t1787347434652 等席位预算=5400s 来源=任务 seat_wait_seconds
[ledger-run 2026-08-21T21:23:54Z] 投递回执 send-ok | task=t.base case_id=ledger_perfbase_v1__t.base__r16 message_id=msg_b91bb51a9c90 —— 回执成功≠席位收到，下一步查收件箱确认落地
[ledger-run 2026-08-21T21:23:54Z] 派单落地 dispatch-landed | task=t.base 席位 pb-emu 的收件箱已多出这条派单
[ledger-run 2026-08-21T21:23:54Z] 等待 wait | task=t.base 在等的 key（case_id）=ledger_perfbase_v1__t.base__r16 team=remote-agent-android 预算=5400s 来源=任务 seat_wait_seconds
[ledger-run 2026-08-21T21:56:25Z] 已唤醒 wait-signaled | task=t.base 等到结果了
[ledger-run 2026-08-21T21:56:25Z] 判据 acceptance | task=t.base 在跑 required=["c.base"]
[ledger-run 2026-08-21T21:56:56Z] 判据失败诊断 acceptance-diagnostic | task=t.base 判据 c.base 失败：exit_code=1 (期望 0) cwd=.worktrees/wt-pb-base argv=["/bin/sh", "tools/perfbase/judge-baseline.sh"] error=exit_code_mismatch: expected 0, observed 1 stderr(末20行)=

[ledger-run 2026-08-21T21:56:56Z] 原子写回 writeback-atomic | task=t.base 判据失败诊断落进 attempts[] → 临时文件+rename 已落盘（revision=16 hash=001520b02a859d94）——中途死也不会留下半份账本，进度不会全废
[ledger-run 2026-08-21T21:56:56Z] 原子写回 writeback-atomic | task=t.base 判据红下一步落盘 → 临时文件+rename 已落盘（revision=16 hash=8cad45ad5464bc3c）——中途死也不会留下半份账本，进度不会全废
[ledger-run 2026-08-21T21:56:56Z] 状态变坏 notify-bad-state | task=t.base 判据红 停机通知：已投递
[ledger-run 2026-08-21T21:56:56Z] 判据红 acceptance-red | task=t.base required 未全过——关 attempt，默认 halt（该格已移出前沿；停机通知：已投递）
[ledger-run 2026-08-21T21:56:56Z] 收工 finish | 停机原因=Failed 写回=["t.instr3"] 冻结=["t.base"] 不可判=[] 墙钟已跑 2277s
[ledger-run 2026-08-21T21:56:56Z] 通知 notify-begin | 正在把停机原因发给 leader（--team 取自账本 roles[].seat.team）
[ledger-run 2026-08-21T21:56:56Z] 通知 notify-done | 停机通知已投递（投递结果不静默丢弃）
ledger_id: ledger.perfbase.v1  revision: 15 → 16  wrote_back: ["t.instr3"]  frozen: ["t.base"]  unjudgeable: []  preflight_rejected: false  awaiting_human: false  idle_reason: None
notice: ledger_id: ledger.perfbase.v1 | revision: 16 | 停机原因: Failed | 最后失败判据: task=t.base revision=16 判据红 acceptance_id=[c.base] 判据 c.base 失败：exit_code=1 (期望 0) cwd=.worktrees/wt-pb-base argv=["/bin/sh", "tools/perfbase/judge-baseline.sh"] error=exit_code_mismatch: expected 0, observed 1 | 各任务终态: t.app=Succeeded, t.base=FailedRetryable, t.base2=Planned, t.close=Planned, t.core=Planned, t.cperf=Planned, t.esc1=NotApplicable, t.esc2=Planned, t.esc3=Planned, t.exh1=NotApplicable, t.exh2=Planned, t.exh3=Planned, t.instr2=Succeeded, t.instr3=Succeeded, t.red=Succeeded, t.repo=Planned, t.rv.base=Planned, t.rv.final=Planned, t.rv.instr=Blocked, t.srv=Succeeded
notice: ledger_id: ledger.perfbase.v1 | revision: 16 | 停机原因: Failed | 最后失败判据: t.base 判据未过 ｜ t.base：判据 c.base 失败：exit_code=1 (期望 0) cwd=.worktrees/wt-pb-base argv=["/bin/sh", "tools/perfbase/judge-baseline.sh"] error=exit_code_mismatch: expected 0, observed 1（stderr 末20行见账本 tasks.t.base.attempts[].artifact_refs） ｜ 未干完的任务（非 Succeeded）: t.base=FailedRetryable, t.base2=Planned, t.close=Planned, t.core=Planned, t.cperf=Planned, t.esc1=NotApplicable, t.esc2=Planned, t.esc3=Planned, t.exh1=NotApplicable, t.exh2=Planned, t.exh3=Planned, t.repo=Planned, t.rv.base=Planned, t.rv.final=Planned, t.rv.instr=Blocked | 各任务终态: t.app=Succeeded, t.base=FailedRetryable, t.base2=Planned, t.close=Planned, t.core=Planned, t.cperf=Planned, t.esc1=NotApplicable, t.esc2=Planned, t.esc3=Planned, t.exh1=NotApplicable, t.exh2=Planned, t.exh3=Planned, t.instr2=Succeeded, t.instr3=Succeeded, t.red=Succeeded, t.repo=Planned, t.rv.base=Planned, t.rv.final=Planned, t.rv.instr=Blocked, t.srv=Succeeded
