[ledger-run 2026-08-21T19:32:08Z] 开工 start | ledger_id=ledger.perfbase.v1 revision=7 账本=.team/ledgers/perfbase-v1.json 墙钟上限=111600s 派单死线=90s
[ledger-run 2026-08-21T19:32:09Z] 轮次 round | 第 1 轮开始：前沿 ["t.app"]（墙钟已跑 1s / 上限 111600s）
[ledger-run 2026-08-21T19:32:09Z] 派单 dispatch | task=t.app 收件人=/Volumes/nvme/Projects/远程Agent安卓::grok-l2/pb-impl 席位=pb-impl attempt=att-t.app-seq1-t1787340729511 delivery=del-t.app-seq1-t1787340729511 等席位预算=3600s 来源=任务 seat_wait_seconds
[ledger-run 2026-08-21T19:32:09Z] 投递回执 send-ok | task=t.app case_id=ledger_perfbase_v1__t.app__r7 message_id=msg_8ad1881feb10 —— 回执成功≠席位收到，下一步查收件箱确认落地
[ledger-run 2026-08-21T19:32:09Z] 派单落地 dispatch-landed | task=t.app 席位 pb-impl 的收件箱已多出这条派单
[ledger-run 2026-08-21T19:32:09Z] 等待 wait | task=t.app 在等的 key（case_id）=ledger_perfbase_v1__t.app__r7 team=grok-l2 预算=3600s 来源=任务 seat_wait_seconds
[ledger-run 2026-08-21T19:42:07Z] 原子写回 writeback-atomic | task=t.app status_record + route_hops → 临时文件+rename 已落盘（revision=8 hash=26bf2822fb37f3e0）——中途死也不会留下半份账本，进度不会全废
[ledger-run 2026-08-21T19:42:07Z] 状态路由点火 route-fire | task=t.app status=done → t.rv.instr exhausted=false reentered=false
[ledger-run 2026-08-21T19:42:07Z] 已唤醒 wait-signaled | task=t.app 等到结果了
[ledger-run 2026-08-21T19:42:07Z] 判据 acceptance | task=t.app 在跑 required=["c.app.green"]
[ledger-run 2026-08-21T19:42:35Z] 判据通过留档 acceptance-success | task=t.app 成功 attempt 落进 attempts[] writeback_revision=8 passed=["c.app.green"]
[ledger-run 2026-08-21T19:42:35Z] 原子写回 writeback-atomic | task=t.app state=succeeded + revision+1 → 临时文件+rename 已落盘（revision=8 hash=a3a052d73b30d467）——中途死也不会留下半份账本，进度不会全废
[ledger-run 2026-08-21T19:42:35Z] 写回 writeback | task=t.app state=succeeded revision=7 → 8
[ledger-run 2026-08-21T19:42:35Z] 轮次 round | 第 2 轮开始：前沿 ["t.rv.instr"]（墙钟已跑 627s / 上限 111600s）
[ledger-run 2026-08-21T19:42:35Z] 派单 dispatch | task=t.rv.instr 收件人=/Volumes/nvme/Projects/远程Agent安卓::remote-agent-android/pb-rv1 席位=pb-rv1 attempt=att-t.rv.instr-seq2-t1787341355654 delivery=del-t.rv.instr-seq2-t1787341355654 等席位预算=2400s 来源=任务 seat_wait_seconds
[ledger-run 2026-08-21T19:42:35Z] 投递回执 send-ok | task=t.rv.instr case_id=ledger_perfbase_v1__t.rv.instr__r8 message_id=msg_5e5253d4d478 —— 回执成功≠席位收到，下一步查收件箱确认落地
[ledger-run 2026-08-21T19:42:35Z] 派单落地 dispatch-landed | task=t.rv.instr 席位 pb-rv1 的收件箱已多出这条派单
[ledger-run 2026-08-21T19:42:35Z] 等待 wait | task=t.rv.instr 在等的 key（case_id）=ledger_perfbase_v1__t.rv.instr__r8 team=remote-agent-android 预算=2400s 来源=任务 seat_wait_seconds
[ledger-run 2026-08-21T19:46:57Z] 原子写回 writeback-atomic | task=t.rv.instr status_record + route_hops → 临时文件+rename 已落盘（revision=9 hash=a4a902bc525b5ccd）——中途死也不会留下半份账本，进度不会全废
[ledger-run 2026-08-21T19:46:57Z] 状态路由点火 route-fire | task=t.rv.instr status=pass → t.base exhausted=false reentered=false
[ledger-run 2026-08-21T19:46:57Z] 已唤醒 wait-signaled | task=t.rv.instr 等到结果了
[ledger-run 2026-08-21T19:46:57Z] 判据 acceptance | task=t.rv.instr 在跑 required=["c.rv.instr"]
[ledger-run 2026-08-21T19:47:23Z] 原子写回 writeback-atomic | task=t.rv.instr 拒关成功：不得 succeeded → 临时文件+rename 已落盘（revision=9 hash=36aac349f1334f6d）——中途死也不会留下半份账本，进度不会全废
[ledger-run 2026-08-21T19:47:23Z] 拒关成功 close-success-refused | task=t.rv.instr route_contradicts_success: dest=t.base——不得写成 succeeded
[ledger-run 2026-08-21T19:47:23Z] 轮次 round | 第 3 轮开始：前沿 ["t.base"]（墙钟已跑 915s / 上限 111600s）
[ledger-run 2026-08-21T19:47:23Z] 派单 dispatch | task=t.base 收件人=/Volumes/nvme/Projects/远程Agent安卓::remote-agent-android/pb-emu 席位=pb-emu attempt=att-t.base-seq3-t1787341643733 delivery=del-t.base-seq3-t1787341643733 等席位预算=5400s 来源=任务 seat_wait_seconds
[ledger-run 2026-08-21T19:47:24Z] 投递回执 send-ok | task=t.base case_id=ledger_perfbase_v1__t.base__r9 message_id=msg_bfea661f7320 —— 回执成功≠席位收到，下一步查收件箱确认落地
[ledger-run 2026-08-21T19:47:24Z] 派单落地 dispatch-landed | task=t.base 席位 pb-emu 的收件箱已多出这条派单
[ledger-run 2026-08-21T19:47:24Z] 等待 wait | task=t.base 在等的 key（case_id）=ledger_perfbase_v1__t.base__r9 team=remote-agent-android 预算=5400s 来源=任务 seat_wait_seconds
[ledger-run 2026-08-21T20:26:45Z] 已唤醒 wait-signaled | task=t.base 等到结果了
[ledger-run 2026-08-21T20:26:45Z] 判据 acceptance | task=t.base 在跑 required=["c.base"]
[ledger-run 2026-08-21T20:27:14Z] 判据失败诊断 acceptance-diagnostic | task=t.base 判据 c.base 失败：exit_code=1 (期望 0) cwd=.worktrees/wt-pb-base argv=["/bin/sh", "tools/perfbase/judge-baseline.sh"] error=exit_code_mismatch: expected 0, observed 1 stderr(末20行)=

[ledger-run 2026-08-21T20:27:14Z] 原子写回 writeback-atomic | task=t.base 判据失败诊断落进 attempts[] → 临时文件+rename 已落盘（revision=9 hash=d06c8b6d39709457）——中途死也不会留下半份账本，进度不会全废
[ledger-run 2026-08-21T20:27:14Z] 原子写回 writeback-atomic | task=t.base 判据红下一步落盘 → 临时文件+rename 已落盘（revision=9 hash=afd51144ee506b81）——中途死也不会留下半份账本，进度不会全废
[ledger-run 2026-08-21T20:27:15Z] 状态变坏 notify-bad-state | task=t.base 判据红 停机通知：已投递
[ledger-run 2026-08-21T20:27:15Z] 判据红 acceptance-red | task=t.base required 未全过——关 attempt，默认 halt（该格已移出前沿；停机通知：已投递）
[ledger-run 2026-08-21T20:27:15Z] 收工 finish | 停机原因=Failed 写回=["t.app", "t.app", "t.rv.instr", "t.rv.instr"] 冻结=["t.base"] 不可判=[] 墙钟已跑 3306s
[ledger-run 2026-08-21T20:27:15Z] 通知 notify-begin | 正在把停机原因发给 leader（--team 取自账本 roles[].seat.team）
[ledger-run 2026-08-21T20:27:15Z] 通知 notify-done | 停机通知已投递（投递结果不静默丢弃）
ledger_id: ledger.perfbase.v1  revision: 7 → 9  wrote_back: ["t.app", "t.app", "t.rv.instr", "t.rv.instr"]  frozen: ["t.base"]  unjudgeable: []  preflight_rejected: false  awaiting_human: false  idle_reason: None
notice: ledger_id: ledger.perfbase.v1 | revision: 9 | 停机原因: Failed | 最后失败判据: task=t.base revision=9 判据红 acceptance_id=[c.base] 判据 c.base 失败：exit_code=1 (期望 0) cwd=.worktrees/wt-pb-base argv=["/bin/sh", "tools/perfbase/judge-baseline.sh"] error=exit_code_mismatch: expected 0, observed 1 | 各任务终态: t.app=Succeeded, t.base=FailedRetryable, t.base2=Planned, t.close=Planned, t.core=Planned, t.cperf=Planned, t.esc1=NotApplicable, t.esc2=Planned, t.esc3=Planned, t.exh1=NotApplicable, t.exh2=Planned, t.exh3=Planned, t.red=Succeeded, t.repo=Planned, t.rv.base=Planned, t.rv.final=Planned, t.rv.instr=Blocked, t.srv=Succeeded
notice: ledger_id: ledger.perfbase.v1 | revision: 9 | 停机原因: Failed | 最后失败判据: t.base 判据未过 ｜ t.base：判据 c.base 失败：exit_code=1 (期望 0) cwd=.worktrees/wt-pb-base argv=["/bin/sh", "tools/perfbase/judge-baseline.sh"] error=exit_code_mismatch: expected 0, observed 1（stderr 末20行见账本 tasks.t.base.attempts[].artifact_refs） ｜ 未干完的任务（非 Succeeded）: t.base=FailedRetryable, t.base2=Planned, t.close=Planned, t.core=Planned, t.cperf=Planned, t.esc1=NotApplicable, t.esc2=Planned, t.esc3=Planned, t.exh1=NotApplicable, t.exh2=Planned, t.exh3=Planned, t.repo=Planned, t.rv.base=Planned, t.rv.final=Planned, t.rv.instr=Blocked ｜ 有 1 格在等裁定，问题在这些格：t.rv.instr | 各任务终态: t.app=Succeeded, t.base=FailedRetryable, t.base2=Planned, t.close=Planned, t.core=Planned, t.cperf=Planned, t.esc1=NotApplicable, t.esc2=Planned, t.esc3=Planned, t.exh1=NotApplicable, t.exh2=Planned, t.exh3=Planned, t.red=Succeeded, t.repo=Planned, t.rv.base=Planned, t.rv.final=Planned, t.rv.instr=Blocked, t.srv=Succeeded
