租约抢占：pid=34814 stole from pid=97278 reason=holder pid 97278 不存在（判定已死） at=1787245732

[ledger-run 2026-08-20T17:08:52Z] 常驻开工 resident-start | 账本=.team/ledgers/pr1-v1.json 监视间隔=1000ms —— 停机不再等于退出：halt 会挂起并继续守着；⛔ 只有 revision 前进才解挂，进程只由人手动停
[ledger-run 2026-08-20T17:08:52Z] 开工 start | ledger_id=ledger.pr1.v1 revision=11 账本=.team/ledgers/pr1-v1.json 墙钟上限=129600s 派单死线=90s
[ledger-run 2026-08-20T17:08:55Z] 轮次 round | 第 1 轮开始：前沿 ["t.idea-input", "t.idea-list", "t.recon", "t.d1.rv", "t.geom", "t.meter"]（墙钟已跑 2s / 上限 129600s）
[ledger-run 2026-08-20T17:08:55Z] 派单 dispatch | task=t.idea-input 收件人=/Volumes/nvme/Projects/远程Agent安卓::grok-l2/pr1-idea-input 席位=pr1-idea-input attempt=att-t.idea-input-seq1-t1787245735709 delivery=del-t.idea-input-seq1-t1787245735709 等席位预算=5400s 来源=任务 seat_wait_seconds
[ledger-run 2026-08-20T17:08:55Z] 投递回执 send-ok | task=t.idea-input case_id=ledger_pr1_v1__t.idea-input__r11 message_id=msg_18bc0f77ca40 —— 回执成功≠席位收到，下一步查收件箱确认落地
[ledger-run 2026-08-20T17:08:55Z] 派单落地 dispatch-landed | task=t.idea-input 席位 pr1-idea-input 的收件箱已多出这条派单
[ledger-run 2026-08-20T17:08:55Z] 派单 dispatch | task=t.idea-list 收件人=/Volumes/nvme/Projects/远程Agent安卓::grok-l2/pr1-idea-list 席位=pr1-idea-list attempt=att-t.idea-list-seq2-t1787245735952 delivery=del-t.idea-list-seq2-t1787245735952 等席位预算=5400s 来源=任务 seat_wait_seconds
[ledger-run 2026-08-20T17:08:56Z] 投递回执 send-ok | task=t.idea-list case_id=ledger_pr1_v1__t.idea-list__r11 message_id=msg_181f1e18b960 —— 回执成功≠席位收到，下一步查收件箱确认落地
[ledger-run 2026-08-20T17:08:56Z] 派单落地 dispatch-landed | task=t.idea-list 席位 pr1-idea-list 的收件箱已多出这条派单
[ledger-run 2026-08-20T17:08:56Z] 派单 dispatch | task=t.recon 收件人=/Volumes/nvme/Projects/远程Agent安卓::grok-l2/pr1-recon 席位=pr1-recon attempt=att-t.recon-seq3-t1787245736192 delivery=del-t.recon-seq3-t1787245736192 等席位预算=5400s 来源=任务 seat_wait_seconds
[ledger-run 2026-08-20T17:08:56Z] 投递回执 send-ok | task=t.recon case_id=ledger_pr1_v1__t.recon__r11 message_id=msg_18762c55aec0 —— 回执成功≠席位收到，下一步查收件箱确认落地
[ledger-run 2026-08-20T17:08:56Z] 派单落地 dispatch-landed | task=t.recon 席位 pr1-recon 的收件箱已多出这条派单
[ledger-run 2026-08-20T17:08:56Z] 派单 dispatch | task=t.d1.rv 收件人=/Volumes/nvme/Projects/远程Agent安卓::remote-agent-android/pr1-judge 席位=pr1-judge attempt=att-t.d1.rv-seq4-t1787245736428 delivery=del-t.d1.rv-seq4-t1787245736428 等席位预算=5400s 来源=任务 seat_wait_seconds
[ledger-run 2026-08-20T17:08:56Z] 投递回执 send-ok | task=t.d1.rv case_id=ledger_pr1_v1__t.d1.rv__r11 message_id=msg_19c83aa6ff10 —— 回执成功≠席位收到，下一步查收件箱确认落地
[ledger-run 2026-08-20T17:08:56Z] 派单落地 dispatch-landed | task=t.d1.rv 席位 pr1-judge 的收件箱已多出这条派单
[ledger-run 2026-08-20T17:08:56Z] 派单 dispatch | task=t.geom 收件人=/Volumes/nvme/Projects/远程Agent安卓::grok-l2/pr1-geom 席位=pr1-geom attempt=att-t.geom-seq5-t1787245736671 delivery=del-t.geom-seq5-t1787245736671 等席位预算=5400s 来源=任务 seat_wait_seconds
[ledger-run 2026-08-20T17:08:56Z] 投递回执 send-ok | task=t.geom case_id=ledger_pr1_v1__t.geom__r11 message_id=msg_191648ff5440 —— 回执成功≠席位收到，下一步查收件箱确认落地
[ledger-run 2026-08-20T17:08:56Z] 派单落地 dispatch-landed | task=t.geom 席位 pr1-geom 的收件箱已多出这条派单
[ledger-run 2026-08-20T17:08:56Z] 派单 dispatch | task=t.meter 收件人=/Volumes/nvme/Projects/远程Agent安卓::grok-l2/pr1-meter 席位=pr1-meter attempt=att-t.meter-seq6-t1787245736913 delivery=del-t.meter-seq6-t1787245736913 等席位预算=5400s 来源=任务 seat_wait_seconds
[ledger-run 2026-08-20T17:08:57Z] 投递回执 send-ok | task=t.meter case_id=ledger_pr1_v1__t.meter__r11 message_id=msg_1941573aa7a8 —— 回执成功≠席位收到，下一步查收件箱确认落地
[ledger-run 2026-08-20T17:08:57Z] 派单落地 dispatch-landed | task=t.meter 席位 pr1-meter 的收件箱已多出这条派单
[ledger-run 2026-08-20T17:08:57Z] 等待 wait | task=t.idea-input 在等的 key（case_id）=ledger_pr1_v1__t.idea-input__r11 team=grok-l2 预算=5400s 来源=任务 seat_wait_seconds
[ledger-run 2026-08-20T17:09:44Z] 已唤醒 wait-signaled | task=t.idea-input 等到结果了
[ledger-run 2026-08-20T17:09:44Z] 判据 acceptance | task=t.idea-input 在跑 required=["A-ii-doc"]
[ledger-run 2026-08-20T17:12:14Z] 判据通过留档 acceptance-success | task=t.idea-input 成功 attempt 落进 attempts[] writeback_revision=12 passed=["A-ii-doc"]
[ledger-run 2026-08-20T17:12:14Z] 解挂重载 writeback-reload | task=t.idea-input state=succeeded + revision+1：盘上 revision 12 > 我读的 11（hash de7c0ab20ca803cc → cecdc8acbae106b4）——人的解挂，重载账本重跑本轮，⛔ 不 park、不盖人的账本
[ledger-run 2026-08-20T17:12:14Z] 轮次 round | 第 2 轮开始：前沿 ["t.idea-input", "t.idea-list", "t.recon", "t.d1.rv", "t.geom", "t.meter"]（墙钟已跑 201s / 上限 129600s）
[ledger-run 2026-08-20T17:12:14Z] 派单 dispatch | task=t.idea-input 收件人=/Volumes/nvme/Projects/远程Agent安卓::grok-l2/pr1-idea-input 席位=pr1-idea-input attempt=att-t.idea-input-seq7-t1787245934847 delivery=del-t.idea-input-seq7-t1787245934847 等席位预算=5400s 来源=任务 seat_wait_seconds
[ledger-run 2026-08-20T17:12:15Z] 投递回执 send-ok | task=t.idea-input case_id=ledger_pr1_v1__t.idea-input__r12 message_id=msg_91ca6e9cb2f0 —— 回执成功≠席位收到，下一步查收件箱确认落地
[ledger-run 2026-08-20T17:12:15Z] 派单落地 dispatch-landed | task=t.idea-input 席位 pr1-idea-input 的收件箱已多出这条派单
[ledger-run 2026-08-20T17:12:15Z] 派单 dispatch | task=t.idea-list 收件人=/Volumes/nvme/Projects/远程Agent安卓::grok-l2/pr1-idea-list 席位=pr1-idea-list attempt=att-t.idea-list-seq8-t1787245935110 delivery=del-t.idea-list-seq8-t1787245935110 等席位预算=5400s 来源=任务 seat_wait_seconds
[ledger-run 2026-08-20T17:12:15Z] 投递回执 send-ok | task=t.idea-list case_id=ledger_pr1_v1__t.idea-list__r12 message_id=msg_96be7c42bf80 —— 回执成功≠席位收到，下一步查收件箱确认落地
[ledger-run 2026-08-20T17:12:15Z] 派单落地 dispatch-landed | task=t.idea-list 席位 pr1-idea-list 的收件箱已多出这条派单
[ledger-run 2026-08-20T17:12:15Z] 派单 dispatch | task=t.recon 收件人=/Volumes/nvme/Projects/远程Agent安卓::grok-l2/pr1-recon 席位=pr1-recon attempt=att-t.recon-seq9-t1787245935336 delivery=del-t.recon-seq9-t1787245935336 等席位预算=5400s 来源=任务 seat_wait_seconds
[ledger-run 2026-08-20T17:12:15Z] 投递回执 send-ok | task=t.recon case_id=ledger_pr1_v1__t.recon__r12 message_id=msg_960f89ded548 —— 回执成功≠席位收到，下一步查收件箱确认落地
[ledger-run 2026-08-20T17:12:15Z] 派单落地 dispatch-landed | task=t.recon 席位 pr1-recon 的收件箱已多出这条派单
[ledger-run 2026-08-20T17:12:15Z] 派单 dispatch | task=t.d1.rv 收件人=/Volumes/nvme/Projects/远程Agent安卓::remote-agent-android/pr1-judge 席位=pr1-judge attempt=att-t.d1.rv-seq10-t1787245935575 delivery=del-t.d1.rv-seq10-t1787245935575 等席位预算=5400s 来源=任务 seat_wait_seconds
[ledger-run 2026-08-20T17:12:15Z] 投递回执 send-ok | task=t.d1.rv case_id=ledger_pr1_v1__t.d1.rv__r12 message_id=msg_970097a25100 —— 回执成功≠席位收到，下一步查收件箱确认落地
[ledger-run 2026-08-20T17:12:15Z] 派单落地 dispatch-landed | task=t.d1.rv 席位 pr1-judge 的收件箱已多出这条派单
[ledger-run 2026-08-20T17:12:15Z] 派单 dispatch | task=t.geom 收件人=/Volumes/nvme/Projects/远程Agent安卓::grok-l2/pr1-geom 席位=pr1-geom attempt=att-t.geom-seq11-t1787245935795 delivery=del-t.geom-seq11-t1787245935795 等席位预算=5400s 来源=任务 seat_wait_seconds
[ledger-run 2026-08-20T17:12:16Z] 投递回执 send-ok | task=t.geom case_id=ledger_pr1_v1__t.geom__r12 message_id=msg_94d5a54fef10 —— 回执成功≠席位收到，下一步查收件箱确认落地
[ledger-run 2026-08-20T17:12:16Z] 派单落地 dispatch-landed | task=t.geom 席位 pr1-geom 的收件箱已多出这条派单
[ledger-run 2026-08-20T17:12:16Z] 派单 dispatch | task=t.meter 收件人=/Volumes/nvme/Projects/远程Agent安卓::grok-l2/pr1-meter 席位=pr1-meter attempt=att-t.meter-seq12-t1787245936032 delivery=del-t.meter-seq12-t1787245936032 等席位预算=5400s 来源=任务 seat_wait_seconds
[ledger-run 2026-08-20T17:12:16Z] 投递回执 send-ok | task=t.meter case_id=ledger_pr1_v1__t.meter__r12 message_id=msg_9404b36a6c38 —— 回执成功≠席位收到，下一步查收件箱确认落地
[ledger-run 2026-08-20T17:12:16Z] 派单落地 dispatch-landed | task=t.meter 席位 pr1-meter 的收件箱已多出这条派单
[ledger-run 2026-08-20T17:12:16Z] 等待 wait | task=t.idea-input 在等的 key（case_id）=ledger_pr1_v1__t.idea-input__r12 team=grok-l2 预算=5400s 来源=任务 seat_wait_seconds
resident-exit signal=term reason=human_stop
