租约抢占：pid=4833 stole from pid=28158 reason=holder pid 28158 不存在（判定已死） at=1787134971

[ledger-run 2026-08-19T10:22:51Z] 常驻开工 resident-start | 账本=.team/ledgers/ux-v1.json 监视间隔=1000ms —— 停机不再等于退出：halt 会挂起并继续守着；⛔ 只有 revision 前进才解挂，进程只由人手动停
[ledger-run 2026-08-19T10:22:51Z] 开工 start | ledger_id=ledger.ux.v1 revision=4 账本=.team/ledgers/ux-v1.json 墙钟上限=14400s 派单死线=90s
[ledger-run 2026-08-19T10:22:51Z] 轮次 round | 第 1 轮开始：前沿 ["t.view"]（墙钟已跑 0s / 上限 14400s）
[ledger-run 2026-08-19T10:22:51Z] 派单 dispatch | task=t.view 收件人=/Volumes/nvme/Projects/远程Agent安卓::grok-l2/ux-v1-view 席位=ux-v1-view attempt=att-t.view-seq1-t1787134971617 delivery=del-t.view-seq1-t1787134971617
[ledger-run 2026-08-19T10:22:51Z] 投递回执 send-ok | task=t.view case_id=ledger_ux_v1__t.view__r4 message_id=msg_3e18c8ca1c00 —— 回执成功≠席位收到，下一步查收件箱确认落地
[ledger-run 2026-08-19T10:22:51Z] 派单落地 dispatch-landed | task=t.view 席位 ux-v1-view 的收件箱已多出这条派单
[ledger-run 2026-08-19T10:22:51Z] 等待 wait | task=t.view 在等的 key（case_id）=ledger_ux_v1__t.view__r4 team=grok-l2 预算=2400s
[ledger-run 2026-08-19T10:28:33Z] 已唤醒 wait-signaled | task=t.view 等到结果了
[ledger-run 2026-08-19T10:28:33Z] 判据 acceptance | task=t.view 在跑 required=["A-vw-test", "A-vw-suite", "A-vw-go", "A-vw-shots", "A-vw-doc"]
[ledger-run 2026-08-19T10:31:37Z] 判据通过留档 acceptance-success | task=t.view 成功 attempt 落进 attempts[] writeback_revision=5 passed=["A-vw-test", "A-vw-suite", "A-vw-go", "A-vw-shots", "A-vw-doc"]
[ledger-run 2026-08-19T10:31:37Z] 原子写回 writeback-atomic | task=t.view state=succeeded + revision+1 → 临时文件+rename 已落盘（revision=5 hash=0564af4705dbb70d）——中途死也不会留下半份账本，进度不会全废
[ledger-run 2026-08-19T10:31:37Z] 写回 writeback | task=t.view state=succeeded revision=4 → 5
[ledger-run 2026-08-19T10:31:37Z] 轮次 round | 第 2 轮开始：前沿 ["t.fav"]（墙钟已跑 525s / 上限 14400s）
[ledger-run 2026-08-19T10:31:37Z] 派单 dispatch | task=t.fav 收件人=/Volumes/nvme/Projects/远程Agent安卓::grok-l2/ux-v1-fav 席位=ux-v1-fav attempt=att-t.fav-seq2-t1787135497256 delivery=del-t.fav-seq2-t1787135497256
[ledger-run 2026-08-19T10:31:37Z] 投递回执 send-ok | task=t.fav case_id=ledger_ux_v1__t.fav__r5 message_id=msg_7a482fbd5ce0 —— 回执成功≠席位收到，下一步查收件箱确认落地
[ledger-run 2026-08-19T10:31:37Z] 派单落地 dispatch-landed | task=t.fav 席位 ux-v1-fav 的收件箱已多出这条派单
[ledger-run 2026-08-19T10:31:37Z] 等待 wait | task=t.fav 在等的 key（case_id）=ledger_ux_v1__t.fav__r5 team=grok-l2 预算=2400s
[ledger-run 2026-08-19T10:47:48Z] 已唤醒 wait-signaled | task=t.fav 等到结果了
[ledger-run 2026-08-19T10:47:48Z] 判据 acceptance | task=t.fav 在跑 required=["A-fv-test", "A-fv-suite", "A-fv-go", "A-fv-shots", "A-fv-doc"]
[ledger-run 2026-08-19T10:51:06Z] 判据通过留档 acceptance-success | task=t.fav 成功 attempt 落进 attempts[] writeback_revision=6 passed=["A-fv-test", "A-fv-suite", "A-fv-go", "A-fv-shots", "A-fv-doc"]
[ledger-run 2026-08-19T10:51:06Z] 延后落盘 writeback-deferred | task=t.fav 这一格让整张账本进入全绿：**先通知 leader 再落盘**——不许出现「账本读起来全绿而没人被通知」的窗口
[ledger-run 2026-08-19T10:51:06Z] 写回 writeback | task=t.fav state=succeeded revision=5 → 6
[ledger-run 2026-08-19T10:51:06Z] 收工 finish | 停机原因=AllSucceeded 写回=["t.view", "t.fav"] 冻结=[] 不可判=[] 墙钟已跑 1695s
[ledger-run 2026-08-19T10:51:06Z] 通知 notify-begin | 正在把停机原因发给 leader（--team 取自账本 roles[].seat.team）
[ledger-run 2026-08-19T10:51:06Z] 通知 notify-done | 停机通知已投递（投递结果不静默丢弃）
[ledger-run 2026-08-19T10:51:06Z] 原子写回 writeback-atomic | task=- 全绿落盘（leader 通知已先行） → 临时文件+rename 已落盘（revision=6 hash=25415cd23516ce8c）——中途死也不会留下半份账本，进度不会全废
[ledger-run 2026-08-19T10:51:06Z] 挂起 park | token=parked ledger_id=ledger.ux.v1 revision=6 —— 已挂起，守夜继续（⛔ 不退出）。停机原因串: ledger_id: ledger.ux.v1 | revision: 6 | 停机原因: AllSucceeded | 最后失败判据: token=parked —— 这张账本已挂起（⛔ 不退出，守夜继续）。解挂条件：**只有 revision 前进**（人真的看过并做了决定）；⛔ 不基于时间自动解挂、⛔ 不自动重投/重启/换席位/collect。进程只由人手动停 | 各任务终态: t.fav=Succeeded, t.layout=Succeeded, t.view=Succeeded
resident-exit signal=term reason=human_stop
