current_main_contains_ef7=true
current_main_contains_488=true
wt-b2-mainline.metadata_matches=[]
wt-b2-mainline.disk_exists=false
wt-b2-oracle.metadata_matches=[]
wt-b2-oracle.disk_exists=false
wt-b2-redcase.metadata_matches=[]
wt-b2-redcase.disk_exists=false
compiled_write_worktree_ids=wt-b2-mainline,wt-b2-oracle,wt-b2-redcase
parallel_wave={"t.baseline-bundle.impl": "wt-b2-mainline", "t.baseline-bundle.probe": "wt-b2-oracle", "t.baseline-bundle.test": "wt-b2-redcase"}
.team/ledgers/acceptance/baseline-bundle-real-chain-probe.sh.ef7_sha256=9746f04d4261fe5fec5db9e83b94dfa3d8d74e66473be3269da921c739008d3f
.team/ledgers/acceptance/baseline-bundle-real-chain-probe.sh.current_sha256=9746f04d4261fe5fec5db9e83b94dfa3d8d74e66473be3269da921c739008d3f
.team/ledgers/acceptance/baseline-bundle-real-chain-probe.sh.current_matches_ef7=true
.team/ledgers/acceptance/baseline-bundle-repro.sh.ef7_sha256=788c1b7ef9ab3d675f693591feacc8f36530be4947b1583af2ca46a1efa0b3f2
.team/ledgers/acceptance/baseline-bundle-repro.sh.current_sha256=788c1b7ef9ab3d675f693591feacc8f36530be4947b1583af2ca46a1efa0b3f2
.team/ledgers/acceptance/baseline-bundle-repro.sh.current_matches_ef7=true
.team/ledgers/acceptance/baseline-bundle-repro-translate.sh.ef7_sha256=2017208730327730abfe2ad59aa8ce5eee071c0f00c16d8646d4c70af2e3bab2
.team/ledgers/acceptance/baseline-bundle-repro-translate.sh.current_sha256=2017208730327730abfe2ad59aa8ce5eee071c0f00c16d8646d4c70af2e3bab2
.team/ledgers/acceptance/baseline-bundle-repro-translate.sh.current_matches_ef7=true
.team/ledgers/acceptance/baseline-bundle-repro-regression.sh.ef7_sha256=ee04998cffeb81074cb692f9b33016f35e1908d745e0b1f76c8a25ed0e3828b3
.team/ledgers/acceptance/baseline-bundle-repro-regression.sh.current_sha256=ee04998cffeb81074cb692f9b33016f35e1908d745e0b1f76c8a25ed0e3828b3
.team/ledgers/acceptance/baseline-bundle-repro-regression.sh.current_matches_ef7=true
current_main=a3421f19f25e8f26569ff8bb32801d0f7904cedb
expected_new_worktree_minimum_base=ef7a02c1d23d85eaf08c1093efafd50376fa4db5
successor2_lease_exists=false
successor2_pidfile_exists=false
errors=[]
verdict=pass
