## headscale-configtest.log


## headscale.stderr


## headscale-cli.stderr


## sandbox-check.log


## go-build.log


## daemon.stderr
time=2026-08-10T18:52:39.385+08:00 level=INFO msg="single-instance guard acquired" pidfile=TASK_TMP/daemon-state/agentmirrord.pid
time=2026-08-10T18:52:39.386+08:00 level=INFO msg="pairing token source=explicit"
time=2026-08-10T18:52:39.386+08:00 level=INFO msg="agentmirrord starting" listen=127.0.0.1:43920 qr_listen="" token_source=explicit upload_dir="" max_upload_mib=20 list_interval=2s
time=2026-08-10T18:52:39.386+08:00 level=INFO msg="tailnet 已启用" hostname=MacBook-Pro.local state_dir=TASK_TMP/daemon-state/tsnet
time=2026-08-10T18:52:39.386+08:00 level=INFO msg="tailnet 入网中（等待 Tailscale 控制面握手）…"
2026/08/10 18:52:39 tsnet running state path TASK_TMP/daemon-state/tsnet/tailscaled.state
2026/08/10 18:52:39 tsnet starting with hostname "MacBook-Pro.local", varRoot "TASK_TMP/daemon-state/tsnet"
2026/08/10 18:52:39 LocalBackend state is NeedsLogin; running StartLoginInteractive...
2026/08/10 18:52:39 AuthLoop: state is Starting; done
time=2026-08-10T18:52:42.509+08:00 level=INFO msg="tailnet 已入网" ip=100.64.0.1
time=2026-08-10T18:52:56.269+08:00 level=INFO msg="shutting down"


## app-install.log
Performing Streamed Install
Success


## app-test-install.log
Success


## app-wrapper-prepare.log
SELinux: Loaded file context from:
		/system/etc/selinux/plat_file_contexts
		/system_ext/etc/selinux/system_ext_file_contexts
		/vendor/etc/selinux/vendor_file_contexts
SELinux: Loaded file context from:
		/system/etc/selinux/plat_file_contexts
		/system_ext/etc/selinux/system_ext_file_contexts
		/vendor/etc/selinux/vendor_file_contexts


## app-restore.log
Performing Streamed Install
Success


## instrumentation.log
INSTRUMENTATION_RESULT: api_status=fail
INSTRUMENTATION_RESULT: failure_stage=tsnet_start_not_called
INSTRUMENTATION_CODE: 0


## app-logcat-redacted.log
05  1722  1722 W OverlayConfig: partition_order.xml does not exist.
08-10 18:52:48.100  1722  1722 W main    : type=1400 audit(0.0:1878): avc:  denied  { read } for  name=".default-apex-info-list.xml" dev="tmpfs" ino=86 scontext=u:r:untrusted_app:s0:c207,c256,c545,c768 tcontext=u:object_r:apex_info_file:s0 tclass=file permissive=0
08-10 18:52:48.180  1722  1722 W main    : type=1400 audit(0.0:1879): avc:  denied  { execute } for  name="idmap2" dev="dm-0" ino=379 scontext=u:r:untrusted_app:s0:c207,c256,c545,c768 tcontext=u:object_r:idmap_exec:s0 tclass=file permissive=0
08-10 18:52:48.186  1722  1722 W dev.agentmirror.app: unable to execute idmap2: Permission denied
08-10 18:52:48.186  1722  1722 W OverlayConfig: 'idmap2 create-multiple' failed: no mutable="false" overlays targeting "android" will be loaded
08-10 18:52:48.190  1722  1722 W libc    : Access denied finding property "ro.debuggable"
08-10 18:52:48.192  1722  1722 W libc    : Access denied finding property "ro.debuggable"
08-10 18:52:48.193  1722  1722 W libc    : Access denied finding property "ro.debuggable"
08-10 18:52:48.207  1722  1722 D nativeloader: Load libframework-connectivity-jni.so using APEX ns com_android_tethering for caller /apex/com.android.tethering/javalib/framework-connectivity.jar: ok
08-10 18:52:48.241  1722  1722 W Zygote  : Class not found for preloading: sun.util.locale.BaseLocale$Key-IA
08-10 18:52:48.244  1722  1722 I Zygote  : ...preloaded 17758 classes in 847ms.
08-10 18:52:48.244  1722  1722 V WrapperInitTiming: PreloadClasses took to complete: 848ms
08-10 18:52:48.247  1722  1722 D nativeloader: InitApexLibraries:
08-10 18:52:48.247  1722  1722 D nativeloader:   com_android_art: libnativehelper.so
08-10 18:52:48.247  1722  1722 D nativeloader:   com_android_i18n: libicui18n.so:libicuuc.so:libicu.so
08-10 18:52:48.247  1722  1722 D nativeloader:   com_android_neuralnetworks: libneuralnetworks.so
08-10 18:52:48.247  1722  1722 D nativeloader: InitDefaultPublicLibraries for_preload=0: libandroid.so:libaaudio.so:libamidi.so:libbinder_ndk.so:libc.so:libcamera2ndk.so:libclang_rt.hwasan-aarch64-android.so:libdl.so:libEGL.so:libGLESv1_CM.so:libGLESv2.so:libGLESv3.so:libjnigraphics.so:liblog.so:libmediandk.so:libm.so:libnativewindow.so:libOpenMAXAL.so:libOpenSLES.so:libRS.so:libstdc++.so:libsync.so:libvulkan.so:libwebviewchromium_plat_support.so:libz.so
08-10 18:52:48.247  1722  1722 D nativeloader: Configuring clns-shared-1 for other apk /system/framework/android.hidl.base-V1.0-java.jar. target_sdk_version=35, uses_libraries=, library_path=, permitted_path=/data:/mnt/expand
08-10 18:52:48.248  1722  1722 D nativeloader: InitExtendedPublicLibraries: 
08-10 18:52:48.248  1722  1722 I nativeloader: InitVendorPublicLibraries skipped: Failed to read /vendor/etc/public.libraries.txt: No such file or directory
08-10 18:52:48.248  1722  1722 D nativeloader: InitProductPublicLibraries: 
08-10 18:52:48.248  1722  1722 D ApplicationLoaders: Created zygote-cached class loader: /system/framework/android.hidl.base-V1.0-java.jar
08-10 18:52:48.251  1722  1722 D nativeloader: Configuring clns-shared-2 for other apk /system/framework/android.hidl.manager-V1.0-java.jar. target_sdk_version=35, uses_libraries=, library_path=, permitted_path=/data:/mnt/expand
08-10 18:52:48.252  1722  1722 D ApplicationLoaders: Created zygote-cached class loader: /system/framework/android.hidl.manager-V1.0-java.jar
08-10 18:52:48.256  1722  1722 D nativeloader: Configuring clns-shared-3 for other apk /system/framework/android.test.base.jar. target_sdk_version=35, uses_libraries=, library_path=, permitted_path=/data:/mnt/expand
08-10 18:52:48.256  1722  1722 D ApplicationLoaders: Created zygote-cached class loader: /system/framework/android.test.base.jar
08-10 18:52:48.260  1722  1722 D nativeloader: Configuring clns-shared-4 for other apk /system/framework/org.apache.http.legacy.jar. target_sdk_version=35, uses_libraries=, library_path=, permitted_path=/data:/mnt/expand
08-10 18:52:48.260  1722  1722 D ApplicationLoaders: Created zygote-cached class loader: /system/framework/org.apache.http.legacy.jar
08-10 18:52:48.262  1722  1722 D nativeloader: Configuring clns-shared-5 for other apk /system_ext/framework/androidx.window.extensions.jar. target_sdk_version=35, uses_libraries=, library_path=, permitted_path=/data:/mnt/expand
08-10 18:52:48.262  1722  1722 D ApplicationLoaders: Created zygote-cached class loader: /system_ext/framework/androidx.window.extensions.jar
08-10 18:52:48.265  1722  1722 D nativeloader: Configuring clns-shared-6 for other apk /system_ext/framework/androidx.window.sidecar.jar. target_sdk_version=35, uses_libraries=, library_path=, permitted_path=/data:/mnt/expand
08-10 18:52:48.266  1722  1722 D ApplicationLoaders: Created zygote-cached class loader: /system_ext/framework/androidx.window.sidecar.jar
08-10 18:52:48.266  1722  1722 V WrapperInitTiming: CacheNonBootClasspathClassLoaders took to complete: 22ms
08-10 18:52:48.266  1722  1722 I Resources: Preloading resources...
08-10 18:52:48.270  1722  1722 W Resources: Preloaded drawable resource #0x10802cb (android:drawable/dialog_background_material) that varies with configuration!!
08-10 18:52:48.275  1722  1722 W Resources: Preloaded drawable resource #0x1080846 (android:drawable/progress_horizontal_material) that varies with configuration!!
08-10 18:52:48.277  1722  1722 W Resources: Preloaded drawable resource #0x108084a (android:drawable/progress_indeterminate_horizontal_material) that varies with configuration!!
08-10 18:52:48.279  1722  1722 I Resources: ...preloaded 63 resources in 13ms.
08-10 18:52:48.280  1722  1722 I Resources: ...preloaded 41 resources in 1ms.
08-10 18:52:48.280  1722  1722 V WrapperInitTiming: PreloadResources took to complete: 14ms
08-10 18:52:48.295  1722  1722 I Zygote  : Preloading shared libraries...
08-10 18:52:48.295  1722  1722 D nativeloader: Load libandroid.so using system ns (caller=/system/framework/framework.jar!classes5.dex): ok
08-10 18:52:48.296  1722  1722 D nativeloader: Load libjnigraphics.so using system ns (caller=/system/framework/framework.jar!classes5.dex): ok
08-10 18:52:48.299  1722  1722 D nativeloader: Load libcompiler_rt.so using system ns (caller=/system/framework/framework.jar!classes5.dex): ok
08-10 18:52:48.301  1722  1722 E dev.agentmirror.app: Unable to find pattern file or unable to map it for am
08-10 18:52:48.302  1722  1722 D nativeloader: Load libwebviewchromium_loader.so using system ns (caller=/system/framework/framework.jar!classes4.dex): ok
08-10 18:52:48.303  1722  1722 I Zygote  : Called ZygoteHooks.endPreload()
08-10 18:52:48.304  1722  1722 I Zygote  : Installed AndroidKeyStoreProvider in 1ms.
08-10 18:52:48.305  1722  1722 I Zygote  : Warmed up JCA providers in 1ms.
08-10 18:52:48.305  1722  1722 D Zygote  : end preload
08-10 18:52:48.321  1722  1722 D nativeloader: Load libstats_jni.so using APEX ns com_android_os_statsd for caller /apex/com.android.os.statsd/javalib/framework-statsd.jar: ok
08-10 18:52:48.348  1722  1722 W ActivityThread: Package uses different ABI(s) than its instrumentation: package[dev.agentmirror.app]: arm64-v8a, null instrumentation[dev.agentmirror.app.fixstatee2e]: null, null
08-10 18:52:48.348  1722  1722 D ApplicationLoaders: Returning zygote-cached class loader: /system_ext/framework/androidx.window.extensions.jar
08-10 18:52:48.348  1722  1722 D ApplicationLoaders: Returning zygote-cached class loader: /system_ext/framework/androidx.window.sidecar.jar
08-10 18:52:48.356  1722  1722 W dev.agentmirror.app: ClassLoaderContext classpath element mismatch. expected=/system/framework/android.test.base.jar, found=/system_ext/framework/androidx.window.extensions.jar (PCL[]{PCL[/system/framework/android.test.base.jar*724373495]#PCL[/system/framework/android.test.mock.jar*1452759902]} | PCL[]{PCL[/system_ext/framework/androidx.window.extensions.jar*1060046784]#PCL[/system_ext/framework/androidx.window.sidecar.jar*2147524027]})
08-10 18:52:48.362  1722  1722 W dev.agentmirror.app: ClassLoaderContext classpath size mismatch. expected=0, found=1 (PCL[] | PCL[/system/framework/android.test.runner.jar*2496447986]{PCL[/system_ext/framework/androidx.window.extensions.jar*1060046784]#PCL[/system_ext/framework/androidx.window.sidecar.jar*2147524027]})
08-10 18:52:48.363  1722  1722 W dev.agentmirror.app: ClassLoaderContext classpath size mismatch. expected=0, found=2 (PCL[] | PCL[/system/framework/android.test.runner.jar*2496447986:/system/framework/android.test.mock.jar*1452759902]{PCL[/system_ext/framework/androidx.window.extensions.jar*1060046784]#PCL[/system_ext/framework/androidx.window.sidecar.jar*2147524027]})
08-10 18:52:48.364  1722  1722 W ziparchive: Unable to open '/data/app/~~uMSPqsUq7ZNoc2ELRKg7xw==/dev.agentmirror.app.fixstatee2e-4zdj4teEdaRXz_8o_wiQNg==/base.dm': No such file or directory
08-10 18:52:48.364  1722  1722 W ziparchive: Unable to open '/data/app/~~uMSPqsUq7ZNoc2ELRKg7xw==/dev.agentmirror.app.fixstatee2e-4zdj4teEdaRXz_8o_wiQNg==/base.dm': No such file or directory
08-10 18:52:48.365  1722  1722 W ziparchive: Unable to open '/data/app/~~jjN2vVGa25jftDsdnpVGEw==/dev.agentmirror.app-eTjHaCpVxoW9xPWqCBp7RQ==/base.dm': No such file or directory
08-10 18:52:48.365  1722  1722 W ziparchive: Unable to open '/data/app/~~jjN2vVGa25jftDsdnpVGEw==/dev.agentmirror.app-eTjHaCpVxoW9xPWqCBp7RQ==/base.dm': No such file or directory
08-10 18:52:48.715  1722  1722 D nativeloader: Configuring clns-7 for other apk /system/framework/android.test.runner.jar:/system/framework/android.test.mock.jar:/system/framework/android.test.base.jar:/data/app/~~uMSPqsUq7ZNoc2ELRKg7xw==/dev.agentmirror.app.fixstatee2e-4zdj4teEdaRXz_8o_wiQNg==/base.apk:/data/app/~~jjN2vVGa25jftDsdnpVGEw==/dev.agentmirror.app-eTjHaCpVxoW9xPWqCBp7RQ==/base.apk. target_sdk_version=35, uses_libraries=, library_path=/data/app/~~uMSPqsUq7ZNoc2ELRKg7xw==/dev.agentmirror.app.fixstatee2e-4zdj4teEdaRXz_8o_wiQNg==/lib/arm64:/data/app/~~jjN2vVGa25jftDsdnpVGEw==/dev.agentmirror.app-eTjHaCpVxoW9xPWqCBp7RQ==/lib/arm64:/data/app/~~uMSPqsUq7ZNoc2ELRKg7xw==/dev.agentmirror.app.fixstatee2e-4zdj4teEdaRXz_8o_wiQNg==/base.apk!/lib/arm64-v8a:/data/app/~~jjN2vVGa25jftDsdnpVGEw==/dev.agentmirror.app-eTjHaCpVxoW9xPWqCBp7RQ==/base.apk!/lib/arm64-v8a, permitted_path=/data:/mnt/expand:/data/user/33/dev.agentmirror.app
08-10 18:52:48.715  1722  1722 D CompatChangeReporter: Compat change id reported: 202956589; UID 3310207; state: ENABLED
08-10 18:52:48.716  1722  1722 V GraphicsEnvironment: Currently set values for:
08-10 18:52:48.716  1722  1722 V GraphicsEnvironment:   angle_gl_driver_selection_pkgs=[]
08-10 18:52:48.716  1722  1722 V GraphicsEnvironment:   angle_gl_driver_selection_values=[]
08-10 18:52:48.716  1722  1722 V GraphicsEnvironment: Global.Settings values are invalid: number of packages: 0, number of values: 0
08-10 18:52:48.716  1722  1722 V GraphicsEnvironment: Neither updatable production driver nor prerelease driver is supported.
08-10 18:52:48.718  1722  1722 D ApplicationLoaders: Returning zygote-cached class loader: /system/framework/android.test.base.jar
08-10 18:52:48.720  1722  1722 D nativeloader: Configuring clns-8 for other apk /system/framework/android.test.mock.jar. target_sdk_version=35, uses_libraries=ALL, library_path=/data/app/~~uMSPqsUq7ZNoc2ELRKg7xw==/dev.agentmirror.app.fixstatee2e-4zdj4teEdaRXz_8o_wiQNg==/lib/arm64:/data/app/~~jjN2vVGa25jftDsdnpVGEw==/dev.agentmirror.app-eTjHaCpVxoW9xPWqCBp7RQ==/lib/arm64, permitted_path=/data:/mnt/expand
08-10 18:52:48.721  1722  1722 D ApplicationLoaders: Returning zygote-cached class loader: /system/framework/android.test.base.jar
08-10 18:52:48.724  1722  1722 D nativeloader: Configuring clns-9 for other apk /system/framework/android.test.runner.jar. target_sdk_version=35, uses_libraries=ALL, library_path=/data/app/~~uMSPqsUq7ZNoc2ELRKg7xw==/dev.agentmirror.app.fixstatee2e-4zdj4teEdaRXz_8o_wiQNg==/lib/arm64:/data/app/~~jjN2vVGa25jftDsdnpVGEw==/dev.agentmirror.app-eTjHaCpVxoW9xPWqCBp7RQ==/lib/arm64, permitted_path=/data:/mnt/expand
08-10 18:52:48.726  1722  1722 W dev.agentmirror.app: ClassLoaderContext shared library size mismatch. Expected=2, found=3 (PCL[]{PCL[/system/framework/android.test.base.jar*724373495]#PCL[/system/framework/android.test.mock.jar*1452759902]} | PCL[]{PCL[/system/framework/android.test.base.jar*724373495]#PCL[/system/framework/android.test.mock.jar*1452759902]#PCL[/system/framework/android.test.runner.jar*2496447986]{PCL[/system/framework/android.test.base.jar*724373495]#PCL[/system/framework/android.test.mock.jar*1452759902]}};PCL[/system/framework/android.test.runner.jar*2496447986:/system/framework/android.test.mock.jar*1452759902:/system/framework/android.test.base.jar*724373495:/data/app/~~uMSPqsUq7ZNoc2ELRKg7xw==/dev.agentmirror.app.fixstatee2e-4zdj4teEdaRXz_8o_wiQNg==/base.apk*2736769703:/data/app/~~jjN2vVGa25jftDsdnpVGEw==/dev.agentmirror.app-eTjHaCpVxoW9xPWqCBp7RQ==/base.apk*3217645481]{PCL[/system_ext/framework/androidx.window.extensions.jar*1060046784]#PCL[/system_ext/framework/androidx.window.sidecar.jar*2147524027]})
08-10 18:52:48.727  1722  1722 W dev.agentmirror.app: ClassLoaderContext classpath size mismatch. expected=0, found=1 (PCL[] | PCL[/system/framework/android.test.runner.jar*2496447986]{PCL[/system/framework/android.test.base.jar*724373495]#PCL[/system/framework/android.test.mock.jar*1452759902]#PCL[/system/framework/android.test.runner.jar*2496447986]{PCL[/system/framework/android.test.base.jar*724373495]#PCL[/system/framework/android.test.mock.jar*1452759902]}};PCL[/system/framework/android.test.runner.jar*2496447986:/system/framework/android.test.mock.jar*1452759902:/system/framework/android.test.base.jar*724373495:/data/app/~~uMSPqsUq7ZNoc2ELRKg7xw==/dev.agentmirror.app.fixstatee2e-4zdj4teEdaRXz_8o_wiQNg==/base.apk*2736769703:/data/app/~~jjN2vVGa25jftDsdnpVGEw==/dev.agentmirror.app-eTjHaCpVxoW9xPWqCBp7RQ==/base.apk*3217645481]{PCL[/system_ext/framework/androidx.window.extensions.jar*1060046784]#PCL[/system_ext/framework/androidx.window.sidecar.jar*2147524027]})
08-10 18:52:48.727  1722  1722 W dev.agentmirror.app: ClassLoaderContext classpath size mismatch. expected=0, found=2 (PCL[] | PCL[/system/framework/android.test.runner.jar*2496447986:/system/framework/android.test.mock.jar*1452759902]{PCL[/system/framework/android.test.base.jar*724373495]#PCL[/system/framework/android.test.mock.jar*1452759902]#PCL[/system/framework/android.test.runner.jar*2496447986]{PCL[/system/framework/android.test.base.jar*724373495]#PCL[/system/framework/android.test.mock.jar*1452759902]}};PCL[/system/framework/android.test.runner.jar*2496447986:/system/framework/android.test.mock.jar*1452759902:/system/framework/android.test.base.jar*724373495:/data/app/~~uMSPqsUq7ZNoc2ELRKg7xw==/dev.agentmirror.app.fixstatee2e-4zdj4teEdaRXz_8o_wiQNg==/base.apk*2736769703:/data/app/~~jjN2vVGa25jftDsdnpVGEw==/dev.agentmirror.app-eTjHaCpVxoW9xPWqCBp7RQ==/base.apk*3217645481]{PCL[/system_ext/framework/androidx.window.extensions.jar*1060046784]#PCL[/system_ext/framework/androidx.window.sidecar.jar*2147524027]})
08-10 18:52:48.728  1722  1722 W ziparchive: Unable to open '/data/app/~~uMSPqsUq7ZNoc2ELRKg7xw==/dev.agentmirror.app.fixstatee2e-4zdj4teEdaRXz_8o_wiQNg==/base.dm': No such file or directory
08-10 18:52:48.728  1722  1722 W ziparchive: Unable to open '/data/app/~~uMSPqsUq7ZNoc2ELRKg7xw==/dev.agentmirror.app.fixstatee2e-4zdj4teEdaRXz_8o_wiQNg==/base.dm': No such file or directory
08-10 18:52:48.728  1722  1722 W ziparchive: Unable to open '/data/app/~~jjN2vVGa25jftDsdnpVGEw==/dev.agentmirror.app-eTjHaCpVxoW9xPWqCBp7RQ==/base.dm': No such file or directory
08-10 18:52:48.728  1722  1722 W ziparchive: Unable to open '/data/app/~~jjN2vVGa25jftDsdnpVGEw==/dev.agentmirror.app-eTjHaCpVxoW9xPWqCBp7RQ==/base.dm': No such file or directory
08-10 18:52:49.404  1722  1722 D CompatChangeReporter: Compat change id reported: 279646685; UID 3310207; state: ENABLED

