OK A real_claude_idle #1
OK B real_claude_idle #1
OK A real_claude_idle #2
OK B real_claude_idle #2
OK A real_claude_idle #3
OK B real_claude_idle #3
OK A real_claude_idle #4
OK B real_claude_idle #4
OK A real_claude_idle #5
OK B real_claude_idle #5
OK A real_claude_idle #6
OK B real_claude_idle #6
OK A real_claude_idle #7
OK B real_claude_idle #7
OK A real_claude_idle #8
OK B real_claude_idle #8
OK A real_claude_idle #9
OK B real_claude_idle #9
OK A real_claude_idle #10
OK B real_claude_idle #10
OK A redraw_tui #1
OK B redraw_tui #1
OK A redraw_tui #2
OK B redraw_tui #2
OK A redraw_tui #3
OK B redraw_tui #3
OK A redraw_tui #4
OK B redraw_tui #4
OK A redraw_tui #5
OK B redraw_tui #5
OK A redraw_tui #6
OK B redraw_tui #6
OK A redraw_tui #7
OK B redraw_tui #7
OK A redraw_tui #8
OK B redraw_tui #8
OK A redraw_tui #9
OK B redraw_tui #9
OK A redraw_tui #10
OK B redraw_tui #10
OK A big_scrollback #1
OK B big_scrollback #1
OK A big_scrollback #2
OK B big_scrollback #2
OK A big_scrollback #3
OK B big_scrollback #3
OK A big_scrollback #4
OK B big_scrollback #4
OK A big_scrollback #5
OK B big_scrollback #5
OK A big_scrollback #6
OK B big_scrollback #6
OK A big_scrollback #7
OK B big_scrollback #7
OK A big_scrollback #8
OK B big_scrollback #8
OK A big_scrollback #9
OK B big_scrollback #9
OK A big_scrollback #10
OK B big_scrollback #10
