## headscale-configtest.log


## headscale.stderr


## headscale-cli.stderr


## sandbox-check.log


## go-build.log


## daemon.stderr
time=2026-08-10T13:49:45.269+08:00 level=INFO msg="single-instance guard acquired" pidfile=TASK_TMP/daemon-state/agentmirrord.pid
time=2026-08-10T13:49:45.270+08:00 level=INFO msg="pairing token source=explicit"
time=2026-08-10T13:49:45.270+08:00 level=INFO msg="agentmirrord starting" listen=127.0.0.1:43920 qr_listen="" token_source=explicit upload_dir="" max_upload_mib=20 list_interval=2s
time=2026-08-10T13:49:45.270+08:00 level=INFO msg="tailnet 已启用" hostname=MacBook-Pro.local state_dir=TASK_TMP/daemon-state/tsnet
time=2026-08-10T13:49:45.270+08:00 level=INFO msg="tailnet 入网中（等待 Tailscale 控制面握手）…"
2026/08/10 13:49:45 tsnet running state path TASK_TMP/daemon-state/tsnet/tailscaled.state
2026/08/10 13:49:45 tsnet starting with hostname "MacBook-Pro.local", varRoot "TASK_TMP/daemon-state/tsnet"
2026/08/10 13:49:45 LocalBackend state is NeedsLogin; running StartLoginInteractive...
2026/08/10 13:49:45 AuthLoop: state is Starting; done
time=2026-08-10T13:49:48.406+08:00 level=INFO msg="tailnet 已入网" ip=100.64.0.1
time=2026-08-10T13:58:21.522+08:00 level=INFO msg="shutting down"


## android-start-user.log
Success: user started


## android-switch-user.log


## android-data-init.log
Starting: Intent { cmp=dev.agentmirror.app/.MainActivity }


## android-device-ready.log
[exec] wake emulator device=emulator-5554 key=KEYCODE_WAKEUP
[exec] dismiss keyguard device=emulator-5554 user=17
[policy] camera=no foreground_mouse=no window_targeting=no
[state] wakefulness=Awake user_state=RUNNING_UNLOCKED


## android-app-start.log
Starting: Intent { cmp=dev.agentmirror.app/.MainActivity }


## android-service-start.log
Starting service: Intent { cmp=dev.agentmirror.app/.service.MirrorForegroundService }


## pairing-injection.log
method=adb_private_store_stdin
secret_transport=stdin
temporary_android_user=yes
app_private_store_owner_verified=yes
app_private_store_context_verified=yes
camera_used=no
foreground_mouse_used=no
window_targeting_used=no
daemon_auth_bypassed=no
security_rationale=temporary app-private store only; daemon token auth and real tsnet join remain mandatory

