2026-08-20T10:53:40.357 [lifecycle] ON_CREATE
2026-08-20T10:53:40.559 [ws] conn state STOPPED → CONNECTING
2026-08-20T10:53:40.611 [ws] conn state CONNECTING → AUTHENTICATING
2026-08-20T10:53:40.619 [lifecycle] ON_START
2026-08-20T10:53:40.632 [ws] conn state AUTHENTICATING → READY
2026-08-20T10:53:41.094 [refresh] applyListing seq=919 workspaces=7 refreshing_prev=false refreshing_next=false
2026-08-20T10:53:41.096 [refresh] applyListing seq=919 workspaces=7 refreshing_prev=false refreshing_next=false
2026-08-20T10:53:41.510 [refresh] enterLevel1 list cached=7 first_frame=already refreshing_prev=false refreshing_next=false
2026-08-20T10:53:41.838 [refresh] applyListing seq=919 workspaces=7 refreshing_prev=false refreshing_next=false
2026-08-20T10:53:45.875 [favorite] rows match stored_ref=/tmp/tmux-501/ta-a0afa5f9c7f6%0 live_ref= equal=false cwd_stored=/Volumes/nvme/Projects/讨论team-agent cwd_live= cwd_shown=/Volumes/nvme/Projects/讨论team-agent
2026-08-20T10:53:45.875 [favorite] rows match stored_ref=/tmp/tmux-501/ta-b7cc1c640ccf%0 live_ref= equal=false cwd_stored=/Volumes/nvme/Projects/远程Agent安卓 cwd_live= cwd_shown=/Volumes/nvme/Projects/远程Agent安卓
2026-08-20T10:53:45.876 [favorite] rows match stored_ref=/tmp/tmux-501/ta-a9fd5b7defbd%0 live_ref= equal=false cwd_stored=/Users/alauda/Documents/code/agent前沿探索/多agent协作 cwd_live= cwd_shown=/Users/alauda/Documents/code/agent前沿探索/多agent协作
2026-08-20T10:53:45.876 [favorite] rows stored=3 live=0 online=0 offline=3
2026-08-20T10:53:45.893 [favorite] enterFavorites favorite_workspaces=3 fetched_workspaces=0 cwds=/Users/alauda/Documents/code/agent前沿探索/多agent协作, /Volumes/nvme/Projects/远程Agent安卓, /Volumes/nvme/Projects/讨论team-agent queue=3
2026-08-20T10:53:45.894 [favorite] favoriteFetch start cwd=/Users/alauda/Documents/code/agent前沿探索/多agent协作 favorite_workspaces=3 fetched_workspaces=0 queue_left=2
2026-08-20T10:53:46.040 [favorite] rows match stored_ref=/tmp/tmux-501/ta-a0afa5f9c7f6%0 live_ref= equal=false cwd_stored=/Volumes/nvme/Projects/讨论team-agent cwd_live= cwd_shown=/Volumes/nvme/Projects/讨论team-agent
2026-08-20T10:53:46.040 [favorite] rows match stored_ref=/tmp/tmux-501/ta-b7cc1c640ccf%0 live_ref= equal=false cwd_stored=/Volumes/nvme/Projects/远程Agent安卓 cwd_live= cwd_shown=/Volumes/nvme/Projects/远程Agent安卓
2026-08-20T10:53:46.040 [favorite] rows match stored_ref=/tmp/tmux-501/ta-a9fd5b7defbd%0 live_ref= equal=false cwd_stored=/Users/alauda/Documents/code/agent前沿探索/多agent协作 cwd_live= cwd_shown=/Users/alauda/Documents/code/agent前沿探索/多agent协作
2026-08-20T10:53:46.040 [favorite] rows stored=3 live=0 online=0 offline=3
2026-08-20T10:53:46.228 [favorite] favoriteFetch done cwd=/Users/alauda/Documents/code/agent前沿探索/多agent协作 favorite_workspaces=3 fetched_workspaces=1 queue_left=2
2026-08-20T10:53:46.229 [favorite] favoriteFetch start cwd=/Volumes/nvme/Projects/远程Agent安卓 favorite_workspaces=3 fetched_workspaces=1 queue_left=1
2026-08-20T10:53:46.229 [level2] applyLevel2 src=level2-push workspace=/Users/alauda/Documents/code/agent前沿探索/多agent协作 seq=2449 subscribed=<none> incoming=6 publish=false statuses=x-501/ta-a9fd5b7defbd%0:<none>->idle,x-501/ta-a9fd5b7defbd%1:<none>->idle,x-501/ta-a9fd5b7defbd%2:<none>->idle,-501/ta-a9fd5b7defbd%17:<none>->idle,x-501/ta-a9fd5b7defbd%5:<none>->idle,-501/ta-a9fd5b7defbd%18:<none>->idle
2026-08-20T10:53:46.248 [favorite] rows match stored_ref=/tmp/tmux-501/ta-a0afa5f9c7f6%0 live_ref= equal=false cwd_stored=/Volumes/nvme/Projects/讨论team-agent cwd_live= cwd_shown=/Volumes/nvme/Projects/讨论team-agent
2026-08-20T10:53:46.253 [favorite] rows match stored_ref=/tmp/tmux-501/ta-b7cc1c640ccf%0 live_ref= equal=false cwd_stored=/Volumes/nvme/Projects/远程Agent安卓 cwd_live= cwd_shown=/Volumes/nvme/Projects/远程Agent安卓
2026-08-20T10:53:46.256 [favorite] rows match stored_ref=/tmp/tmux-501/ta-a9fd5b7defbd%0 live_ref=/tmp/tmux-501/ta-a9fd5b7defbd%0 equal=true cwd_stored=/Users/alauda/Documents/code/agent前沿探索/多agent协作 cwd_live=/Users/alauda/Documents/code/agent前沿探索/多agent协作 cwd_shown=/Users/alauda/Documents/code/agent前沿探索/多agent协作
2026-08-20T10:53:46.256 [favorite] rows stored=3 live=6 online=1 offline=2
2026-08-20T10:53:46.616 [favorite] favoriteFetch done cwd=/Volumes/nvme/Projects/远程Agent安卓 favorite_workspaces=3 fetched_workspaces=2 queue_left=1
2026-08-20T10:53:46.616 [favorite] favoriteFetch start cwd=/Volumes/nvme/Projects/讨论team-agent favorite_workspaces=3 fetched_workspaces=2 queue_left=0
2026-08-20T10:53:46.617 [level2] applyLevel2 src=level2-push workspace=/Volumes/nvme/Projects/远程Agent安卓 seq=2450 subscribed=<none> incoming=19 publish=false statuses=x-501/ta-b7cc1c640ccf%0:<none>->idle,x-501/ta-b7cc1c640ccf%1:<none>->idle,x-501/ta-b7cc1c640ccf%2:<none>->idle,x-501/ta-b7cc1c640ccf%3:<none>->idle,x-501/ta-b7cc1c640ccf%4:<none>->idle,x-501/ta-b7cc1c640ccf%5:<none>->idle,x-501/ta-b7cc1c640ccf%6:<none>->idle,-501/ta-b7cc1c640ccf%11:<none>->idle,x-501/ta-b7cc1c640ccf%8:<none>->idle,x-501/ta-b7cc1c640ccf%9:<none>->idle,-501/ta-b7cc1c640ccf%12:<none>->idle,-501/ta-b7cc1c640ccf%13:<none>->idle,-501/ta-b7cc1c640ccf%14:<none>->idle,-501/ta-b7cc1c640ccf%15:<none>->idle,-501/ta-b7cc1c640ccf%16:<none>->idle,-501/ta-b7cc1c640ccf%17:<none>->idle,-501/ta-b7cc1c640ccf%18:<none>->idle,-501/ta-b7cc1c640ccf%19:<none>->idle,-501/ta-b7cc1c640ccf%20:<none>->working
2026-08-20T10:53:46.632 [favorite] rows match stored_ref=/tmp/tmux-501/ta-a0afa5f9c7f6%0 live_ref= equal=false cwd_stored=/Volumes/nvme/Projects/讨论team-agent cwd_live= cwd_shown=/Volumes/nvme/Projects/讨论team-agent
2026-08-20T10:53:46.633 [favorite] rows match stored_ref=/tmp/tmux-501/ta-b7cc1c640ccf%0 live_ref=/tmp/tmux-501/ta-b7cc1c640ccf%0 equal=true cwd_stored=/Volumes/nvme/Projects/远程Agent安卓 cwd_live=/Volumes/nvme/Projects/远程Agent安卓 cwd_shown=/Volumes/nvme/Projects/远程Agent安卓
2026-08-20T10:53:46.633 [favorite] rows match stored_ref=/tmp/tmux-501/ta-a9fd5b7defbd%0 live_ref=/tmp/tmux-501/ta-a9fd5b7defbd%0 equal=true cwd_stored=/Users/alauda/Documents/code/agent前沿探索/多agent协作 cwd_live=/Users/alauda/Documents/code/agent前沿探索/多agent协作 cwd_shown=/Users/alauda/Documents/code/agent前沿探索/多agent协作
2026-08-20T10:53:46.633 [favorite] rows stored=3 live=25 online=2 offline=1
2026-08-20T10:53:46.892 [favorite] favoriteFetch done cwd=/Volumes/nvme/Projects/讨论team-agent favorite_workspaces=3 fetched_workspaces=3 queue_left=0
2026-08-20T10:53:46.893 [level2] applyLevel2 src=level2-push workspace=/Volumes/nvme/Projects/讨论team-agent seq=2451 subscribed=<none> incoming=2 publish=false statuses=x-501/ta-a0afa5f9c7f6%0:<none>->idle,x-501/ta-a0afa5f9c7f6%7:<none>->idle
2026-08-20T10:53:46.899 [favorite] rows match stored_ref=/tmp/tmux-501/ta-a0afa5f9c7f6%0 live_ref=/tmp/tmux-501/ta-a0afa5f9c7f6%0 equal=true cwd_stored=/Volumes/nvme/Projects/讨论team-agent cwd_live=/Volumes/nvme/Projects/讨论team-agent cwd_shown=/Volumes/nvme/Projects/讨论team-agent
2026-08-20T10:53:46.900 [favorite] rows match stored_ref=/tmp/tmux-501/ta-b7cc1c640ccf%0 live_ref=/tmp/tmux-501/ta-b7cc1c640ccf%0 equal=true cwd_stored=/Volumes/nvme/Projects/远程Agent安卓 cwd_live=/Volumes/nvme/Projects/远程Agent安卓 cwd_shown=/Volumes/nvme/Projects/远程Agent安卓
2026-08-20T10:53:46.900 [favorite] rows match stored_ref=/tmp/tmux-501/ta-a9fd5b7defbd%0 live_ref=/tmp/tmux-501/ta-a9fd5b7defbd%0 equal=true cwd_stored=/Users/alauda/Documents/code/agent前沿探索/多agent协作 cwd_live=/Users/alauda/Documents/code/agent前沿探索/多agent协作 cwd_shown=/Users/alauda/Documents/code/agent前沿探索/多agent协作
2026-08-20T10:53:46.900 [favorite] rows stored=3 live=27 online=3 offline=0
2026-08-20T10:53:49.561 [view-menu] viewMenuSource current_ref=/tmp/tmux-501/ta-b7cc1c640ccf%0 current_ws=/Volumes/nvme/Projects/远程Agent安卓 current_socket=/tmp/tmux-501/ta-b7cc1c640ccf overlay_ws=/Volumes/nvme/Projects/远程Agent安卓 overlay_socket=/tmp/tmux-501/ta-b7cc1c640ccf last_published_ws= sessions=19 source_match=true singleton_mismatch=true
2026-08-20T10:53:49.628 [term-bg-remap] source=theme-chrome night=false defaultBg=0xfff7f8fb ansi0=0xffe7eaf0 userBlock=0xffe6f5f2 paperLuma=248 ansi0Luma=233 blockLuma=240 verdict=paper_ne_ansi0
2026-08-20T10:53:49.633 [viewport] source=windowVisibility visibility=0 width=0 height=0
2026-08-20T10:53:49.668 [view-menu] viewMenuSource current_ref=/tmp/tmux-501/ta-b7cc1c640ccf%0 current_ws=/Volumes/nvme/Projects/远程Agent安卓 current_socket=/tmp/tmux-501/ta-b7cc1c640ccf overlay_ws=/Volumes/nvme/Projects/远程Agent安卓 overlay_socket=/tmp/tmux-501/ta-b7cc1c640ccf last_published_ws= sessions=19 source_match=true singleton_mismatch=true
2026-08-20T10:53:49.669 [session-live] enterSessionLive src=session-route ref=/tmp/tmux-501/ta-b7cc1c640ccf%0 resolved_ws=/Volumes/nvme/Projects/远程Agent安卓 hint_ws=<none> use_ws=/Volumes/nvme/Projects/远程Agent安卓 subscribed=<none> already=false cache_sessions=19 will_subscribe=true
2026-08-20T10:53:49.669 [refresh] enterLevel2 subscribe cwd=/Volumes/nvme/Projects/远程Agent安卓 painted=19 cached=19
2026-08-20T10:53:49.717 [viewport] source=onViewportSizeChanged oldW=0 oldH=0 newW=1200 newH=2099 viewportSeeded=false emulatorRows=40 emulatorCols=120
2026-08-20T10:53:49.718 [reflow] resize sent rows=49 cols=54 reason=user ok=true bookkept_rows=49 bookkept_cols=54
2026-08-20T10:53:49.720 [grid] viewport_width_px=1200 cell_width_nominal=22 cell_width_measured=22 reported_cols=54 canvas_capacity_cols=54 overflow_px=0 half_cell_px=11.0
2026-08-20T10:53:49.720 [viewport] source=onViewportSizeChanged result resized=true outgrewGuard=false candidateRows=49 candidateCols=54 emulatorRows=49 emulatorCols=54
2026-08-20T10:53:49.729 [term-left-edge] source=onDraw contentLeft=18 col0Origin=18 cellW=22 viewW=1236 verdict=OK
2026-08-20T10:53:49.771 [session-lamp] src=level2-push ref=/tmp/tmux-501/ta-b7cc1c640ccf%0 overlay_n=19 hit=true hit_status=idle hit_ref=/tmp/tmux-501/ta-b7cc1c640ccf%0 lamp=Idle eq_ref=true
2026-08-20T10:53:49.777 [view-menu] viewMenuSource current_ref=/tmp/tmux-501/ta-b7cc1c640ccf%0 current_ws=/Volumes/nvme/Projects/远程Agent安卓 current_socket=/tmp/tmux-501/ta-b7cc1c640ccf overlay_ws=/Volumes/nvme/Projects/远程Agent安卓 overlay_socket=/tmp/tmux-501/ta-b7cc1c640ccf last_published_ws=/Volumes/nvme/Projects/远程Agent安卓 sessions=19 source_match=true singleton_mismatch=false
2026-08-20T10:53:50.039 [level2] applyLevel2 src=level2-push workspace=/Volumes/nvme/Projects/远程Agent安卓 seq=2452 subscribed=/Volumes/nvme/Projects/远程Agent安卓 incoming=19 publish=true statuses=x-501/ta-b7cc1c640ccf%0:idle->idle,x-501/ta-b7cc1c640ccf%1:idle->idle,x-501/ta-b7cc1c640ccf%2:idle->idle,x-501/ta-b7cc1c640ccf%3:idle->idle,x-501/ta-b7cc1c640ccf%4:idle->idle,x-501/ta-b7cc1c640ccf%5:idle->idle,x-501/ta-b7cc1c640ccf%6:idle->idle,-501/ta-b7cc1c640ccf%11:idle->idle,x-501/ta-b7cc1c640ccf%8:idle->idle,x-501/ta-b7cc1c640ccf%9:idle->idle,-501/ta-b7cc1c640ccf%12:idle->idle,-501/ta-b7cc1c640ccf%13:idle->idle,-501/ta-b7cc1c640ccf%14:idle->idle,-501/ta-b7cc1c640ccf%15:idle->idle,-501/ta-b7cc1c640ccf%16:idle->idle,-501/ta-b7cc1c640ccf%17:idle->idle,-501/ta-b7cc1c640ccf%18:idle->idle,-501/ta-b7cc1c640ccf%19:idle->idle,-501/ta-b7cc1c640ccf%20:working->working
2026-08-20T10:53:50.052 [view-menu] viewMenuSource current_ref=/tmp/tmux-501/ta-b7cc1c640ccf%0 current_ws=/Volumes/nvme/Projects/远程Agent安卓 current_socket=/tmp/tmux-501/ta-b7cc1c640ccf overlay_ws=/Volumes/nvme/Projects/远程Agent安卓 overlay_socket=/tmp/tmux-501/ta-b7cc1c640ccf last_published_ws=/Volumes/nvme/Projects/远程Agent安卓 sessions=19 source_match=true singleton_mismatch=false
2026-08-20T10:53:50.054 [favorite] rows match stored_ref=/tmp/tmux-501/ta-a0afa5f9c7f6%0 live_ref=/tmp/tmux-501/ta-a0afa5f9c7f6%0 equal=true cwd_stored=/Volumes/nvme/Projects/讨论team-agent cwd_live=/Volumes/nvme/Projects/讨论team-agent cwd_shown=/Volumes/nvme/Projects/讨论team-agent
2026-08-20T10:53:50.056 [favorite] rows match stored_ref=/tmp/tmux-501/ta-b7cc1c640ccf%0 live_ref=/tmp/tmux-501/ta-b7cc1c640ccf%0 equal=true cwd_stored=/Volumes/nvme/Projects/远程Agent安卓 cwd_live=/Volumes/nvme/Projects/远程Agent安卓 cwd_shown=/Volumes/nvme/Projects/远程Agent安卓
2026-08-20T10:53:50.056 [favorite] rows match stored_ref=/tmp/tmux-501/ta-a9fd5b7defbd%0 live_ref=/tmp/tmux-501/ta-a9fd5b7defbd%0 equal=true cwd_stored=/Users/alauda/Documents/code/agent前沿探索/多agent协作 cwd_live=/Users/alauda/Documents/code/agent前沿探索/多agent协作 cwd_shown=/Users/alauda/Documents/code/agent前沿探索/多agent协作
2026-08-20T10:53:50.056 [favorite] rows stored=3 live=27 online=3 offline=0
2026-08-20T10:53:50.062 [view-menu] viewMenuSource current_ref=/tmp/tmux-501/ta-b7cc1c640ccf%0 current_ws=/Volumes/nvme/Projects/远程Agent安卓 current_socket=/tmp/tmux-501/ta-b7cc1c640ccf overlay_ws=/Volumes/nvme/Projects/远程Agent安卓 overlay_socket=/tmp/tmux-501/ta-b7cc1c640ccf last_published_ws=/Volumes/nvme/Projects/远程Agent安卓 sessions=19 source_match=true singleton_mismatch=false
2026-08-20T10:53:50.063 [session-live] enterSessionLive src=session-route ref=/tmp/tmux-501/ta-b7cc1c640ccf%0 resolved_ws=/Volumes/nvme/Projects/远程Agent安卓 hint_ws=<none> use_ws=/Volumes/nvme/Projects/远程Agent安卓 subscribed=/Volumes/nvme/Projects/远程Agent安卓 already=true cache_sessions=19 will_subscribe=false
2026-08-20T10:53:50.073 [session-lamp] src=level2-push ref=/tmp/tmux-501/ta-b7cc1c640ccf%0 overlay_n=19 hit=true hit_status=idle hit_ref=/tmp/tmux-501/ta-b7cc1c640ccf%0 lamp=Idle eq_ref=true
2026-08-20T10:53:50.088 [reflow] frame cols=54 render cols=54 bookkept_rows=49 emulator_rows=49
2026-08-20T10:53:50.117 [favorite] leaveFavorites favorite_workspaces=3 fetched_workspaces=3 inflight=<none>
2026-08-20T10:53:52.316 [level2] applyLevel2 src=level2-push workspace=/Volumes/nvme/Projects/远程Agent安卓 seq=2453 subscribed=/Volumes/nvme/Projects/远程Agent安卓 incoming=19 publish=true statuses=x-501/ta-b7cc1c640ccf%0:idle->idle,x-501/ta-b7cc1c640ccf%1:idle->idle,x-501/ta-b7cc1c640ccf%2:idle->idle,x-501/ta-b7cc1c640ccf%3:idle->idle,x-501/ta-b7cc1c640ccf%4:idle->idle,x-501/ta-b7cc1c640ccf%5:idle->idle,x-501/ta-b7cc1c640ccf%6:idle->idle,-501/ta-b7cc1c640ccf%11:idle->idle,x-501/ta-b7cc1c640ccf%8:idle->idle,x-501/ta-b7cc1c640ccf%9:idle->idle,-501/ta-b7cc1c640ccf%12:idle->idle,-501/ta-b7cc1c640ccf%13:idle->idle,-501/ta-b7cc1c640ccf%14:idle->idle,-501/ta-b7cc1c640ccf%15:idle->idle,-501/ta-b7cc1c640ccf%16:idle->idle,-501/ta-b7cc1c640ccf%17:idle->idle,-501/ta-b7cc1c640ccf%18:idle->idle,-501/ta-b7cc1c640ccf%19:idle->idle,-501/ta-b7cc1c640ccf%20:working->working
2026-08-20T10:53:52.317 [view-menu] viewMenuSource current_ref=/tmp/tmux-501/ta-b7cc1c640ccf%0 current_ws=/Volumes/nvme/Projects/远程Agent安卓 current_socket=/tmp/tmux-501/ta-b7cc1c640ccf overlay_ws=/Volumes/nvme/Projects/远程Agent安卓 overlay_socket=/tmp/tmux-501/ta-b7cc1c640ccf last_published_ws=/Volumes/nvme/Projects/远程Agent安卓 sessions=19 source_match=true singleton_mismatch=false
2026-08-20T10:53:52.319 [view-menu] viewMenuSource current_ref=/tmp/tmux-501/ta-b7cc1c640ccf%0 current_ws=/Volumes/nvme/Projects/远程Agent安卓 current_socket=/tmp/tmux-501/ta-b7cc1c640ccf overlay_ws=/Volumes/nvme/Projects/远程Agent安卓 overlay_socket=/tmp/tmux-501/ta-b7cc1c640ccf last_published_ws=/Volumes/nvme/Projects/远程Agent安卓 sessions=19 source_match=true singleton_mismatch=false
2026-08-20T10:53:52.319 [session-live] enterSessionLive src=session-route ref=/tmp/tmux-501/ta-b7cc1c640ccf%0 resolved_ws=/Volumes/nvme/Projects/远程Agent安卓 hint_ws=<none> use_ws=/Volumes/nvme/Projects/远程Agent安卓 subscribed=/Volumes/nvme/Projects/远程Agent安卓 already=true cache_sessions=19 will_subscribe=false
2026-08-20T10:53:52.319 [session-lamp] src=level2-push ref=/tmp/tmux-501/ta-b7cc1c640ccf%0 overlay_n=19 hit=true hit_status=idle hit_ref=/tmp/tmux-501/ta-b7cc1c640ccf%0 lamp=Idle eq_ref=true
2026-08-20T10:53:52.332 [view-menu] viewMenuSource current_ref=/tmp/tmux-501/ta-b7cc1c640ccf%0 current_ws=/Volumes/nvme/Projects/远程Agent安卓 current_socket=/tmp/tmux-501/ta-b7cc1c640ccf overlay_ws=/Volumes/nvme/Projects/远程Agent安卓 overlay_socket=/tmp/tmux-501/ta-b7cc1c640ccf last_published_ws=/Volumes/nvme/Projects/远程Agent安卓 sessions=19 source_match=true singleton_mismatch=false
2026-08-20T10:53:53.675 [refresh] applyListing seq=919 workspaces=7 refreshing_prev=false refreshing_next=false
2026-08-20T10:53:53.694 [favorite] rows match stored_ref=/tmp/tmux-501/ta-a0afa5f9c7f6%0 live_ref=/tmp/tmux-501/ta-a0afa5f9c7f6%0 equal=true cwd_stored=/Volumes/nvme/Projects/讨论team-agent cwd_live=/Volumes/nvme/Projects/讨论team-agent cwd_shown=/Volumes/nvme/Projects/讨论team-agent
2026-08-20T10:53:53.695 [favorite] rows match stored_ref=/tmp/tmux-501/ta-b7cc1c640ccf%0 live_ref=/tmp/tmux-501/ta-b7cc1c640ccf%0 equal=true cwd_stored=/Volumes/nvme/Projects/远程Agent安卓 cwd_live=/Volumes/nvme/Projects/远程Agent安卓 cwd_shown=/Volumes/nvme/Projects/远程Agent安卓
2026-08-20T10:53:53.695 [favorite] rows match stored_ref=/tmp/tmux-501/ta-a9fd5b7defbd%0 live_ref=/tmp/tmux-501/ta-a9fd5b7defbd%0 equal=true cwd_stored=/Users/alauda/Documents/code/agent前沿探索/多agent协作 cwd_live=/Users/alauda/Documents/code/agent前沿探索/多agent协作 cwd_shown=/Users/alauda/Documents/code/agent前沿探索/多agent协作
2026-08-20T10:53:53.695 [favorite] rows stored=3 live=27 online=3 offline=0
2026-08-20T10:53:53.700 [favorite] enterFavorites favorite_workspaces=3 fetched_workspaces=0 cwds=/Users/alauda/Documents/code/agent前沿探索/多agent协作, /Volumes/nvme/Projects/远程Agent安卓, /Volumes/nvme/Projects/讨论team-agent queue=3
2026-08-20T10:53:53.700 [favorite] favoriteFetch start cwd=/Users/alauda/Documents/code/agent前沿探索/多agent协作 favorite_workspaces=3 fetched_workspaces=0 queue_left=2
2026-08-20T10:53:53.742 [view-menu] viewMenuSource current_ref=/tmp/tmux-501/ta-b7cc1c640ccf%0 current_ws=/Volumes/nvme/Projects/远程Agent安卓 current_socket=/tmp/tmux-501/ta-b7cc1c640ccf overlay_ws=/Volumes/nvme/Projects/远程Agent安卓 overlay_socket=/tmp/tmux-501/ta-b7cc1c640ccf last_published_ws=/Volumes/nvme/Projects/远程Agent安卓 sessions=19 source_match=true singleton_mismatch=false
2026-08-20T10:53:53.746 [favorite] rows match stored_ref=/tmp/tmux-501/ta-a0afa5f9c7f6%0 live_ref=/tmp/tmux-501/ta-a0afa5f9c7f6%0 equal=true cwd_stored=/Volumes/nvme/Projects/讨论team-agent cwd_live=/Volumes/nvme/Projects/讨论team-agent cwd_shown=/Volumes/nvme/Projects/讨论team-agent
2026-08-20T10:53:53.747 [favorite] rows match stored_ref=/tmp/tmux-501/ta-b7cc1c640ccf%0 live_ref=/tmp/tmux-501/ta-b7cc1c640ccf%0 equal=true cwd_stored=/Volumes/nvme/Projects/远程Agent安卓 cwd_live=/Volumes/nvme/Projects/远程Agent安卓 cwd_shown=/Volumes/nvme/Projects/远程Agent安卓
2026-08-20T10:53:53.747 [favorite] rows match stored_ref=/tmp/tmux-501/ta-a9fd5b7defbd%0 live_ref=/tmp/tmux-501/ta-a9fd5b7defbd%0 equal=true cwd_stored=/Users/alauda/Documents/code/agent前沿探索/多agent协作 cwd_live=/Users/alauda/Documents/code/agent前沿探索/多agent协作 cwd_shown=/Users/alauda/Documents/code/agent前沿探索/多agent协作
2026-08-20T10:53:53.747 [favorite] rows stored=3 live=27 online=3 offline=0
2026-08-20T10:53:53.752 [view-menu] viewMenuSource current_ref=/tmp/tmux-501/ta-b7cc1c640ccf%0 current_ws=/Volumes/nvme/Projects/远程Agent安卓 current_socket=/tmp/tmux-501/ta-b7cc1c640ccf overlay_ws=/Volumes/nvme/Projects/远程Agent安卓 overlay_socket=/tmp/tmux-501/ta-b7cc1c640ccf last_published_ws=/Volumes/nvme/Projects/远程Agent安卓 sessions=19 source_match=true singleton_mismatch=false
2026-08-20T10:53:53.752 [session-live] enterSessionLive src=session-route ref=/tmp/tmux-501/ta-b7cc1c640ccf%0 resolved_ws=/Volumes/nvme/Projects/远程Agent安卓 hint_ws=<none> use_ws=/Volumes/nvme/Projects/远程Agent安卓 subscribed=/Volumes/nvme/Projects/远程Agent安卓 already=true cache_sessions=19 will_subscribe=false
2026-08-20T10:53:54.007 [viewport] source=windowVisibility visibility=8 width=1236 height=2099
2026-08-20T10:53:54.021 [level2] applyLevel2 src=level2-push workspace=/Volumes/nvme/Projects/远程Agent安卓 seq=2454 subscribed=/Volumes/nvme/Projects/远程Agent安卓 incoming=19 publish=true statuses=x-501/ta-b7cc1c640ccf%0:idle->idle,x-501/ta-b7cc1c640ccf%1:idle->idle,x-501/ta-b7cc1c640ccf%2:idle->idle,x-501/ta-b7cc1c640ccf%3:idle->idle,x-501/ta-b7cc1c640ccf%4:idle->idle,x-501/ta-b7cc1c640ccf%5:idle->idle,x-501/ta-b7cc1c640ccf%6:idle->idle,-501/ta-b7cc1c640ccf%11:idle->idle,x-501/ta-b7cc1c640ccf%8:idle->idle,x-501/ta-b7cc1c640ccf%9:idle->idle,-501/ta-b7cc1c640ccf%12:idle->idle,-501/ta-b7cc1c640ccf%13:idle->idle,-501/ta-b7cc1c640ccf%14:idle->idle,-501/ta-b7cc1c640ccf%15:idle->idle,-501/ta-b7cc1c640ccf%16:idle->idle,-501/ta-b7cc1c640ccf%17:idle->idle,-501/ta-b7cc1c640ccf%18:idle->idle,-501/ta-b7cc1c640ccf%19:idle->idle,-501/ta-b7cc1c640ccf%20:working->working
2026-08-20T10:53:54.028 [favorite] rows match stored_ref=/tmp/tmux-501/ta-a0afa5f9c7f6%0 live_ref=/tmp/tmux-501/ta-a0afa5f9c7f6%0 equal=true cwd_stored=/Volumes/nvme/Projects/讨论team-agent cwd_live=/Volumes/nvme/Projects/讨论team-agent cwd_shown=/Volumes/nvme/Projects/讨论team-agent
2026-08-20T10:53:54.028 [favorite] rows match stored_ref=/tmp/tmux-501/ta-b7cc1c640ccf%0 live_ref=/tmp/tmux-501/ta-b7cc1c640ccf%0 equal=true cwd_stored=/Volumes/nvme/Projects/远程Agent安卓 cwd_live=/Volumes/nvme/Projects/远程Agent安卓 cwd_shown=/Volumes/nvme/Projects/远程Agent安卓
2026-08-20T10:53:54.028 [favorite] rows match stored_ref=/tmp/tmux-501/ta-a9fd5b7defbd%0 live_ref=/tmp/tmux-501/ta-a9fd5b7defbd%0 equal=true cwd_stored=/Users/alauda/Documents/code/agent前沿探索/多agent协作 cwd_live=/Users/alauda/Documents/code/agent前沿探索/多agent协作 cwd_shown=/Users/alauda/Documents/code/agent前沿探索/多agent协作
2026-08-20T10:53:54.028 [favorite] rows stored=3 live=27 online=3 offline=0
2026-08-20T10:53:54.344 [favorite] favoriteFetch done cwd=/Users/alauda/Documents/code/agent前沿探索/多agent协作 favorite_workspaces=3 fetched_workspaces=1 queue_left=2
2026-08-20T10:53:54.344 [favorite] favoriteFetch start cwd=/Volumes/nvme/Projects/远程Agent安卓 favorite_workspaces=3 fetched_workspaces=1 queue_left=1
2026-08-20T10:53:54.344 [level2] applyLevel2 src=level2-push workspace=/Users/alauda/Documents/code/agent前沿探索/多agent协作 seq=2455 subscribed=/Volumes/nvme/Projects/远程Agent安卓 incoming=6 publish=false statuses=x-501/ta-a9fd5b7defbd%0:idle->idle,x-501/ta-a9fd5b7defbd%1:idle->idle,x-501/ta-a9fd5b7defbd%2:idle->idle,-501/ta-a9fd5b7defbd%17:idle->idle,x-501/ta-a9fd5b7defbd%5:idle->idle,-501/ta-a9fd5b7defbd%18:idle->idle
2026-08-20T10:53:54.349 [favorite] rows match stored_ref=/tmp/tmux-501/ta-a0afa5f9c7f6%0 live_ref=/tmp/tmux-501/ta-a0afa5f9c7f6%0 equal=true cwd_stored=/Volumes/nvme/Projects/讨论team-agent cwd_live=/Volumes/nvme/Projects/讨论team-agent cwd_shown=/Volumes/nvme/Projects/讨论team-agent
2026-08-20T10:53:54.349 [favorite] rows match stored_ref=/tmp/tmux-501/ta-b7cc1c640ccf%0 live_ref=/tmp/tmux-501/ta-b7cc1c640ccf%0 equal=true cwd_stored=/Volumes/nvme/Projects/远程Agent安卓 cwd_live=/Volumes/nvme/Projects/远程Agent安卓 cwd_shown=/Volumes/nvme/Projects/远程Agent安卓
2026-08-20T10:53:54.349 [favorite] rows match stored_ref=/tmp/tmux-501/ta-a9fd5b7defbd%0 live_ref=/tmp/tmux-501/ta-a9fd5b7defbd%0 equal=true cwd_stored=/Users/alauda/Documents/code/agent前沿探索/多agent协作 cwd_live=/Users/alauda/Documents/code/agent前沿探索/多agent协作 cwd_shown=/Users/alauda/Documents/code/agent前沿探索/多agent协作
2026-08-20T10:53:54.350 [favorite] rows stored=3 live=27 online=3 offline=0
2026-08-20T10:53:54.715 [favorite] favoriteFetch done cwd=/Volumes/nvme/Projects/远程Agent安卓 favorite_workspaces=3 fetched_workspaces=2 queue_left=1
2026-08-20T10:53:54.716 [favorite] favoriteFetch start cwd=/Volumes/nvme/Projects/讨论team-agent favorite_workspaces=3 fetched_workspaces=2 queue_left=0
2026-08-20T10:53:54.716 [level2] applyLevel2 src=level2-push workspace=/Volumes/nvme/Projects/远程Agent安卓 seq=2456 subscribed=/Volumes/nvme/Projects/远程Agent安卓 incoming=19 publish=true statuses=x-501/ta-b7cc1c640ccf%0:idle->idle,x-501/ta-b7cc1c640ccf%1:idle->idle,x-501/ta-b7cc1c640ccf%2:idle->idle,x-501/ta-b7cc1c640ccf%3:idle->idle,x-501/ta-b7cc1c640ccf%4:idle->idle,x-501/ta-b7cc1c640ccf%5:idle->idle,x-501/ta-b7cc1c640ccf%6:idle->idle,-501/ta-b7cc1c640ccf%11:idle->idle,x-501/ta-b7cc1c640ccf%8:idle->idle,x-501/ta-b7cc1c640ccf%9:idle->idle,-501/ta-b7cc1c640ccf%12:idle->idle,-501/ta-b7cc1c640ccf%13:idle->idle,-501/ta-b7cc1c640ccf%14:idle->idle,-501/ta-b7cc1c640ccf%15:idle->idle,-501/ta-b7cc1c640ccf%16:idle->idle,-501/ta-b7cc1c640ccf%17:idle->idle,-501/ta-b7cc1c640ccf%18:idle->idle,-501/ta-b7cc1c640ccf%19:idle->idle,-501/ta-b7cc1c640ccf%20:working->working
2026-08-20T10:53:54.733 [favorite] rows match stored_ref=/tmp/tmux-501/ta-a0afa5f9c7f6%0 live_ref=/tmp/tmux-501/ta-a0afa5f9c7f6%0 equal=true cwd_stored=/Volumes/nvme/Projects/讨论team-agent cwd_live=/Volumes/nvme/Projects/讨论team-agent cwd_shown=/Volumes/nvme/Projects/讨论team-agent
2026-08-20T10:53:54.734 [favorite] rows match stored_ref=/tmp/tmux-501/ta-b7cc1c640ccf%0 live_ref=/tmp/tmux-501/ta-b7cc1c640ccf%0 equal=true cwd_stored=/Volumes/nvme/Projects/远程Agent安卓 cwd_live=/Volumes/nvme/Projects/远程Agent安卓 cwd_shown=/Volumes/nvme/Projects/远程Agent安卓
2026-08-20T10:53:54.734 [favorite] rows match stored_ref=/tmp/tmux-501/ta-a9fd5b7defbd%0 live_ref=/tmp/tmux-501/ta-a9fd5b7defbd%0 equal=true cwd_stored=/Users/alauda/Documents/code/agent前沿探索/多agent协作 cwd_live=/Users/alauda/Documents/code/agent前沿探索/多agent协作 cwd_shown=/Users/alauda/Documents/code/agent前沿探索/多agent协作
2026-08-20T10:53:54.734 [favorite] rows stored=3 live=27 online=3 offline=0
2026-08-20T10:53:55.100 [favorite] favoriteFetch done cwd=/Volumes/nvme/Projects/讨论team-agent favorite_workspaces=3 fetched_workspaces=3 queue_left=0
2026-08-20T10:53:55.101 [level2] applyLevel2 src=level2-push workspace=/Volumes/nvme/Projects/讨论team-agent seq=2457 subscribed=/Volumes/nvme/Projects/远程Agent安卓 incoming=2 publish=false statuses=x-501/ta-a0afa5f9c7f6%0:idle->idle,x-501/ta-a0afa5f9c7f6%7:idle->idle
2026-08-20T10:53:55.116 [favorite] rows match stored_ref=/tmp/tmux-501/ta-a0afa5f9c7f6%0 live_ref=/tmp/tmux-501/ta-a0afa5f9c7f6%0 equal=true cwd_stored=/Volumes/nvme/Projects/讨论team-agent cwd_live=/Volumes/nvme/Projects/讨论team-agent cwd_shown=/Volumes/nvme/Projects/讨论team-agent
2026-08-20T10:53:55.117 [favorite] rows match stored_ref=/tmp/tmux-501/ta-b7cc1c640ccf%0 live_ref=/tmp/tmux-501/ta-b7cc1c640ccf%0 equal=true cwd_stored=/Volumes/nvme/Projects/远程Agent安卓 cwd_live=/Volumes/nvme/Projects/远程Agent安卓 cwd_shown=/Volumes/nvme/Projects/远程Agent安卓
2026-08-20T10:53:55.117 [favorite] rows match stored_ref=/tmp/tmux-501/ta-a9fd5b7defbd%0 live_ref=/tmp/tmux-501/ta-a9fd5b7defbd%0 equal=true cwd_stored=/Users/alauda/Documents/code/agent前沿探索/多agent协作 cwd_live=/Users/alauda/Documents/code/agent前沿探索/多agent协作 cwd_shown=/Users/alauda/Documents/code/agent前沿探索/多agent协作
2026-08-20T10:53:55.117 [favorite] rows stored=3 live=27 online=3 offline=0
2026-08-20T10:53:56.552 [view-menu] viewMenuSource current_ref=/tmp/tmux-501/ta-b7cc1c640ccf%0 current_ws=/Volumes/nvme/Projects/远程Agent安卓 current_socket=/tmp/tmux-501/ta-b7cc1c640ccf overlay_ws=/Volumes/nvme/Projects/远程Agent安卓 overlay_socket=/tmp/tmux-501/ta-b7cc1c640ccf last_published_ws=/Volumes/nvme/Projects/远程Agent安卓 sessions=19 source_match=true singleton_mismatch=false
2026-08-20T10:53:56.580 [term-bg-remap] source=theme-chrome night=false defaultBg=0xfff7f8fb ansi0=0xffe7eaf0 userBlock=0xffe6f5f2 paperLuma=248 ansi0Luma=233 blockLuma=240 verdict=paper_ne_ansi0
2026-08-20T10:53:56.584 [viewport] source=windowVisibility visibility=0 width=0 height=0
2026-08-20T10:53:56.594 [view-menu] viewMenuSource current_ref=/tmp/tmux-501/ta-b7cc1c640ccf%0 current_ws=/Volumes/nvme/Projects/远程Agent安卓 current_socket=/tmp/tmux-501/ta-b7cc1c640ccf overlay_ws=/Volumes/nvme/Projects/远程Agent安卓 overlay_socket=/tmp/tmux-501/ta-b7cc1c640ccf last_published_ws=/Volumes/nvme/Projects/远程Agent安卓 sessions=19 source_match=true singleton_mismatch=false
2026-08-20T10:53:56.594 [session-live] enterSessionLive src=session-route ref=/tmp/tmux-501/ta-b7cc1c640ccf%0 resolved_ws=/Volumes/nvme/Projects/远程Agent安卓 hint_ws=<none> use_ws=/Volumes/nvme/Projects/远程Agent安卓 subscribed=/Volumes/nvme/Projects/远程Agent安卓 already=true cache_sessions=19 will_subscribe=false
2026-08-20T10:53:56.612 [viewport] source=onViewportSizeChanged oldW=0 oldH=0 newW=1200 newH=2099 viewportSeeded=false emulatorRows=40 emulatorCols=120
2026-08-20T10:53:56.614 [reflow] resize sent rows=49 cols=54 reason=user ok=true bookkept_rows=49 bookkept_cols=54
2026-08-20T10:53:56.615 [grid] viewport_width_px=1200 cell_width_nominal=22 cell_width_measured=22 reported_cols=54 canvas_capacity_cols=54 overflow_px=0 half_cell_px=11.0
2026-08-20T10:53:56.616 [viewport] source=onViewportSizeChanged result resized=true outgrewGuard=false candidateRows=49 candidateCols=54 emulatorRows=49 emulatorCols=54
2026-08-20T10:53:56.620 [term-left-edge] source=onDraw contentLeft=18 col0Origin=18 cellW=22 viewW=1236 verdict=OK
2026-08-20T10:53:56.637 [reflow] frame cols=54 render cols=54 bookkept_rows=49 emulator_rows=49
2026-08-20T10:53:56.668 [session-lamp] src=level2-push ref=/tmp/tmux-501/ta-b7cc1c640ccf%0 overlay_n=19 hit=true hit_status=idle hit_ref=/tmp/tmux-501/ta-b7cc1c640ccf%0 lamp=Idle eq_ref=true
2026-08-20T10:53:56.996 [favorite] leaveFavorites favorite_workspaces=3 fetched_workspaces=3 inflight=<none>
2026-08-20T10:53:57.207 [refresh] applyListing seq=919 workspaces=7 refreshing_prev=false refreshing_next=false
2026-08-20T10:53:57.224 [favorite] rows match stored_ref=/tmp/tmux-501/ta-a0afa5f9c7f6%0 live_ref=/tmp/tmux-501/ta-a0afa5f9c7f6%0 equal=true cwd_stored=/Volumes/nvme/Projects/讨论team-agent cwd_live=/Volumes/nvme/Projects/讨论team-agent cwd_shown=/Volumes/nvme/Projects/讨论team-agent
2026-08-20T10:53:57.224 [favorite] rows match stored_ref=/tmp/tmux-501/ta-b7cc1c640ccf%0 live_ref=/tmp/tmux-501/ta-b7cc1c640ccf%0 equal=true cwd_stored=/Volumes/nvme/Projects/远程Agent安卓 cwd_live=/Volumes/nvme/Projects/远程Agent安卓 cwd_shown=/Volumes/nvme/Projects/远程Agent安卓
2026-08-20T10:53:57.224 [favorite] rows match stored_ref=/tmp/tmux-501/ta-a9fd5b7defbd%0 live_ref=/tmp/tmux-501/ta-a9fd5b7defbd%0 equal=true cwd_stored=/Users/alauda/Documents/code/agent前沿探索/多agent协作 cwd_live=/Users/alauda/Documents/code/agent前沿探索/多agent协作 cwd_shown=/Users/alauda/Documents/code/agent前沿探索/多agent协作
2026-08-20T10:53:57.224 [favorite] rows stored=3 live=27 online=3 offline=0
2026-08-20T10:53:57.230 [favorite] enterFavorites favorite_workspaces=3 fetched_workspaces=0 cwds=/Users/alauda/Documents/code/agent前沿探索/多agent协作, /Volumes/nvme/Projects/远程Agent安卓, /Volumes/nvme/Projects/讨论team-agent queue=3
2026-08-20T10:53:57.230 [favorite] favoriteFetch start cwd=/Users/alauda/Documents/code/agent前沿探索/多agent协作 favorite_workspaces=3 fetched_workspaces=0 queue_left=2
2026-08-20T10:53:57.275 [view-menu] viewMenuSource current_ref=/tmp/tmux-501/ta-b7cc1c640ccf%0 current_ws=/Volumes/nvme/Projects/远程Agent安卓 current_socket=/tmp/tmux-501/ta-b7cc1c640ccf overlay_ws=/Volumes/nvme/Projects/远程Agent安卓 overlay_socket=/tmp/tmux-501/ta-b7cc1c640ccf last_published_ws=/Volumes/nvme/Projects/远程Agent安卓 sessions=19 source_match=true singleton_mismatch=false
2026-08-20T10:53:57.277 [favorite] rows match stored_ref=/tmp/tmux-501/ta-a0afa5f9c7f6%0 live_ref=/tmp/tmux-501/ta-a0afa5f9c7f6%0 equal=true cwd_stored=/Volumes/nvme/Projects/讨论team-agent cwd_live=/Volumes/nvme/Projects/讨论team-agent cwd_shown=/Volumes/nvme/Projects/讨论team-agent
2026-08-20T10:53:57.278 [favorite] rows match stored_ref=/tmp/tmux-501/ta-b7cc1c640ccf%0 live_ref=/tmp/tmux-501/ta-b7cc1c640ccf%0 equal=true cwd_stored=/Volumes/nvme/Projects/远程Agent安卓 cwd_live=/Volumes/nvme/Projects/远程Agent安卓 cwd_shown=/Volumes/nvme/Projects/远程Agent安卓
2026-08-20T10:53:57.278 [favorite] rows match stored_ref=/tmp/tmux-501/ta-a9fd5b7defbd%0 live_ref=/tmp/tmux-501/ta-a9fd5b7defbd%0 equal=true cwd_stored=/Users/alauda/Documents/code/agent前沿探索/多agent协作 cwd_live=/Users/alauda/Documents/code/agent前沿探索/多agent协作 cwd_shown=/Users/alauda/Documents/code/agent前沿探索/多agent协作
2026-08-20T10:53:57.278 [favorite] rows stored=3 live=27 online=3 offline=0
2026-08-20T10:53:57.283 [view-menu] viewMenuSource current_ref=/tmp/tmux-501/ta-b7cc1c640ccf%0 current_ws=/Volumes/nvme/Projects/远程Agent安卓 current_socket=/tmp/tmux-501/ta-b7cc1c640ccf overlay_ws=/Volumes/nvme/Projects/远程Agent安卓 overlay_socket=/tmp/tmux-501/ta-b7cc1c640ccf last_published_ws=/Volumes/nvme/Projects/远程Agent安卓 sessions=19 source_match=true singleton_mismatch=false
2026-08-20T10:53:57.284 [session-live] enterSessionLive src=session-route ref=/tmp/tmux-501/ta-b7cc1c640ccf%0 resolved_ws=/Volumes/nvme/Projects/远程Agent安卓 hint_ws=<none> use_ws=/Volumes/nvme/Projects/远程Agent安卓 subscribed=/Volumes/nvme/Projects/远程Agent安卓 already=true cache_sessions=19 will_subscribe=false
2026-08-20T10:53:57.544 [viewport] source=windowVisibility visibility=8 width=1236 height=2099
2026-08-20T10:53:57.615 [level2] applyLevel2 src=level2-push workspace=/Volumes/nvme/Projects/远程Agent安卓 seq=2458 subscribed=/Volumes/nvme/Projects/远程Agent安卓 incoming=19 publish=true statuses=x-501/ta-b7cc1c640ccf%0:idle->idle,x-501/ta-b7cc1c640ccf%1:idle->idle,x-501/ta-b7cc1c640ccf%2:idle->idle,x-501/ta-b7cc1c640ccf%3:idle->idle,x-501/ta-b7cc1c640ccf%4:idle->idle,x-501/ta-b7cc1c640ccf%5:idle->idle,x-501/ta-b7cc1c640ccf%6:idle->idle,-501/ta-b7cc1c640ccf%11:idle->idle,x-501/ta-b7cc1c640ccf%8:idle->idle,x-501/ta-b7cc1c640ccf%9:idle->idle,-501/ta-b7cc1c640ccf%12:idle->idle,-501/ta-b7cc1c640ccf%13:idle->idle,-501/ta-b7cc1c640ccf%14:idle->idle,-501/ta-b7cc1c640ccf%15:idle->idle,-501/ta-b7cc1c640ccf%16:idle->idle,-501/ta-b7cc1c640ccf%17:idle->idle,-501/ta-b7cc1c640ccf%18:idle->idle,-501/ta-b7cc1c640ccf%19:idle->idle,-501/ta-b7cc1c640ccf%20:working->working
2026-08-20T10:53:57.618 [view-menu] viewMenuSource current_ref=/tmp/tmux-501/ta-b7cc1c640ccf%0 current_ws=/Volumes/nvme/Projects/远程Agent安卓 current_socket=/tmp/tmux-501/ta-b7cc1c640ccf overlay_ws=/Volumes/nvme/Projects/远程Agent安卓 overlay_socket=/tmp/tmux-501/ta-b7cc1c640ccf last_published_ws=/Volumes/nvme/Projects/远程Agent安卓 sessions=19 source_match=true singleton_mismatch=false
2026-08-20T10:53:57.645 [favorite] rows match stored_ref=/tmp/tmux-501/ta-a0afa5f9c7f6%0 live_ref=/tmp/tmux-501/ta-a0afa5f9c7f6%0 equal=true cwd_stored=/Volumes/nvme/Projects/讨论team-agent cwd_live=/Volumes/nvme/Projects/讨论team-agent cwd_shown=/Volumes/nvme/Projects/讨论team-agent
2026-08-20T10:53:57.646 [favorite] rows match stored_ref=/tmp/tmux-501/ta-b7cc1c640ccf%0 live_ref=/tmp/tmux-501/ta-b7cc1c640ccf%0 equal=true cwd_stored=/Volumes/nvme/Projects/远程Agent安卓 cwd_live=/Volumes/nvme/Projects/远程Agent安卓 cwd_shown=/Volumes/nvme/Projects/远程Agent安卓
2026-08-20T10:53:57.646 [favorite] rows match stored_ref=/tmp/tmux-501/ta-a9fd5b7defbd%0 live_ref=/tmp/tmux-501/ta-a9fd5b7defbd%0 equal=true cwd_stored=/Users/alauda/Documents/code/agent前沿探索/多agent协作 cwd_live=/Users/alauda/Documents/code/agent前沿探索/多agent协作 cwd_shown=/Users/alauda/Documents/code/agent前沿探索/多agent协作
2026-08-20T10:53:57.646 [favorite] rows stored=3 live=27 online=3 offline=0
2026-08-20T10:53:57.651 [term-bg-remap] source=theme-chrome night=false defaultBg=0xfff7f8fb ansi0=0xffe7eaf0 userBlock=0xffe6f5f2 paperLuma=248 ansi0Luma=233 blockLuma=240 verdict=paper_ne_ansi0
2026-08-20T10:53:57.652 [viewport] source=windowVisibility visibility=0 width=0 height=0
2026-08-20T10:53:57.654 [view-menu] viewMenuSource current_ref=/tmp/tmux-501/ta-b7cc1c640ccf%0 current_ws=/Volumes/nvme/Projects/远程Agent安卓 current_socket=/tmp/tmux-501/ta-b7cc1c640ccf overlay_ws=/Volumes/nvme/Projects/远程Agent安卓 overlay_socket=/tmp/tmux-501/ta-b7cc1c640ccf last_published_ws=/Volumes/nvme/Projects/远程Agent安卓 sessions=19 source_match=true singleton_mismatch=false
2026-08-20T10:53:57.654 [session-live] enterSessionLive src=session-route ref=/tmp/tmux-501/ta-b7cc1c640ccf%0 resolved_ws=/Volumes/nvme/Projects/远程Agent安卓 hint_ws=<none> use_ws=/Volumes/nvme/Projects/远程Agent安卓 subscribed=/Volumes/nvme/Projects/远程Agent安卓 already=true cache_sessions=19 will_subscribe=false
2026-08-20T10:53:57.684 [viewport] source=onViewportSizeChanged oldW=0 oldH=0 newW=1200 newH=2099 viewportSeeded=false emulatorRows=40 emulatorCols=120
2026-08-20T10:53:57.686 [reflow] resize sent rows=49 cols=54 reason=user ok=true bookkept_rows=49 bookkept_cols=54
2026-08-20T10:53:57.690 [grid] viewport_width_px=1200 cell_width_nominal=22 cell_width_measured=22 reported_cols=54 canvas_capacity_cols=54 overflow_px=0 half_cell_px=11.0
2026-08-20T10:53:57.691 [viewport] source=onViewportSizeChanged result resized=true outgrewGuard=false candidateRows=49 candidateCols=54 emulatorRows=49 emulatorCols=54
2026-08-20T10:53:57.694 [term-left-edge] source=onDraw contentLeft=18 col0Origin=18 cellW=22 viewW=1236 verdict=OK
2026-08-20T10:53:57.728 [session-lamp] src=level2-push ref=/tmp/tmux-501/ta-b7cc1c640ccf%0 overlay_n=19 hit=true hit_status=idle hit_ref=/tmp/tmux-501/ta-b7cc1c640ccf%0 lamp=Idle eq_ref=true
2026-08-20T10:53:57.978 [favorite] favoriteFetch done cwd=/Users/alauda/Documents/code/agent前沿探索/多agent协作 favorite_workspaces=3 fetched_workspaces=1 queue_left=2
2026-08-20T10:53:57.979 [favorite] favoriteFetch start cwd=/Volumes/nvme/Projects/远程Agent安卓 favorite_workspaces=3 fetched_workspaces=1 queue_left=1
2026-08-20T10:53:57.979 [level2] applyLevel2 src=level2-push workspace=/Users/alauda/Documents/code/agent前沿探索/多agent协作 seq=2459 subscribed=/Volumes/nvme/Projects/远程Agent安卓 incoming=6 publish=false statuses=x-501/ta-a9fd5b7defbd%0:idle->idle,x-501/ta-a9fd5b7defbd%1:idle->idle,x-501/ta-a9fd5b7defbd%2:idle->idle,-501/ta-a9fd5b7defbd%17:idle->idle,x-501/ta-a9fd5b7defbd%5:idle->idle,-501/ta-a9fd5b7defbd%18:idle->idle
2026-08-20T10:53:57.994 [view-menu] viewMenuSource current_ref=/tmp/tmux-501/ta-b7cc1c640ccf%0 current_ws=/Volumes/nvme/Projects/远程Agent安卓 current_socket=/tmp/tmux-501/ta-b7cc1c640ccf overlay_ws=/Volumes/nvme/Projects/远程Agent安卓 overlay_socket=/tmp/tmux-501/ta-b7cc1c640ccf last_published_ws=/Volumes/nvme/Projects/远程Agent安卓 sessions=19 source_match=true singleton_mismatch=false
2026-08-20T10:53:57.996 [favorite] rows match stored_ref=/tmp/tmux-501/ta-a0afa5f9c7f6%0 live_ref=/tmp/tmux-501/ta-a0afa5f9c7f6%0 equal=true cwd_stored=/Volumes/nvme/Projects/讨论team-agent cwd_live=/Volumes/nvme/Projects/讨论team-agent cwd_shown=/Volumes/nvme/Projects/讨论team-agent
2026-08-20T10:53:57.997 [favorite] rows match stored_ref=/tmp/tmux-501/ta-b7cc1c640ccf%0 live_ref=/tmp/tmux-501/ta-b7cc1c640ccf%0 equal=true cwd_stored=/Volumes/nvme/Projects/远程Agent安卓 cwd_live=/Volumes/nvme/Projects/远程Agent安卓 cwd_shown=/Volumes/nvme/Projects/远程Agent安卓
2026-08-20T10:53:57.998 [favorite] rows match stored_ref=/tmp/tmux-501/ta-a9fd5b7defbd%0 live_ref=/tmp/tmux-501/ta-a9fd5b7defbd%0 equal=true cwd_stored=/Users/alauda/Documents/code/agent前沿探索/多agent协作 cwd_live=/Users/alauda/Documents/code/agent前沿探索/多agent协作 cwd_shown=/Users/alauda/Documents/code/agent前沿探索/多agent协作
2026-08-20T10:53:57.998 [favorite] rows stored=3 live=27 online=3 offline=0
2026-08-20T10:53:58.000 [view-menu] viewMenuSource current_ref=/tmp/tmux-501/ta-b7cc1c640ccf%0 current_ws=/Volumes/nvme/Projects/远程Agent安卓 current_socket=/tmp/tmux-501/ta-b7cc1c640ccf overlay_ws=/Volumes/nvme/Projects/远程Agent安卓 overlay_socket=/tmp/tmux-501/ta-b7cc1c640ccf last_published_ws=/Volumes/nvme/Projects/远程Agent安卓 sessions=19 source_match=true singleton_mismatch=false
2026-08-20T10:53:58.000 [session-live] enterSessionLive src=session-route ref=/tmp/tmux-501/ta-b7cc1c640ccf%0 resolved_ws=/Volumes/nvme/Projects/远程Agent安卓 hint_ws=<none> use_ws=/Volumes/nvme/Projects/远程Agent安卓 subscribed=/Volumes/nvme/Projects/远程Agent安卓 already=true cache_sessions=19 will_subscribe=false
2026-08-20T10:53:58.043 [favorite] leaveFavorites favorite_workspaces=3 fetched_workspaces=1 inflight=/Volumes/nvme/Projects/远程Agent安卓
2026-08-20T10:53:58.087 [reflow] frame cols=54 render cols=54 bookkept_rows=49 emulator_rows=49
2026-08-20T10:53:58.307 [refresh] applyListing seq=919 workspaces=7 refreshing_prev=false refreshing_next=false
2026-08-20T10:53:58.326 [favorite] rows match stored_ref=/tmp/tmux-501/ta-a0afa5f9c7f6%0 live_ref=/tmp/tmux-501/ta-a0afa5f9c7f6%0 equal=true cwd_stored=/Volumes/nvme/Projects/讨论team-agent cwd_live=/Volumes/nvme/Projects/讨论team-agent cwd_shown=/Volumes/nvme/Projects/讨论team-agent
2026-08-20T10:53:58.326 [favorite] rows match stored_ref=/tmp/tmux-501/ta-b7cc1c640ccf%0 live_ref=/tmp/tmux-501/ta-b7cc1c640ccf%0 equal=true cwd_stored=/Volumes/nvme/Projects/远程Agent安卓 cwd_live=/Volumes/nvme/Projects/远程Agent安卓 cwd_shown=/Volumes/nvme/Projects/远程Agent安卓
2026-08-20T10:53:58.326 [favorite] rows match stored_ref=/tmp/tmux-501/ta-a9fd5b7defbd%0 live_ref=/tmp/tmux-501/ta-a9fd5b7defbd%0 equal=true cwd_stored=/Users/alauda/Documents/code/agent前沿探索/多agent协作 cwd_live=/Users/alauda/Documents/code/agent前沿探索/多agent协作 cwd_shown=/Users/alauda/Documents/code/agent前沿探索/多agent协作
2026-08-20T10:53:58.326 [favorite] rows stored=3 live=27 online=3 offline=0
2026-08-20T10:53:58.330 [favorite] enterFavorites favorite_workspaces=3 fetched_workspaces=0 cwds=/Users/alauda/Documents/code/agent前沿探索/多agent协作, /Volumes/nvme/Projects/远程Agent安卓, /Volumes/nvme/Projects/讨论team-agent queue=3
2026-08-20T10:53:58.332 [favorite] favoriteFetch start cwd=/Users/alauda/Documents/code/agent前沿探索/多agent协作 favorite_workspaces=3 fetched_workspaces=0 queue_left=2
2026-08-20T10:53:58.355 [view-menu] viewMenuSource current_ref=/tmp/tmux-501/ta-b7cc1c640ccf%0 current_ws=/Volumes/nvme/Projects/远程Agent安卓 current_socket=/tmp/tmux-501/ta-b7cc1c640ccf overlay_ws=/Volumes/nvme/Projects/远程Agent安卓 overlay_socket=/tmp/tmux-501/ta-b7cc1c640ccf last_published_ws=/Volumes/nvme/Projects/远程Agent安卓 sessions=19 source_match=true singleton_mismatch=false
2026-08-20T10:53:58.360 [favorite] rows match stored_ref=/tmp/tmux-501/ta-a0afa5f9c7f6%0 live_ref=/tmp/tmux-501/ta-a0afa5f9c7f6%0 equal=true cwd_stored=/Volumes/nvme/Projects/讨论team-agent cwd_live=/Volumes/nvme/Projects/讨论team-agent cwd_shown=/Volumes/nvme/Projects/讨论team-agent
2026-08-20T10:53:58.360 [favorite] rows match stored_ref=/tmp/tmux-501/ta-b7cc1c640ccf%0 live_ref=/tmp/tmux-501/ta-b7cc1c640ccf%0 equal=true cwd_stored=/Volumes/nvme/Projects/远程Agent安卓 cwd_live=/Volumes/nvme/Projects/远程Agent安卓 cwd_shown=/Volumes/nvme/Projects/远程Agent安卓
2026-08-20T10:53:58.360 [favorite] rows match stored_ref=/tmp/tmux-501/ta-a9fd5b7defbd%0 live_ref=/tmp/tmux-501/ta-a9fd5b7defbd%0 equal=true cwd_stored=/Users/alauda/Documents/code/agent前沿探索/多agent协作 cwd_live=/Users/alauda/Documents/code/agent前沿探索/多agent协作 cwd_shown=/Users/alauda/Documents/code/agent前沿探索/多agent协作
2026-08-20T10:53:58.360 [favorite] rows stored=3 live=27 online=3 offline=0
2026-08-20T10:53:58.362 [view-menu] viewMenuSource current_ref=/tmp/tmux-501/ta-b7cc1c640ccf%0 current_ws=/Volumes/nvme/Projects/远程Agent安卓 current_socket=/tmp/tmux-501/ta-b7cc1c640ccf overlay_ws=/Volumes/nvme/Projects/远程Agent安卓 overlay_socket=/tmp/tmux-501/ta-b7cc1c640ccf last_published_ws=/Volumes/nvme/Projects/远程Agent安卓 sessions=19 source_match=true singleton_mismatch=false
2026-08-20T10:53:58.362 [session-live] enterSessionLive src=session-route ref=/tmp/tmux-501/ta-b7cc1c640ccf%0 resolved_ws=/Volumes/nvme/Projects/远程Agent安卓 hint_ws=<none> use_ws=/Volumes/nvme/Projects/远程Agent安卓 subscribed=/Volumes/nvme/Projects/远程Agent安卓 already=true cache_sessions=19 will_subscribe=false
2026-08-20T10:53:58.444 [level2] applyLevel2 src=level2-push workspace=/Volumes/nvme/Projects/远程Agent安卓 seq=2460 subscribed=/Volumes/nvme/Projects/远程Agent安卓 incoming=19 publish=true statuses=x-501/ta-b7cc1c640ccf%0:idle->idle,x-501/ta-b7cc1c640ccf%1:idle->idle,x-501/ta-b7cc1c640ccf%2:idle->idle,x-501/ta-b7cc1c640ccf%3:idle->idle,x-501/ta-b7cc1c640ccf%4:idle->idle,x-501/ta-b7cc1c640ccf%5:idle->idle,x-501/ta-b7cc1c640ccf%6:idle->idle,-501/ta-b7cc1c640ccf%11:idle->idle,x-501/ta-b7cc1c640ccf%8:idle->idle,x-501/ta-b7cc1c640ccf%9:idle->idle,-501/ta-b7cc1c640ccf%12:idle->idle,-501/ta-b7cc1c640ccf%13:idle->idle,-501/ta-b7cc1c640ccf%14:idle->idle,-501/ta-b7cc1c640ccf%15:idle->idle,-501/ta-b7cc1c640ccf%16:idle->idle,-501/ta-b7cc1c640ccf%17:idle->idle,-501/ta-b7cc1c640ccf%18:idle->idle,-501/ta-b7cc1c640ccf%19:idle->idle,-501/ta-b7cc1c640ccf%20:working->working
2026-08-20T10:53:58.449 [view-menu] viewMenuSource current_ref=/tmp/tmux-501/ta-b7cc1c640ccf%0 current_ws=/Volumes/nvme/Projects/远程Agent安卓 current_socket=/tmp/tmux-501/ta-b7cc1c640ccf overlay_ws=/Volumes/nvme/Projects/远程Agent安卓 overlay_socket=/tmp/tmux-501/ta-b7cc1c640ccf last_published_ws=/Volumes/nvme/Projects/远程Agent安卓 sessions=19 source_match=true singleton_mismatch=false
2026-08-20T10:53:58.451 [favorite] rows match stored_ref=/tmp/tmux-501/ta-a0afa5f9c7f6%0 live_ref=/tmp/tmux-501/ta-a0afa5f9c7f6%0 equal=true cwd_stored=/Volumes/nvme/Projects/讨论team-agent cwd_live=/Volumes/nvme/Projects/讨论team-agent cwd_shown=/Volumes/nvme/Projects/讨论team-agent
2026-08-20T10:53:58.451 [favorite] rows match stored_ref=/tmp/tmux-501/ta-b7cc1c640ccf%0 live_ref=/tmp/tmux-501/ta-b7cc1c640ccf%0 equal=true cwd_stored=/Volumes/nvme/Projects/远程Agent安卓 cwd_live=/Volumes/nvme/Projects/远程Agent安卓 cwd_shown=/Volumes/nvme/Projects/远程Agent安卓
2026-08-20T10:53:58.451 [favorite] rows match stored_ref=/tmp/tmux-501/ta-a9fd5b7defbd%0 live_ref=/tmp/tmux-501/ta-a9fd5b7defbd%0 equal=true cwd_stored=/Users/alauda/Documents/code/agent前沿探索/多agent协作 cwd_live=/Users/alauda/Documents/code/agent前沿探索/多agent协作 cwd_shown=/Users/alauda/Documents/code/agent前沿探索/多agent协作
2026-08-20T10:53:58.451 [favorite] rows stored=3 live=27 online=3 offline=0
2026-08-20T10:53:58.453 [view-menu] viewMenuSource current_ref=/tmp/tmux-501/ta-b7cc1c640ccf%0 current_ws=/Volumes/nvme/Projects/远程Agent安卓 current_socket=/tmp/tmux-501/ta-b7cc1c640ccf overlay_ws=/Volumes/nvme/Projects/远程Agent安卓 overlay_socket=/tmp/tmux-501/ta-b7cc1c640ccf last_published_ws=/Volumes/nvme/Projects/远程Agent安卓 sessions=19 source_match=true singleton_mismatch=false
2026-08-20T10:53:58.453 [session-live] enterSessionLive src=session-route ref=/tmp/tmux-501/ta-b7cc1c640ccf%0 resolved_ws=/Volumes/nvme/Projects/远程Agent安卓 hint_ws=<none> use_ws=/Volumes/nvme/Projects/远程Agent安卓 subscribed=/Volumes/nvme/Projects/远程Agent安卓 already=true cache_sessions=19 will_subscribe=false
2026-08-20T10:53:58.464 [session-lamp] src=level2-push ref=/tmp/tmux-501/ta-b7cc1c640ccf%0 overlay_n=19 hit=true hit_status=idle hit_ref=/tmp/tmux-501/ta-b7cc1c640ccf%0 lamp=Idle eq_ref=true
2026-08-20T10:53:58.629 [viewport] source=windowVisibility visibility=8 width=1236 height=2099
2026-08-20T10:53:58.700 [view-menu] viewMenuSource current_ref=/tmp/tmux-501/ta-b7cc1c640ccf%0 current_ws=/Volumes/nvme/Projects/远程Agent安卓 current_socket=/tmp/tmux-501/ta-b7cc1c640ccf overlay_ws=/Volumes/nvme/Projects/远程Agent安卓 overlay_socket=/tmp/tmux-501/ta-b7cc1c640ccf last_published_ws=/Volumes/nvme/Projects/远程Agent安卓 sessions=19 source_match=true singleton_mismatch=false
2026-08-20T10:53:58.713 [term-bg-remap] source=theme-chrome night=false defaultBg=0xfff7f8fb ansi0=0xffe7eaf0 userBlock=0xffe6f5f2 paperLuma=248 ansi0Luma=233 blockLuma=240 verdict=paper_ne_ansi0
2026-08-20T10:53:58.715 [viewport] source=windowVisibility visibility=0 width=0 height=0
2026-08-20T10:53:58.719 [view-menu] viewMenuSource current_ref=/tmp/tmux-501/ta-b7cc1c640ccf%0 current_ws=/Volumes/nvme/Projects/远程Agent安卓 current_socket=/tmp/tmux-501/ta-b7cc1c640ccf overlay_ws=/Volumes/nvme/Projects/远程Agent安卓 overlay_socket=/tmp/tmux-501/ta-b7cc1c640ccf last_published_ws=/Volumes/nvme/Projects/远程Agent安卓 sessions=19 source_match=true singleton_mismatch=false
2026-08-20T10:53:58.719 [session-live] enterSessionLive src=session-route ref=/tmp/tmux-501/ta-b7cc1c640ccf%0 resolved_ws=/Volumes/nvme/Projects/远程Agent安卓 hint_ws=<none> use_ws=/Volumes/nvme/Projects/远程Agent安卓 subscribed=/Volumes/nvme/Projects/远程Agent安卓 already=true cache_sessions=19 will_subscribe=false
2026-08-20T10:53:58.732 [viewport] source=onViewportSizeChanged oldW=0 oldH=0 newW=1200 newH=2099 viewportSeeded=false emulatorRows=40 emulatorCols=120
2026-08-20T10:53:58.733 [reflow] resize sent rows=49 cols=54 reason=user ok=true bookkept_rows=49 bookkept_cols=54
2026-08-20T10:53:58.733 [grid] viewport_width_px=1200 cell_width_nominal=22 cell_width_measured=22 reported_cols=54 canvas_capacity_cols=54 overflow_px=0 half_cell_px=11.0
2026-08-20T10:53:58.733 [viewport] source=onViewportSizeChanged result resized=true outgrewGuard=false candidateRows=49 candidateCols=54 emulatorRows=49 emulatorCols=54
2026-08-20T10:53:58.737 [term-left-edge] source=onDraw contentLeft=18 col0Origin=18 cellW=22 viewW=1236 verdict=OK
2026-08-20T10:53:58.754 [session-lamp] src=level2-push ref=/tmp/tmux-501/ta-b7cc1c640ccf%0 overlay_n=19 hit=true hit_status=idle hit_ref=/tmp/tmux-501/ta-b7cc1c640ccf%0 lamp=Idle eq_ref=true
2026-08-20T10:53:58.776 [level2] applyLevel2 src=level2-push workspace=/Volumes/nvme/Projects/远程Agent安卓 seq=2461 subscribed=/Volumes/nvme/Projects/远程Agent安卓 incoming=19 publish=true statuses=x-501/ta-b7cc1c640ccf%0:idle->idle,x-501/ta-b7cc1c640ccf%1:idle->idle,x-501/ta-b7cc1c640ccf%2:idle->idle,x-501/ta-b7cc1c640ccf%3:idle->idle,x-501/ta-b7cc1c640ccf%4:idle->idle,x-501/ta-b7cc1c640ccf%5:idle->idle,x-501/ta-b7cc1c640ccf%6:idle->idle,-501/ta-b7cc1c640ccf%11:idle->idle,x-501/ta-b7cc1c640ccf%8:idle->idle,x-501/ta-b7cc1c640ccf%9:idle->idle,-501/ta-b7cc1c640ccf%12:idle->idle,-501/ta-b7cc1c640ccf%13:idle->idle,-501/ta-b7cc1c640ccf%14:idle->idle,-501/ta-b7cc1c640ccf%15:idle->idle,-501/ta-b7cc1c640ccf%16:idle->idle,-501/ta-b7cc1c640ccf%17:idle->idle,-501/ta-b7cc1c640ccf%18:idle->idle,-501/ta-b7cc1c640ccf%19:idle->idle,-501/ta-b7cc1c640ccf%20:working->working
2026-08-20T10:53:58.782 [view-menu] viewMenuSource current_ref=/tmp/tmux-501/ta-b7cc1c640ccf%0 current_ws=/Volumes/nvme/Projects/远程Agent安卓 current_socket=/tmp/tmux-501/ta-b7cc1c640ccf overlay_ws=/Volumes/nvme/Projects/远程Agent安卓 overlay_socket=/tmp/tmux-501/ta-b7cc1c640ccf last_published_ws=/Volumes/nvme/Projects/远程Agent安卓 sessions=19 source_match=true singleton_mismatch=false
2026-08-20T10:53:58.784 [favorite] rows match stored_ref=/tmp/tmux-501/ta-a0afa5f9c7f6%0 live_ref=/tmp/tmux-501/ta-a0afa5f9c7f6%0 equal=true cwd_stored=/Volumes/nvme/Projects/讨论team-agent cwd_live=/Volumes/nvme/Projects/讨论team-agent cwd_shown=/Volumes/nvme/Projects/讨论team-agent
2026-08-20T10:53:58.784 [favorite] rows match stored_ref=/tmp/tmux-501/ta-b7cc1c640ccf%0 live_ref=/tmp/tmux-501/ta-b7cc1c640ccf%0 equal=true cwd_stored=/Volumes/nvme/Projects/远程Agent安卓 cwd_live=/Volumes/nvme/Projects/远程Agent安卓 cwd_shown=/Volumes/nvme/Projects/远程Agent安卓
2026-08-20T10:53:58.784 [favorite] rows match stored_ref=/tmp/tmux-501/ta-a9fd5b7defbd%0 live_ref=/tmp/tmux-501/ta-a9fd5b7defbd%0 equal=true cwd_stored=/Users/alauda/Documents/code/agent前沿探索/多agent协作 cwd_live=/Users/alauda/Documents/code/agent前沿探索/多agent协作 cwd_shown=/Users/alauda/Documents/code/agent前沿探索/多agent协作
2026-08-20T10:53:58.784 [favorite] rows stored=3 live=27 online=3 offline=0
2026-08-20T10:53:58.787 [view-menu] viewMenuSource current_ref=/tmp/tmux-501/ta-b7cc1c640ccf%0 current_ws=/Volumes/nvme/Projects/远程Agent安卓 current_socket=/tmp/tmux-501/ta-b7cc1c640ccf overlay_ws=/Volumes/nvme/Projects/远程Agent安卓 overlay_socket=/tmp/tmux-501/ta-b7cc1c640ccf last_published_ws=/Volumes/nvme/Projects/远程Agent安卓 sessions=19 source_match=true singleton_mismatch=false
2026-08-20T10:53:58.788 [session-live] enterSessionLive src=session-route ref=/tmp/tmux-501/ta-b7cc1c640ccf%0 resolved_ws=/Volumes/nvme/Projects/远程Agent安卓 hint_ws=<none> use_ws=/Volumes/nvme/Projects/远程Agent安卓 subscribed=/Volumes/nvme/Projects/远程Agent安卓 already=true cache_sessions=19 will_subscribe=false
2026-08-20T10:53:58.791 [session-lamp] src=level2-push ref=/tmp/tmux-501/ta-b7cc1c640ccf%0 overlay_n=19 hit=true hit_status=idle hit_ref=/tmp/tmux-501/ta-b7cc1c640ccf%0 lamp=Idle eq_ref=true
2026-08-20T10:53:59.085 [favorite] leaveFavorites favorite_workspaces=3 fetched_workspaces=0 inflight=/Users/alauda/Documents/code/agent前沿探索/多agent协作
2026-08-20T10:53:59.102 [level2] applyLevel2 src=level2-push workspace=/Users/alauda/Documents/code/agent前沿探索/多agent协作 seq=2462 subscribed=/Volumes/nvme/Projects/远程Agent安卓 incoming=6 publish=false statuses=x-501/ta-a9fd5b7defbd%0:idle->idle,x-501/ta-a9fd5b7defbd%1:idle->idle,x-501/ta-a9fd5b7defbd%2:idle->idle,-501/ta-a9fd5b7defbd%17:idle->idle,x-501/ta-a9fd5b7defbd%5:idle->idle,-501/ta-a9fd5b7defbd%18:idle->idle
2026-08-20T10:53:59.106 [view-menu] viewMenuSource current_ref=/tmp/tmux-501/ta-b7cc1c640ccf%0 current_ws=/Volumes/nvme/Projects/远程Agent安卓 current_socket=/tmp/tmux-501/ta-b7cc1c640ccf overlay_ws=/Volumes/nvme/Projects/远程Agent安卓 overlay_socket=/tmp/tmux-501/ta-b7cc1c640ccf last_published_ws=/Volumes/nvme/Projects/远程Agent安卓 sessions=19 source_match=true singleton_mismatch=false
2026-08-20T10:53:59.107 [view-menu] viewMenuSource current_ref=/tmp/tmux-501/ta-b7cc1c640ccf%0 current_ws=/Volumes/nvme/Projects/远程Agent安卓 current_socket=/tmp/tmux-501/ta-b7cc1c640ccf overlay_ws=/Volumes/nvme/Projects/远程Agent安卓 overlay_socket=/tmp/tmux-501/ta-b7cc1c640ccf last_published_ws=/Volumes/nvme/Projects/远程Agent安卓 sessions=19 source_match=true singleton_mismatch=false
2026-08-20T10:53:59.107 [session-live] enterSessionLive src=session-route ref=/tmp/tmux-501/ta-b7cc1c640ccf%0 resolved_ws=/Volumes/nvme/Projects/远程Agent安卓 hint_ws=<none> use_ws=/Volumes/nvme/Projects/远程Agent安卓 subscribed=/Volumes/nvme/Projects/远程Agent安卓 already=true cache_sessions=19 will_subscribe=false
2026-08-20T10:53:59.231 [reflow] frame cols=54 render cols=54 bookkept_rows=49 emulator_rows=49
2026-08-20T10:53:59.370 [refresh] applyListing seq=919 workspaces=7 refreshing_prev=false refreshing_next=false
2026-08-20T10:53:59.380 [favorite] rows match stored_ref=/tmp/tmux-501/ta-a0afa5f9c7f6%0 live_ref=/tmp/tmux-501/ta-a0afa5f9c7f6%0 equal=true cwd_stored=/Volumes/nvme/Projects/讨论team-agent cwd_live=/Volumes/nvme/Projects/讨论team-agent cwd_shown=/Volumes/nvme/Projects/讨论team-agent
2026-08-20T10:53:59.381 [favorite] rows match stored_ref=/tmp/tmux-501/ta-b7cc1c640ccf%0 live_ref=/tmp/tmux-501/ta-b7cc1c640ccf%0 equal=true cwd_stored=/Volumes/nvme/Projects/远程Agent安卓 cwd_live=/Volumes/nvme/Projects/远程Agent安卓 cwd_shown=/Volumes/nvme/Projects/远程Agent安卓
2026-08-20T10:53:59.381 [favorite] rows match stored_ref=/tmp/tmux-501/ta-a9fd5b7defbd%0 live_ref=/tmp/tmux-501/ta-a9fd5b7defbd%0 equal=true cwd_stored=/Users/alauda/Documents/code/agent前沿探索/多agent协作 cwd_live=/Users/alauda/Documents/code/agent前沿探索/多agent协作 cwd_shown=/Users/alauda/Documents/code/agent前沿探索/多agent协作
2026-08-20T10:53:59.381 [favorite] rows stored=3 live=27 online=3 offline=0
2026-08-20T10:53:59.385 [favorite] enterFavorites favorite_workspaces=3 fetched_workspaces=0 cwds=/Users/alauda/Documents/code/agent前沿探索/多agent协作, /Volumes/nvme/Projects/远程Agent安卓, /Volumes/nvme/Projects/讨论team-agent queue=3
2026-08-20T10:53:59.386 [favorite] favoriteFetch start cwd=/Users/alauda/Documents/code/agent前沿探索/多agent协作 favorite_workspaces=3 fetched_workspaces=0 queue_left=2
2026-08-20T10:53:59.422 [view-menu] viewMenuSource current_ref=/tmp/tmux-501/ta-b7cc1c640ccf%0 current_ws=/Volumes/nvme/Projects/远程Agent安卓 current_socket=/tmp/tmux-501/ta-b7cc1c640ccf overlay_ws=/Volumes/nvme/Projects/远程Agent安卓 overlay_socket=/tmp/tmux-501/ta-b7cc1c640ccf last_published_ws=/Volumes/nvme/Projects/远程Agent安卓 sessions=19 source_match=true singleton_mismatch=false
2026-08-20T10:53:59.425 [favorite] rows match stored_ref=/tmp/tmux-501/ta-a0afa5f9c7f6%0 live_ref=/tmp/tmux-501/ta-a0afa5f9c7f6%0 equal=true cwd_stored=/Volumes/nvme/Projects/讨论team-agent cwd_live=/Volumes/nvme/Projects/讨论team-agent cwd_shown=/Volumes/nvme/Projects/讨论team-agent
2026-08-20T10:53:59.425 [favorite] rows match stored_ref=/tmp/tmux-501/ta-b7cc1c640ccf%0 live_ref=/tmp/tmux-501/ta-b7cc1c640ccf%0 equal=true cwd_stored=/Volumes/nvme/Projects/远程Agent安卓 cwd_live=/Volumes/nvme/Projects/远程Agent安卓 cwd_shown=/Volumes/nvme/Projects/远程Agent安卓
2026-08-20T10:53:59.425 [favorite] rows match stored_ref=/tmp/tmux-501/ta-a9fd5b7defbd%0 live_ref=/tmp/tmux-501/ta-a9fd5b7defbd%0 equal=true cwd_stored=/Users/alauda/Documents/code/agent前沿探索/多agent协作 cwd_live=/Users/alauda/Documents/code/agent前沿探索/多agent协作 cwd_shown=/Users/alauda/Documents/code/agent前沿探索/多agent协作
2026-08-20T10:53:59.425 [favorite] rows stored=3 live=27 online=3 offline=0
2026-08-20T10:53:59.428 [view-menu] viewMenuSource current_ref=/tmp/tmux-501/ta-b7cc1c640ccf%0 current_ws=/Volumes/nvme/Projects/远程Agent安卓 current_socket=/tmp/tmux-501/ta-b7cc1c640ccf overlay_ws=/Volumes/nvme/Projects/远程Agent安卓 overlay_socket=/tmp/tmux-501/ta-b7cc1c640ccf last_published_ws=/Volumes/nvme/Projects/远程Agent安卓 sessions=19 source_match=true singleton_mismatch=false
2026-08-20T10:53:59.429 [session-live] enterSessionLive src=session-route ref=/tmp/tmux-501/ta-b7cc1c640ccf%0 resolved_ws=/Volumes/nvme/Projects/远程Agent安卓 hint_ws=<none> use_ws=/Volumes/nvme/Projects/远程Agent安卓 subscribed=/Volumes/nvme/Projects/远程Agent安卓 already=true cache_sessions=19 will_subscribe=false
2026-08-20T10:53:59.681 [level2] applyLevel2 src=level2-push workspace=/Volumes/nvme/Projects/远程Agent安卓 seq=2463 subscribed=/Volumes/nvme/Projects/远程Agent安卓 incoming=19 publish=true statuses=x-501/ta-b7cc1c640ccf%0:idle->idle,x-501/ta-b7cc1c640ccf%1:idle->idle,x-501/ta-b7cc1c640ccf%2:idle->idle,x-501/ta-b7cc1c640ccf%3:idle->idle,x-501/ta-b7cc1c640ccf%4:idle->idle,x-501/ta-b7cc1c640ccf%5:idle->idle,x-501/ta-b7cc1c640ccf%6:idle->idle,-501/ta-b7cc1c640ccf%11:idle->idle,x-501/ta-b7cc1c640ccf%8:idle->idle,x-501/ta-b7cc1c640ccf%9:idle->idle,-501/ta-b7cc1c640ccf%12:idle->idle,-501/ta-b7cc1c640ccf%13:idle->idle,-501/ta-b7cc1c640ccf%14:idle->idle,-501/ta-b7cc1c640ccf%15:idle->idle,-501/ta-b7cc1c640ccf%16:idle->idle,-501/ta-b7cc1c640ccf%17:idle->idle,-501/ta-b7cc1c640ccf%18:idle->idle,-501/ta-b7cc1c640ccf%19:idle->idle,-501/ta-b7cc1c640ccf%20:working->working
2026-08-20T10:53:59.689 [favorite] rows match stored_ref=/tmp/tmux-501/ta-a0afa5f9c7f6%0 live_ref=/tmp/tmux-501/ta-a0afa5f9c7f6%0 equal=true cwd_stored=/Volumes/nvme/Projects/讨论team-agent cwd_live=/Volumes/nvme/Projects/讨论team-agent cwd_shown=/Volumes/nvme/Projects/讨论team-agent
2026-08-20T10:53:59.689 [favorite] rows match stored_ref=/tmp/tmux-501/ta-b7cc1c640ccf%0 live_ref=/tmp/tmux-501/ta-b7cc1c640ccf%0 equal=true cwd_stored=/Volumes/nvme/Projects/远程Agent安卓 cwd_live=/Volumes/nvme/Projects/远程Agent安卓 cwd_shown=/Volumes/nvme/Projects/远程Agent安卓
2026-08-20T10:53:59.689 [favorite] rows match stored_ref=/tmp/tmux-501/ta-a9fd5b7defbd%0 live_ref=/tmp/tmux-501/ta-a9fd5b7defbd%0 equal=true cwd_stored=/Users/alauda/Documents/code/agent前沿探索/多agent协作 cwd_live=/Users/alauda/Documents/code/agent前沿探索/多agent协作 cwd_shown=/Users/alauda/Documents/code/agent前沿探索/多agent协作
2026-08-20T10:53:59.690 [favorite] rows stored=3 live=27 online=3 offline=0
2026-08-20T10:53:59.693 [viewport] source=windowVisibility visibility=8 width=1236 height=2099
2026-08-20T10:53:59.750 [view-menu] viewMenuSource current_ref=/tmp/tmux-501/ta-b7cc1c640ccf%0 current_ws=/Volumes/nvme/Projects/远程Agent安卓 current_socket=/tmp/tmux-501/ta-b7cc1c640ccf overlay_ws=/Volumes/nvme/Projects/远程Agent安卓 overlay_socket=/tmp/tmux-501/ta-b7cc1c640ccf last_published_ws=/Volumes/nvme/Projects/远程Agent安卓 sessions=19 source_match=true singleton_mismatch=false
2026-08-20T10:53:59.762 [term-bg-remap] source=theme-chrome night=false defaultBg=0xfff7f8fb ansi0=0xffe7eaf0 userBlock=0xffe6f5f2 paperLuma=248 ansi0Luma=233 blockLuma=240 verdict=paper_ne_ansi0
2026-08-20T10:53:59.765 [viewport] source=windowVisibility visibility=0 width=0 height=0
2026-08-20T10:53:59.769 [view-menu] viewMenuSource current_ref=/tmp/tmux-501/ta-b7cc1c640ccf%0 current_ws=/Volumes/nvme/Projects/远程Agent安卓 current_socket=/tmp/tmux-501/ta-b7cc1c640ccf overlay_ws=/Volumes/nvme/Projects/远程Agent安卓 overlay_socket=/tmp/tmux-501/ta-b7cc1c640ccf last_published_ws=/Volumes/nvme/Projects/远程Agent安卓 sessions=19 source_match=true singleton_mismatch=false
2026-08-20T10:53:59.769 [session-live] enterSessionLive src=session-route ref=/tmp/tmux-501/ta-b7cc1c640ccf%0 resolved_ws=/Volumes/nvme/Projects/远程Agent安卓 hint_ws=<none> use_ws=/Volumes/nvme/Projects/远程Agent安卓 subscribed=/Volumes/nvme/Projects/远程Agent安卓 already=true cache_sessions=19 will_subscribe=false
2026-08-20T10:53:59.778 [viewport] source=onViewportSizeChanged oldW=0 oldH=0 newW=1200 newH=2099 viewportSeeded=false emulatorRows=40 emulatorCols=120
2026-08-20T10:53:59.778 [reflow] resize sent rows=49 cols=54 reason=user ok=true bookkept_rows=49 bookkept_cols=54
2026-08-20T10:53:59.780 [grid] viewport_width_px=1200 cell_width_nominal=22 cell_width_measured=22 reported_cols=54 canvas_capacity_cols=54 overflow_px=0 half_cell_px=11.0
2026-08-20T10:53:59.780 [viewport] source=onViewportSizeChanged result resized=true outgrewGuard=false candidateRows=49 candidateCols=54 emulatorRows=49 emulatorCols=54
2026-08-20T10:53:59.783 [term-left-edge] source=onDraw contentLeft=18 col0Origin=18 cellW=22 viewW=1236 verdict=OK
2026-08-20T10:53:59.803 [session-lamp] src=level2-push ref=/tmp/tmux-501/ta-b7cc1c640ccf%0 overlay_n=19 hit=true hit_status=idle hit_ref=/tmp/tmux-501/ta-b7cc1c640ccf%0 lamp=Idle eq_ref=true
2026-08-20T10:53:59.972 [favorite] favoriteFetch done cwd=/Users/alauda/Documents/code/agent前沿探索/多agent协作 favorite_workspaces=3 fetched_workspaces=1 queue_left=2
2026-08-20T10:53:59.972 [favorite] favoriteFetch start cwd=/Volumes/nvme/Projects/远程Agent安卓 favorite_workspaces=3 fetched_workspaces=1 queue_left=1
2026-08-20T10:53:59.973 [level2] applyLevel2 src=level2-push workspace=/Users/alauda/Documents/code/agent前沿探索/多agent协作 seq=2464 subscribed=/Volumes/nvme/Projects/远程Agent安卓 incoming=6 publish=false statuses=x-501/ta-a9fd5b7defbd%0:idle->idle,x-501/ta-a9fd5b7defbd%1:idle->idle,x-501/ta-a9fd5b7defbd%2:idle->idle,-501/ta-a9fd5b7defbd%17:idle->idle,x-501/ta-a9fd5b7defbd%5:idle->idle,-501/ta-a9fd5b7defbd%18:idle->idle
2026-08-20T10:53:59.986 [view-menu] viewMenuSource current_ref=/tmp/tmux-501/ta-b7cc1c640ccf%0 current_ws=/Volumes/nvme/Projects/远程Agent安卓 current_socket=/tmp/tmux-501/ta-b7cc1c640ccf overlay_ws=/Volumes/nvme/Projects/远程Agent安卓 overlay_socket=/tmp/tmux-501/ta-b7cc1c640ccf last_published_ws=/Volumes/nvme/Projects/远程Agent安卓 sessions=19 source_match=true singleton_mismatch=false
2026-08-20T10:53:59.988 [favorite] rows match stored_ref=/tmp/tmux-501/ta-a0afa5f9c7f6%0 live_ref=/tmp/tmux-501/ta-a0afa5f9c7f6%0 equal=true cwd_stored=/Volumes/nvme/Projects/讨论team-agent cwd_live=/Volumes/nvme/Projects/讨论team-agent cwd_shown=/Volumes/nvme/Projects/讨论team-agent
2026-08-20T10:53:59.988 [favorite] rows match stored_ref=/tmp/tmux-501/ta-b7cc1c640ccf%0 live_ref=/tmp/tmux-501/ta-b7cc1c640ccf%0 equal=true cwd_stored=/Volumes/nvme/Projects/远程Agent安卓 cwd_live=/Volumes/nvme/Projects/远程Agent安卓 cwd_shown=/Volumes/nvme/Projects/远程Agent安卓
2026-08-20T10:53:59.988 [favorite] rows match stored_ref=/tmp/tmux-501/ta-a9fd5b7defbd%0 live_ref=/tmp/tmux-501/ta-a9fd5b7defbd%0 equal=true cwd_stored=/Users/alauda/Documents/code/agent前沿探索/多agent协作 cwd_live=/Users/alauda/Documents/code/agent前沿探索/多agent协作 cwd_shown=/Users/alauda/Documents/code/agent前沿探索/多agent协作
2026-08-20T10:53:59.988 [favorite] rows stored=3 live=27 online=3 offline=0
2026-08-20T10:53:59.990 [view-menu] viewMenuSource current_ref=/tmp/tmux-501/ta-b7cc1c640ccf%0 current_ws=/Volumes/nvme/Projects/远程Agent安卓 current_socket=/tmp/tmux-501/ta-b7cc1c640ccf overlay_ws=/Volumes/nvme/Projects/远程Agent安卓 overlay_socket=/tmp/tmux-501/ta-b7cc1c640ccf last_published_ws=/Volumes/nvme/Projects/远程Agent安卓 sessions=19 source_match=true singleton_mismatch=false
2026-08-20T10:53:59.990 [session-live] enterSessionLive src=session-route ref=/tmp/tmux-501/ta-b7cc1c640ccf%0 resolved_ws=/Volumes/nvme/Projects/远程Agent安卓 hint_ws=<none> use_ws=/Volumes/nvme/Projects/远程Agent安卓 subscribed=/Volumes/nvme/Projects/远程Agent安卓 already=true cache_sessions=19 will_subscribe=false
2026-08-20T10:54:00.064 [reflow] frame cols=54 render cols=54 bookkept_rows=49 emulator_rows=49
2026-08-20T10:54:00.124 [favorite] leaveFavorites favorite_workspaces=3 fetched_workspaces=1 inflight=/Volumes/nvme/Projects/远程Agent安卓
2026-08-20T10:54:00.421 [refresh] applyListing seq=919 workspaces=7 refreshing_prev=false refreshing_next=false
2026-08-20T10:54:00.430 [favorite] rows match stored_ref=/tmp/tmux-501/ta-a0afa5f9c7f6%0 live_ref=/tmp/tmux-501/ta-a0afa5f9c7f6%0 equal=true cwd_stored=/Volumes/nvme/Projects/讨论team-agent cwd_live=/Volumes/nvme/Projects/讨论team-agent cwd_shown=/Volumes/nvme/Projects/讨论team-agent
2026-08-20T10:54:00.431 [favorite] rows match stored_ref=/tmp/tmux-501/ta-b7cc1c640ccf%0 live_ref=/tmp/tmux-501/ta-b7cc1c640ccf%0 equal=true cwd_stored=/Volumes/nvme/Projects/远程Agent安卓 cwd_live=/Volumes/nvme/Projects/远程Agent安卓 cwd_shown=/Volumes/nvme/Projects/远程Agent安卓
2026-08-20T10:54:00.431 [favorite] rows match stored_ref=/tmp/tmux-501/ta-a9fd5b7defbd%0 live_ref=/tmp/tmux-501/ta-a9fd5b7defbd%0 equal=true cwd_stored=/Users/alauda/Documents/code/agent前沿探索/多agent协作 cwd_live=/Users/alauda/Documents/code/agent前沿探索/多agent协作 cwd_shown=/Users/alauda/Documents/code/agent前沿探索/多agent协作
2026-08-20T10:54:00.431 [favorite] rows stored=3 live=27 online=3 offline=0
2026-08-20T10:54:00.434 [favorite] enterFavorites favorite_workspaces=3 fetched_workspaces=0 cwds=/Users/alauda/Documents/code/agent前沿探索/多agent协作, /Volumes/nvme/Projects/远程Agent安卓, /Volumes/nvme/Projects/讨论team-agent queue=3
2026-08-20T10:54:00.434 [favorite] favoriteFetch start cwd=/Users/alauda/Documents/code/agent前沿探索/多agent协作 favorite_workspaces=3 fetched_workspaces=0 queue_left=2
2026-08-20T10:54:00.449 [view-menu] viewMenuSource current_ref=/tmp/tmux-501/ta-b7cc1c640ccf%0 current_ws=/Volumes/nvme/Projects/远程Agent安卓 current_socket=/tmp/tmux-501/ta-b7cc1c640ccf overlay_ws=/Volumes/nvme/Projects/远程Agent安卓 overlay_socket=/tmp/tmux-501/ta-b7cc1c640ccf last_published_ws=/Volumes/nvme/Projects/远程Agent安卓 sessions=19 source_match=true singleton_mismatch=false
2026-08-20T10:54:00.449 [level2] applyLevel2 src=level2-push workspace=/Volumes/nvme/Projects/远程Agent安卓 seq=2465 subscribed=/Volumes/nvme/Projects/远程Agent安卓 incoming=19 publish=true statuses=x-501/ta-b7cc1c640ccf%0:idle->idle,x-501/ta-b7cc1c640ccf%1:idle->idle,x-501/ta-b7cc1c640ccf%2:idle->idle,x-501/ta-b7cc1c640ccf%3:idle->idle,x-501/ta-b7cc1c640ccf%4:idle->idle,x-501/ta-b7cc1c640ccf%5:idle->idle,x-501/ta-b7cc1c640ccf%6:idle->idle,-501/ta-b7cc1c640ccf%11:idle->idle,x-501/ta-b7cc1c640ccf%8:idle->idle,x-501/ta-b7cc1c640ccf%9:idle->idle,-501/ta-b7cc1c640ccf%12:idle->idle,-501/ta-b7cc1c640ccf%13:idle->idle,-501/ta-b7cc1c640ccf%14:idle->idle,-501/ta-b7cc1c640ccf%15:idle->idle,-501/ta-b7cc1c640ccf%16:idle->idle,-501/ta-b7cc1c640ccf%17:idle->idle,-501/ta-b7cc1c640ccf%18:idle->idle,-501/ta-b7cc1c640ccf%19:idle->idle,-501/ta-b7cc1c640ccf%20:working->working
2026-08-20T10:54:00.449 [favorite] rows match stored_ref=/tmp/tmux-501/ta-a0afa5f9c7f6%0 live_ref=/tmp/tmux-501/ta-a0afa5f9c7f6%0 equal=true cwd_stored=/Volumes/nvme/Projects/讨论team-agent cwd_live=/Volumes/nvme/Projects/讨论team-agent cwd_shown=/Volumes/nvme/Projects/讨论team-agent
2026-08-20T10:54:00.450 [favorite] rows match stored_ref=/tmp/tmux-501/ta-b7cc1c640ccf%0 live_ref=/tmp/tmux-501/ta-b7cc1c640ccf%0 equal=true cwd_stored=/Volumes/nvme/Projects/远程Agent安卓 cwd_live=/Volumes/nvme/Projects/远程Agent安卓 cwd_shown=/Volumes/nvme/Projects/远程Agent安卓
2026-08-20T10:54:00.450 [favorite] rows match stored_ref=/tmp/tmux-501/ta-a9fd5b7defbd%0 live_ref=/tmp/tmux-501/ta-a9fd5b7defbd%0 equal=true cwd_stored=/Users/alauda/Documents/code/agent前沿探索/多agent协作 cwd_live=/Users/alauda/Documents/code/agent前沿探索/多agent协作 cwd_shown=/Users/alauda/Documents/code/agent前沿探索/多agent协作
2026-08-20T10:54:00.450 [favorite] rows stored=3 live=27 online=3 offline=0
2026-08-20T10:54:00.450 [view-menu] viewMenuSource current_ref=/tmp/tmux-501/ta-b7cc1c640ccf%0 current_ws=/Volumes/nvme/Projects/远程Agent安卓 current_socket=/tmp/tmux-501/ta-b7cc1c640ccf overlay_ws=/Volumes/nvme/Projects/远程Agent安卓 overlay_socket=/tmp/tmux-501/ta-b7cc1c640ccf last_published_ws=/Volumes/nvme/Projects/远程Agent安卓 sessions=19 source_match=true singleton_mismatch=false
2026-08-20T10:54:00.452 [session-live] enterSessionLive src=session-route ref=/tmp/tmux-501/ta-b7cc1c640ccf%0 resolved_ws=/Volumes/nvme/Projects/远程Agent安卓 hint_ws=<none> use_ws=/Volumes/nvme/Projects/远程Agent安卓 subscribed=/Volumes/nvme/Projects/远程Agent安卓 already=true cache_sessions=19 will_subscribe=false
2026-08-20T10:54:00.467 [view-menu] viewMenuSource current_ref=/tmp/tmux-501/ta-b7cc1c640ccf%0 current_ws=/Volumes/nvme/Projects/远程Agent安卓 current_socket=/tmp/tmux-501/ta-b7cc1c640ccf overlay_ws=/Volumes/nvme/Projects/远程Agent安卓 overlay_socket=/tmp/tmux-501/ta-b7cc1c640ccf last_published_ws=/Volumes/nvme/Projects/远程Agent安卓 sessions=19 source_match=true singleton_mismatch=false
2026-08-20T10:54:00.469 [favorite] rows match stored_ref=/tmp/tmux-501/ta-a0afa5f9c7f6%0 live_ref=/tmp/tmux-501/ta-a0afa5f9c7f6%0 equal=true cwd_stored=/Volumes/nvme/Projects/讨论team-agent cwd_live=/Volumes/nvme/Projects/讨论team-agent cwd_shown=/Volumes/nvme/Projects/讨论team-agent
2026-08-20T10:54:00.470 [favorite] rows match stored_ref=/tmp/tmux-501/ta-b7cc1c640ccf%0 live_ref=/tmp/tmux-501/ta-b7cc1c640ccf%0 equal=true cwd_stored=/Volumes/nvme/Projects/远程Agent安卓 cwd_live=/Volumes/nvme/Projects/远程Agent安卓 cwd_shown=/Volumes/nvme/Projects/远程Agent安卓
2026-08-20T10:54:00.470 [favorite] rows match stored_ref=/tmp/tmux-501/ta-a9fd5b7defbd%0 live_ref=/tmp/tmux-501/ta-a9fd5b7defbd%0 equal=true cwd_stored=/Users/alauda/Documents/code/agent前沿探索/多agent协作 cwd_live=/Users/alauda/Documents/code/agent前沿探索/多agent协作 cwd_shown=/Users/alauda/Documents/code/agent前沿探索/多agent协作
2026-08-20T10:54:00.470 [favorite] rows stored=3 live=27 online=3 offline=0
2026-08-20T10:54:00.471 [view-menu] viewMenuSource current_ref=/tmp/tmux-501/ta-b7cc1c640ccf%0 current_ws=/Volumes/nvme/Projects/远程Agent安卓 current_socket=/tmp/tmux-501/ta-b7cc1c640ccf overlay_ws=/Volumes/nvme/Projects/远程Agent安卓 overlay_socket=/tmp/tmux-501/ta-b7cc1c640ccf last_published_ws=/Volumes/nvme/Projects/远程Agent安卓 sessions=19 source_match=true singleton_mismatch=false
2026-08-20T10:54:00.472 [session-live] enterSessionLive src=session-route ref=/tmp/tmux-501/ta-b7cc1c640ccf%0 resolved_ws=/Volumes/nvme/Projects/远程Agent安卓 hint_ws=<none> use_ws=/Volumes/nvme/Projects/远程Agent安卓 subscribed=/Volumes/nvme/Projects/远程Agent安卓 already=true cache_sessions=19 will_subscribe=false
2026-08-20T10:54:00.474 [session-lamp] src=level2-push ref=/tmp/tmux-501/ta-b7cc1c640ccf%0 overlay_n=19 hit=true hit_status=idle hit_ref=/tmp/tmux-501/ta-b7cc1c640ccf%0 lamp=Idle eq_ref=true
2026-08-20T10:54:00.720 [viewport] source=windowVisibility visibility=8 width=1236 height=2099
2026-08-20T10:54:00.816 [view-menu] viewMenuSource current_ref=/tmp/tmux-501/ta-b7cc1c640ccf%0 current_ws=/Volumes/nvme/Projects/远程Agent安卓 current_socket=/tmp/tmux-501/ta-b7cc1c640ccf overlay_ws=/Volumes/nvme/Projects/远程Agent安卓 overlay_socket=/tmp/tmux-501/ta-b7cc1c640ccf last_published_ws=/Volumes/nvme/Projects/远程Agent安卓 sessions=19 source_match=true singleton_mismatch=false
2026-08-20T10:54:00.831 [term-bg-remap] source=theme-chrome night=false defaultBg=0xfff7f8fb ansi0=0xffe7eaf0 userBlock=0xffe6f5f2 paperLuma=248 ansi0Luma=233 blockLuma=240 verdict=paper_ne_ansi0
2026-08-20T10:54:00.833 [viewport] source=windowVisibility visibility=0 width=0 height=0
2026-08-20T10:54:00.837 [view-menu] viewMenuSource current_ref=/tmp/tmux-501/ta-b7cc1c640ccf%0 current_ws=/Volumes/nvme/Projects/远程Agent安卓 current_socket=/tmp/tmux-501/ta-b7cc1c640ccf overlay_ws=/Volumes/nvme/Projects/远程Agent安卓 overlay_socket=/tmp/tmux-501/ta-b7cc1c640ccf last_published_ws=/Volumes/nvme/Projects/远程Agent安卓 sessions=19 source_match=true singleton_mismatch=false
2026-08-20T10:54:00.838 [session-live] enterSessionLive src=session-route ref=/tmp/tmux-501/ta-b7cc1c640ccf%0 resolved_ws=/Volumes/nvme/Projects/远程Agent安卓 hint_ws=<none> use_ws=/Volumes/nvme/Projects/远程Agent安卓 subscribed=/Volumes/nvme/Projects/远程Agent安卓 already=true cache_sessions=19 will_subscribe=false
2026-08-20T10:54:00.837 [level2] applyLevel2 src=level2-push workspace=/Volumes/nvme/Projects/远程Agent安卓 seq=2466 subscribed=/Volumes/nvme/Projects/远程Agent安卓 incoming=19 publish=true statuses=x-501/ta-b7cc1c640ccf%0:idle->idle,x-501/ta-b7cc1c640ccf%1:idle->idle,x-501/ta-b7cc1c640ccf%2:idle->idle,x-501/ta-b7cc1c640ccf%3:idle->idle,x-501/ta-b7cc1c640ccf%4:idle->idle,x-501/ta-b7cc1c640ccf%5:idle->idle,x-501/ta-b7cc1c640ccf%6:idle->idle,-501/ta-b7cc1c640ccf%11:idle->idle,x-501/ta-b7cc1c640ccf%8:idle->idle,x-501/ta-b7cc1c640ccf%9:idle->idle,-501/ta-b7cc1c640ccf%12:idle->idle,-501/ta-b7cc1c640ccf%13:idle->idle,-501/ta-b7cc1c640ccf%14:idle->idle,-501/ta-b7cc1c640ccf%15:idle->idle,-501/ta-b7cc1c640ccf%16:idle->idle,-501/ta-b7cc1c640ccf%17:idle->idle,-501/ta-b7cc1c640ccf%18:idle->idle,-501/ta-b7cc1c640ccf%19:idle->idle,-501/ta-b7cc1c640ccf%20:working->working
2026-08-20T10:54:00.846 [viewport] source=onViewportSizeChanged oldW=0 oldH=0 newW=1200 newH=2099 viewportSeeded=false emulatorRows=40 emulatorCols=120
2026-08-20T10:54:00.847 [reflow] resize sent rows=49 cols=54 reason=user ok=true bookkept_rows=49 bookkept_cols=54
2026-08-20T10:54:00.847 [grid] viewport_width_px=1200 cell_width_nominal=22 cell_width_measured=22 reported_cols=54 canvas_capacity_cols=54 overflow_px=0 half_cell_px=11.0
2026-08-20T10:54:00.847 [viewport] source=onViewportSizeChanged result resized=true outgrewGuard=false candidateRows=49 candidateCols=54 emulatorRows=49 emulatorCols=54
2026-08-20T10:54:00.854 [term-left-edge] source=onDraw contentLeft=18 col0Origin=18 cellW=22 viewW=1236 verdict=OK
2026-08-20T10:54:00.873 [session-lamp] src=level2-push ref=/tmp/tmux-501/ta-b7cc1c640ccf%0 overlay_n=19 hit=true hit_status=idle hit_ref=/tmp/tmux-501/ta-b7cc1c640ccf%0 lamp=Idle eq_ref=true
2026-08-20T10:54:00.876 [view-menu] viewMenuSource current_ref=/tmp/tmux-501/ta-b7cc1c640ccf%0 current_ws=/Volumes/nvme/Projects/远程Agent安卓 current_socket=/tmp/tmux-501/ta-b7cc1c640ccf overlay_ws=/Volumes/nvme/Projects/远程Agent安卓 overlay_socket=/tmp/tmux-501/ta-b7cc1c640ccf last_published_ws=/Volumes/nvme/Projects/远程Agent安卓 sessions=19 source_match=true singleton_mismatch=false
2026-08-20T10:54:00.877 [favorite] rows match stored_ref=/tmp/tmux-501/ta-a0afa5f9c7f6%0 live_ref=/tmp/tmux-501/ta-a0afa5f9c7f6%0 equal=true cwd_stored=/Volumes/nvme/Projects/讨论team-agent cwd_live=/Volumes/nvme/Projects/讨论team-agent cwd_shown=/Volumes/nvme/Projects/讨论team-agent
2026-08-20T10:54:00.877 [favorite] rows match stored_ref=/tmp/tmux-501/ta-b7cc1c640ccf%0 live_ref=/tmp/tmux-501/ta-b7cc1c640ccf%0 equal=true cwd_stored=/Volumes/nvme/Projects/远程Agent安卓 cwd_live=/Volumes/nvme/Projects/远程Agent安卓 cwd_shown=/Volumes/nvme/Projects/远程Agent安卓
2026-08-20T10:54:00.877 [favorite] rows match stored_ref=/tmp/tmux-501/ta-a9fd5b7defbd%0 live_ref=/tmp/tmux-501/ta-a9fd5b7defbd%0 equal=true cwd_stored=/Users/alauda/Documents/code/agent前沿探索/多agent协作 cwd_live=/Users/alauda/Documents/code/agent前沿探索/多agent协作 cwd_shown=/Users/alauda/Documents/code/agent前沿探索/多agent协作
2026-08-20T10:54:00.877 [favorite] rows stored=3 live=27 online=3 offline=0
2026-08-20T10:54:00.879 [view-menu] viewMenuSource current_ref=/tmp/tmux-501/ta-b7cc1c640ccf%0 current_ws=/Volumes/nvme/Projects/远程Agent安卓 current_socket=/tmp/tmux-501/ta-b7cc1c640ccf overlay_ws=/Volumes/nvme/Projects/远程Agent安卓 overlay_socket=/tmp/tmux-501/ta-b7cc1c640ccf last_published_ws=/Volumes/nvme/Projects/远程Agent安卓 sessions=19 source_match=true singleton_mismatch=false
2026-08-20T10:54:00.879 [session-live] enterSessionLive src=session-route ref=/tmp/tmux-501/ta-b7cc1c640ccf%0 resolved_ws=/Volumes/nvme/Projects/远程Agent安卓 hint_ws=<none> use_ws=/Volumes/nvme/Projects/远程Agent安卓 subscribed=/Volumes/nvme/Projects/远程Agent安卓 already=true cache_sessions=19 will_subscribe=false
2026-08-20T10:54:00.891 [session-lamp] src=level2-push ref=/tmp/tmux-501/ta-b7cc1c640ccf%0 overlay_n=19 hit=true hit_status=idle hit_ref=/tmp/tmux-501/ta-b7cc1c640ccf%0 lamp=Idle eq_ref=true
2026-08-20T10:54:01.202 [favorite] leaveFavorites favorite_workspaces=3 fetched_workspaces=0 inflight=/Users/alauda/Documents/code/agent前沿探索/多agent协作
2026-08-20T10:54:01.330 [level2] applyLevel2 src=level2-push workspace=/Users/alauda/Documents/code/agent前沿探索/多agent协作 seq=2467 subscribed=/Volumes/nvme/Projects/远程Agent安卓 incoming=6 publish=false statuses=x-501/ta-a9fd5b7defbd%0:idle->idle,x-501/ta-a9fd5b7defbd%1:idle->idle,x-501/ta-a9fd5b7defbd%2:idle->idle,-501/ta-a9fd5b7defbd%17:idle->idle,x-501/ta-a9fd5b7defbd%5:idle->idle,-501/ta-a9fd5b7defbd%18:idle->idle
2026-08-20T10:54:01.331 [view-menu] viewMenuSource current_ref=/tmp/tmux-501/ta-b7cc1c640ccf%0 current_ws=/Volumes/nvme/Projects/远程Agent安卓 current_socket=/tmp/tmux-501/ta-b7cc1c640ccf overlay_ws=/Volumes/nvme/Projects/远程Agent安卓 overlay_socket=/tmp/tmux-501/ta-b7cc1c640ccf last_published_ws=/Volumes/nvme/Projects/远程Agent安卓 sessions=19 source_match=true singleton_mismatch=false
2026-08-20T10:54:01.332 [view-menu] viewMenuSource current_ref=/tmp/tmux-501/ta-b7cc1c640ccf%0 current_ws=/Volumes/nvme/Projects/远程Agent安卓 current_socket=/tmp/tmux-501/ta-b7cc1c640ccf overlay_ws=/Volumes/nvme/Projects/远程Agent安卓 overlay_socket=/tmp/tmux-501/ta-b7cc1c640ccf last_published_ws=/Volumes/nvme/Projects/远程Agent安卓 sessions=19 source_match=true singleton_mismatch=false
2026-08-20T10:54:01.332 [session-live] enterSessionLive src=session-route ref=/tmp/tmux-501/ta-b7cc1c640ccf%0 resolved_ws=/Volumes/nvme/Projects/远程Agent安卓 hint_ws=<none> use_ws=/Volumes/nvme/Projects/远程Agent安卓 subscribed=/Volumes/nvme/Projects/远程Agent安卓 already=true cache_sessions=19 will_subscribe=false
2026-08-20T10:54:01.460 [reflow] frame cols=54 render cols=54 bookkept_rows=49 emulator_rows=49
2026-08-20T10:54:03.986 [refresh] applyListing seq=919 workspaces=7 refreshing_prev=false refreshing_next=false
2026-08-20T10:54:03.997 [favorite] rows match stored_ref=/tmp/tmux-501/ta-a0afa5f9c7f6%0 live_ref=/tmp/tmux-501/ta-a0afa5f9c7f6%0 equal=true cwd_stored=/Volumes/nvme/Projects/讨论team-agent cwd_live=/Volumes/nvme/Projects/讨论team-agent cwd_shown=/Volumes/nvme/Projects/讨论team-agent
2026-08-20T10:54:03.998 [favorite] rows match stored_ref=/tmp/tmux-501/ta-b7cc1c640ccf%0 live_ref=/tmp/tmux-501/ta-b7cc1c640ccf%0 equal=true cwd_stored=/Volumes/nvme/Projects/远程Agent安卓 cwd_live=/Volumes/nvme/Projects/远程Agent安卓 cwd_shown=/Volumes/nvme/Projects/远程Agent安卓
2026-08-20T10:54:03.998 [favorite] rows match stored_ref=/tmp/tmux-501/ta-a9fd5b7defbd%0 live_ref=/tmp/tmux-501/ta-a9fd5b7defbd%0 equal=true cwd_stored=/Users/alauda/Documents/code/agent前沿探索/多agent协作 cwd_live=/Users/alauda/Documents/code/agent前沿探索/多agent协作 cwd_shown=/Users/alauda/Documents/code/agent前沿探索/多agent协作
2026-08-20T10:54:03.998 [favorite] rows stored=3 live=27 online=3 offline=0
2026-08-20T10:54:04.004 [favorite] enterFavorites favorite_workspaces=3 fetched_workspaces=0 cwds=/Users/alauda/Documents/code/agent前沿探索/多agent协作, /Volumes/nvme/Projects/远程Agent安卓, /Volumes/nvme/Projects/讨论team-agent queue=3
2026-08-20T10:54:04.004 [favorite] favoriteFetch start cwd=/Users/alauda/Documents/code/agent前沿探索/多agent协作 favorite_workspaces=3 fetched_workspaces=0 queue_left=2
2026-08-20T10:54:04.028 [view-menu] viewMenuSource current_ref=/tmp/tmux-501/ta-b7cc1c640ccf%0 current_ws=/Volumes/nvme/Projects/远程Agent安卓 current_socket=/tmp/tmux-501/ta-b7cc1c640ccf overlay_ws=/Volumes/nvme/Projects/远程Agent安卓 overlay_socket=/tmp/tmux-501/ta-b7cc1c640ccf last_published_ws=/Volumes/nvme/Projects/远程Agent安卓 sessions=19 source_match=true singleton_mismatch=false
2026-08-20T10:54:04.033 [favorite] rows match stored_ref=/tmp/tmux-501/ta-a0afa5f9c7f6%0 live_ref=/tmp/tmux-501/ta-a0afa5f9c7f6%0 equal=true cwd_stored=/Volumes/nvme/Projects/讨论team-agent cwd_live=/Volumes/nvme/Projects/讨论team-agent cwd_shown=/Volumes/nvme/Projects/讨论team-agent
2026-08-20T10:54:04.033 [favorite] rows match stored_ref=/tmp/tmux-501/ta-b7cc1c640ccf%0 live_ref=/tmp/tmux-501/ta-b7cc1c640ccf%0 equal=true cwd_stored=/Volumes/nvme/Projects/远程Agent安卓 cwd_live=/Volumes/nvme/Projects/远程Agent安卓 cwd_shown=/Volumes/nvme/Projects/远程Agent安卓
2026-08-20T10:54:04.033 [favorite] rows match stored_ref=/tmp/tmux-501/ta-a9fd5b7defbd%0 live_ref=/tmp/tmux-501/ta-a9fd5b7defbd%0 equal=true cwd_stored=/Users/alauda/Documents/code/agent前沿探索/多agent协作 cwd_live=/Users/alauda/Documents/code/agent前沿探索/多agent协作 cwd_shown=/Users/alauda/Documents/code/agent前沿探索/多agent协作
2026-08-20T10:54:04.033 [favorite] rows stored=3 live=27 online=3 offline=0
2026-08-20T10:54:04.037 [view-menu] viewMenuSource current_ref=/tmp/tmux-501/ta-b7cc1c640ccf%0 current_ws=/Volumes/nvme/Projects/远程Agent安卓 current_socket=/tmp/tmux-501/ta-b7cc1c640ccf overlay_ws=/Volumes/nvme/Projects/远程Agent安卓 overlay_socket=/tmp/tmux-501/ta-b7cc1c640ccf last_published_ws=/Volumes/nvme/Projects/远程Agent安卓 sessions=19 source_match=true singleton_mismatch=false
2026-08-20T10:54:04.037 [session-live] enterSessionLive src=session-route ref=/tmp/tmux-501/ta-b7cc1c640ccf%0 resolved_ws=/Volumes/nvme/Projects/远程Agent安卓 hint_ws=<none> use_ws=/Volumes/nvme/Projects/远程Agent安卓 subscribed=/Volumes/nvme/Projects/远程Agent安卓 already=true cache_sessions=19 will_subscribe=false
2026-08-20T10:54:04.289 [viewport] source=windowVisibility visibility=8 width=1236 height=2099
2026-08-20T10:54:04.330 [level2] applyLevel2 src=level2-push workspace=/Volumes/nvme/Projects/远程Agent安卓 seq=2468 subscribed=/Volumes/nvme/Projects/远程Agent安卓 incoming=19 publish=true statuses=x-501/ta-b7cc1c640ccf%0:idle->idle,x-501/ta-b7cc1c640ccf%1:idle->idle,x-501/ta-b7cc1c640ccf%2:idle->idle,x-501/ta-b7cc1c640ccf%3:idle->idle,x-501/ta-b7cc1c640ccf%4:idle->idle,x-501/ta-b7cc1c640ccf%5:idle->idle,x-501/ta-b7cc1c640ccf%6:idle->idle,-501/ta-b7cc1c640ccf%11:idle->idle,x-501/ta-b7cc1c640ccf%8:idle->idle,x-501/ta-b7cc1c640ccf%9:idle->idle,-501/ta-b7cc1c640ccf%12:idle->idle,-501/ta-b7cc1c640ccf%13:idle->idle,-501/ta-b7cc1c640ccf%14:idle->idle,-501/ta-b7cc1c640ccf%15:idle->idle,-501/ta-b7cc1c640ccf%16:idle->idle,-501/ta-b7cc1c640ccf%17:idle->idle,-501/ta-b7cc1c640ccf%18:idle->idle,-501/ta-b7cc1c640ccf%19:idle->idle,-501/ta-b7cc1c640ccf%20:working->idle
2026-08-20T10:54:04.332 [favorite] favoriteFetch done cwd=/Users/alauda/Documents/code/agent前沿探索/多agent协作 favorite_workspaces=3 fetched_workspaces=1 queue_left=2
2026-08-20T10:54:04.332 [favorite] favoriteFetch start cwd=/Volumes/nvme/Projects/远程Agent安卓 favorite_workspaces=3 fetched_workspaces=1 queue_left=1
2026-08-20T10:54:04.332 [level2] applyLevel2 src=level2-push workspace=/Users/alauda/Documents/code/agent前沿探索/多agent协作 seq=2469 subscribed=/Volumes/nvme/Projects/远程Agent安卓 incoming=6 publish=false statuses=x-501/ta-a9fd5b7defbd%0:idle->idle,x-501/ta-a9fd5b7defbd%1:idle->idle,x-501/ta-a9fd5b7defbd%2:idle->idle,-501/ta-a9fd5b7defbd%17:idle->idle,x-501/ta-a9fd5b7defbd%5:idle->idle,-501/ta-a9fd5b7defbd%18:idle->idle
2026-08-20T10:54:04.332 [favorite] rows match stored_ref=/tmp/tmux-501/ta-a0afa5f9c7f6%0 live_ref=/tmp/tmux-501/ta-a0afa5f9c7f6%0 equal=true cwd_stored=/Volumes/nvme/Projects/讨论team-agent cwd_live=/Volumes/nvme/Projects/讨论team-agent cwd_shown=/Volumes/nvme/Projects/讨论team-agent
2026-08-20T10:54:04.333 [favorite] rows match stored_ref=/tmp/tmux-501/ta-b7cc1c640ccf%0 live_ref=/tmp/tmux-501/ta-b7cc1c640ccf%0 equal=true cwd_stored=/Volumes/nvme/Projects/远程Agent安卓 cwd_live=/Volumes/nvme/Projects/远程Agent安卓 cwd_shown=/Volumes/nvme/Projects/远程Agent安卓
2026-08-20T10:54:04.333 [favorite] rows match stored_ref=/tmp/tmux-501/ta-a9fd5b7defbd%0 live_ref=/tmp/tmux-501/ta-a9fd5b7defbd%0 equal=true cwd_stored=/Users/alauda/Documents/code/agent前沿探索/多agent协作 cwd_live=/Users/alauda/Documents/code/agent前沿探索/多agent协作 cwd_shown=/Users/alauda/Documents/code/agent前沿探索/多agent协作
2026-08-20T10:54:04.333 [favorite] rows stored=3 live=27 online=3 offline=0
2026-08-20T10:54:04.961 [favorite] favoriteFetch done cwd=/Volumes/nvme/Projects/远程Agent安卓 favorite_workspaces=3 fetched_workspaces=2 queue_left=1
2026-08-20T10:54:04.962 [favorite] favoriteFetch start cwd=/Volumes/nvme/Projects/讨论team-agent favorite_workspaces=3 fetched_workspaces=2 queue_left=0
2026-08-20T10:54:04.962 [level2] applyLevel2 src=level2-push workspace=/Volumes/nvme/Projects/远程Agent安卓 seq=2470 subscribed=/Volumes/nvme/Projects/远程Agent安卓 incoming=19 publish=true statuses=x-501/ta-b7cc1c640ccf%0:idle->idle,x-501/ta-b7cc1c640ccf%1:idle->idle,x-501/ta-b7cc1c640ccf%2:idle->idle,x-501/ta-b7cc1c640ccf%3:idle->idle,x-501/ta-b7cc1c640ccf%4:idle->idle,x-501/ta-b7cc1c640ccf%5:idle->idle,x-501/ta-b7cc1c640ccf%6:idle->idle,-501/ta-b7cc1c640ccf%11:idle->idle,x-501/ta-b7cc1c640ccf%8:idle->idle,x-501/ta-b7cc1c640ccf%9:idle->idle,-501/ta-b7cc1c640ccf%12:idle->idle,-501/ta-b7cc1c640ccf%13:idle->idle,-501/ta-b7cc1c640ccf%14:idle->idle,-501/ta-b7cc1c640ccf%15:idle->idle,-501/ta-b7cc1c640ccf%16:idle->idle,-501/ta-b7cc1c640ccf%17:idle->idle,-501/ta-b7cc1c640ccf%18:idle->idle,-501/ta-b7cc1c640ccf%19:idle->idle,-501/ta-b7cc1c640ccf%20:idle->idle
2026-08-20T10:54:04.965 [favorite] rows match stored_ref=/tmp/tmux-501/ta-a0afa5f9c7f6%0 live_ref=/tmp/tmux-501/ta-a0afa5f9c7f6%0 equal=true cwd_stored=/Volumes/nvme/Projects/讨论team-agent cwd_live=/Volumes/nvme/Projects/讨论team-agent cwd_shown=/Volumes/nvme/Projects/讨论team-agent
2026-08-20T10:54:04.965 [favorite] rows match stored_ref=/tmp/tmux-501/ta-b7cc1c640ccf%0 live_ref=/tmp/tmux-501/ta-b7cc1c640ccf%0 equal=true cwd_stored=/Volumes/nvme/Projects/远程Agent安卓 cwd_live=/Volumes/nvme/Projects/远程Agent安卓 cwd_shown=/Volumes/nvme/Projects/远程Agent安卓
2026-08-20T10:54:04.966 [favorite] rows match stored_ref=/tmp/tmux-501/ta-a9fd5b7defbd%0 live_ref=/tmp/tmux-501/ta-a9fd5b7defbd%0 equal=true cwd_stored=/Users/alauda/Documents/code/agent前沿探索/多agent协作 cwd_live=/Users/alauda/Documents/code/agent前沿探索/多agent协作 cwd_shown=/Users/alauda/Documents/code/agent前沿探索/多agent协作
2026-08-20T10:54:04.966 [favorite] rows stored=3 live=27 online=3 offline=0
2026-08-20T10:54:04.969 [favorite] favoriteFetch done cwd=/Volumes/nvme/Projects/讨论team-agent favorite_workspaces=3 fetched_workspaces=3 queue_left=0
2026-08-20T10:54:04.969 [level2] applyLevel2 src=level2-push workspace=/Volumes/nvme/Projects/讨论team-agent seq=2471 subscribed=/Volumes/nvme/Projects/远程Agent安卓 incoming=2 publish=false statuses=x-501/ta-a0afa5f9c7f6%0:idle->idle,x-501/ta-a0afa5f9c7f6%7:idle->idle
2026-08-20T10:54:04.982 [favorite] rows match stored_ref=/tmp/tmux-501/ta-a0afa5f9c7f6%0 live_ref=/tmp/tmux-501/ta-a0afa5f9c7f6%0 equal=true cwd_stored=/Volumes/nvme/Projects/讨论team-agent cwd_live=/Volumes/nvme/Projects/讨论team-agent cwd_shown=/Volumes/nvme/Projects/讨论team-agent
2026-08-20T10:54:04.982 [favorite] rows match stored_ref=/tmp/tmux-501/ta-b7cc1c640ccf%0 live_ref=/tmp/tmux-501/ta-b7cc1c640ccf%0 equal=true cwd_stored=/Volumes/nvme/Projects/远程Agent安卓 cwd_live=/Volumes/nvme/Projects/远程Agent安卓 cwd_shown=/Volumes/nvme/Projects/远程Agent安卓
2026-08-20T10:54:04.982 [favorite] rows match stored_ref=/tmp/tmux-501/ta-a9fd5b7defbd%0 live_ref=/tmp/tmux-501/ta-a9fd5b7defbd%0 equal=true cwd_stored=/Users/alauda/Documents/code/agent前沿探索/多agent协作 cwd_live=/Users/alauda/Documents/code/agent前沿探索/多agent协作 cwd_shown=/Users/alauda/Documents/code/agent前沿探索/多agent协作
2026-08-20T10:54:04.982 [favorite] rows stored=3 live=27 online=3 offline=0
2026-08-20T10:54:07.071 [favorite] leaveFavorites favorite_workspaces=3 fetched_workspaces=3 inflight=<none>
