2026-08-20T10:58:12.960 [lifecycle] ON_CREATE
2026-08-20T10:58:13.086 [ws] conn state STOPPED → CONNECTING
2026-08-20T10:58:13.124 [ws] conn state CONNECTING → AUTHENTICATING
2026-08-20T10:58:13.145 [lifecycle] ON_START
2026-08-20T10:58:13.148 [ws] conn state AUTHENTICATING → READY
2026-08-20T10:58:13.623 [refresh] applyListing seq=934 workspaces=7 refreshing_prev=false refreshing_next=false
2026-08-20T10:58:13.624 [refresh] applyListing seq=934 workspaces=7 refreshing_prev=false refreshing_next=false
2026-08-20T10:58:14.028 [refresh] enterLevel1 list cached=7 first_frame=already refreshing_prev=false refreshing_next=false
2026-08-20T10:58:14.407 [refresh] applyListing seq=934 workspaces=7 refreshing_prev=false refreshing_next=false
2026-08-20T10:58:18.740 [favorite] rows match stored_ref=/tmp/tmux-501/ta-a0afa5f9c7f6%0 live_ref= equal=false cwd_stored=/Volumes/nvme/Projects/讨论team-agent cwd_live= cwd_shown=/Volumes/nvme/Projects/讨论team-agent
2026-08-20T10:58:18.740 [favorite] rows match stored_ref=/tmp/tmux-501/ta-b7cc1c640ccf%0 live_ref= equal=false cwd_stored=/Volumes/nvme/Projects/远程Agent安卓 cwd_live= cwd_shown=/Volumes/nvme/Projects/远程Agent安卓
2026-08-20T10:58:18.740 [favorite] rows match stored_ref=/tmp/tmux-501/ta-a9fd5b7defbd%0 live_ref= equal=false cwd_stored=/Users/alauda/Documents/code/agent前沿探索/多agent协作 cwd_live= cwd_shown=/Users/alauda/Documents/code/agent前沿探索/多agent协作
2026-08-20T10:58:18.741 [favorite] rows stored=3 live=0 online=0 offline=3
2026-08-20T10:58:18.762 [favorite] enterFavorites favorite_workspaces=3 fetched_workspaces=0 cwds=/Users/alauda/Documents/code/agent前沿探索/多agent协作, /Volumes/nvme/Projects/远程Agent安卓, /Volumes/nvme/Projects/讨论team-agent queue=3
2026-08-20T10:58:18.763 [favorite] favoriteFetch start cwd=/Users/alauda/Documents/code/agent前沿探索/多agent协作 favorite_workspaces=3 fetched_workspaces=0 queue_left=2
2026-08-20T10:58:18.920 [favorite] rows match stored_ref=/tmp/tmux-501/ta-a0afa5f9c7f6%0 live_ref= equal=false cwd_stored=/Volumes/nvme/Projects/讨论team-agent cwd_live= cwd_shown=/Volumes/nvme/Projects/讨论team-agent
2026-08-20T10:58:18.921 [favorite] rows match stored_ref=/tmp/tmux-501/ta-b7cc1c640ccf%0 live_ref= equal=false cwd_stored=/Volumes/nvme/Projects/远程Agent安卓 cwd_live= cwd_shown=/Volumes/nvme/Projects/远程Agent安卓
2026-08-20T10:58:18.921 [favorite] rows match stored_ref=/tmp/tmux-501/ta-a9fd5b7defbd%0 live_ref= equal=false cwd_stored=/Users/alauda/Documents/code/agent前沿探索/多agent协作 cwd_live= cwd_shown=/Users/alauda/Documents/code/agent前沿探索/多agent协作
2026-08-20T10:58:18.921 [favorite] rows stored=3 live=0 online=0 offline=3
2026-08-20T10:58:19.322 [favorite] favoriteFetch done cwd=/Users/alauda/Documents/code/agent前沿探索/多agent协作 favorite_workspaces=3 fetched_workspaces=1 queue_left=2
2026-08-20T10:58:19.323 [favorite] favoriteFetch start cwd=/Volumes/nvme/Projects/远程Agent安卓 favorite_workspaces=3 fetched_workspaces=1 queue_left=1
2026-08-20T10:58:19.324 [level2] applyLevel2 src=level2-push workspace=/Users/alauda/Documents/code/agent前沿探索/多agent协作 seq=2520 subscribed=<none> incoming=6 publish=false statuses=x-501/ta-a9fd5b7defbd%0:<none>->idle,x-501/ta-a9fd5b7defbd%1:<none>->idle,x-501/ta-a9fd5b7defbd%2:<none>->idle,-501/ta-a9fd5b7defbd%17:<none>->idle,x-501/ta-a9fd5b7defbd%5:<none>->idle,-501/ta-a9fd5b7defbd%18:<none>->idle
2026-08-20T10:58:19.333 [favorite] rows match stored_ref=/tmp/tmux-501/ta-a0afa5f9c7f6%0 live_ref= equal=false cwd_stored=/Volumes/nvme/Projects/讨论team-agent cwd_live= cwd_shown=/Volumes/nvme/Projects/讨论team-agent
2026-08-20T10:58:19.333 [favorite] rows match stored_ref=/tmp/tmux-501/ta-b7cc1c640ccf%0 live_ref= equal=false cwd_stored=/Volumes/nvme/Projects/远程Agent安卓 cwd_live= cwd_shown=/Volumes/nvme/Projects/远程Agent安卓
2026-08-20T10:58:19.333 [favorite] rows match stored_ref=/tmp/tmux-501/ta-a9fd5b7defbd%0 live_ref=/tmp/tmux-501/ta-a9fd5b7defbd%0 equal=true cwd_stored=/Users/alauda/Documents/code/agent前沿探索/多agent协作 cwd_live=/Users/alauda/Documents/code/agent前沿探索/多agent协作 cwd_shown=/Users/alauda/Documents/code/agent前沿探索/多agent协作
2026-08-20T10:58:19.334 [favorite] rows stored=3 live=6 online=1 offline=2
2026-08-20T10:58:19.676 [favorite] favoriteFetch done cwd=/Volumes/nvme/Projects/远程Agent安卓 favorite_workspaces=3 fetched_workspaces=2 queue_left=1
2026-08-20T10:58:19.677 [favorite] favoriteFetch start cwd=/Volumes/nvme/Projects/讨论team-agent favorite_workspaces=3 fetched_workspaces=2 queue_left=0
2026-08-20T10:58:19.678 [level2] applyLevel2 src=level2-push workspace=/Volumes/nvme/Projects/远程Agent安卓 seq=2521 subscribed=<none> incoming=19 publish=false statuses=x-501/ta-b7cc1c640ccf%0:<none>->idle,x-501/ta-b7cc1c640ccf%1:<none>->idle,x-501/ta-b7cc1c640ccf%2:<none>->idle,x-501/ta-b7cc1c640ccf%3:<none>->idle,x-501/ta-b7cc1c640ccf%4:<none>->idle,x-501/ta-b7cc1c640ccf%5:<none>->idle,x-501/ta-b7cc1c640ccf%6:<none>->idle,-501/ta-b7cc1c640ccf%11:<none>->idle,x-501/ta-b7cc1c640ccf%8:<none>->idle,x-501/ta-b7cc1c640ccf%9:<none>->idle,-501/ta-b7cc1c640ccf%12:<none>->idle,-501/ta-b7cc1c640ccf%13:<none>->idle,-501/ta-b7cc1c640ccf%14:<none>->idle,-501/ta-b7cc1c640ccf%15:<none>->idle,-501/ta-b7cc1c640ccf%16:<none>->idle,-501/ta-b7cc1c640ccf%17:<none>->idle,-501/ta-b7cc1c640ccf%18:<none>->idle,-501/ta-b7cc1c640ccf%19:<none>->idle,-501/ta-b7cc1c640ccf%20:<none>->idle
2026-08-20T10:58:19.683 [favorite] rows match stored_ref=/tmp/tmux-501/ta-a0afa5f9c7f6%0 live_ref= equal=false cwd_stored=/Volumes/nvme/Projects/讨论team-agent cwd_live= cwd_shown=/Volumes/nvme/Projects/讨论team-agent
2026-08-20T10:58:19.684 [favorite] rows match stored_ref=/tmp/tmux-501/ta-b7cc1c640ccf%0 live_ref=/tmp/tmux-501/ta-b7cc1c640ccf%0 equal=true cwd_stored=/Volumes/nvme/Projects/远程Agent安卓 cwd_live=/Volumes/nvme/Projects/远程Agent安卓 cwd_shown=/Volumes/nvme/Projects/远程Agent安卓
2026-08-20T10:58:19.685 [favorite] rows match stored_ref=/tmp/tmux-501/ta-a9fd5b7defbd%0 live_ref=/tmp/tmux-501/ta-a9fd5b7defbd%0 equal=true cwd_stored=/Users/alauda/Documents/code/agent前沿探索/多agent协作 cwd_live=/Users/alauda/Documents/code/agent前沿探索/多agent协作 cwd_shown=/Users/alauda/Documents/code/agent前沿探索/多agent协作
2026-08-20T10:58:19.685 [favorite] rows stored=3 live=25 online=2 offline=1
2026-08-20T10:58:20.072 [favorite] favoriteFetch done cwd=/Volumes/nvme/Projects/讨论team-agent favorite_workspaces=3 fetched_workspaces=3 queue_left=0
2026-08-20T10:58:20.074 [level2] applyLevel2 src=level2-push workspace=/Volumes/nvme/Projects/讨论team-agent seq=2522 subscribed=<none> incoming=2 publish=false statuses=x-501/ta-a0afa5f9c7f6%0:<none>->idle,x-501/ta-a0afa5f9c7f6%7:<none>->idle
2026-08-20T10:58:20.083 [favorite] rows match stored_ref=/tmp/tmux-501/ta-a0afa5f9c7f6%0 live_ref=/tmp/tmux-501/ta-a0afa5f9c7f6%0 equal=true cwd_stored=/Volumes/nvme/Projects/讨论team-agent cwd_live=/Volumes/nvme/Projects/讨论team-agent cwd_shown=/Volumes/nvme/Projects/讨论team-agent
2026-08-20T10:58:20.083 [favorite] rows match stored_ref=/tmp/tmux-501/ta-b7cc1c640ccf%0 live_ref=/tmp/tmux-501/ta-b7cc1c640ccf%0 equal=true cwd_stored=/Volumes/nvme/Projects/远程Agent安卓 cwd_live=/Volumes/nvme/Projects/远程Agent安卓 cwd_shown=/Volumes/nvme/Projects/远程Agent安卓
2026-08-20T10:58:20.084 [favorite] rows match stored_ref=/tmp/tmux-501/ta-a9fd5b7defbd%0 live_ref=/tmp/tmux-501/ta-a9fd5b7defbd%0 equal=true cwd_stored=/Users/alauda/Documents/code/agent前沿探索/多agent协作 cwd_live=/Users/alauda/Documents/code/agent前沿探索/多agent协作 cwd_shown=/Users/alauda/Documents/code/agent前沿探索/多agent协作
2026-08-20T10:58:20.084 [favorite] rows stored=3 live=27 online=3 offline=0
2026-08-20T10:58:22.419 [view-menu] viewMenuSource current_ref=/tmp/tmux-501/ta-b7cc1c640ccf%0 current_ws=/Volumes/nvme/Projects/远程Agent安卓 current_socket=/tmp/tmux-501/ta-b7cc1c640ccf overlay_ws=/Volumes/nvme/Projects/远程Agent安卓 overlay_socket=/tmp/tmux-501/ta-b7cc1c640ccf last_published_ws= sessions=19 source_match=true singleton_mismatch=true
2026-08-20T10:58:22.493 [term-bg-remap] source=theme-chrome night=false defaultBg=0xfff7f8fb ansi0=0xffe7eaf0 userBlock=0xffe6f5f2 paperLuma=248 ansi0Luma=233 blockLuma=240 verdict=paper_ne_ansi0
2026-08-20T10:58:22.507 [viewport] source=windowVisibility visibility=0 width=0 height=0
2026-08-20T10:58:22.539 [view-menu] viewMenuSource current_ref=/tmp/tmux-501/ta-b7cc1c640ccf%0 current_ws=/Volumes/nvme/Projects/远程Agent安卓 current_socket=/tmp/tmux-501/ta-b7cc1c640ccf overlay_ws=/Volumes/nvme/Projects/远程Agent安卓 overlay_socket=/tmp/tmux-501/ta-b7cc1c640ccf last_published_ws= sessions=19 source_match=true singleton_mismatch=true
2026-08-20T10:58:22.540 [session-live] enterSessionLive src=session-route ref=/tmp/tmux-501/ta-b7cc1c640ccf%0 resolved_ws=/Volumes/nvme/Projects/远程Agent安卓 hint_ws=<none> use_ws=/Volumes/nvme/Projects/远程Agent安卓 subscribed=<none> already=false cache_sessions=19 will_subscribe=true
2026-08-20T10:58:22.540 [refresh] enterLevel2 subscribe cwd=/Volumes/nvme/Projects/远程Agent安卓 painted=19 cached=19
2026-08-20T10:58:22.595 [viewport] source=onViewportSizeChanged oldW=0 oldH=0 newW=1200 newH=2099 viewportSeeded=false emulatorRows=40 emulatorCols=120
2026-08-20T10:58:22.597 [reflow] resize sent rows=49 cols=54 reason=user ok=true bookkept_rows=49 bookkept_cols=54
2026-08-20T10:58:22.600 [grid] viewport_width_px=1200 cell_width_nominal=22 cell_width_measured=22 reported_cols=54 canvas_capacity_cols=54 overflow_px=0 half_cell_px=11.0
2026-08-20T10:58:22.601 [viewport] source=onViewportSizeChanged result resized=true outgrewGuard=false candidateRows=49 candidateCols=54 emulatorRows=49 emulatorCols=54
2026-08-20T10:58:22.610 [term-left-edge] source=onDraw contentLeft=18 col0Origin=18 cellW=22 viewW=1236 verdict=OK ×28
2026-08-20T10:58:22.677 [session-lamp] src=level2-push ref=/tmp/tmux-501/ta-b7cc1c640ccf%0 overlay_n=19 hit=true hit_status=idle hit_ref=/tmp/tmux-501/ta-b7cc1c640ccf%0 lamp=Idle eq_ref=true
2026-08-20T10:58:22.684 [view-menu] viewMenuSource current_ref=/tmp/tmux-501/ta-b7cc1c640ccf%0 current_ws=/Volumes/nvme/Projects/远程Agent安卓 current_socket=/tmp/tmux-501/ta-b7cc1c640ccf overlay_ws=/Volumes/nvme/Projects/远程Agent安卓 overlay_socket=/tmp/tmux-501/ta-b7cc1c640ccf last_published_ws=/Volumes/nvme/Projects/远程Agent安卓 sessions=19 source_match=true singleton_mismatch=false
2026-08-20T10:58:22.994 [level2] applyLevel2 src=level2-push workspace=/Volumes/nvme/Projects/远程Agent安卓 seq=2523 subscribed=/Volumes/nvme/Projects/远程Agent安卓 incoming=19 publish=true statuses=x-501/ta-b7cc1c640ccf%0:idle->idle,x-501/ta-b7cc1c640ccf%1:idle->idle,x-501/ta-b7cc1c640ccf%2:idle->idle,x-501/ta-b7cc1c640ccf%3:idle->idle,x-501/ta-b7cc1c640ccf%4:idle->idle,x-501/ta-b7cc1c640ccf%5:idle->idle,x-501/ta-b7cc1c640ccf%6:idle->idle,-501/ta-b7cc1c640ccf%11:idle->idle,x-501/ta-b7cc1c640ccf%8:idle->idle,x-501/ta-b7cc1c640ccf%9:idle->idle,-501/ta-b7cc1c640ccf%12:idle->idle,-501/ta-b7cc1c640ccf%13:idle->idle,-501/ta-b7cc1c640ccf%14:idle->idle,-501/ta-b7cc1c640ccf%15:idle->idle,-501/ta-b7cc1c640ccf%16:idle->idle,-501/ta-b7cc1c640ccf%17:idle->idle,-501/ta-b7cc1c640ccf%18:idle->idle,-501/ta-b7cc1c640ccf%19:idle->idle,-501/ta-b7cc1c640ccf%20:idle->idle
2026-08-20T10:58:22.994 [favorite] leaveFavorites favorite_workspaces=3 fetched_workspaces=3 inflight=<none>
2026-08-20T10:58:23.018 [view-menu] viewMenuSource current_ref=/tmp/tmux-501/ta-b7cc1c640ccf%0 current_ws=/Volumes/nvme/Projects/远程Agent安卓 current_socket=/tmp/tmux-501/ta-b7cc1c640ccf overlay_ws=/Volumes/nvme/Projects/远程Agent安卓 overlay_socket=/tmp/tmux-501/ta-b7cc1c640ccf last_published_ws=/Volumes/nvme/Projects/远程Agent安卓 sessions=19 source_match=true singleton_mismatch=false
2026-08-20T10:58:23.020 [view-menu] viewMenuSource current_ref=/tmp/tmux-501/ta-b7cc1c640ccf%0 current_ws=/Volumes/nvme/Projects/远程Agent安卓 current_socket=/tmp/tmux-501/ta-b7cc1c640ccf overlay_ws=/Volumes/nvme/Projects/远程Agent安卓 overlay_socket=/tmp/tmux-501/ta-b7cc1c640ccf last_published_ws=/Volumes/nvme/Projects/远程Agent安卓 sessions=19 source_match=true singleton_mismatch=false
2026-08-20T10:58:23.021 [session-live] enterSessionLive src=session-route ref=/tmp/tmux-501/ta-b7cc1c640ccf%0 resolved_ws=/Volumes/nvme/Projects/远程Agent安卓 hint_ws=<none> use_ws=/Volumes/nvme/Projects/远程Agent安卓 subscribed=/Volumes/nvme/Projects/远程Agent安卓 already=true cache_sessions=19 will_subscribe=false
2026-08-20T10:58:23.021 [session-lamp] src=level2-push ref=/tmp/tmux-501/ta-b7cc1c640ccf%0 overlay_n=19 hit=true hit_status=idle hit_ref=/tmp/tmux-501/ta-b7cc1c640ccf%0 lamp=Idle eq_ref=true
2026-08-20T10:58:23.162 [reflow] frame cols=54 render cols=54 bookkept_rows=49 emulator_rows=49
2026-08-20T10:58:25.328 [level2] applyLevel2 src=level2-push workspace=/Volumes/nvme/Projects/远程Agent安卓 seq=2524 subscribed=/Volumes/nvme/Projects/远程Agent安卓 incoming=19 publish=true statuses=x-501/ta-b7cc1c640ccf%0:idle->idle,x-501/ta-b7cc1c640ccf%1:idle->idle,x-501/ta-b7cc1c640ccf%2:idle->idle,x-501/ta-b7cc1c640ccf%3:idle->idle,x-501/ta-b7cc1c640ccf%4:idle->idle,x-501/ta-b7cc1c640ccf%5:idle->idle,x-501/ta-b7cc1c640ccf%6:idle->idle,-501/ta-b7cc1c640ccf%11:idle->idle,x-501/ta-b7cc1c640ccf%8:idle->idle,x-501/ta-b7cc1c640ccf%9:idle->idle,-501/ta-b7cc1c640ccf%12:idle->idle,-501/ta-b7cc1c640ccf%13:idle->idle,-501/ta-b7cc1c640ccf%14:idle->idle,-501/ta-b7cc1c640ccf%15:idle->idle,-501/ta-b7cc1c640ccf%16:idle->idle,-501/ta-b7cc1c640ccf%17:idle->idle,-501/ta-b7cc1c640ccf%18:idle->idle,-501/ta-b7cc1c640ccf%19:idle->idle,-501/ta-b7cc1c640ccf%20:idle->idle
2026-08-20T10:58:25.332 [view-menu] viewMenuSource current_ref=/tmp/tmux-501/ta-b7cc1c640ccf%0 current_ws=/Volumes/nvme/Projects/远程Agent安卓 current_socket=/tmp/tmux-501/ta-b7cc1c640ccf overlay_ws=/Volumes/nvme/Projects/远程Agent安卓 overlay_socket=/tmp/tmux-501/ta-b7cc1c640ccf last_published_ws=/Volumes/nvme/Projects/远程Agent安卓 sessions=19 source_match=true singleton_mismatch=false
2026-08-20T10:58:25.333 [view-menu] viewMenuSource current_ref=/tmp/tmux-501/ta-b7cc1c640ccf%0 current_ws=/Volumes/nvme/Projects/远程Agent安卓 current_socket=/tmp/tmux-501/ta-b7cc1c640ccf overlay_ws=/Volumes/nvme/Projects/远程Agent安卓 overlay_socket=/tmp/tmux-501/ta-b7cc1c640ccf last_published_ws=/Volumes/nvme/Projects/远程Agent安卓 sessions=19 source_match=true singleton_mismatch=false
2026-08-20T10:58:25.333 [session-live] enterSessionLive src=session-route ref=/tmp/tmux-501/ta-b7cc1c640ccf%0 resolved_ws=/Volumes/nvme/Projects/远程Agent安卓 hint_ws=<none> use_ws=/Volumes/nvme/Projects/远程Agent安卓 subscribed=/Volumes/nvme/Projects/远程Agent安卓 already=true cache_sessions=19 will_subscribe=false
2026-08-20T10:58:25.334 [session-lamp] src=level2-push ref=/tmp/tmux-501/ta-b7cc1c640ccf%0 overlay_n=19 hit=true hit_status=idle hit_ref=/tmp/tmux-501/ta-b7cc1c640ccf%0 lamp=Idle eq_ref=true
2026-08-20T10:58:26.543 [refresh] applyListing seq=934 workspaces=7 refreshing_prev=false refreshing_next=false
2026-08-20T10:58:26.591 [favorite] rows match stored_ref=/tmp/tmux-501/ta-a0afa5f9c7f6%0 live_ref=/tmp/tmux-501/ta-a0afa5f9c7f6%0 equal=true cwd_stored=/Volumes/nvme/Projects/讨论team-agent cwd_live=/Volumes/nvme/Projects/讨论team-agent cwd_shown=/Volumes/nvme/Projects/讨论team-agent
2026-08-20T10:58:26.592 [favorite] rows match stored_ref=/tmp/tmux-501/ta-b7cc1c640ccf%0 live_ref=/tmp/tmux-501/ta-b7cc1c640ccf%0 equal=true cwd_stored=/Volumes/nvme/Projects/远程Agent安卓 cwd_live=/Volumes/nvme/Projects/远程Agent安卓 cwd_shown=/Volumes/nvme/Projects/远程Agent安卓
2026-08-20T10:58:26.592 [favorite] rows match stored_ref=/tmp/tmux-501/ta-a9fd5b7defbd%0 live_ref=/tmp/tmux-501/ta-a9fd5b7defbd%0 equal=true cwd_stored=/Users/alauda/Documents/code/agent前沿探索/多agent协作 cwd_live=/Users/alauda/Documents/code/agent前沿探索/多agent协作 cwd_shown=/Users/alauda/Documents/code/agent前沿探索/多agent协作
2026-08-20T10:58:26.595 [favorite] rows stored=3 live=27 online=3 offline=0
2026-08-20T10:58:26.609 [favorite] enterFavorites favorite_workspaces=3 fetched_workspaces=0 cwds=/Users/alauda/Documents/code/agent前沿探索/多agent协作, /Volumes/nvme/Projects/远程Agent安卓, /Volumes/nvme/Projects/讨论team-agent queue=3
2026-08-20T10:58:26.610 [favorite] favoriteFetch start cwd=/Users/alauda/Documents/code/agent前沿探索/多agent协作 favorite_workspaces=3 fetched_workspaces=0 queue_left=2
2026-08-20T10:58:26.675 [view-menu] viewMenuSource current_ref=/tmp/tmux-501/ta-b7cc1c640ccf%0 current_ws=/Volumes/nvme/Projects/远程Agent安卓 current_socket=/tmp/tmux-501/ta-b7cc1c640ccf overlay_ws=/Volumes/nvme/Projects/远程Agent安卓 overlay_socket=/tmp/tmux-501/ta-b7cc1c640ccf last_published_ws=/Volumes/nvme/Projects/远程Agent安卓 sessions=19 source_match=true singleton_mismatch=false
2026-08-20T10:58:26.691 [favorite] rows match stored_ref=/tmp/tmux-501/ta-a0afa5f9c7f6%0 live_ref=/tmp/tmux-501/ta-a0afa5f9c7f6%0 equal=true cwd_stored=/Volumes/nvme/Projects/讨论team-agent cwd_live=/Volumes/nvme/Projects/讨论team-agent cwd_shown=/Volumes/nvme/Projects/讨论team-agent
2026-08-20T10:58:26.692 [favorite] rows match stored_ref=/tmp/tmux-501/ta-b7cc1c640ccf%0 live_ref=/tmp/tmux-501/ta-b7cc1c640ccf%0 equal=true cwd_stored=/Volumes/nvme/Projects/远程Agent安卓 cwd_live=/Volumes/nvme/Projects/远程Agent安卓 cwd_shown=/Volumes/nvme/Projects/远程Agent安卓
2026-08-20T10:58:26.692 [favorite] rows match stored_ref=/tmp/tmux-501/ta-a9fd5b7defbd%0 live_ref=/tmp/tmux-501/ta-a9fd5b7defbd%0 equal=true cwd_stored=/Users/alauda/Documents/code/agent前沿探索/多agent协作 cwd_live=/Users/alauda/Documents/code/agent前沿探索/多agent协作 cwd_shown=/Users/alauda/Documents/code/agent前沿探索/多agent协作
2026-08-20T10:58:26.692 [favorite] rows stored=3 live=27 online=3 offline=0
2026-08-20T10:58:26.697 [view-menu] viewMenuSource current_ref=/tmp/tmux-501/ta-b7cc1c640ccf%0 current_ws=/Volumes/nvme/Projects/远程Agent安卓 current_socket=/tmp/tmux-501/ta-b7cc1c640ccf overlay_ws=/Volumes/nvme/Projects/远程Agent安卓 overlay_socket=/tmp/tmux-501/ta-b7cc1c640ccf last_published_ws=/Volumes/nvme/Projects/远程Agent安卓 sessions=19 source_match=true singleton_mismatch=false
2026-08-20T10:58:26.697 [session-live] enterSessionLive src=session-route ref=/tmp/tmux-501/ta-b7cc1c640ccf%0 resolved_ws=/Volumes/nvme/Projects/远程Agent安卓 hint_ws=<none> use_ws=/Volumes/nvme/Projects/远程Agent安卓 subscribed=/Volumes/nvme/Projects/远程Agent安卓 already=true cache_sessions=19 will_subscribe=false
2026-08-20T10:58:26.921 [viewport] source=windowVisibility visibility=8 width=1236 height=2099
2026-08-20T10:58:27.024 [level2] applyLevel2 src=level2-push workspace=/Volumes/nvme/Projects/远程Agent安卓 seq=2525 subscribed=/Volumes/nvme/Projects/远程Agent安卓 incoming=19 publish=true statuses=x-501/ta-b7cc1c640ccf%0:idle->idle,x-501/ta-b7cc1c640ccf%1:idle->idle,x-501/ta-b7cc1c640ccf%2:idle->idle,x-501/ta-b7cc1c640ccf%3:idle->idle,x-501/ta-b7cc1c640ccf%4:idle->idle,x-501/ta-b7cc1c640ccf%5:idle->idle,x-501/ta-b7cc1c640ccf%6:idle->idle,-501/ta-b7cc1c640ccf%11:idle->idle,x-501/ta-b7cc1c640ccf%8:idle->idle,x-501/ta-b7cc1c640ccf%9:idle->idle,-501/ta-b7cc1c640ccf%12:idle->idle,-501/ta-b7cc1c640ccf%13:idle->idle,-501/ta-b7cc1c640ccf%14:idle->idle,-501/ta-b7cc1c640ccf%15:idle->idle,-501/ta-b7cc1c640ccf%16:idle->idle,-501/ta-b7cc1c640ccf%17:idle->idle,-501/ta-b7cc1c640ccf%18:idle->idle,-501/ta-b7cc1c640ccf%19:idle->idle,-501/ta-b7cc1c640ccf%20:idle->idle
2026-08-20T10:58:27.033 [favorite] rows match stored_ref=/tmp/tmux-501/ta-a0afa5f9c7f6%0 live_ref=/tmp/tmux-501/ta-a0afa5f9c7f6%0 equal=true cwd_stored=/Volumes/nvme/Projects/讨论team-agent cwd_live=/Volumes/nvme/Projects/讨论team-agent cwd_shown=/Volumes/nvme/Projects/讨论team-agent
2026-08-20T10:58:27.034 [favorite] rows match stored_ref=/tmp/tmux-501/ta-b7cc1c640ccf%0 live_ref=/tmp/tmux-501/ta-b7cc1c640ccf%0 equal=true cwd_stored=/Volumes/nvme/Projects/远程Agent安卓 cwd_live=/Volumes/nvme/Projects/远程Agent安卓 cwd_shown=/Volumes/nvme/Projects/远程Agent安卓
2026-08-20T10:58:27.034 [favorite] rows match stored_ref=/tmp/tmux-501/ta-a9fd5b7defbd%0 live_ref=/tmp/tmux-501/ta-a9fd5b7defbd%0 equal=true cwd_stored=/Users/alauda/Documents/code/agent前沿探索/多agent协作 cwd_live=/Users/alauda/Documents/code/agent前沿探索/多agent协作 cwd_shown=/Users/alauda/Documents/code/agent前沿探索/多agent协作
2026-08-20T10:58:27.034 [favorite] rows stored=3 live=27 online=3 offline=0
2026-08-20T10:58:27.442 [favorite] favoriteFetch done cwd=/Users/alauda/Documents/code/agent前沿探索/多agent协作 favorite_workspaces=3 fetched_workspaces=1 queue_left=2
2026-08-20T10:58:27.443 [favorite] favoriteFetch start cwd=/Volumes/nvme/Projects/远程Agent安卓 favorite_workspaces=3 fetched_workspaces=1 queue_left=1
2026-08-20T10:58:27.444 [level2] applyLevel2 src=level2-push workspace=/Users/alauda/Documents/code/agent前沿探索/多agent协作 seq=2526 subscribed=/Volumes/nvme/Projects/远程Agent安卓 incoming=6 publish=false statuses=x-501/ta-a9fd5b7defbd%0:idle->idle,x-501/ta-a9fd5b7defbd%1:idle->idle,x-501/ta-a9fd5b7defbd%2:idle->idle,-501/ta-a9fd5b7defbd%17:idle->idle,x-501/ta-a9fd5b7defbd%5:idle->idle,-501/ta-a9fd5b7defbd%18:idle->idle
2026-08-20T10:58:27.452 [favorite] rows match stored_ref=/tmp/tmux-501/ta-a0afa5f9c7f6%0 live_ref=/tmp/tmux-501/ta-a0afa5f9c7f6%0 equal=true cwd_stored=/Volumes/nvme/Projects/讨论team-agent cwd_live=/Volumes/nvme/Projects/讨论team-agent cwd_shown=/Volumes/nvme/Projects/讨论team-agent
2026-08-20T10:58:27.452 [favorite] rows match stored_ref=/tmp/tmux-501/ta-b7cc1c640ccf%0 live_ref=/tmp/tmux-501/ta-b7cc1c640ccf%0 equal=true cwd_stored=/Volumes/nvme/Projects/远程Agent安卓 cwd_live=/Volumes/nvme/Projects/远程Agent安卓 cwd_shown=/Volumes/nvme/Projects/远程Agent安卓
2026-08-20T10:58:27.452 [favorite] rows match stored_ref=/tmp/tmux-501/ta-a9fd5b7defbd%0 live_ref=/tmp/tmux-501/ta-a9fd5b7defbd%0 equal=true cwd_stored=/Users/alauda/Documents/code/agent前沿探索/多agent协作 cwd_live=/Users/alauda/Documents/code/agent前沿探索/多agent协作 cwd_shown=/Users/alauda/Documents/code/agent前沿探索/多agent协作
2026-08-20T10:58:27.452 [favorite] rows stored=3 live=27 online=3 offline=0
2026-08-20T10:58:27.975 [favorite] favoriteFetch done cwd=/Volumes/nvme/Projects/远程Agent安卓 favorite_workspaces=3 fetched_workspaces=2 queue_left=1
2026-08-20T10:58:27.976 [favorite] favoriteFetch start cwd=/Volumes/nvme/Projects/讨论team-agent favorite_workspaces=3 fetched_workspaces=2 queue_left=0
2026-08-20T10:58:27.976 [level2] applyLevel2 src=level2-push workspace=/Volumes/nvme/Projects/远程Agent安卓 seq=2527 subscribed=/Volumes/nvme/Projects/远程Agent安卓 incoming=19 publish=true statuses=x-501/ta-b7cc1c640ccf%0:idle->idle,x-501/ta-b7cc1c640ccf%1:idle->idle,x-501/ta-b7cc1c640ccf%2:idle->idle,x-501/ta-b7cc1c640ccf%3:idle->idle,x-501/ta-b7cc1c640ccf%4:idle->idle,x-501/ta-b7cc1c640ccf%5:idle->idle,x-501/ta-b7cc1c640ccf%6:idle->idle,-501/ta-b7cc1c640ccf%11:idle->idle,x-501/ta-b7cc1c640ccf%8:idle->idle,x-501/ta-b7cc1c640ccf%9:idle->idle,-501/ta-b7cc1c640ccf%12:idle->idle,-501/ta-b7cc1c640ccf%13:idle->idle,-501/ta-b7cc1c640ccf%14:idle->idle,-501/ta-b7cc1c640ccf%15:idle->idle,-501/ta-b7cc1c640ccf%16:idle->idle,-501/ta-b7cc1c640ccf%17:idle->idle,-501/ta-b7cc1c640ccf%18:idle->idle,-501/ta-b7cc1c640ccf%19:idle->idle,-501/ta-b7cc1c640ccf%20:idle->idle
2026-08-20T10:58:27.984 [favorite] rows match stored_ref=/tmp/tmux-501/ta-a0afa5f9c7f6%0 live_ref=/tmp/tmux-501/ta-a0afa5f9c7f6%0 equal=true cwd_stored=/Volumes/nvme/Projects/讨论team-agent cwd_live=/Volumes/nvme/Projects/讨论team-agent cwd_shown=/Volumes/nvme/Projects/讨论team-agent
2026-08-20T10:58:27.984 [favorite] rows match stored_ref=/tmp/tmux-501/ta-b7cc1c640ccf%0 live_ref=/tmp/tmux-501/ta-b7cc1c640ccf%0 equal=true cwd_stored=/Volumes/nvme/Projects/远程Agent安卓 cwd_live=/Volumes/nvme/Projects/远程Agent安卓 cwd_shown=/Volumes/nvme/Projects/远程Agent安卓
2026-08-20T10:58:27.984 [favorite] rows match stored_ref=/tmp/tmux-501/ta-a9fd5b7defbd%0 live_ref=/tmp/tmux-501/ta-a9fd5b7defbd%0 equal=true cwd_stored=/Users/alauda/Documents/code/agent前沿探索/多agent协作 cwd_live=/Users/alauda/Documents/code/agent前沿探索/多agent协作 cwd_shown=/Users/alauda/Documents/code/agent前沿探索/多agent协作
2026-08-20T10:58:27.984 [favorite] rows stored=3 live=27 online=3 offline=0
2026-08-20T10:58:28.699 [favorite] favoriteFetch done cwd=/Volumes/nvme/Projects/讨论team-agent favorite_workspaces=3 fetched_workspaces=3 queue_left=0
2026-08-20T10:58:28.700 [level2] applyLevel2 src=level2-push workspace=/Volumes/nvme/Projects/讨论team-agent seq=2528 subscribed=/Volumes/nvme/Projects/远程Agent安卓 incoming=2 publish=false statuses=x-501/ta-a0afa5f9c7f6%0:idle->idle,x-501/ta-a0afa5f9c7f6%7:idle->idle
2026-08-20T10:58:28.717 [favorite] rows match stored_ref=/tmp/tmux-501/ta-a0afa5f9c7f6%0 live_ref=/tmp/tmux-501/ta-a0afa5f9c7f6%0 equal=true cwd_stored=/Volumes/nvme/Projects/讨论team-agent cwd_live=/Volumes/nvme/Projects/讨论team-agent cwd_shown=/Volumes/nvme/Projects/讨论team-agent
2026-08-20T10:58:28.717 [favorite] rows match stored_ref=/tmp/tmux-501/ta-b7cc1c640ccf%0 live_ref=/tmp/tmux-501/ta-b7cc1c640ccf%0 equal=true cwd_stored=/Volumes/nvme/Projects/远程Agent安卓 cwd_live=/Volumes/nvme/Projects/远程Agent安卓 cwd_shown=/Volumes/nvme/Projects/远程Agent安卓
2026-08-20T10:58:28.717 [favorite] rows match stored_ref=/tmp/tmux-501/ta-a9fd5b7defbd%0 live_ref=/tmp/tmux-501/ta-a9fd5b7defbd%0 equal=true cwd_stored=/Users/alauda/Documents/code/agent前沿探索/多agent协作 cwd_live=/Users/alauda/Documents/code/agent前沿探索/多agent协作 cwd_shown=/Users/alauda/Documents/code/agent前沿探索/多agent协作
2026-08-20T10:58:28.717 [favorite] rows stored=3 live=27 online=3 offline=0
2026-08-20T10:58:29.452 [view-menu] viewMenuSource current_ref=/tmp/tmux-501/ta-b7cc1c640ccf%0 current_ws=/Volumes/nvme/Projects/远程Agent安卓 current_socket=/tmp/tmux-501/ta-b7cc1c640ccf overlay_ws=/Volumes/nvme/Projects/远程Agent安卓 overlay_socket=/tmp/tmux-501/ta-b7cc1c640ccf last_published_ws=/Volumes/nvme/Projects/远程Agent安卓 sessions=19 source_match=true singleton_mismatch=false
2026-08-20T10:58:29.470 [term-bg-remap] source=theme-chrome night=false defaultBg=0xfff7f8fb ansi0=0xffe7eaf0 userBlock=0xffe6f5f2 paperLuma=248 ansi0Luma=233 blockLuma=240 verdict=paper_ne_ansi0
2026-08-20T10:58:29.474 [viewport] source=windowVisibility visibility=0 width=0 height=0
2026-08-20T10:58:29.481 [view-menu] viewMenuSource current_ref=/tmp/tmux-501/ta-b7cc1c640ccf%0 current_ws=/Volumes/nvme/Projects/远程Agent安卓 current_socket=/tmp/tmux-501/ta-b7cc1c640ccf overlay_ws=/Volumes/nvme/Projects/远程Agent安卓 overlay_socket=/tmp/tmux-501/ta-b7cc1c640ccf last_published_ws=/Volumes/nvme/Projects/远程Agent安卓 sessions=19 source_match=true singleton_mismatch=false
2026-08-20T10:58:29.481 [session-live] enterSessionLive src=session-route ref=/tmp/tmux-501/ta-b7cc1c640ccf%0 resolved_ws=/Volumes/nvme/Projects/远程Agent安卓 hint_ws=<none> use_ws=/Volumes/nvme/Projects/远程Agent安卓 subscribed=/Volumes/nvme/Projects/远程Agent安卓 already=true cache_sessions=19 will_subscribe=false
2026-08-20T10:58:29.495 [viewport] source=onViewportSizeChanged oldW=0 oldH=0 newW=1200 newH=2099 viewportSeeded=false emulatorRows=40 emulatorCols=120
2026-08-20T10:58:29.496 [reflow] resize sent rows=49 cols=54 reason=user ok=true bookkept_rows=49 bookkept_cols=54
2026-08-20T10:58:29.498 [grid] viewport_width_px=1200 cell_width_nominal=22 cell_width_measured=22 reported_cols=54 canvas_capacity_cols=54 overflow_px=0 half_cell_px=11.0
2026-08-20T10:58:29.498 [viewport] source=onViewportSizeChanged result resized=true outgrewGuard=false candidateRows=49 candidateCols=54 emulatorRows=49 emulatorCols=54
2026-08-20T10:58:29.526 [session-lamp] src=level2-push ref=/tmp/tmux-501/ta-b7cc1c640ccf%0 overlay_n=19 hit=true hit_status=idle hit_ref=/tmp/tmux-501/ta-b7cc1c640ccf%0 lamp=Idle eq_ref=true
2026-08-20T10:58:29.528 [reflow] frame cols=54 render cols=54 bookkept_rows=49 emulator_rows=49
2026-08-20T10:58:29.848 [favorite] leaveFavorites favorite_workspaces=3 fetched_workspaces=3 inflight=<none>
2026-08-20T10:58:30.123 [refresh] applyListing seq=934 workspaces=7 refreshing_prev=false refreshing_next=false
2026-08-20T10:58:30.138 [favorite] rows match stored_ref=/tmp/tmux-501/ta-a0afa5f9c7f6%0 live_ref=/tmp/tmux-501/ta-a0afa5f9c7f6%0 equal=true cwd_stored=/Volumes/nvme/Projects/讨论team-agent cwd_live=/Volumes/nvme/Projects/讨论team-agent cwd_shown=/Volumes/nvme/Projects/讨论team-agent
2026-08-20T10:58:30.140 [favorite] rows match stored_ref=/tmp/tmux-501/ta-b7cc1c640ccf%0 live_ref=/tmp/tmux-501/ta-b7cc1c640ccf%0 equal=true cwd_stored=/Volumes/nvme/Projects/远程Agent安卓 cwd_live=/Volumes/nvme/Projects/远程Agent安卓 cwd_shown=/Volumes/nvme/Projects/远程Agent安卓
2026-08-20T10:58:30.140 [favorite] rows match stored_ref=/tmp/tmux-501/ta-a9fd5b7defbd%0 live_ref=/tmp/tmux-501/ta-a9fd5b7defbd%0 equal=true cwd_stored=/Users/alauda/Documents/code/agent前沿探索/多agent协作 cwd_live=/Users/alauda/Documents/code/agent前沿探索/多agent协作 cwd_shown=/Users/alauda/Documents/code/agent前沿探索/多agent协作
2026-08-20T10:58:30.140 [favorite] rows stored=3 live=27 online=3 offline=0
2026-08-20T10:58:30.145 [favorite] enterFavorites favorite_workspaces=3 fetched_workspaces=0 cwds=/Users/alauda/Documents/code/agent前沿探索/多agent协作, /Volumes/nvme/Projects/远程Agent安卓, /Volumes/nvme/Projects/讨论team-agent queue=3
2026-08-20T10:58:30.145 [favorite] favoriteFetch start cwd=/Users/alauda/Documents/code/agent前沿探索/多agent协作 favorite_workspaces=3 fetched_workspaces=0 queue_left=2
2026-08-20T10:58:30.175 [view-menu] viewMenuSource current_ref=/tmp/tmux-501/ta-b7cc1c640ccf%0 current_ws=/Volumes/nvme/Projects/远程Agent安卓 current_socket=/tmp/tmux-501/ta-b7cc1c640ccf overlay_ws=/Volumes/nvme/Projects/远程Agent安卓 overlay_socket=/tmp/tmux-501/ta-b7cc1c640ccf last_published_ws=/Volumes/nvme/Projects/远程Agent安卓 sessions=19 source_match=true singleton_mismatch=false
2026-08-20T10:58:30.180 [favorite] rows match stored_ref=/tmp/tmux-501/ta-a0afa5f9c7f6%0 live_ref=/tmp/tmux-501/ta-a0afa5f9c7f6%0 equal=true cwd_stored=/Volumes/nvme/Projects/讨论team-agent cwd_live=/Volumes/nvme/Projects/讨论team-agent cwd_shown=/Volumes/nvme/Projects/讨论team-agent
2026-08-20T10:58:30.180 [favorite] rows match stored_ref=/tmp/tmux-501/ta-b7cc1c640ccf%0 live_ref=/tmp/tmux-501/ta-b7cc1c640ccf%0 equal=true cwd_stored=/Volumes/nvme/Projects/远程Agent安卓 cwd_live=/Volumes/nvme/Projects/远程Agent安卓 cwd_shown=/Volumes/nvme/Projects/远程Agent安卓
2026-08-20T10:58:30.180 [favorite] rows match stored_ref=/tmp/tmux-501/ta-a9fd5b7defbd%0 live_ref=/tmp/tmux-501/ta-a9fd5b7defbd%0 equal=true cwd_stored=/Users/alauda/Documents/code/agent前沿探索/多agent协作 cwd_live=/Users/alauda/Documents/code/agent前沿探索/多agent协作 cwd_shown=/Users/alauda/Documents/code/agent前沿探索/多agent协作
2026-08-20T10:58:30.180 [favorite] rows stored=3 live=27 online=3 offline=0
2026-08-20T10:58:30.187 [view-menu] viewMenuSource current_ref=/tmp/tmux-501/ta-b7cc1c640ccf%0 current_ws=/Volumes/nvme/Projects/远程Agent安卓 current_socket=/tmp/tmux-501/ta-b7cc1c640ccf overlay_ws=/Volumes/nvme/Projects/远程Agent安卓 overlay_socket=/tmp/tmux-501/ta-b7cc1c640ccf last_published_ws=/Volumes/nvme/Projects/远程Agent安卓 sessions=19 source_match=true singleton_mismatch=false
2026-08-20T10:58:30.187 [session-live] enterSessionLive src=session-route ref=/tmp/tmux-501/ta-b7cc1c640ccf%0 resolved_ws=/Volumes/nvme/Projects/远程Agent安卓 hint_ws=<none> use_ws=/Volumes/nvme/Projects/远程Agent安卓 subscribed=/Volumes/nvme/Projects/远程Agent安卓 already=true cache_sessions=19 will_subscribe=false
2026-08-20T10:58:30.436 [viewport] source=windowVisibility visibility=8 width=1236 height=2099
2026-08-20T10:58:30.502 [view-menu] viewMenuSource current_ref=/tmp/tmux-501/ta-b7cc1c640ccf%0 current_ws=/Volumes/nvme/Projects/远程Agent安卓 current_socket=/tmp/tmux-501/ta-b7cc1c640ccf overlay_ws=/Volumes/nvme/Projects/远程Agent安卓 overlay_socket=/tmp/tmux-501/ta-b7cc1c640ccf last_published_ws=/Volumes/nvme/Projects/远程Agent安卓 sessions=19 source_match=true singleton_mismatch=false
2026-08-20T10:58:30.506 [level2] applyLevel2 src=level2-push workspace=/Volumes/nvme/Projects/远程Agent安卓 seq=2529 subscribed=/Volumes/nvme/Projects/远程Agent安卓 incoming=19 publish=true statuses=x-501/ta-b7cc1c640ccf%0:idle->idle,x-501/ta-b7cc1c640ccf%1:idle->idle,x-501/ta-b7cc1c640ccf%2:idle->idle,x-501/ta-b7cc1c640ccf%3:idle->idle,x-501/ta-b7cc1c640ccf%4:idle->idle,x-501/ta-b7cc1c640ccf%5:idle->idle,x-501/ta-b7cc1c640ccf%6:idle->idle,-501/ta-b7cc1c640ccf%11:idle->idle,x-501/ta-b7cc1c640ccf%8:idle->idle,x-501/ta-b7cc1c640ccf%9:idle->idle,-501/ta-b7cc1c640ccf%12:idle->idle,-501/ta-b7cc1c640ccf%13:idle->idle,-501/ta-b7cc1c640ccf%14:idle->idle,-501/ta-b7cc1c640ccf%15:idle->idle,-501/ta-b7cc1c640ccf%16:idle->idle,-501/ta-b7cc1c640ccf%17:idle->idle,-501/ta-b7cc1c640ccf%18:idle->idle,-501/ta-b7cc1c640ccf%19:idle->idle,-501/ta-b7cc1c640ccf%20:idle->idle
2026-08-20T10:58:30.523 [term-bg-remap] source=theme-chrome night=false defaultBg=0xfff7f8fb ansi0=0xffe7eaf0 userBlock=0xffe6f5f2 paperLuma=248 ansi0Luma=233 blockLuma=240 verdict=paper_ne_ansi0
2026-08-20T10:58:30.527 [viewport] source=windowVisibility visibility=0 width=0 height=0
2026-08-20T10:58:30.532 [view-menu] viewMenuSource current_ref=/tmp/tmux-501/ta-b7cc1c640ccf%0 current_ws=/Volumes/nvme/Projects/远程Agent安卓 current_socket=/tmp/tmux-501/ta-b7cc1c640ccf overlay_ws=/Volumes/nvme/Projects/远程Agent安卓 overlay_socket=/tmp/tmux-501/ta-b7cc1c640ccf last_published_ws=/Volumes/nvme/Projects/远程Agent安卓 sessions=19 source_match=true singleton_mismatch=false
2026-08-20T10:58:30.532 [session-live] enterSessionLive src=session-route ref=/tmp/tmux-501/ta-b7cc1c640ccf%0 resolved_ws=/Volumes/nvme/Projects/远程Agent安卓 hint_ws=<none> use_ws=/Volumes/nvme/Projects/远程Agent安卓 subscribed=/Volumes/nvme/Projects/远程Agent安卓 already=true cache_sessions=19 will_subscribe=false
2026-08-20T10:58:30.564 [viewport] source=onViewportSizeChanged oldW=0 oldH=0 newW=1200 newH=2099 viewportSeeded=false emulatorRows=40 emulatorCols=120
2026-08-20T10:58:30.567 [reflow] resize sent rows=49 cols=54 reason=user ok=true bookkept_rows=49 bookkept_cols=54
2026-08-20T10:58:30.569 [grid] viewport_width_px=1200 cell_width_nominal=22 cell_width_measured=22 reported_cols=54 canvas_capacity_cols=54 overflow_px=0 half_cell_px=11.0
2026-08-20T10:58:30.569 [viewport] source=onViewportSizeChanged result resized=true outgrewGuard=false candidateRows=49 candidateCols=54 emulatorRows=49 emulatorCols=54
2026-08-20T10:58:30.587 [session-lamp] src=level2-push ref=/tmp/tmux-501/ta-b7cc1c640ccf%0 overlay_n=19 hit=true hit_status=idle hit_ref=/tmp/tmux-501/ta-b7cc1c640ccf%0 lamp=Idle eq_ref=true
2026-08-20T10:58:30.606 [view-menu] viewMenuSource current_ref=/tmp/tmux-501/ta-b7cc1c640ccf%0 current_ws=/Volumes/nvme/Projects/远程Agent安卓 current_socket=/tmp/tmux-501/ta-b7cc1c640ccf overlay_ws=/Volumes/nvme/Projects/远程Agent安卓 overlay_socket=/tmp/tmux-501/ta-b7cc1c640ccf last_published_ws=/Volumes/nvme/Projects/远程Agent安卓 sessions=19 source_match=true singleton_mismatch=false
2026-08-20T10:58:30.608 [favorite] rows match stored_ref=/tmp/tmux-501/ta-a0afa5f9c7f6%0 live_ref=/tmp/tmux-501/ta-a0afa5f9c7f6%0 equal=true cwd_stored=/Volumes/nvme/Projects/讨论team-agent cwd_live=/Volumes/nvme/Projects/讨论team-agent cwd_shown=/Volumes/nvme/Projects/讨论team-agent
2026-08-20T10:58:30.608 [favorite] rows match stored_ref=/tmp/tmux-501/ta-b7cc1c640ccf%0 live_ref=/tmp/tmux-501/ta-b7cc1c640ccf%0 equal=true cwd_stored=/Volumes/nvme/Projects/远程Agent安卓 cwd_live=/Volumes/nvme/Projects/远程Agent安卓 cwd_shown=/Volumes/nvme/Projects/远程Agent安卓
2026-08-20T10:58:30.608 [favorite] rows match stored_ref=/tmp/tmux-501/ta-a9fd5b7defbd%0 live_ref=/tmp/tmux-501/ta-a9fd5b7defbd%0 equal=true cwd_stored=/Users/alauda/Documents/code/agent前沿探索/多agent协作 cwd_live=/Users/alauda/Documents/code/agent前沿探索/多agent协作 cwd_shown=/Users/alauda/Documents/code/agent前沿探索/多agent协作
2026-08-20T10:58:30.608 [favorite] rows stored=3 live=27 online=3 offline=0
2026-08-20T10:58:30.610 [view-menu] viewMenuSource current_ref=/tmp/tmux-501/ta-b7cc1c640ccf%0 current_ws=/Volumes/nvme/Projects/远程Agent安卓 current_socket=/tmp/tmux-501/ta-b7cc1c640ccf overlay_ws=/Volumes/nvme/Projects/远程Agent安卓 overlay_socket=/tmp/tmux-501/ta-b7cc1c640ccf last_published_ws=/Volumes/nvme/Projects/远程Agent安卓 sessions=19 source_match=true singleton_mismatch=false
2026-08-20T10:58:30.611 [session-live] enterSessionLive src=session-route ref=/tmp/tmux-501/ta-b7cc1c640ccf%0 resolved_ws=/Volumes/nvme/Projects/远程Agent安卓 hint_ws=<none> use_ws=/Volumes/nvme/Projects/远程Agent安卓 subscribed=/Volumes/nvme/Projects/远程Agent安卓 already=true cache_sessions=19 will_subscribe=false
2026-08-20T10:58:30.628 [session-lamp] src=level2-push ref=/tmp/tmux-501/ta-b7cc1c640ccf%0 overlay_n=19 hit=true hit_status=idle hit_ref=/tmp/tmux-501/ta-b7cc1c640ccf%0 lamp=Idle eq_ref=true
2026-08-20T10:58:30.928 [favorite] leaveFavorites favorite_workspaces=3 fetched_workspaces=0 inflight=/Users/alauda/Documents/code/agent前沿探索/多agent协作
2026-08-20T10:58:31.029 [level2] applyLevel2 src=level2-push workspace=/Users/alauda/Documents/code/agent前沿探索/多agent协作 seq=2530 subscribed=/Volumes/nvme/Projects/远程Agent安卓 incoming=6 publish=false statuses=x-501/ta-a9fd5b7defbd%0:idle->idle,x-501/ta-a9fd5b7defbd%1:idle->idle,x-501/ta-a9fd5b7defbd%2:idle->idle,-501/ta-a9fd5b7defbd%17:idle->idle,x-501/ta-a9fd5b7defbd%5:idle->idle,-501/ta-a9fd5b7defbd%18:idle->idle
2026-08-20T10:58:31.032 [view-menu] viewMenuSource current_ref=/tmp/tmux-501/ta-b7cc1c640ccf%0 current_ws=/Volumes/nvme/Projects/远程Agent安卓 current_socket=/tmp/tmux-501/ta-b7cc1c640ccf overlay_ws=/Volumes/nvme/Projects/远程Agent安卓 overlay_socket=/tmp/tmux-501/ta-b7cc1c640ccf last_published_ws=/Volumes/nvme/Projects/远程Agent安卓 sessions=19 source_match=true singleton_mismatch=false
2026-08-20T10:58:31.033 [view-menu] viewMenuSource current_ref=/tmp/tmux-501/ta-b7cc1c640ccf%0 current_ws=/Volumes/nvme/Projects/远程Agent安卓 current_socket=/tmp/tmux-501/ta-b7cc1c640ccf overlay_ws=/Volumes/nvme/Projects/远程Agent安卓 overlay_socket=/tmp/tmux-501/ta-b7cc1c640ccf last_published_ws=/Volumes/nvme/Projects/远程Agent安卓 sessions=19 source_match=true singleton_mismatch=false
2026-08-20T10:58:31.033 [session-live] enterSessionLive src=session-route ref=/tmp/tmux-501/ta-b7cc1c640ccf%0 resolved_ws=/Volumes/nvme/Projects/远程Agent安卓 hint_ws=<none> use_ws=/Volumes/nvme/Projects/远程Agent安卓 subscribed=/Volumes/nvme/Projects/远程Agent安卓 already=true cache_sessions=19 will_subscribe=false
2026-08-20T10:58:31.124 [reflow] frame cols=54 render cols=54 bookkept_rows=49 emulator_rows=49
2026-08-20T10:58:31.189 [refresh] applyListing seq=934 workspaces=7 refreshing_prev=false refreshing_next=false
2026-08-20T10:58:31.203 [favorite] rows match stored_ref=/tmp/tmux-501/ta-a0afa5f9c7f6%0 live_ref=/tmp/tmux-501/ta-a0afa5f9c7f6%0 equal=true cwd_stored=/Volumes/nvme/Projects/讨论team-agent cwd_live=/Volumes/nvme/Projects/讨论team-agent cwd_shown=/Volumes/nvme/Projects/讨论team-agent
2026-08-20T10:58:31.203 [favorite] rows match stored_ref=/tmp/tmux-501/ta-b7cc1c640ccf%0 live_ref=/tmp/tmux-501/ta-b7cc1c640ccf%0 equal=true cwd_stored=/Volumes/nvme/Projects/远程Agent安卓 cwd_live=/Volumes/nvme/Projects/远程Agent安卓 cwd_shown=/Volumes/nvme/Projects/远程Agent安卓
2026-08-20T10:58:31.203 [favorite] rows match stored_ref=/tmp/tmux-501/ta-a9fd5b7defbd%0 live_ref=/tmp/tmux-501/ta-a9fd5b7defbd%0 equal=true cwd_stored=/Users/alauda/Documents/code/agent前沿探索/多agent协作 cwd_live=/Users/alauda/Documents/code/agent前沿探索/多agent协作 cwd_shown=/Users/alauda/Documents/code/agent前沿探索/多agent协作
2026-08-20T10:58:31.203 [favorite] rows stored=3 live=27 online=3 offline=0
2026-08-20T10:58:31.208 [favorite] enterFavorites favorite_workspaces=3 fetched_workspaces=0 cwds=/Users/alauda/Documents/code/agent前沿探索/多agent协作, /Volumes/nvme/Projects/远程Agent安卓, /Volumes/nvme/Projects/讨论team-agent queue=3
2026-08-20T10:58:31.208 [favorite] favoriteFetch start cwd=/Users/alauda/Documents/code/agent前沿探索/多agent协作 favorite_workspaces=3 fetched_workspaces=0 queue_left=2
2026-08-20T10:58:31.246 [view-menu] viewMenuSource current_ref=/tmp/tmux-501/ta-b7cc1c640ccf%0 current_ws=/Volumes/nvme/Projects/远程Agent安卓 current_socket=/tmp/tmux-501/ta-b7cc1c640ccf overlay_ws=/Volumes/nvme/Projects/远程Agent安卓 overlay_socket=/tmp/tmux-501/ta-b7cc1c640ccf last_published_ws=/Volumes/nvme/Projects/远程Agent安卓 sessions=19 source_match=true singleton_mismatch=false
2026-08-20T10:58:31.248 [favorite] rows match stored_ref=/tmp/tmux-501/ta-a0afa5f9c7f6%0 live_ref=/tmp/tmux-501/ta-a0afa5f9c7f6%0 equal=true cwd_stored=/Volumes/nvme/Projects/讨论team-agent cwd_live=/Volumes/nvme/Projects/讨论team-agent cwd_shown=/Volumes/nvme/Projects/讨论team-agent
2026-08-20T10:58:31.250 [favorite] rows match stored_ref=/tmp/tmux-501/ta-b7cc1c640ccf%0 live_ref=/tmp/tmux-501/ta-b7cc1c640ccf%0 equal=true cwd_stored=/Volumes/nvme/Projects/远程Agent安卓 cwd_live=/Volumes/nvme/Projects/远程Agent安卓 cwd_shown=/Volumes/nvme/Projects/远程Agent安卓
2026-08-20T10:58:31.250 [favorite] rows match stored_ref=/tmp/tmux-501/ta-a9fd5b7defbd%0 live_ref=/tmp/tmux-501/ta-a9fd5b7defbd%0 equal=true cwd_stored=/Users/alauda/Documents/code/agent前沿探索/多agent协作 cwd_live=/Users/alauda/Documents/code/agent前沿探索/多agent协作 cwd_shown=/Users/alauda/Documents/code/agent前沿探索/多agent协作
2026-08-20T10:58:31.250 [favorite] rows stored=3 live=27 online=3 offline=0
2026-08-20T10:58:31.256 [view-menu] viewMenuSource current_ref=/tmp/tmux-501/ta-b7cc1c640ccf%0 current_ws=/Volumes/nvme/Projects/远程Agent安卓 current_socket=/tmp/tmux-501/ta-b7cc1c640ccf overlay_ws=/Volumes/nvme/Projects/远程Agent安卓 overlay_socket=/tmp/tmux-501/ta-b7cc1c640ccf last_published_ws=/Volumes/nvme/Projects/远程Agent安卓 sessions=19 source_match=true singleton_mismatch=false
2026-08-20T10:58:31.256 [session-live] enterSessionLive src=session-route ref=/tmp/tmux-501/ta-b7cc1c640ccf%0 resolved_ws=/Volumes/nvme/Projects/远程Agent安卓 hint_ws=<none> use_ws=/Volumes/nvme/Projects/远程Agent安卓 subscribed=/Volumes/nvme/Projects/远程Agent安卓 already=true cache_sessions=19 will_subscribe=false
2026-08-20T10:58:31.509 [viewport] source=windowVisibility visibility=8 width=1236 height=2099
2026-08-20T10:58:31.583 [view-menu] viewMenuSource current_ref=/tmp/tmux-501/ta-b7cc1c640ccf%0 current_ws=/Volumes/nvme/Projects/远程Agent安卓 current_socket=/tmp/tmux-501/ta-b7cc1c640ccf overlay_ws=/Volumes/nvme/Projects/远程Agent安卓 overlay_socket=/tmp/tmux-501/ta-b7cc1c640ccf last_published_ws=/Volumes/nvme/Projects/远程Agent安卓 sessions=19 source_match=true singleton_mismatch=false
2026-08-20T10:58:31.607 [term-bg-remap] source=theme-chrome night=false defaultBg=0xfff7f8fb ansi0=0xffe7eaf0 userBlock=0xffe6f5f2 paperLuma=248 ansi0Luma=233 blockLuma=240 verdict=paper_ne_ansi0
2026-08-20T10:58:31.609 [viewport] source=windowVisibility visibility=0 width=0 height=0
2026-08-20T10:58:31.615 [view-menu] viewMenuSource current_ref=/tmp/tmux-501/ta-b7cc1c640ccf%0 current_ws=/Volumes/nvme/Projects/远程Agent安卓 current_socket=/tmp/tmux-501/ta-b7cc1c640ccf overlay_ws=/Volumes/nvme/Projects/远程Agent安卓 overlay_socket=/tmp/tmux-501/ta-b7cc1c640ccf last_published_ws=/Volumes/nvme/Projects/远程Agent安卓 sessions=19 source_match=true singleton_mismatch=false
2026-08-20T10:58:31.616 [session-live] enterSessionLive src=session-route ref=/tmp/tmux-501/ta-b7cc1c640ccf%0 resolved_ws=/Volumes/nvme/Projects/远程Agent安卓 hint_ws=<none> use_ws=/Volumes/nvme/Projects/远程Agent安卓 subscribed=/Volumes/nvme/Projects/远程Agent安卓 already=true cache_sessions=19 will_subscribe=false
2026-08-20T10:58:31.631 [viewport] source=onViewportSizeChanged oldW=0 oldH=0 newW=1200 newH=2099 viewportSeeded=false emulatorRows=40 emulatorCols=120
2026-08-20T10:58:31.632 [reflow] resize sent rows=49 cols=54 reason=user ok=true bookkept_rows=49 bookkept_cols=54
2026-08-20T10:58:31.633 [grid] viewport_width_px=1200 cell_width_nominal=22 cell_width_measured=22 reported_cols=54 canvas_capacity_cols=54 overflow_px=0 half_cell_px=11.0
2026-08-20T10:58:31.633 [viewport] source=onViewportSizeChanged result resized=true outgrewGuard=false candidateRows=49 candidateCols=54 emulatorRows=49 emulatorCols=54
2026-08-20T10:58:31.658 [session-lamp] src=level2-push ref=/tmp/tmux-501/ta-b7cc1c640ccf%0 overlay_n=19 hit=true hit_status=idle hit_ref=/tmp/tmux-501/ta-b7cc1c640ccf%0 lamp=Idle eq_ref=true
2026-08-20T10:58:31.694 [level2] applyLevel2 src=level2-push workspace=/Volumes/nvme/Projects/远程Agent安卓 seq=2531 subscribed=/Volumes/nvme/Projects/远程Agent安卓 incoming=19 publish=true statuses=x-501/ta-b7cc1c640ccf%0:idle->idle,x-501/ta-b7cc1c640ccf%1:idle->idle,x-501/ta-b7cc1c640ccf%2:idle->idle,x-501/ta-b7cc1c640ccf%3:idle->idle,x-501/ta-b7cc1c640ccf%4:idle->idle,x-501/ta-b7cc1c640ccf%5:idle->idle,x-501/ta-b7cc1c640ccf%6:idle->idle,-501/ta-b7cc1c640ccf%11:idle->idle,x-501/ta-b7cc1c640ccf%8:idle->idle,x-501/ta-b7cc1c640ccf%9:idle->idle,-501/ta-b7cc1c640ccf%12:idle->idle,-501/ta-b7cc1c640ccf%13:idle->idle,-501/ta-b7cc1c640ccf%14:idle->idle,-501/ta-b7cc1c640ccf%15:idle->idle,-501/ta-b7cc1c640ccf%16:idle->idle,-501/ta-b7cc1c640ccf%17:idle->idle,-501/ta-b7cc1c640ccf%18:idle->idle,-501/ta-b7cc1c640ccf%19:idle->idle,-501/ta-b7cc1c640ccf%20:idle->idle
2026-08-20T10:58:31.701 [view-menu] viewMenuSource current_ref=/tmp/tmux-501/ta-b7cc1c640ccf%0 current_ws=/Volumes/nvme/Projects/远程Agent安卓 current_socket=/tmp/tmux-501/ta-b7cc1c640ccf overlay_ws=/Volumes/nvme/Projects/远程Agent安卓 overlay_socket=/tmp/tmux-501/ta-b7cc1c640ccf last_published_ws=/Volumes/nvme/Projects/远程Agent安卓 sessions=19 source_match=true singleton_mismatch=false
2026-08-20T10:58:31.702 [favorite] rows match stored_ref=/tmp/tmux-501/ta-a0afa5f9c7f6%0 live_ref=/tmp/tmux-501/ta-a0afa5f9c7f6%0 equal=true cwd_stored=/Volumes/nvme/Projects/讨论team-agent cwd_live=/Volumes/nvme/Projects/讨论team-agent cwd_shown=/Volumes/nvme/Projects/讨论team-agent
2026-08-20T10:58:31.702 [favorite] rows match stored_ref=/tmp/tmux-501/ta-b7cc1c640ccf%0 live_ref=/tmp/tmux-501/ta-b7cc1c640ccf%0 equal=true cwd_stored=/Volumes/nvme/Projects/远程Agent安卓 cwd_live=/Volumes/nvme/Projects/远程Agent安卓 cwd_shown=/Volumes/nvme/Projects/远程Agent安卓
2026-08-20T10:58:31.702 [favorite] rows match stored_ref=/tmp/tmux-501/ta-a9fd5b7defbd%0 live_ref=/tmp/tmux-501/ta-a9fd5b7defbd%0 equal=true cwd_stored=/Users/alauda/Documents/code/agent前沿探索/多agent协作 cwd_live=/Users/alauda/Documents/code/agent前沿探索/多agent协作 cwd_shown=/Users/alauda/Documents/code/agent前沿探索/多agent协作
2026-08-20T10:58:31.702 [favorite] rows stored=3 live=27 online=3 offline=0
2026-08-20T10:58:31.704 [view-menu] viewMenuSource current_ref=/tmp/tmux-501/ta-b7cc1c640ccf%0 current_ws=/Volumes/nvme/Projects/远程Agent安卓 current_socket=/tmp/tmux-501/ta-b7cc1c640ccf overlay_ws=/Volumes/nvme/Projects/远程Agent安卓 overlay_socket=/tmp/tmux-501/ta-b7cc1c640ccf last_published_ws=/Volumes/nvme/Projects/远程Agent安卓 sessions=19 source_match=true singleton_mismatch=false
2026-08-20T10:58:31.704 [session-live] enterSessionLive src=session-route ref=/tmp/tmux-501/ta-b7cc1c640ccf%0 resolved_ws=/Volumes/nvme/Projects/远程Agent安卓 hint_ws=<none> use_ws=/Volumes/nvme/Projects/远程Agent安卓 subscribed=/Volumes/nvme/Projects/远程Agent安卓 already=true cache_sessions=19 will_subscribe=false
2026-08-20T10:58:31.973 [favorite] leaveFavorites favorite_workspaces=3 fetched_workspaces=0 inflight=/Users/alauda/Documents/code/agent前沿探索/多agent协作
2026-08-20T10:58:32.077 [level2] applyLevel2 src=level2-push workspace=/Users/alauda/Documents/code/agent前沿探索/多agent协作 seq=2532 subscribed=/Volumes/nvme/Projects/远程Agent安卓 incoming=6 publish=false statuses=x-501/ta-a9fd5b7defbd%0:idle->idle,x-501/ta-a9fd5b7defbd%1:idle->idle,x-501/ta-a9fd5b7defbd%2:idle->idle,-501/ta-a9fd5b7defbd%17:idle->idle,x-501/ta-a9fd5b7defbd%5:idle->idle,-501/ta-a9fd5b7defbd%18:idle->idle
2026-08-20T10:58:32.082 [view-menu] viewMenuSource current_ref=/tmp/tmux-501/ta-b7cc1c640ccf%0 current_ws=/Volumes/nvme/Projects/远程Agent安卓 current_socket=/tmp/tmux-501/ta-b7cc1c640ccf overlay_ws=/Volumes/nvme/Projects/远程Agent安卓 overlay_socket=/tmp/tmux-501/ta-b7cc1c640ccf last_published_ws=/Volumes/nvme/Projects/远程Agent安卓 sessions=19 source_match=true singleton_mismatch=false
2026-08-20T10:58:32.082 [view-menu] viewMenuSource current_ref=/tmp/tmux-501/ta-b7cc1c640ccf%0 current_ws=/Volumes/nvme/Projects/远程Agent安卓 current_socket=/tmp/tmux-501/ta-b7cc1c640ccf overlay_ws=/Volumes/nvme/Projects/远程Agent安卓 overlay_socket=/tmp/tmux-501/ta-b7cc1c640ccf last_published_ws=/Volumes/nvme/Projects/远程Agent安卓 sessions=19 source_match=true singleton_mismatch=false
2026-08-20T10:58:32.083 [session-live] enterSessionLive src=session-route ref=/tmp/tmux-501/ta-b7cc1c640ccf%0 resolved_ws=/Volumes/nvme/Projects/远程Agent安卓 hint_ws=<none> use_ws=/Volumes/nvme/Projects/远程Agent安卓 subscribed=/Volumes/nvme/Projects/远程Agent安卓 already=true cache_sessions=19 will_subscribe=false
2026-08-20T10:58:32.167 [reflow] frame cols=54 render cols=54 bookkept_rows=49 emulator_rows=49
2026-08-20T10:58:32.274 [refresh] applyListing seq=934 workspaces=7 refreshing_prev=false refreshing_next=false
2026-08-20T10:58:32.284 [favorite] rows match stored_ref=/tmp/tmux-501/ta-a0afa5f9c7f6%0 live_ref=/tmp/tmux-501/ta-a0afa5f9c7f6%0 equal=true cwd_stored=/Volumes/nvme/Projects/讨论team-agent cwd_live=/Volumes/nvme/Projects/讨论team-agent cwd_shown=/Volumes/nvme/Projects/讨论team-agent
2026-08-20T10:58:32.284 [favorite] rows match stored_ref=/tmp/tmux-501/ta-b7cc1c640ccf%0 live_ref=/tmp/tmux-501/ta-b7cc1c640ccf%0 equal=true cwd_stored=/Volumes/nvme/Projects/远程Agent安卓 cwd_live=/Volumes/nvme/Projects/远程Agent安卓 cwd_shown=/Volumes/nvme/Projects/远程Agent安卓
2026-08-20T10:58:32.284 [favorite] rows match stored_ref=/tmp/tmux-501/ta-a9fd5b7defbd%0 live_ref=/tmp/tmux-501/ta-a9fd5b7defbd%0 equal=true cwd_stored=/Users/alauda/Documents/code/agent前沿探索/多agent协作 cwd_live=/Users/alauda/Documents/code/agent前沿探索/多agent协作 cwd_shown=/Users/alauda/Documents/code/agent前沿探索/多agent协作
2026-08-20T10:58:32.285 [favorite] rows stored=3 live=27 online=3 offline=0
2026-08-20T10:58:32.288 [favorite] enterFavorites favorite_workspaces=3 fetched_workspaces=0 cwds=/Users/alauda/Documents/code/agent前沿探索/多agent协作, /Volumes/nvme/Projects/远程Agent安卓, /Volumes/nvme/Projects/讨论team-agent queue=3
2026-08-20T10:58:32.289 [favorite] favoriteFetch start cwd=/Users/alauda/Documents/code/agent前沿探索/多agent协作 favorite_workspaces=3 fetched_workspaces=0 queue_left=2
2026-08-20T10:58:32.310 [view-menu] viewMenuSource current_ref=/tmp/tmux-501/ta-b7cc1c640ccf%0 current_ws=/Volumes/nvme/Projects/远程Agent安卓 current_socket=/tmp/tmux-501/ta-b7cc1c640ccf overlay_ws=/Volumes/nvme/Projects/远程Agent安卓 overlay_socket=/tmp/tmux-501/ta-b7cc1c640ccf last_published_ws=/Volumes/nvme/Projects/远程Agent安卓 sessions=19 source_match=true singleton_mismatch=false
2026-08-20T10:58:32.313 [favorite] rows match stored_ref=/tmp/tmux-501/ta-a0afa5f9c7f6%0 live_ref=/tmp/tmux-501/ta-a0afa5f9c7f6%0 equal=true cwd_stored=/Volumes/nvme/Projects/讨论team-agent cwd_live=/Volumes/nvme/Projects/讨论team-agent cwd_shown=/Volumes/nvme/Projects/讨论team-agent
2026-08-20T10:58:32.313 [favorite] rows match stored_ref=/tmp/tmux-501/ta-b7cc1c640ccf%0 live_ref=/tmp/tmux-501/ta-b7cc1c640ccf%0 equal=true cwd_stored=/Volumes/nvme/Projects/远程Agent安卓 cwd_live=/Volumes/nvme/Projects/远程Agent安卓 cwd_shown=/Volumes/nvme/Projects/远程Agent安卓
2026-08-20T10:58:32.313 [favorite] rows match stored_ref=/tmp/tmux-501/ta-a9fd5b7defbd%0 live_ref=/tmp/tmux-501/ta-a9fd5b7defbd%0 equal=true cwd_stored=/Users/alauda/Documents/code/agent前沿探索/多agent协作 cwd_live=/Users/alauda/Documents/code/agent前沿探索/多agent协作 cwd_shown=/Users/alauda/Documents/code/agent前沿探索/多agent协作
2026-08-20T10:58:32.313 [favorite] rows stored=3 live=27 online=3 offline=0
2026-08-20T10:58:32.317 [view-menu] viewMenuSource current_ref=/tmp/tmux-501/ta-b7cc1c640ccf%0 current_ws=/Volumes/nvme/Projects/远程Agent安卓 current_socket=/tmp/tmux-501/ta-b7cc1c640ccf overlay_ws=/Volumes/nvme/Projects/远程Agent安卓 overlay_socket=/tmp/tmux-501/ta-b7cc1c640ccf last_published_ws=/Volumes/nvme/Projects/远程Agent安卓 sessions=19 source_match=true singleton_mismatch=false
2026-08-20T10:58:32.317 [session-live] enterSessionLive src=session-route ref=/tmp/tmux-501/ta-b7cc1c640ccf%0 resolved_ws=/Volumes/nvme/Projects/远程Agent安卓 hint_ws=<none> use_ws=/Volumes/nvme/Projects/远程Agent安卓 subscribed=/Volumes/nvme/Projects/远程Agent安卓 already=true cache_sessions=19 will_subscribe=false
2026-08-20T10:58:32.568 [viewport] source=windowVisibility visibility=8 width=1236 height=2099
2026-08-20T10:58:32.649 [view-menu] viewMenuSource current_ref=/tmp/tmux-501/ta-b7cc1c640ccf%0 current_ws=/Volumes/nvme/Projects/远程Agent安卓 current_socket=/tmp/tmux-501/ta-b7cc1c640ccf overlay_ws=/Volumes/nvme/Projects/远程Agent安卓 overlay_socket=/tmp/tmux-501/ta-b7cc1c640ccf last_published_ws=/Volumes/nvme/Projects/远程Agent安卓 sessions=19 source_match=true singleton_mismatch=false
2026-08-20T10:58:32.661 [term-bg-remap] source=theme-chrome night=false defaultBg=0xfff7f8fb ansi0=0xffe7eaf0 userBlock=0xffe6f5f2 paperLuma=248 ansi0Luma=233 blockLuma=240 verdict=paper_ne_ansi0
2026-08-20T10:58:32.662 [viewport] source=windowVisibility visibility=0 width=0 height=0
2026-08-20T10:58:32.667 [view-menu] viewMenuSource current_ref=/tmp/tmux-501/ta-b7cc1c640ccf%0 current_ws=/Volumes/nvme/Projects/远程Agent安卓 current_socket=/tmp/tmux-501/ta-b7cc1c640ccf overlay_ws=/Volumes/nvme/Projects/远程Agent安卓 overlay_socket=/tmp/tmux-501/ta-b7cc1c640ccf last_published_ws=/Volumes/nvme/Projects/远程Agent安卓 sessions=19 source_match=true singleton_mismatch=false
2026-08-20T10:58:32.667 [session-live] enterSessionLive src=session-route ref=/tmp/tmux-501/ta-b7cc1c640ccf%0 resolved_ws=/Volumes/nvme/Projects/远程Agent安卓 hint_ws=<none> use_ws=/Volumes/nvme/Projects/远程Agent安卓 subscribed=/Volumes/nvme/Projects/远程Agent安卓 already=true cache_sessions=19 will_subscribe=false
2026-08-20T10:58:32.675 [viewport] source=onViewportSizeChanged oldW=0 oldH=0 newW=1200 newH=2099 viewportSeeded=false emulatorRows=40 emulatorCols=120
2026-08-20T10:58:32.675 [reflow] resize sent rows=49 cols=54 reason=user ok=true bookkept_rows=49 bookkept_cols=54
2026-08-20T10:58:32.676 [grid] viewport_width_px=1200 cell_width_nominal=22 cell_width_measured=22 reported_cols=54 canvas_capacity_cols=54 overflow_px=0 half_cell_px=11.0
2026-08-20T10:58:32.676 [viewport] source=onViewportSizeChanged result resized=true outgrewGuard=false candidateRows=49 candidateCols=54 emulatorRows=49 emulatorCols=54
2026-08-20T10:58:32.694 [session-lamp] src=level2-push ref=/tmp/tmux-501/ta-b7cc1c640ccf%0 overlay_n=19 hit=true hit_status=idle hit_ref=/tmp/tmux-501/ta-b7cc1c640ccf%0 lamp=Idle eq_ref=true
2026-08-20T10:58:32.706 [level2] applyLevel2 src=level2-push workspace=/Volumes/nvme/Projects/远程Agent安卓 seq=2533 subscribed=/Volumes/nvme/Projects/远程Agent安卓 incoming=19 publish=true statuses=x-501/ta-b7cc1c640ccf%0:idle->idle,x-501/ta-b7cc1c640ccf%1:idle->idle,x-501/ta-b7cc1c640ccf%2:idle->idle,x-501/ta-b7cc1c640ccf%3:idle->idle,x-501/ta-b7cc1c640ccf%4:idle->idle,x-501/ta-b7cc1c640ccf%5:idle->idle,x-501/ta-b7cc1c640ccf%6:idle->idle,-501/ta-b7cc1c640ccf%11:idle->idle,x-501/ta-b7cc1c640ccf%8:idle->idle,x-501/ta-b7cc1c640ccf%9:idle->idle,-501/ta-b7cc1c640ccf%12:idle->idle,-501/ta-b7cc1c640ccf%13:idle->idle,-501/ta-b7cc1c640ccf%14:idle->idle,-501/ta-b7cc1c640ccf%15:idle->idle,-501/ta-b7cc1c640ccf%16:idle->idle,-501/ta-b7cc1c640ccf%17:idle->idle,-501/ta-b7cc1c640ccf%18:idle->idle,-501/ta-b7cc1c640ccf%19:idle->idle,-501/ta-b7cc1c640ccf%20:idle->idle
2026-08-20T10:58:32.717 [view-menu] viewMenuSource current_ref=/tmp/tmux-501/ta-b7cc1c640ccf%0 current_ws=/Volumes/nvme/Projects/远程Agent安卓 current_socket=/tmp/tmux-501/ta-b7cc1c640ccf overlay_ws=/Volumes/nvme/Projects/远程Agent安卓 overlay_socket=/tmp/tmux-501/ta-b7cc1c640ccf last_published_ws=/Volumes/nvme/Projects/远程Agent安卓 sessions=19 source_match=true singleton_mismatch=false
2026-08-20T10:58:32.718 [favorite] rows match stored_ref=/tmp/tmux-501/ta-a0afa5f9c7f6%0 live_ref=/tmp/tmux-501/ta-a0afa5f9c7f6%0 equal=true cwd_stored=/Volumes/nvme/Projects/讨论team-agent cwd_live=/Volumes/nvme/Projects/讨论team-agent cwd_shown=/Volumes/nvme/Projects/讨论team-agent
2026-08-20T10:58:32.719 [favorite] rows match stored_ref=/tmp/tmux-501/ta-b7cc1c640ccf%0 live_ref=/tmp/tmux-501/ta-b7cc1c640ccf%0 equal=true cwd_stored=/Volumes/nvme/Projects/远程Agent安卓 cwd_live=/Volumes/nvme/Projects/远程Agent安卓 cwd_shown=/Volumes/nvme/Projects/远程Agent安卓
2026-08-20T10:58:32.719 [favorite] rows match stored_ref=/tmp/tmux-501/ta-a9fd5b7defbd%0 live_ref=/tmp/tmux-501/ta-a9fd5b7defbd%0 equal=true cwd_stored=/Users/alauda/Documents/code/agent前沿探索/多agent协作 cwd_live=/Users/alauda/Documents/code/agent前沿探索/多agent协作 cwd_shown=/Users/alauda/Documents/code/agent前沿探索/多agent协作
2026-08-20T10:58:32.719 [favorite] rows stored=3 live=27 online=3 offline=0
2026-08-20T10:58:32.721 [view-menu] viewMenuSource current_ref=/tmp/tmux-501/ta-b7cc1c640ccf%0 current_ws=/Volumes/nvme/Projects/远程Agent安卓 current_socket=/tmp/tmux-501/ta-b7cc1c640ccf overlay_ws=/Volumes/nvme/Projects/远程Agent安卓 overlay_socket=/tmp/tmux-501/ta-b7cc1c640ccf last_published_ws=/Volumes/nvme/Projects/远程Agent安卓 sessions=19 source_match=true singleton_mismatch=false
2026-08-20T10:58:32.721 [session-live] enterSessionLive src=session-route ref=/tmp/tmux-501/ta-b7cc1c640ccf%0 resolved_ws=/Volumes/nvme/Projects/远程Agent安卓 hint_ws=<none> use_ws=/Volumes/nvme/Projects/远程Agent安卓 subscribed=/Volumes/nvme/Projects/远程Agent安卓 already=true cache_sessions=19 will_subscribe=false
2026-08-20T10:58:33.008 [favorite] leaveFavorites favorite_workspaces=3 fetched_workspaces=0 inflight=/Users/alauda/Documents/code/agent前沿探索/多agent协作
2026-08-20T10:58:33.110 [level2] applyLevel2 src=level2-push workspace=/Users/alauda/Documents/code/agent前沿探索/多agent协作 seq=2534 subscribed=/Volumes/nvme/Projects/远程Agent安卓 incoming=6 publish=false statuses=x-501/ta-a9fd5b7defbd%0:idle->idle,x-501/ta-a9fd5b7defbd%1:idle->idle,x-501/ta-a9fd5b7defbd%2:idle->idle,-501/ta-a9fd5b7defbd%17:idle->idle,x-501/ta-a9fd5b7defbd%5:idle->idle,-501/ta-a9fd5b7defbd%18:idle->idle
2026-08-20T10:58:33.116 [view-menu] viewMenuSource current_ref=/tmp/tmux-501/ta-b7cc1c640ccf%0 current_ws=/Volumes/nvme/Projects/远程Agent安卓 current_socket=/tmp/tmux-501/ta-b7cc1c640ccf overlay_ws=/Volumes/nvme/Projects/远程Agent安卓 overlay_socket=/tmp/tmux-501/ta-b7cc1c640ccf last_published_ws=/Volumes/nvme/Projects/远程Agent安卓 sessions=19 source_match=true singleton_mismatch=false
2026-08-20T10:58:33.117 [view-menu] viewMenuSource current_ref=/tmp/tmux-501/ta-b7cc1c640ccf%0 current_ws=/Volumes/nvme/Projects/远程Agent安卓 current_socket=/tmp/tmux-501/ta-b7cc1c640ccf overlay_ws=/Volumes/nvme/Projects/远程Agent安卓 overlay_socket=/tmp/tmux-501/ta-b7cc1c640ccf last_published_ws=/Volumes/nvme/Projects/远程Agent安卓 sessions=19 source_match=true singleton_mismatch=false
2026-08-20T10:58:33.117 [session-live] enterSessionLive src=session-route ref=/tmp/tmux-501/ta-b7cc1c640ccf%0 resolved_ws=/Volumes/nvme/Projects/远程Agent安卓 hint_ws=<none> use_ws=/Volumes/nvme/Projects/远程Agent安卓 subscribed=/Volumes/nvme/Projects/远程Agent安卓 already=true cache_sessions=19 will_subscribe=false
2026-08-20T10:58:33.213 [reflow] frame cols=54 render cols=54 bookkept_rows=49 emulator_rows=49
2026-08-20T10:58:33.321 [refresh] applyListing seq=934 workspaces=7 refreshing_prev=false refreshing_next=false
2026-08-20T10:58:33.341 [favorite] rows match stored_ref=/tmp/tmux-501/ta-a0afa5f9c7f6%0 live_ref=/tmp/tmux-501/ta-a0afa5f9c7f6%0 equal=true cwd_stored=/Volumes/nvme/Projects/讨论team-agent cwd_live=/Volumes/nvme/Projects/讨论team-agent cwd_shown=/Volumes/nvme/Projects/讨论team-agent
2026-08-20T10:58:33.343 [favorite] rows match stored_ref=/tmp/tmux-501/ta-b7cc1c640ccf%0 live_ref=/tmp/tmux-501/ta-b7cc1c640ccf%0 equal=true cwd_stored=/Volumes/nvme/Projects/远程Agent安卓 cwd_live=/Volumes/nvme/Projects/远程Agent安卓 cwd_shown=/Volumes/nvme/Projects/远程Agent安卓
2026-08-20T10:58:33.343 [favorite] rows match stored_ref=/tmp/tmux-501/ta-a9fd5b7defbd%0 live_ref=/tmp/tmux-501/ta-a9fd5b7defbd%0 equal=true cwd_stored=/Users/alauda/Documents/code/agent前沿探索/多agent协作 cwd_live=/Users/alauda/Documents/code/agent前沿探索/多agent协作 cwd_shown=/Users/alauda/Documents/code/agent前沿探索/多agent协作
2026-08-20T10:58:33.343 [favorite] rows stored=3 live=27 online=3 offline=0
2026-08-20T10:58:33.346 [favorite] enterFavorites favorite_workspaces=3 fetched_workspaces=0 cwds=/Users/alauda/Documents/code/agent前沿探索/多agent协作, /Volumes/nvme/Projects/远程Agent安卓, /Volumes/nvme/Projects/讨论team-agent queue=3
2026-08-20T10:58:33.347 [favorite] favoriteFetch start cwd=/Users/alauda/Documents/code/agent前沿探索/多agent协作 favorite_workspaces=3 fetched_workspaces=0 queue_left=2
2026-08-20T10:58:33.377 [view-menu] viewMenuSource current_ref=/tmp/tmux-501/ta-b7cc1c640ccf%0 current_ws=/Volumes/nvme/Projects/远程Agent安卓 current_socket=/tmp/tmux-501/ta-b7cc1c640ccf overlay_ws=/Volumes/nvme/Projects/远程Agent安卓 overlay_socket=/tmp/tmux-501/ta-b7cc1c640ccf last_published_ws=/Volumes/nvme/Projects/远程Agent安卓 sessions=19 source_match=true singleton_mismatch=false
2026-08-20T10:58:33.379 [favorite] rows match stored_ref=/tmp/tmux-501/ta-a0afa5f9c7f6%0 live_ref=/tmp/tmux-501/ta-a0afa5f9c7f6%0 equal=true cwd_stored=/Volumes/nvme/Projects/讨论team-agent cwd_live=/Volumes/nvme/Projects/讨论team-agent cwd_shown=/Volumes/nvme/Projects/讨论team-agent
2026-08-20T10:58:33.379 [favorite] rows match stored_ref=/tmp/tmux-501/ta-b7cc1c640ccf%0 live_ref=/tmp/tmux-501/ta-b7cc1c640ccf%0 equal=true cwd_stored=/Volumes/nvme/Projects/远程Agent安卓 cwd_live=/Volumes/nvme/Projects/远程Agent安卓 cwd_shown=/Volumes/nvme/Projects/远程Agent安卓
2026-08-20T10:58:33.380 [favorite] rows match stored_ref=/tmp/tmux-501/ta-a9fd5b7defbd%0 live_ref=/tmp/tmux-501/ta-a9fd5b7defbd%0 equal=true cwd_stored=/Users/alauda/Documents/code/agent前沿探索/多agent协作 cwd_live=/Users/alauda/Documents/code/agent前沿探索/多agent协作 cwd_shown=/Users/alauda/Documents/code/agent前沿探索/多agent协作
2026-08-20T10:58:33.380 [favorite] rows stored=3 live=27 online=3 offline=0
2026-08-20T10:58:33.385 [view-menu] viewMenuSource current_ref=/tmp/tmux-501/ta-b7cc1c640ccf%0 current_ws=/Volumes/nvme/Projects/远程Agent安卓 current_socket=/tmp/tmux-501/ta-b7cc1c640ccf overlay_ws=/Volumes/nvme/Projects/远程Agent安卓 overlay_socket=/tmp/tmux-501/ta-b7cc1c640ccf last_published_ws=/Volumes/nvme/Projects/远程Agent安卓 sessions=19 source_match=true singleton_mismatch=false
2026-08-20T10:58:33.385 [session-live] enterSessionLive src=session-route ref=/tmp/tmux-501/ta-b7cc1c640ccf%0 resolved_ws=/Volumes/nvme/Projects/远程Agent安卓 hint_ws=<none> use_ws=/Volumes/nvme/Projects/远程Agent安卓 subscribed=/Volumes/nvme/Projects/远程Agent安卓 already=true cache_sessions=19 will_subscribe=false
2026-08-20T10:58:33.655 [viewport] source=windowVisibility visibility=8 width=1236 height=2099
2026-08-20T10:58:33.755 [view-menu] viewMenuSource current_ref=/tmp/tmux-501/ta-b7cc1c640ccf%0 current_ws=/Volumes/nvme/Projects/远程Agent安卓 current_socket=/tmp/tmux-501/ta-b7cc1c640ccf overlay_ws=/Volumes/nvme/Projects/远程Agent安卓 overlay_socket=/tmp/tmux-501/ta-b7cc1c640ccf last_published_ws=/Volumes/nvme/Projects/远程Agent安卓 sessions=19 source_match=true singleton_mismatch=false
2026-08-20T10:58:33.856 [term-bg-remap] source=theme-chrome night=false defaultBg=0xfff7f8fb ansi0=0xffe7eaf0 userBlock=0xffe6f5f2 paperLuma=248 ansi0Luma=233 blockLuma=240 verdict=paper_ne_ansi0
2026-08-20T10:58:33.859 [viewport] source=windowVisibility visibility=0 width=0 height=0
2026-08-20T10:58:33.862 [view-menu] viewMenuSource current_ref=/tmp/tmux-501/ta-b7cc1c640ccf%0 current_ws=/Volumes/nvme/Projects/远程Agent安卓 current_socket=/tmp/tmux-501/ta-b7cc1c640ccf overlay_ws=/Volumes/nvme/Projects/远程Agent安卓 overlay_socket=/tmp/tmux-501/ta-b7cc1c640ccf last_published_ws=/Volumes/nvme/Projects/远程Agent安卓 sessions=19 source_match=true singleton_mismatch=false
2026-08-20T10:58:33.863 [session-live] enterSessionLive src=session-route ref=/tmp/tmux-501/ta-b7cc1c640ccf%0 resolved_ws=/Volumes/nvme/Projects/远程Agent安卓 hint_ws=<none> use_ws=/Volumes/nvme/Projects/远程Agent安卓 subscribed=/Volumes/nvme/Projects/远程Agent安卓 already=true cache_sessions=19 will_subscribe=false
2026-08-20T10:58:33.870 [viewport] source=onViewportSizeChanged oldW=0 oldH=0 newW=1200 newH=2099 viewportSeeded=false emulatorRows=40 emulatorCols=120
2026-08-20T10:58:33.873 [reflow] resize sent rows=49 cols=54 reason=user ok=true bookkept_rows=49 bookkept_cols=54
2026-08-20T10:58:33.874 [grid] viewport_width_px=1200 cell_width_nominal=22 cell_width_measured=22 reported_cols=54 canvas_capacity_cols=54 overflow_px=0 half_cell_px=11.0
2026-08-20T10:58:33.875 [viewport] source=onViewportSizeChanged result resized=true outgrewGuard=false candidateRows=49 candidateCols=54 emulatorRows=49 emulatorCols=54
2026-08-20T10:58:33.904 [session-lamp] src=level2-push ref=/tmp/tmux-501/ta-b7cc1c640ccf%0 overlay_n=19 hit=true hit_status=idle hit_ref=/tmp/tmux-501/ta-b7cc1c640ccf%0 lamp=Idle eq_ref=true
2026-08-20T10:58:33.954 [level2] applyLevel2 src=level2-push workspace=/Volumes/nvme/Projects/远程Agent安卓 seq=2535 subscribed=/Volumes/nvme/Projects/远程Agent安卓 incoming=19 publish=true statuses=x-501/ta-b7cc1c640ccf%0:idle->idle,x-501/ta-b7cc1c640ccf%1:idle->idle,x-501/ta-b7cc1c640ccf%2:idle->idle,x-501/ta-b7cc1c640ccf%3:idle->idle,x-501/ta-b7cc1c640ccf%4:idle->idle,x-501/ta-b7cc1c640ccf%5:idle->idle,x-501/ta-b7cc1c640ccf%6:idle->idle,-501/ta-b7cc1c640ccf%11:idle->idle,x-501/ta-b7cc1c640ccf%8:idle->idle,x-501/ta-b7cc1c640ccf%9:idle->idle,-501/ta-b7cc1c640ccf%12:idle->idle,-501/ta-b7cc1c640ccf%13:idle->idle,-501/ta-b7cc1c640ccf%14:idle->idle,-501/ta-b7cc1c640ccf%15:idle->idle,-501/ta-b7cc1c640ccf%16:idle->idle,-501/ta-b7cc1c640ccf%17:idle->idle,-501/ta-b7cc1c640ccf%18:idle->idle,-501/ta-b7cc1c640ccf%19:idle->idle,-501/ta-b7cc1c640ccf%20:idle->idle
2026-08-20T10:58:33.966 [view-menu] viewMenuSource current_ref=/tmp/tmux-501/ta-b7cc1c640ccf%0 current_ws=/Volumes/nvme/Projects/远程Agent安卓 current_socket=/tmp/tmux-501/ta-b7cc1c640ccf overlay_ws=/Volumes/nvme/Projects/远程Agent安卓 overlay_socket=/tmp/tmux-501/ta-b7cc1c640ccf last_published_ws=/Volumes/nvme/Projects/远程Agent安卓 sessions=19 source_match=true singleton_mismatch=false
2026-08-20T10:58:33.968 [favorite] rows match stored_ref=/tmp/tmux-501/ta-a0afa5f9c7f6%0 live_ref=/tmp/tmux-501/ta-a0afa5f9c7f6%0 equal=true cwd_stored=/Volumes/nvme/Projects/讨论team-agent cwd_live=/Volumes/nvme/Projects/讨论team-agent cwd_shown=/Volumes/nvme/Projects/讨论team-agent
2026-08-20T10:58:33.970 [favorite] rows match stored_ref=/tmp/tmux-501/ta-b7cc1c640ccf%0 live_ref=/tmp/tmux-501/ta-b7cc1c640ccf%0 equal=true cwd_stored=/Volumes/nvme/Projects/远程Agent安卓 cwd_live=/Volumes/nvme/Projects/远程Agent安卓 cwd_shown=/Volumes/nvme/Projects/远程Agent安卓
2026-08-20T10:58:33.970 [favorite] rows match stored_ref=/tmp/tmux-501/ta-a9fd5b7defbd%0 live_ref=/tmp/tmux-501/ta-a9fd5b7defbd%0 equal=true cwd_stored=/Users/alauda/Documents/code/agent前沿探索/多agent协作 cwd_live=/Users/alauda/Documents/code/agent前沿探索/多agent协作 cwd_shown=/Users/alauda/Documents/code/agent前沿探索/多agent协作
2026-08-20T10:58:33.970 [favorite] rows stored=3 live=27 online=3 offline=0
2026-08-20T10:58:33.972 [view-menu] viewMenuSource current_ref=/tmp/tmux-501/ta-b7cc1c640ccf%0 current_ws=/Volumes/nvme/Projects/远程Agent安卓 current_socket=/tmp/tmux-501/ta-b7cc1c640ccf overlay_ws=/Volumes/nvme/Projects/远程Agent安卓 overlay_socket=/tmp/tmux-501/ta-b7cc1c640ccf last_published_ws=/Volumes/nvme/Projects/远程Agent安卓 sessions=19 source_match=true singleton_mismatch=false
2026-08-20T10:58:33.973 [session-live] enterSessionLive src=session-route ref=/tmp/tmux-501/ta-b7cc1c640ccf%0 resolved_ws=/Volumes/nvme/Projects/远程Agent安卓 hint_ws=<none> use_ws=/Volumes/nvme/Projects/远程Agent安卓 subscribed=/Volumes/nvme/Projects/远程Agent安卓 already=true cache_sessions=19 will_subscribe=false
2026-08-20T10:58:34.222 [favorite] leaveFavorites favorite_workspaces=3 fetched_workspaces=0 inflight=/Users/alauda/Documents/code/agent前沿探索/多agent协作
2026-08-20T10:58:34.361 [level2] applyLevel2 src=level2-push workspace=/Users/alauda/Documents/code/agent前沿探索/多agent协作 seq=2536 subscribed=/Volumes/nvme/Projects/远程Agent安卓 incoming=6 publish=false statuses=x-501/ta-a9fd5b7defbd%0:idle->idle,x-501/ta-a9fd5b7defbd%1:idle->idle,x-501/ta-a9fd5b7defbd%2:idle->idle,-501/ta-a9fd5b7defbd%17:idle->idle,x-501/ta-a9fd5b7defbd%5:idle->idle,-501/ta-a9fd5b7defbd%18:idle->idle
2026-08-20T10:58:34.365 [view-menu] viewMenuSource current_ref=/tmp/tmux-501/ta-b7cc1c640ccf%0 current_ws=/Volumes/nvme/Projects/远程Agent安卓 current_socket=/tmp/tmux-501/ta-b7cc1c640ccf overlay_ws=/Volumes/nvme/Projects/远程Agent安卓 overlay_socket=/tmp/tmux-501/ta-b7cc1c640ccf last_published_ws=/Volumes/nvme/Projects/远程Agent安卓 sessions=19 source_match=true singleton_mismatch=false
2026-08-20T10:58:34.366 [view-menu] viewMenuSource current_ref=/tmp/tmux-501/ta-b7cc1c640ccf%0 current_ws=/Volumes/nvme/Projects/远程Agent安卓 current_socket=/tmp/tmux-501/ta-b7cc1c640ccf overlay_ws=/Volumes/nvme/Projects/远程Agent安卓 overlay_socket=/tmp/tmux-501/ta-b7cc1c640ccf last_published_ws=/Volumes/nvme/Projects/远程Agent安卓 sessions=19 source_match=true singleton_mismatch=false
2026-08-20T10:58:34.366 [session-live] enterSessionLive src=session-route ref=/tmp/tmux-501/ta-b7cc1c640ccf%0 resolved_ws=/Volumes/nvme/Projects/远程Agent安卓 hint_ws=<none> use_ws=/Volumes/nvme/Projects/远程Agent安卓 subscribed=/Volumes/nvme/Projects/远程Agent安卓 already=true cache_sessions=19 will_subscribe=false
2026-08-20T10:58:34.449 [reflow] frame cols=54 render cols=54 bookkept_rows=49 emulator_rows=49
2026-08-20T10:58:36.868 [refresh] applyListing seq=934 workspaces=7 refreshing_prev=false refreshing_next=false
2026-08-20T10:58:36.878 [favorite] rows match stored_ref=/tmp/tmux-501/ta-a0afa5f9c7f6%0 live_ref=/tmp/tmux-501/ta-a0afa5f9c7f6%0 equal=true cwd_stored=/Volumes/nvme/Projects/讨论team-agent cwd_live=/Volumes/nvme/Projects/讨论team-agent cwd_shown=/Volumes/nvme/Projects/讨论team-agent
2026-08-20T10:58:36.878 [favorite] rows match stored_ref=/tmp/tmux-501/ta-b7cc1c640ccf%0 live_ref=/tmp/tmux-501/ta-b7cc1c640ccf%0 equal=true cwd_stored=/Volumes/nvme/Projects/远程Agent安卓 cwd_live=/Volumes/nvme/Projects/远程Agent安卓 cwd_shown=/Volumes/nvme/Projects/远程Agent安卓
2026-08-20T10:58:36.878 [favorite] rows match stored_ref=/tmp/tmux-501/ta-a9fd5b7defbd%0 live_ref=/tmp/tmux-501/ta-a9fd5b7defbd%0 equal=true cwd_stored=/Users/alauda/Documents/code/agent前沿探索/多agent协作 cwd_live=/Users/alauda/Documents/code/agent前沿探索/多agent协作 cwd_shown=/Users/alauda/Documents/code/agent前沿探索/多agent协作
2026-08-20T10:58:36.878 [favorite] rows stored=3 live=27 online=3 offline=0
2026-08-20T10:58:36.884 [favorite] enterFavorites favorite_workspaces=3 fetched_workspaces=0 cwds=/Users/alauda/Documents/code/agent前沿探索/多agent协作, /Volumes/nvme/Projects/远程Agent安卓, /Volumes/nvme/Projects/讨论team-agent queue=3
2026-08-20T10:58:36.884 [favorite] favoriteFetch start cwd=/Users/alauda/Documents/code/agent前沿探索/多agent协作 favorite_workspaces=3 fetched_workspaces=0 queue_left=2
2026-08-20T10:58:36.908 [view-menu] viewMenuSource current_ref=/tmp/tmux-501/ta-b7cc1c640ccf%0 current_ws=/Volumes/nvme/Projects/远程Agent安卓 current_socket=/tmp/tmux-501/ta-b7cc1c640ccf overlay_ws=/Volumes/nvme/Projects/远程Agent安卓 overlay_socket=/tmp/tmux-501/ta-b7cc1c640ccf last_published_ws=/Volumes/nvme/Projects/远程Agent安卓 sessions=19 source_match=true singleton_mismatch=false
2026-08-20T10:58:36.911 [favorite] rows match stored_ref=/tmp/tmux-501/ta-a0afa5f9c7f6%0 live_ref=/tmp/tmux-501/ta-a0afa5f9c7f6%0 equal=true cwd_stored=/Volumes/nvme/Projects/讨论team-agent cwd_live=/Volumes/nvme/Projects/讨论team-agent cwd_shown=/Volumes/nvme/Projects/讨论team-agent
2026-08-20T10:58:36.912 [favorite] rows match stored_ref=/tmp/tmux-501/ta-b7cc1c640ccf%0 live_ref=/tmp/tmux-501/ta-b7cc1c640ccf%0 equal=true cwd_stored=/Volumes/nvme/Projects/远程Agent安卓 cwd_live=/Volumes/nvme/Projects/远程Agent安卓 cwd_shown=/Volumes/nvme/Projects/远程Agent安卓
2026-08-20T10:58:36.912 [favorite] rows match stored_ref=/tmp/tmux-501/ta-a9fd5b7defbd%0 live_ref=/tmp/tmux-501/ta-a9fd5b7defbd%0 equal=true cwd_stored=/Users/alauda/Documents/code/agent前沿探索/多agent协作 cwd_live=/Users/alauda/Documents/code/agent前沿探索/多agent协作 cwd_shown=/Users/alauda/Documents/code/agent前沿探索/多agent协作
2026-08-20T10:58:36.912 [favorite] rows stored=3 live=27 online=3 offline=0
2026-08-20T10:58:36.917 [view-menu] viewMenuSource current_ref=/tmp/tmux-501/ta-b7cc1c640ccf%0 current_ws=/Volumes/nvme/Projects/远程Agent安卓 current_socket=/tmp/tmux-501/ta-b7cc1c640ccf overlay_ws=/Volumes/nvme/Projects/远程Agent安卓 overlay_socket=/tmp/tmux-501/ta-b7cc1c640ccf last_published_ws=/Volumes/nvme/Projects/远程Agent安卓 sessions=19 source_match=true singleton_mismatch=false
2026-08-20T10:58:36.917 [session-live] enterSessionLive src=session-route ref=/tmp/tmux-501/ta-b7cc1c640ccf%0 resolved_ws=/Volumes/nvme/Projects/远程Agent安卓 hint_ws=<none> use_ws=/Volumes/nvme/Projects/远程Agent安卓 subscribed=/Volumes/nvme/Projects/远程Agent安卓 already=true cache_sessions=19 will_subscribe=false
2026-08-20T10:58:37.170 [viewport] source=windowVisibility visibility=8 width=1236 height=2099
2026-08-20T10:58:37.265 [level2] applyLevel2 src=level2-push workspace=/Volumes/nvme/Projects/远程Agent安卓 seq=2537 subscribed=/Volumes/nvme/Projects/远程Agent安卓 incoming=19 publish=true statuses=x-501/ta-b7cc1c640ccf%0:idle->idle,x-501/ta-b7cc1c640ccf%1:idle->idle,x-501/ta-b7cc1c640ccf%2:idle->idle,x-501/ta-b7cc1c640ccf%3:idle->idle,x-501/ta-b7cc1c640ccf%4:idle->idle,x-501/ta-b7cc1c640ccf%5:idle->idle,x-501/ta-b7cc1c640ccf%6:idle->idle,-501/ta-b7cc1c640ccf%11:idle->idle,x-501/ta-b7cc1c640ccf%8:idle->idle,x-501/ta-b7cc1c640ccf%9:idle->idle,-501/ta-b7cc1c640ccf%12:idle->idle,-501/ta-b7cc1c640ccf%13:idle->idle,-501/ta-b7cc1c640ccf%14:idle->idle,-501/ta-b7cc1c640ccf%15:idle->idle,-501/ta-b7cc1c640ccf%16:idle->idle,-501/ta-b7cc1c640ccf%17:idle->idle,-501/ta-b7cc1c640ccf%18:idle->idle,-501/ta-b7cc1c640ccf%19:idle->idle,-501/ta-b7cc1c640ccf%20:idle->idle
2026-08-20T10:58:37.282 [favorite] rows match stored_ref=/tmp/tmux-501/ta-a0afa5f9c7f6%0 live_ref=/tmp/tmux-501/ta-a0afa5f9c7f6%0 equal=true cwd_stored=/Volumes/nvme/Projects/讨论team-agent cwd_live=/Volumes/nvme/Projects/讨论team-agent cwd_shown=/Volumes/nvme/Projects/讨论team-agent
2026-08-20T10:58:37.282 [favorite] rows match stored_ref=/tmp/tmux-501/ta-b7cc1c640ccf%0 live_ref=/tmp/tmux-501/ta-b7cc1c640ccf%0 equal=true cwd_stored=/Volumes/nvme/Projects/远程Agent安卓 cwd_live=/Volumes/nvme/Projects/远程Agent安卓 cwd_shown=/Volumes/nvme/Projects/远程Agent安卓
2026-08-20T10:58:37.282 [favorite] rows match stored_ref=/tmp/tmux-501/ta-a9fd5b7defbd%0 live_ref=/tmp/tmux-501/ta-a9fd5b7defbd%0 equal=true cwd_stored=/Users/alauda/Documents/code/agent前沿探索/多agent协作 cwd_live=/Users/alauda/Documents/code/agent前沿探索/多agent协作 cwd_shown=/Users/alauda/Documents/code/agent前沿探索/多agent协作
2026-08-20T10:58:37.282 [favorite] rows stored=3 live=27 online=3 offline=0
2026-08-20T10:58:37.631 [favorite] favoriteFetch done cwd=/Users/alauda/Documents/code/agent前沿探索/多agent协作 favorite_workspaces=3 fetched_workspaces=1 queue_left=2
2026-08-20T10:58:37.632 [favorite] favoriteFetch start cwd=/Volumes/nvme/Projects/远程Agent安卓 favorite_workspaces=3 fetched_workspaces=1 queue_left=1
2026-08-20T10:58:37.633 [level2] applyLevel2 src=level2-push workspace=/Users/alauda/Documents/code/agent前沿探索/多agent协作 seq=2538 subscribed=/Volumes/nvme/Projects/远程Agent安卓 incoming=6 publish=false statuses=x-501/ta-a9fd5b7defbd%0:idle->idle,x-501/ta-a9fd5b7defbd%1:idle->idle,x-501/ta-a9fd5b7defbd%2:idle->idle,-501/ta-a9fd5b7defbd%17:idle->idle,x-501/ta-a9fd5b7defbd%5:idle->idle,-501/ta-a9fd5b7defbd%18:idle->idle
2026-08-20T10:58:37.652 [favorite] rows match stored_ref=/tmp/tmux-501/ta-a0afa5f9c7f6%0 live_ref=/tmp/tmux-501/ta-a0afa5f9c7f6%0 equal=true cwd_stored=/Volumes/nvme/Projects/讨论team-agent cwd_live=/Volumes/nvme/Projects/讨论team-agent cwd_shown=/Volumes/nvme/Projects/讨论team-agent
2026-08-20T10:58:37.652 [favorite] rows match stored_ref=/tmp/tmux-501/ta-b7cc1c640ccf%0 live_ref=/tmp/tmux-501/ta-b7cc1c640ccf%0 equal=true cwd_stored=/Volumes/nvme/Projects/远程Agent安卓 cwd_live=/Volumes/nvme/Projects/远程Agent安卓 cwd_shown=/Volumes/nvme/Projects/远程Agent安卓
2026-08-20T10:58:37.652 [favorite] rows match stored_ref=/tmp/tmux-501/ta-a9fd5b7defbd%0 live_ref=/tmp/tmux-501/ta-a9fd5b7defbd%0 equal=true cwd_stored=/Users/alauda/Documents/code/agent前沿探索/多agent协作 cwd_live=/Users/alauda/Documents/code/agent前沿探索/多agent协作 cwd_shown=/Users/alauda/Documents/code/agent前沿探索/多agent协作
2026-08-20T10:58:37.652 [favorite] rows stored=3 live=27 online=3 offline=0
2026-08-20T10:58:38.026 [favorite] favoriteFetch done cwd=/Volumes/nvme/Projects/远程Agent安卓 favorite_workspaces=3 fetched_workspaces=2 queue_left=1
2026-08-20T10:58:38.026 [favorite] favoriteFetch start cwd=/Volumes/nvme/Projects/讨论team-agent favorite_workspaces=3 fetched_workspaces=2 queue_left=0
2026-08-20T10:58:38.026 [level2] applyLevel2 src=level2-push workspace=/Volumes/nvme/Projects/远程Agent安卓 seq=2539 subscribed=/Volumes/nvme/Projects/远程Agent安卓 incoming=19 publish=true statuses=x-501/ta-b7cc1c640ccf%0:idle->idle,x-501/ta-b7cc1c640ccf%1:idle->idle,x-501/ta-b7cc1c640ccf%2:idle->idle,x-501/ta-b7cc1c640ccf%3:idle->idle,x-501/ta-b7cc1c640ccf%4:idle->idle,x-501/ta-b7cc1c640ccf%5:idle->idle,x-501/ta-b7cc1c640ccf%6:idle->idle,-501/ta-b7cc1c640ccf%11:idle->idle,x-501/ta-b7cc1c640ccf%8:idle->idle,x-501/ta-b7cc1c640ccf%9:idle->idle,-501/ta-b7cc1c640ccf%12:idle->idle,-501/ta-b7cc1c640ccf%13:idle->idle,-501/ta-b7cc1c640ccf%14:idle->idle,-501/ta-b7cc1c640ccf%15:idle->idle,-501/ta-b7cc1c640ccf%16:idle->idle,-501/ta-b7cc1c640ccf%17:idle->idle,-501/ta-b7cc1c640ccf%18:idle->idle,-501/ta-b7cc1c640ccf%19:idle->idle,-501/ta-b7cc1c640ccf%20:idle->idle
2026-08-20T10:58:38.032 [favorite] rows match stored_ref=/tmp/tmux-501/ta-a0afa5f9c7f6%0 live_ref=/tmp/tmux-501/ta-a0afa5f9c7f6%0 equal=true cwd_stored=/Volumes/nvme/Projects/讨论team-agent cwd_live=/Volumes/nvme/Projects/讨论team-agent cwd_shown=/Volumes/nvme/Projects/讨论team-agent
2026-08-20T10:58:38.032 [favorite] rows match stored_ref=/tmp/tmux-501/ta-b7cc1c640ccf%0 live_ref=/tmp/tmux-501/ta-b7cc1c640ccf%0 equal=true cwd_stored=/Volumes/nvme/Projects/远程Agent安卓 cwd_live=/Volumes/nvme/Projects/远程Agent安卓 cwd_shown=/Volumes/nvme/Projects/远程Agent安卓
2026-08-20T10:58:38.032 [favorite] rows match stored_ref=/tmp/tmux-501/ta-a9fd5b7defbd%0 live_ref=/tmp/tmux-501/ta-a9fd5b7defbd%0 equal=true cwd_stored=/Users/alauda/Documents/code/agent前沿探索/多agent协作 cwd_live=/Users/alauda/Documents/code/agent前沿探索/多agent协作 cwd_shown=/Users/alauda/Documents/code/agent前沿探索/多agent协作
2026-08-20T10:58:38.032 [favorite] rows stored=3 live=27 online=3 offline=0
2026-08-20T10:58:38.459 [favorite] favoriteFetch done cwd=/Volumes/nvme/Projects/讨论team-agent favorite_workspaces=3 fetched_workspaces=3 queue_left=0
2026-08-20T10:58:38.460 [level2] applyLevel2 src=level2-push workspace=/Volumes/nvme/Projects/讨论team-agent seq=2540 subscribed=/Volumes/nvme/Projects/远程Agent安卓 incoming=2 publish=false statuses=x-501/ta-a0afa5f9c7f6%0:idle->idle,x-501/ta-a0afa5f9c7f6%7:idle->idle
2026-08-20T10:58:38.465 [favorite] rows match stored_ref=/tmp/tmux-501/ta-a0afa5f9c7f6%0 live_ref=/tmp/tmux-501/ta-a0afa5f9c7f6%0 equal=true cwd_stored=/Volumes/nvme/Projects/讨论team-agent cwd_live=/Volumes/nvme/Projects/讨论team-agent cwd_shown=/Volumes/nvme/Projects/讨论team-agent
2026-08-20T10:58:38.465 [favorite] rows match stored_ref=/tmp/tmux-501/ta-b7cc1c640ccf%0 live_ref=/tmp/tmux-501/ta-b7cc1c640ccf%0 equal=true cwd_stored=/Volumes/nvme/Projects/远程Agent安卓 cwd_live=/Volumes/nvme/Projects/远程Agent安卓 cwd_shown=/Volumes/nvme/Projects/远程Agent安卓
2026-08-20T10:58:38.465 [favorite] rows match stored_ref=/tmp/tmux-501/ta-a9fd5b7defbd%0 live_ref=/tmp/tmux-501/ta-a9fd5b7defbd%0 equal=true cwd_stored=/Users/alauda/Documents/code/agent前沿探索/多agent协作 cwd_live=/Users/alauda/Documents/code/agent前沿探索/多agent协作 cwd_shown=/Users/alauda/Documents/code/agent前沿探索/多agent协作
2026-08-20T10:58:38.465 [favorite] rows stored=3 live=27 online=3 offline=0
2026-08-20T10:58:39.965 [favorite] leaveFavorites favorite_workspaces=3 fetched_workspaces=3 inflight=<none>
