## headscale-configtest.log


## headscale.stderr


## headscale-cli.stderr


## sandbox-check.log


## go-build.log


## daemon.stderr
time=2026-08-10T03:15:30.073+08:00 level=INFO msg="single-instance guard acquired" pidfile=TASK_TMP/daemon-state/agentmirrord.pid
time=2026-08-10T03:15:30.073+08:00 level=INFO msg="pairing token source=explicit"
time=2026-08-10T03:15:30.073+08:00 level=INFO msg="agentmirrord starting" listen=127.0.0.1:43920 qr_listen="" token_source=explicit upload_dir="" max_upload_mib=20 list_interval=2s
time=2026-08-10T03:15:30.073+08:00 level=INFO msg="tailnet 已启用" hostname=MacBook-Pro.local state_dir=TASK_TMP/daemon-state/tsnet
time=2026-08-10T03:15:30.073+08:00 level=INFO msg="tailnet 入网中（等待 Tailscale 控制面握手）…"
2026/08/10 03:15:30 tsnet running state path TASK_TMP/daemon-state/tsnet/tailscaled.state
2026/08/10 03:15:30 tsnet starting with hostname "MacBook-Pro.local", varRoot "TASK_TMP/daemon-state/tsnet"
2026/08/10 03:15:30 LocalBackend state is NeedsLogin; running StartLoginInteractive...
2026/08/10 03:15:30 AuthLoop: state is Starting; done
time=2026-08-10T03:15:33.217+08:00 level=INFO msg="tailnet 已入网" ip=100.64.0.1
time=2026-08-10T03:17:16.191+08:00 level=INFO msg="shutting down"


## android-start-user.log
Success: user started


## android-switch-user.log


## android-app-start.log
Starting: Intent { cmp=dev.agentmirror.app/.MainActivity }


## android-device-ready.log
[exec] wake emulator device=emulator-5554 key=KEYCODE_WAKEUP
[exec] dismiss keyguard device=emulator-5554 user=12
[state] wakefulness=Awake user_state=RUNNING_UNLOCKED


## android-camera-state.log
 (supportedHardwareLevel) 655362 (availableNoiseReductionModes) 1048578 (availableModes) ]
        [786438 (maxNumOutputStreams) 786442 (pipelineMaxDepth) 786443 (partialResultCount) 786444 (availableCapabilities) ]
        [786445 (availableRequestKeys) 786446 (availableResultKeys) 786447 (availableCharacteristicsKeys) 65575 (postRawSensitivityBoostRange) ]
        [65579 (availableExtendedSceneModeMaxSizes) 65580 (availableExtendedSceneModeZoomRatioRanges) 65582 (zoomRatioRange) 65592 (autoframingAvailable) ]
        [983050 (preCorrectionActiveArraySize) 393217 (availableHotPixelModes) 1572865 (maxCaptureStall) 786440 (maxNumInputStreams) ]
        [851977 (availableInputOutputFormatsMap) 917507 (referenceIlluminant1) 917509 (calibrationTransform1) 917511 (colorTransform1) ]
        [917513 (forwardMatrix1) 1179654 (availableHotPixelMapModes) 851984 (availableRotateAndCropModes) -2080374781 (hdrplus.PayloadFrames) ]
        [-2080374773 (hdr.UsageMode) 2162688 (availableJpegRStreamConfigurations) 2162689 (availableJpegRMinFrameDurations) 2162690 (availableJpegRStallDurations) ]
      android.request.availableColorSpaceProfilesMap (c0015): int64[30]
        [0 35 ]
        [1 16 ]
        [54 2 ]
        [7 35 ]
        [1 0 ]
        [34 1 ]
        [16 34 ]
        [2 7 ]
        [34 1 ]
        [0 256 ]
        [1 7 ]
        [256 1 ]
        [0 4101 ]
        [3 7 ]
        [4101 3 ]
      android.request.availableDynamicRangeProfilesMap (c0013): int64[3]
        [2 3 ]
        [0 ]
      android.request.availableRequestKeys (c000d): int32[71]
        [786435 (metadataMode) 786433 (id) 786432 (frameCount) 524290 (focalLength) ]
        [524291 (focusDistance) 524288 (aperture) 524289 (filterDensity) 524292 (opticalStabilizationMode) ]
        [917504 (exposureTime) 917505 (frameDuration) 917506 (sensitivity) 262146 (mode) ]
        [262144 (firingPower) 262145 (firingTime) 393216 (mode) 131072 (mode) ]
        [655360 (mode) 1048576 (mode) 0 (mode) 1245187 (mode) ]
        [196608 (mode) 1 (transform) 2 (gains) 1245186 (curveRed) ]
        [1245185 (curveGreen) 1245184 (curveBlue) 851968 (cropRegion) 458756 (quality) ]
        [458758 (thumbnailSize) 458757 (thumbnailQuality) 458752 (gpsCoordinates) 458753 (gpsProcessingMethod) ]
        [458754 (gpsTimestamp) 458755 (orientation) 1114112 (faceDetectMode) 1114115 (hotPixelMapMode) ]
        [65549 (captureIntent) 65551 (mode) 65541 (aeTargetFpsRange) 65550 (effectMode) ]
        [65552 (sceneMode) 65539 (aeMode) 65538 (aeLock) 65540 (aeRegions) ]
        [65537 (aeExposureCompensation) 65536 (aeAntibandingMode) 65542 (aePrecaptureTrigger) 65547 (awbMode) ]
        [65546 (awbLock) 65543 (afMode) 65544 (afRegions) 65545 (afTrigger) ]
        [65553 (videoStabilizationMode) 65588 (settingsOverride) 1441792 (lock) 1114128 (lensShadingMapMode) ]
        [3 (aberrationMode) 917528 (testPatternMode) 65576 (postRawSensitivityBoost) 65581 (extendedSceneMode) ]
        [65583 (zoomRatio) 851985 (rotateAndCrop) 2097152 (strength) -2080374783 (3a.hybrid_ae_enable) ]
        [-2080374782 (request.disable_hdrplus) -2080374780 (ProcessingMode) -2080374779 (thermal_throttling) -2080374778 (OutputIntent) ]
        [-2080374775 (SensorModeFullFov) -2080374770 (Video60to30FPSThermalThrottle) -2080374769 (VideoFpsThrottle) ]
      android.request.availableResultKeys (c000e): int32[83]
        [786435 (metadataMode) 786433 (id) 786432 (frameCount) 524290 (focalLength) ]
        [524291 (focusDistance) 524288 (aperture) 524289 (filterDensity) 524292 (opticalStabilizationMode) ]
        [917504 (exposureTime) 917505 (frameDuration) 917506 (sensitivity) 262146 (mode) ]
        [262144 (firingPower) 262145 (firingTime) 393216 (mode) 131072 (mode) ]
        [655360 (mode) 1048576 (mode) 0 (mode) 1245187 (mode) ]
        [196608 (mode) 1 (transform) 2 (gains) 1245186 (curveRed) ]
        [1245185 (curveGreen) 1245184 (curveBlue) 851968 (cropRegion) 458756 (quality) ]
        [458758 (thumbnailSize) 458757 (thumbnailQuality) 458752 (gpsCoordinates) 458753 (gpsProcessingMethod) ]
        [458754 (gpsTimestamp) 458755 (orientation) 1114112 (faceDetectMode) 1114115 (hotPixelMapMode) ]
        [65549 (captureIntent) 65551 (mode) 65541 (aeTargetFpsRange) 65550 (effectMode) ]
        [65552 (sceneMode) 65539 (aeMode) 65538 (aeLock) 65540 (aeRegions) ]
        [65537 (aeExposureCompensation) 65536 (aeAntibandingMode) 65542 (aePrecaptureTrigger) 65547 (awbMode) ]
        [65546 (awbLock) 65543 (afMode) 65544 (afRegions) 65545 (afTrigger) ]
        [65553 (videoStabilizationMode) 65588 (settingsOverride) 65590 (settingsOverridingFrameNumber) 1441792 (lock) ]
        [1114128 (lensShadingMapMode) 3 (aberrationMode) 917528 (testPatternMode) 65567 (aeState) ]
        [65568 (afState) 65570 (awbState) 262149 (state) 524297 (state) ]
        [524296 (focusRange) 917530 (rollingShutterSkew) 1114126 (sceneFlicker) 1114123 (lensShadingMap) ]
        [786441 (pipelineDepth) 917520 (timestamp) 917522 (neutralColorPoint) 65576 (postRawSensitivityBoost) ]
        [65581 (extendedSceneMode) 65583 (zoomRatio) 917523 (noiseProfile) 917526 (greenSplit) ]
        [851985 (rotateAndCrop) 1114133 (lensIntrinsicTimestamps) 1114134 (lensIntrinsicSamples) 1703939 (activePhysicalSensorCropRegion) ]
        [-2080374783 (3a.hybrid_ae_enable) -2080374782 (request.disable_hdrplus) -2080374775 (SensorModeFullFov) ]
      android.request.availableSessionKeys (c0010): int32[5]
        [786435 (metadataMode) -2080374782 (request.disable_hdrplus) -2080374775 (SensorModeFullFov) -2080374770 (Video60to30FPSThermalThrottle) ]
        [-2080374769 (VideoFpsThrottle) ]
      android.request.maxNumInputStreams (c0008): int32[1]
        [1 ]
      android.request.maxNumOutputStreams (c0006): int32[3]
        [1 3 1 ]
      android.request.partialResultCount (c000b): int32[1]
        [2 ]
      android.request.pipelineMaxDepth (c000a): byte[1]
        [8 ]
      android.request.recommendedTenBitDynamicRangeProfile (c0014): int64[1]
        [2 ]
      android.scaler.availableInputOutputFormatsMap (d0009): int32[8]
        [34 2 33 35 ]
        [35 2 33 35 ]
      android.scaler.availableMaxDigitalZoom (d0004): float[1]
        [10.00000000 ]
      android.scaler.availableMinFrameDurations (d000b): int64[120]
        [32 1856 ]
        [1392 33331760 ]
        [33 1856 ]
        [1392 33331760 ]
        [54 1856 ]
        [1392 33331760 ]
        [33 1280 ]
        [720 33331760 ]
        [54 1280 ]
        [720 33331760 ]
        [34 160 ]
        [120 33331760 ]
        [54 160 ]
        [120 33331760 ]
        [34 320 ]
        [240 33331760 ]
        [54 320 ]
        [240 33331760 ]
        [35 160 ]
        [120 33331760 ]
        [33 160 ]
        [120 33331760 ]
        [35 320 ]
        [240 33331760 ]
        [33 320 ]
        [240 33331760 ]
        [34 640 ]
        [480 33331760 ]
        [35 640 ]
        [480 33331760 ]
        [33 640 ]
        [480 33331760 ]
        [54 640 ]
        [480 33331760 ]
        [34 1280 ]
        [720 33331760 ]
        [34 1856 ]
        [1392 33331760 ]
        [35 1280 ]
        [720 33331760 ]
        [35 1856 ]
        [1392 33331760 ]
        [1 1600 ]
        [1200 33331760 ]
        [34 176 ]
        [144 33331760 ]
        [35 176 ]
        [144 33331760 ]
        [33 176 ]
        [144 33331760 ]
        [54 176 ]
        [144 33331760 ]
        [34 1024 ]
        [768 33331760 ]
        [35 1024 ]
        [768 33331760 ]
        [33 1024 ]
        [768 33331760 ]
        [54 1024 ]
        [768 33331760 ]
      android.scaler.availableRotateAndCropModes (d0010): byte[3]
        [0 1 4 ]
      android.scaler.availableStallDurations (d000c): int64[108]
        [32 1856 ]
        [1392 33331760 ]
        [33 1856 ]
        [1392 33331760 ]
        [33 1280 ]
        [720 33331760 ]
        [33 1024 ]
        [768 33331760 ]
        [54 1024 ]
        [768 0 ]
        [34 160 ]
        [120 0 ]
        [34 320 ]
        [240 0 ]
        [35 160 ]
        [120 0 ]
        [54 160 ]
        [120 0 ]
        [35 320 ]
        [240 0 ]
        [1 320 ]
        [240 0 ]
        [54 320 ]
        [240 0 ]
        [34 640 ]
        [480 0 ]
        [35 640 ]
        [480 0 ]
        [33 640 ]
        [480 33331760 ]
        [54 640 ]
        [480 0 ]
        [34 1280 ]
        [720 0 ]
        [34 1856 ]
        [1392 0 ]
        [35 1280 ]
        [720 0 ]
        [54 1280 ]
        [720 0 ]
        [35 1856 ]
        [1392 0 ]
        [54 1856 ]
        [1392 0 ]
        [1 1600 ]
        [1200 0 ]
        [54 1024 ]
        [768 0 ]
        [33 160 ]
        [120 33331760 ]
        [33 320 ]
        [240 33331760 ]
        [33 176 ]
        [144 33331760 ]
      android.scaler.availableStreamConfigurations (d000a): int32[128]
        [35 1856 1392 INPUT ]
        [33 1856 1392 OUTPUT ]
        [33 1280 720 OUTPUT ]
        [34 160 120 OUTPUT ]
        [33 160 120 OUTPUT ]
        [54 160 120 OUTPUT ]
        [34 320 240 OUTPUT ]
        [54 320 240 OUTPUT ]
        [35 160 120 OUTPUT ]
        [35 320 240 OUTPUT ]
        [33 320 240 OUTPUT ]
        [34 640 480 OUTPUT ]
        [35 640 480 OUTPUT ]
        [33 640 480 OUTPUT ]
        [54 640 480 OUTPUT ]
        [34 1280 720 OUTPUT ]
        [34 1856 1392 INPUT ]
        [34 1856 1392 OUTPUT ]
        [35 1280 720 OUTPUT ]
        [54 1280 720 OUTPUT ]
        [35 1856 1392 OUTPUT ]
        [32 1856 1392 OUTPUT ]
        [54 1856 1392 OUTPUT ]
        [INPUT 1600 1200 OUTPUT ]
        [34 176 144 OUTPUT ]
        [35 176 144 OUTPUT ]
        [33 176 144 OUTPUT ]
        [54 176 144 OUTPUT ]
        [34 1024 768 OUTPUT ]
        [35 1024 768 OUTPUT ]
        [33 1024 768 OUTPUT ]
        [54 1024 768 OUTPUT ]
      android.scaler.availableStreamUseCases (d001a): int64[6]
        [0 1 ]
        [2 3 ]
        [4 5 ]
      android.scaler.croppingType (d000d): byte[1]
        [CENTER_ONLY ]
      android.sensor.availableTestPatternModes (e0019): int32[3]
        [0 1 5 ]
      android.sensor.blackLevelPattern (e000c): int32[4]
        [64 64 64 64 ]
      android.sensor.calibrationTransform1 (e0005): rational[9]
        [(128 / 128) (0 / 128) ]
        [(0 / 128) (0 / 128) ]
        [(128 / 128) (0 / 128) ]
        [(0 / 128) (0 / 128) ]
        [(128 / 128) ]
      android.sensor.colorTransform1 (e0007): rational[9]
        [(3209 / 1024) (-1655 / 1024) ]
        [(-502 / 1024) (-1002 / 1024) ]
        [(1962 / 1024) (34 / 1024) ]
        [(73 / 1024) (-234 / 1024) ]
        [(1438 / 1024) ]
      android.sensor.forwardMatrix1 (e0009): rational[9]
        [(446 / 1024) (394 / 1024) ]
        [(146 / 1024) (227 / 1024) ]
        [(734 / 1024) (62 / 1024) ]
        [(14 / 1024) (99 / 1024) ]
        [(731 / 1024) ]
      android.sensor.info.activeArraySize (f0000): int32[4]
        [0 0 1856 1392 ]
      android.sensor.info.colorFilterArrangement (f0002): byte[1]
        [RGGB ]
      android.sensor.info.exposureTimeRange (f0003): int64[2]
        [1000 300000000 ]
      android.sensor.info.maxFrameDuration (f0004): int64[1]
        [300000000 ]
      android.sensor.info.physicalSize (f0005): float[2]
        [3.20000005 2.40000010 ]
      android.sensor.info.pixelArraySize (f0006): int32[2]
        [1856 1392 ]
      android.sensor.info.preCorrectionActiveArraySize (f000a): int32[4]
        [0 0 1856 1392 ]
      android.sensor.info.sensitivityRange (f0001): int32[2]
        [100 1600 ]
      android.sensor.info.timestampSource (f0008): byte[1]
        [REALTIME ]
      android.sensor.info.whiteLevel (f0007): int32[1]
        [4000 ]
      android.sensor.maxAnalogSensitivity (e000d): int32[1]
        [1600 ]
      android.sensor.orientation (e000e): int32[1]
        [90 ]
      android.sensor.referenceIlluminant1 (e0003): byte[1]
        [D50 ]
      android.shading.availableModes (100002): byte[3]
        [0 1 2 ]
      android.statistics.info.availableFaceDetectModes (120000): byte[3]
        [0 1 2 ]
      android.statistics.info.availableHotPixelMapModes (120006): byte[2]
        [0 1 ]
      android.statistics.info.availableLensShadingMapModes (120007): byte[2]
        [0 1 ]
      android.statistics.info.maxFaceCount (120002): int32[1]
        [8 ]
      android.sync.maxLatency (170001): int32[1]
        [PER_FRAME_CONTROL ]
      android.tonemap.availableToneMapModes (130005): byte[3]
        [0 1 2 ]
      android.tonemap.maxCurvePoints (130004): int32[1]
        [128 ]
      com.google.internal.hdrplus.PayloadFrames (84000003): int32[1]
        [0 ]
      android.jpegr.availableJpegRStreamConfigurations (210000): int32[28]
        [33 160 120 OUTPUT ]
        [33 320 240 OUTPUT ]
        [33 640 480 OUTPUT ]
        [33 1280 720 OUTPUT ]
        [33 1856 1392 OUTPUT ]
        [33 176 144 OUTPUT ]
        [33 1024 768 OUTPUT ]
      android.jpegr.availableJpegRMinFrameDurations (210001): int64[28]
        [33 160 ]
        [120 33331760 ]
        [33 320 ]
        [240 33331760 ]
        [33 640 ]
        [480 33331760 ]
        [33 1280 ]
        [720 33331760 ]
        [33 1856 ]
        [1392 33331760 ]
        [33 176 ]
        [144 33331760 ]
        [33 1024 ]
        [768 33331760 ]
      android.jpegr.availableJpegRStallDurations (210002): int64[28]
        [33 160 ]
        [120 33331760 ]
        [33 320 ]
        [240 33331760 ]
        [33 640 ]
        [480 33331760 ]
        [33 1280 ]
        [720 33331760 ]
        [33 1856 ]
        [1392 33331760 ]
        [33 176 ]
        [144 33331760 ]
        [33 1024 ]
        [768 33331760 ]
      android.sensor.readoutTimestamp (e0022): byte[1]
        [HARDWARE ]
      android.info.sessionConfigurationQueryVersion (150004): int32[1]
        [VANILLA_ICE_CREAM ]
== Camera HAL device device@1.1/internal/1 (v1.3) dumpState: ==
== Camera Provider HAL android.hardware.camera.provider.ICameraProvider/internal/1-1 (v2.0, remote) static info: 0 devices: ==

== Vendor tags: ==

  Dumping vendor tag descriptors for vendor with id 12551620819983530877 
  Dumping configured vendor tag descriptors: None set
  Dumping vendor tag descriptors for vendor with id 8932615658386372252 
  Dumping configured vendor tag descriptors: 16 entries
    0x84000000 (DefaultPhysicalCamId) with type 1 (int32) defined in section com.google.hal.logicalcamera
    0x84000001 (3a.hybrid_ae_enable) with type 1 (int32) defined in section com.google.pixel.experimental2016
    0x84000002 (request.disable_hdrplus) with type 0 (byte) defined in section com.google.pixel.experimental2017
    0x84000003 (hdrplus.PayloadFrames) with type 1 (int32) defined in section com.google.internal
    0x84000004 (ProcessingMode) with type 0 (byte) defined in section com.google.internal
    0x84000005 (thermal_throttling) with type 0 (byte) defined in section com.google.internal
    0x84000006 (OutputIntent) with type 0 (byte) defined in section com.google.internal
    0x84000007 (AvailableNonWarpedYuvSizes) with type 1 (int32) defined in section com.google.internal
    0x84000008 (NonWarpedYuvStreamId) with type 1 (int32) defined in section com.google.internal
    0x84000009 (SensorModeFullFov) with type 0 (byte) defined in section com.google.pixel.experimental2019
    0x8400000a (NonWarpedCropRegion) with type 1 (int32) defined in section com.google.internal
    0x8400000b (hdr.UsageMode) with type 0 (byte) defined in section com.google.internal
    0x8400000c (SwDenoiseEnabled) with type 0 (byte) defined in section com.google.internal
    0x8400000d (VideoSwDenoiseEnabled) with type 0 (byte) defined in section com.google.internal
    0x8400000e (Video60to30FPSThermalThrottle) with type 0 (byte) defined in section com.google.internal
    0x8400000f (VideoFpsThrottle) with type 0 (byte) defined in section com.google.internal

== Camera error traces (0): ==
  No camera traces collected.

**********Dumpsys from previous open session**********

**********End of Dumpsys from previous open session**********

