## headscale-configtest.log


## headscale.stderr


## headscale-cli.stderr


## sandbox-check.log


## go-build.log


## daemon.stderr
time=2026-08-10T15:41:31.889+08:00 level=INFO msg="single-instance guard acquired" pidfile=TASK_TMP/daemon-state/agentmirrord.pid
time=2026-08-10T15:41:31.889+08:00 level=INFO msg="pairing token source=explicit"
time=2026-08-10T15:41:31.889+08:00 level=INFO msg="agentmirrord starting" listen=127.0.0.1:43920 qr_listen="" token_source=explicit upload_dir="" max_upload_mib=20 list_interval=2s
time=2026-08-10T15:41:31.890+08:00 level=INFO msg="tailnet 已启用" hostname=MacBook-Pro.local state_dir=TASK_TMP/daemon-state/tsnet
time=2026-08-10T15:41:31.890+08:00 level=INFO msg="tailnet 入网中（等待 Tailscale 控制面握手）…"
2026/08/10 15:41:31 tsnet running state path TASK_TMP/daemon-state/tsnet/tailscaled.state
2026/08/10 15:41:31 tsnet starting with hostname "MacBook-Pro.local", varRoot "TASK_TMP/daemon-state/tsnet"
2026/08/10 15:41:31 LocalBackend state is NeedsLogin; running StartLoginInteractive...
2026/08/10 15:41:31 AuthLoop: state is Starting; done
time=2026-08-10T15:41:35.028+08:00 level=INFO msg="tailnet 已入网" ip=100.64.0.1
time=2026-08-10T15:44:52.354+08:00 level=INFO msg="shutting down"


## android-start-user.log
Success: user started


## android-switch-user.log


## android-data-init.log
Starting: Intent { cmp=dev.agentmirror.app/.MainActivity }


## android-device-ready.log
[exec] wake emulator device=emulator-5554 key=KEYCODE_WAKEUP
[exec] dismiss keyguard device=emulator-5554 user=24
[policy] camera=no foreground_mouse=no window_targeting=no
[state] wakefulness=Awake user_state=RUNNING_UNLOCKED


## android-app-start.log
Starting: Intent { cmp=dev.agentmirror.app/.MainActivity }


## pairing-injection.log
method=adb_private_store_stdin
secret_transport=stdin
temporary_android_user=yes
app_private_store_owner_verified=yes
app_private_store_context_verified=yes
production_keystore_migration_required=yes
camera_used=no
foreground_mouse_used=no
window_targeting_used=no
daemon_auth_bypassed=no
security_rationale=temporary app-private store only; production Keystore migration, daemon token auth, and real tsnet join remain mandatory


## app-logcat-redacted.log
--------- beginning of main
08-10 15:41:40.212  8137  8137 I agentmirror.app: Late-enabling -Xcheck:jni
08-10 15:41:40.234  8137  8137 I agentmirror.app: Using CollectorTypeCMC GC.
08-10 15:41:40.241  8137  8137 D nativeloader: Load libframework-connectivity-tiramisu-jni.so using APEX ns com_android_tethering for caller /apex/com.android.tethering/javalib/framework-connectivity-t.jar: ok
08-10 15:41:40.256  8137  8137 D nativeloader: Load libstats_jni.so using APEX ns com_android_os_statsd for caller /apex/com.android.os.statsd/javalib/framework-statsd.jar: ok
08-10 15:41:40.277  8137  8137 D ApplicationLoaders: Returning zygote-cached class loader: /system_ext/framework/androidx.window.extensions.jar
08-10 15:41:40.277  8137  8137 D ApplicationLoaders: Returning zygote-cached class loader: /system_ext/framework/androidx.window.sidecar.jar
08-10 15:41:40.280  8137  8137 W ziparchive: Unable to open '/data/app/~~eSlmqDvHMpqQToaCj4ifEg==/dev.agentmirror.app-BJWasKEQDHSctT3-nr3GLg==/base.dm': No such file or directory
08-10 15:41:40.280  8137  8137 W ziparchive: Unable to open '/data/app/~~eSlmqDvHMpqQToaCj4ifEg==/dev.agentmirror.app-BJWasKEQDHSctT3-nr3GLg==/base.dm': No such file or directory
08-10 15:41:40.619  8137  8137 D nativeloader: Configuring clns-7 for other apk /data/app/~~eSlmqDvHMpqQToaCj4ifEg==/dev.agentmirror.app-BJWasKEQDHSctT3-nr3GLg==/base.apk. target_sdk_version=35, uses_libraries=, library_path=/data/app/~~eSlmqDvHMpqQToaCj4ifEg==/dev.agentmirror.app-BJWasKEQDHSctT3-nr3GLg==/lib/arm64:/data/app/~~eSlmqDvHMpqQToaCj4ifEg==/dev.agentmirror.app-BJWasKEQDHSctT3-nr3GLg==/base.apk!/lib/arm64-v8a, permitted_path=/data:/mnt/expand:/data/user/24/dev.agentmirror.app
08-10 15:41:40.621  8137  8137 D CompatChangeReporter: Compat change id reported: 202956589; UID 2410207; state: ENABLED
08-10 15:41:40.639  8137  8137 V GraphicsEnvironment: Currently set values for:
08-10 15:41:40.640  8137  8137 V GraphicsEnvironment:   angle_gl_driver_selection_pkgs=[]
08-10 15:41:40.640  8137  8137 V GraphicsEnvironment:   angle_gl_driver_selection_values=[]
08-10 15:41:40.640  8137  8137 V GraphicsEnvironment: Global.Settings values are invalid: number of packages: 0, number of values: 0
08-10 15:41:40.640  8137  8137 V GraphicsEnvironment: Neither updatable production driver nor prerelease driver is supported.
08-10 15:41:40.666  8137  8137 D CompatChangeReporter: Compat change id reported: 279646685; UID 2410207; state: ENABLED
08-10 15:41:40.771  8137  8137 D CompatChangeReporter: Compat change id reported: 309578419; UID 2410207; state: ENABLED
08-10 15:41:40.920  8137  8228 D nativeloader: Load /data/app/~~eSlmqDvHMpqQToaCj4ifEg==/dev.agentmirror.app-BJWasKEQDHSctT3-nr3GLg==/base.apk!/lib/arm64-v8a/libgojni.so using ns clns-7 from class loader (caller=/data/app/~~eSlmqDvHMpqQToaCj4ifEg==/dev.agentmirror.app-BJWasKEQDHSctT3-nr3GLg==/base.apk!classes10.dex): ok
08-10 15:41:40.932  8137  8224 W agentmirror.app: Verification of int okio.Buffer.readUtf8CodePoint() took 125.296ms (1907.47 bytecodes/s) (6592B approximate peak alloc)
08-10 15:41:41.001  8137  8248 D TrafficStats: tagSocket(96) with statsTag=0xffffffff, statsUid=-1
08-10 15:41:41.088  8137  8137 W HWUI    : Unknown dataspace 0
08-10 15:41:41.245  8137  8228 I GoLog   : tsnet running state path /data/user/24/dev.agentmirror.app/files/tsnet/tailscaled.state
08-10 15:41:41.253  8137  8228 I GoLog   : tsnet starting with hostname "agentmirror-sdk-gphone64-arm64", varRoot "/data/user/24/dev.agentmirror.app/files/tsnet"
08-10 15:41:41.265  8137  8228 I GoLog   : LocalBackend state is NeedsLogin; running StartLoginInteractive...
08-10 15:41:41.574  8137  8137 W agentmirror.app: Accessing hidden method Landroid/os/SystemProperties;->addChangeCallback(Ljava/lang/Runnable;)V (unsupported, reflection, allowed)
08-10 15:41:42.009  8137  8200 I EGL_emulation: Opening libGLESv1_CM_emulation.so
08-10 15:41:42.009  8137  8200 I EGL_emulation: Opening libGLESv2_emulation.so
08-10 15:41:42.015  8137  8200 W HWUI    : Failed to choose config with EGL_SWAP_BEHAVIOR_PRESERVED, retrying without...
08-10 15:41:42.016  8137  8200 W HWUI    : Failed to initialize 101010-2 format, error = EGL_SUCCESS
08-10 15:41:42.071  8137  8200 I Gralloc4: mapper 4.x is not supported
08-10 15:41:42.147  8137  8297 E GoLog   : s_glBindAttribLocation: bind attrib 0 name inPosition
08-10 15:41:42.147  8137  8297 E GoLog   : s_glBindAttribLocation: bind attrib 1 name inColor
08-10 15:41:42.147  8137  8297 E GoLog   : s_glBindAttribLocation: bind attrib 2 name inCircleEdge
08-10 15:41:42.154  8137  8297 E GoLog   : s_glBindAttribLocation: bind attrib 0 name inPosition
08-10 15:41:42.154  8137  8297 E GoLog   : s_glBindAttribLocation: bind attrib 1 name inColor
08-10 15:41:42.154  8137  8297 E GoLog   : s_glBindAttribLocation: bind attrib 2 name inCircleEdge
08-10 15:41:42.154  8137  8297 E GoLog   : s_glBindAttribLocation: bind attrib 3 name inClipPlane
08-10 15:41:42.154  8137  8297 E GoLog   : s_glBindAttribLocation: bind attrib 4 name inIsectPlane
08-10 15:41:42.154  8137  8297 E GoLog   : s_glBindAttribLocation: bind attrib 5 name inRoundCapCenters
08-10 15:41:42.162  8137  8297 E GoLog   : s_glBindAttribLocation: bind attrib 0 name inPosition
08-10 15:41:42.163  8137  8297 E GoLog   : s_glBindAttribLocation: bind attrib 1 name inColor
08-10 15:41:42.163  8137  8297 E GoLog   : s_glBindAttribLocation: bind attrib 2 name inTextureCoords
08-10 15:41:42.268  8137  8137 I Choreographer: Skipped 57 frames!  The application may be doing too much work on its main thread.
08-10 15:41:42.271  8137  8199 I HWUI    : Davey! duration=1148ms; Flags=1, FrameTimelineVsyncId=945950, IntendedVsync=59582696298893, Vsync=59582712965559, InputEventId=0, HandleInputStart=59582722764952, AnimationStart=59582722767660, PerformTraversalsStart=59582722768785, DrawStart=59583665300702, FrameDeadline=59582712965559, FrameInterval=59582722741243, FrameStartTime=16666666, SyncQueued=59583675728911, SyncStart=59583675884411, IssueDrawCommandsStart=59583706722661, SwapBuffers=59583748541244, FrameCompleted=59583844476161, DequeueBufferDuration=3459, QueueBufferDuration=91631500, GpuCompleted=59583844416452, SwapBuffersCompleted=59583844476161, DisplayPresentTime=0, CommandSubmissionCompleted=59583748541244, 
08-10 15:41:42.279  8137  8297 E GoLog   : s_glBindAttribLocation: bind attrib 0 name inPosition
08-10 15:41:42.279  8137  8297 E GoLog   : s_glBindAttribLocation: bind attrib 1 name inColor
08-10 15:41:42.279  8137  8297 E GoLog   : s_glBindAttribLocation: bind attrib 2 name inCircleEdge
08-10 15:41:42.279  8137  8297 E GoLog   : s_glBindAttribLocation: bind attrib 3 name inClipPlane
08-10 15:41:42.279  8137  8297 E GoLog   : s_glBindAttribLocation: bind attrib 4 name inUnionPlane
08-10 15:41:42.279  8137  8297 E GoLog   : s_glBindAttribLocation: bind attrib 5 name inRoundCapCenters
08-10 15:41:42.438  8137  8144 I agentmirror.app: Compiler allocated 5250KB to compile void android.view.ViewRootImpl.performTraversals()
--------- beginning of system
08-10 15:41:42.784  8137  8137 I ActivityThread: ApplicationInfo updating for dev.agentmirror.app, new timestamp: 59584361
08-10 15:41:42.784  8137  8137 I ActivityThread: assets removed: []
08-10 15:41:42.784  8137  8137 I ActivityThread: assets added: [/data/resource-cache/com.android.systemui-neutral-aoga.frro, /data/resource-cache/com.android.systemui-accent-EPuN.frro, /data/resource-cache/com.android.systemui-dynamic-ElAa.frro]
08-10 15:41:45.018  8137  8137 I ActivityThread: ApplicationInfo updating for dev.agentmirror.app, new timestamp: 59586587
08-10 15:41:45.018  8137  8137 I ActivityThread: assets removed: [/data/resource-cache/com.android.systemui-neutral-aoga.frro, /data/resource-cache/com.android.systemui-accent-EPuN.frro, /data/resource-cache/com.android.systemui-dynamic-ElAa.frro]
08-10 15:41:45.018  8137  8137 I ActivityThread: assets added: [/data/resource-cache/com.android.systemui-neutral-xXT0.frro, /data/resource-cache/com.android.systemui-accent-HpiM.frro, /data/resource-cache/com.android.systemui-dynamic-9U0q.frro]
08-10 15:41:45.785  8137  8843 D ProfileInstaller: Installing profile for dev.agentmirror.app
08-10 15:42:17.065  8137  8147 W agentmirror.app: ApkAssets: Deleting an ApkAssets object '/data/resource-cache/com.android.systemui-neutral-aoga.frro' with 2 weak references
08-10 15:42:17.065  8137  8147 W agentmirror.app: ApkAssets: Deleting an ApkAssets object '/data/resource-cache/com.android.systemui-accent-EPuN.frro' with 2 weak references
08-10 15:42:17.066  8137  8147 W agentmirror.app: ApkAssets: Deleting an ApkAssets object '/data/resource-cache/com.android.systemui-dynamic-ElAa.frro' with 2 weak references


## app-install.log
Performing Streamed Install
Success


## app-restore.log
Performing Streamed Install
Success

