> Task :core-terminal:checkKotlinGradlePluginConfigurationErrors SKIPPED
> Task :core-terminal:compileKotlin UP-TO-DATE
> Task :core-terminal:compileJava NO-SOURCE
> Task :terminal:checkKotlinGradlePluginConfigurationErrors SKIPPED
> Task :terminal:compileKotlin NO-SOURCE
> Task :terminal:compileJava NO-SOURCE
> Task :terminal:processResources NO-SOURCE
> Task :terminal:classes UP-TO-DATE
> Task :terminal:jar UP-TO-DATE
> Task :core-terminal:processResources NO-SOURCE
> Task :core-terminal:classes UP-TO-DATE
> Task :core-terminal:jar UP-TO-DATE
> Task :core-conn:checkKotlinGradlePluginConfigurationErrors SKIPPED
> Task :core-protocol:checkKotlinGradlePluginConfigurationErrors SKIPPED
> Task :core-protocol:compileKotlin UP-TO-DATE
> Task :core-protocol:compileJava NO-SOURCE
> Task :core-conn:compileKotlin UP-TO-DATE
> Task :core-conn:compileJava NO-SOURCE
> Task :core-conn:processResources NO-SOURCE
> Task :core-conn:classes UP-TO-DATE
> Task :core-conn:jar UP-TO-DATE
> Task :core-protocol:processResources NO-SOURCE
> Task :core-protocol:classes UP-TO-DATE
> Task :core-protocol:jar UP-TO-DATE
> Task :app:checkKotlinGradlePluginConfigurationErrors SKIPPED
> Task :app:preBuild UP-TO-DATE
> Task :app:preDebugBuild UP-TO-DATE
> Task :app:checkDebugAarMetadata UP-TO-DATE
> Task :app:processDebugNavigationResources UP-TO-DATE
> Task :app:compileDebugNavigationResources UP-TO-DATE
> Task :app:generateDebugResValues UP-TO-DATE
> Task :app:mapDebugSourceSetPaths UP-TO-DATE
> Task :app:generateDebugResources UP-TO-DATE
> Task :app:mergeDebugResources UP-TO-DATE
> Task :app:packageDebugResources UP-TO-DATE
> Task :app:parseDebugLocalResources UP-TO-DATE
> Task :app:createDebugCompatibleScreenManifests UP-TO-DATE
> Task :app:extractDeepLinksDebug UP-TO-DATE
> Task :app:processDebugMainManifest UP-TO-DATE
> Task :app:processDebugManifest UP-TO-DATE
> Task :app:processDebugManifestForPackage UP-TO-DATE
> Task :app:processDebugResources UP-TO-DATE
> Task :app:compileDebugKotlin UP-TO-DATE
> Task :app:javaPreCompileDebug UP-TO-DATE
> Task :app:compileDebugJavaWithJavac NO-SOURCE
> Task :app:bundleDebugClassesToRuntimeJar UP-TO-DATE
> Task :app:bundleDebugClassesToCompileJar UP-TO-DATE
> Task :app:compileDebugUnitTestKotlin UP-TO-DATE
> Task :app:preDebugUnitTestBuild UP-TO-DATE
> Task :app:javaPreCompileDebugUnitTest UP-TO-DATE
> Task :app:compileDebugUnitTestJavaWithJavac NO-SOURCE
> Task :app:mergeDebugShaders UP-TO-DATE
> Task :app:compileDebugShaders NO-SOURCE
> Task :app:generateDebugAssets UP-TO-DATE
> Task :app:mergeDebugAssets UP-TO-DATE
> Task :app:packageDebugUnitTestForUnitTest UP-TO-DATE
> Task :app:processDebugUnitTestManifest UP-TO-DATE
> Task :app:generateDebugUnitTestConfig UP-TO-DATE
> Task :app:processDebugJavaRes UP-TO-DATE
> Task :app:processDebugUnitTestJavaRes UP-TO-DATE
> Task :app:preReleaseBuild UP-TO-DATE
> Task :app:createReleaseCompatibleScreenManifests UP-TO-DATE
> Task :app:generateReleaseResValues UP-TO-DATE
> Task :app:extractDeepLinksRelease UP-TO-DATE
> Task :app:processReleaseMainManifest UP-TO-DATE
> Task :app:processReleaseManifest UP-TO-DATE
> Task :app:testDebugUnitTest UP-TO-DATE
> Task :terminal:compileTestKotlin NO-SOURCE
> Task :terminal:compileTestJava NO-SOURCE
> Task :terminal:processTestResources NO-SOURCE
> Task :terminal:testClasses UP-TO-DATE
> Task :terminal:test NO-SOURCE
> Task :core-protocol:compileTestKotlin UP-TO-DATE
> Task :core-protocol:compileTestJava NO-SOURCE
> Task :core-protocol:processTestResources NO-SOURCE
> Task :core-protocol:testClasses UP-TO-DATE
> Task :core-protocol:test UP-TO-DATE
> Task :core-terminal:compileTestKotlin UP-TO-DATE
> Task :core-terminal:compileTestJava NO-SOURCE
> Task :core-terminal:processTestResources UP-TO-DATE
> Task :core-terminal:testClasses UP-TO-DATE
> Task :core-terminal:test UP-TO-DATE
> Task :core-conn:compileTestKotlin UP-TO-DATE
> Task :core-conn:compileTestJava NO-SOURCE
> Task :core-conn:processTestResources NO-SOURCE
> Task :core-conn:testClasses UP-TO-DATE
> Task :core-conn:test UP-TO-DATE

BUILD SUCCESSFUL in 739ms
48 actionable tasks: 48 up-to-date
