## headscale-configtest.log


## headscale.stderr


## headscale-cli.stderr


## sandbox-check.log


## go-build.log


## daemon.stderr
time=2026-08-10T17:28:00.833+08:00 level=INFO msg="single-instance guard acquired" pidfile=TASK_TMP/daemon-state/agentmirrord.pid
time=2026-08-10T17:28:00.833+08:00 level=INFO msg="pairing token source=explicit"
time=2026-08-10T17:28:00.833+08:00 level=INFO msg="agentmirrord starting" listen=127.0.0.1:43920 qr_listen="" token_source=explicit upload_dir="" max_upload_mib=20 list_interval=2s
time=2026-08-10T17:28:00.834+08:00 level=INFO msg="tailnet 已启用" hostname=MacBook-Pro.local state_dir=TASK_TMP/daemon-state/tsnet
time=2026-08-10T17:28:00.834+08:00 level=INFO msg="tailnet 入网中（等待 Tailscale 控制面握手）…"
2026/08/10 17:28:00 tsnet running state path TASK_TMP/daemon-state/tsnet/tailscaled.state
2026/08/10 17:28:00 tsnet starting with hostname "MacBook-Pro.local", varRoot "TASK_TMP/daemon-state/tsnet"
2026/08/10 17:28:00 LocalBackend state is NeedsLogin; running StartLoginInteractive...
2026/08/10 17:28:00 AuthLoop: state is Starting; done
time=2026-08-10T17:28:03.970+08:00 level=INFO msg="tailnet 已入网" ip=100.64.0.1
time=2026-08-10T17:28:39.991+08:00 level=INFO msg="shutting down"


## android-start-user.log
Success: user started


## android-switch-user.log


## android-data-init.log
Starting: Intent { cmp=dev.agentmirror.app/.MainActivity }


## android-device-ready.log
[exec] wake emulator device=emulator-5554 key=KEYCODE_WAKEUP
[exec] dismiss keyguard device=emulator-5554 user=28
[policy] camera=no foreground_mouse=no window_targeting=no
[state] wakefulness=Awake user_state=RUNNING_UNLOCKED


## android-app-start.log
Starting: Intent { cmp=dev.agentmirror.app/.MainActivity }


## pairing-injection.log
method=adb_private_store_stdin
secret_transport=stdin
temporary_android_user=yes
app_private_store_owner_verified=yes
app_private_store_context_verified=yes
preinjection_process_absent=yes
production_keystore_migration_required=yes
camera_used=no
foreground_mouse_used=no
window_targeting_used=no
daemon_auth_bypassed=no
security_rationale=bypasses only the QR carrier and VM pre-probe; temporary app-private store, production Keystore migration, daemon token auth, and real tsnet join remain mandatory


## app-logcat-redacted.log
--------- beginning of main
08-10 17:28:09.261 21898 21898 I agentmirror.app: Late-enabling -Xcheck:jni
08-10 17:28:09.290 21898 21898 I agentmirror.app: Using CollectorTypeCMC GC.
08-10 17:28:09.322 21898 21898 D nativeloader: Load libframework-connectivity-tiramisu-jni.so using APEX ns com_android_tethering for caller /apex/com.android.tethering/javalib/framework-connectivity-t.jar: ok
08-10 17:28:09.510 21898 21898 D nativeloader: Load libstats_jni.so using APEX ns com_android_os_statsd for caller /apex/com.android.os.statsd/javalib/framework-statsd.jar: ok
08-10 17:28:09.595 21898 21898 D ApplicationLoaders: Returning zygote-cached class loader: /system_ext/framework/androidx.window.extensions.jar
08-10 17:28:09.595 21898 21898 D ApplicationLoaders: Returning zygote-cached class loader: /system_ext/framework/androidx.window.sidecar.jar
08-10 17:28:09.607 21898 21898 W ziparchive: Unable to open '/data/app/~~BMBHYSp-viM7mlr7AJMGRA==/dev.agentmirror.app-aUTz4rBK85d_hdOMoH4bBA==/base.dm': No such file or directory
08-10 17:28:09.607 21898 21898 W ziparchive: Unable to open '/data/app/~~BMBHYSp-viM7mlr7AJMGRA==/dev.agentmirror.app-aUTz4rBK85d_hdOMoH4bBA==/base.dm': No such file or directory
08-10 17:28:10.257 21898 21898 D nativeloader: Configuring clns-7 for other apk /data/app/~~BMBHYSp-viM7mlr7AJMGRA==/dev.agentmirror.app-aUTz4rBK85d_hdOMoH4bBA==/base.apk. target_sdk_version=35, uses_libraries=, library_path=/data/app/~~BMBHYSp-viM7mlr7AJMGRA==/dev.agentmirror.app-aUTz4rBK85d_hdOMoH4bBA==/lib/arm64:/data/app/~~BMBHYSp-viM7mlr7AJMGRA==/dev.agentmirror.app-aUTz4rBK85d_hdOMoH4bBA==/base.apk!/lib/arm64-v8a, permitted_path=/data:/mnt/expand:/data/user/28/dev.agentmirror.app
08-10 17:28:10.258 21898 21898 D CompatChangeReporter: Compat change id reported: 202956589; UID 2810207; state: ENABLED
08-10 17:28:10.377 21898 21898 V GraphicsEnvironment: Currently set values for:
08-10 17:28:10.377 21898 21898 V GraphicsEnvironment:   angle_gl_driver_selection_pkgs=[]
08-10 17:28:10.377 21898 21898 V GraphicsEnvironment:   angle_gl_driver_selection_values=[]
08-10 17:28:10.377 21898 21898 V GraphicsEnvironment: Global.Settings values are invalid: number of packages: 0, number of values: 0
08-10 17:28:10.377 21898 21898 V GraphicsEnvironment: Neither updatable production driver nor prerelease driver is supported.
08-10 17:28:10.429 21898 21898 D CompatChangeReporter: Compat change id reported: 279646685; UID 2810207; state: ENABLED
08-10 17:28:10.797 21898 21898 D CompatChangeReporter: Compat change id reported: 309578419; UID 2810207; state: ENABLED
08-10 17:28:10.999 21898 21898 W HWUI    : Unknown dataspace 0
08-10 17:28:11.012 21898 22144 D nativeloader: Load /data/app/~~BMBHYSp-viM7mlr7AJMGRA==/dev.agentmirror.app-aUTz4rBK85d_hdOMoH4bBA==/base.apk!/lib/arm64-v8a/libgojni.so using ns clns-7 from class loader (caller=/data/app/~~BMBHYSp-viM7mlr7AJMGRA==/dev.agentmirror.app-aUTz4rBK85d_hdOMoH4bBA==/base.apk!classes10.dex): ok
08-10 17:28:11.180 21898 21898 I Choreographer: Skipped 43 frames!  The application may be doing too much work on its main thread.
08-10 17:28:11.238 21898 22144 I GoLog   : tsnet running state path /data/user/28/dev.agentmirror.app/files/tsnet/node-762a4ba8065fc59f32d0103a0a90a53b3766c85cfe1b8342a03ee19adc700d56/tailscaled.state
08-10 17:28:11.249 21898 22144 I GoLog   : tsnet starting with hostname "agentmirror-sdk-gphone64-arm64", varRoot "/data/user/28/dev.agentmirror.app/files/tsnet/node-762a4ba8065fc59f32d0103a0a90a53b3766c85cfe1b8342a03ee19adc700d56"
08-10 17:28:11.263 21898 22144 I GoLog   : LocalBackend state is NeedsLogin; running StartLoginInteractive...
08-10 17:28:11.799 21898 21898 W agentmirror.app: Accessing hidden method Landroid/os/SystemProperties;->addChangeCallback(Ljava/lang/Runnable;)V (unsupported, reflection, allowed)
08-10 17:28:12.073 21898 22055 I EGL_emulation: Opening libGLESv1_CM_emulation.so
08-10 17:28:12.073 21898 22055 I EGL_emulation: Opening libGLESv2_emulation.so
08-10 17:28:12.081 21898 22055 W HWUI    : Failed to choose config with EGL_SWAP_BEHAVIOR_PRESERVED, retrying without...
08-10 17:28:12.081 21898 22055 W HWUI    : Failed to initialize 101010-2 format, error = EGL_SUCCESS
08-10 17:28:12.128 21898 22055 I Gralloc4: mapper 4.x is not supported
08-10 17:28:12.189 21898 22158 E GoLog   : s_glBindAttribLocation: bind attrib 0 name inPosition
08-10 17:28:12.189 21898 22158 E GoLog   : s_glBindAttribLocation: bind attrib 1 name inColor
08-10 17:28:12.189 21898 22158 E GoLog   : s_glBindAttribLocation: bind attrib 2 name inCircleEdge
08-10 17:28:12.202 21898 22158 E GoLog   : s_glBindAttribLocation: bind attrib 0 name inPosition
08-10 17:28:12.202 21898 22158 E GoLog   : s_glBindAttribLocation: bind attrib 1 name inColor
08-10 17:28:12.202 21898 22158 E GoLog   : s_glBindAttribLocation: bind attrib 2 name inCircleEdge
08-10 17:28:12.202 21898 22158 E GoLog   : s_glBindAttribLocation: bind attrib 3 name inClipPlane
08-10 17:28:12.202 21898 22158 E GoLog   : s_glBindAttribLocation: bind attrib 4 name inIsectPlane
08-10 17:28:12.202 21898 22158 E GoLog   : s_glBindAttribLocation: bind attrib 5 name inRoundCapCenters
08-10 17:28:12.205 21898 22158 E GoLog   : s_glBindAttribLocation: bind attrib 0 name inPosition
08-10 17:28:12.207 21898 22158 E GoLog   : s_glBindAttribLocation: bind attrib 1 name inColor
08-10 17:28:12.207 21898 22158 E GoLog   : s_glBindAttribLocation: bind attrib 2 name inTextureCoords
08-10 17:28:12.236 21898 21951 I HWUI    : Davey! duration=1781ms; Flags=1, FrameTimelineVsyncId=963363, IntendedVsync=65972029376653, Vsync=65972746043291, InputEventId=0, HandleInputStart=65972762372874, AnimationStart=65972762376332, PerformTraversalsStart=65972762462165, DrawStart=65973736859249, FrameDeadline=65972046043319, FrameInterval=65972761615207, FrameStartTime=16666666, SyncQueued=65973746797958, SyncStart=65973749427249, IssueDrawCommandsStart=65973753525958, SwapBuffers=65973790142541, FrameCompleted=65973813632749, DequeueBufferDuration=3166, QueueBufferDuration=346208, GpuCompleted=65973813632749, SwapBuffersCompleted=65973794922833, DisplayPresentTime=72904454231359566, CommandSubmissionCompleted=65973790142541, 
08-10 17:28:12.254 21898 21898 I Choreographer: Skipped 55 frames!  The application may be doing too much work on its main thread.
--------- beginning of system
08-10 17:28:12.310 21898 21898 I ActivityThread: ApplicationInfo updating for dev.agentmirror.app, new timestamp: 65973882
08-10 17:28:12.310 21898 21898 I ActivityThread: assets removed: []
08-10 17:28:12.310 21898 21898 I ActivityThread: assets added: [/data/resource-cache/com.android.systemui-neutral-2snC.frro, /data/resource-cache/com.android.systemui-accent-RAIk.frro, /data/resource-cache/com.android.systemui-dynamic-xLyJ.frro]
08-10 17:28:12.671 21898 21936 I agentmirror.app: Compiler allocated 5250KB to compile void android.view.ViewRootImpl.performTraversals()
08-10 17:28:16.442 21898 23464 D ProfileInstaller: Installing profile for dev.agentmirror.app


## app-install.log
Performing Streamed Install
Success


## app-restore.log
Performing Streamed Install
Success

