fresh_at: 2026-08-25 Asia/Singapore
fresh_at: 2026-08-25 Asia/Singapore
command: sh -n .team/ledgers/acceptance/baseline-bundle-*.sh
rc=0 .team/ledgers/acceptance/baseline-bundle-bypass-probes.sh
rc=0 .team/ledgers/acceptance/baseline-bundle-final.sh
rc=0 .team/ledgers/acceptance/baseline-bundle-impl.sh
rc=0 .team/ledgers/acceptance/baseline-bundle-measure.sh
rc=0 .team/ledgers/acceptance/baseline-bundle-migrate.sh
rc=0 .team/ledgers/acceptance/baseline-bundle-probe.sh
rc=0 .team/ledgers/acceptance/baseline-bundle-real-chain-probe.sh
rc=0 .team/ledgers/acceptance/baseline-bundle-repro.sh
rc=0 .team/ledgers/acceptance/baseline-bundle-test.sh
rc=0 .team/ledgers/acceptance/baseline-bundle-user-gate.sh
rc=0 .team/ledgers/acceptance/baseline-bundle-verify.sh
aggregate_exit_code: 0
fresh_at: 2026-08-25 Asia/Singapore
command: shellcheck -s sh .team/ledgers/acceptance/baseline-bundle-*.sh
exit_code: 0
impl_python_exit_code: 0
measure_python_exit_code: 0
