fresh_at: 2026-08-25 Asia/Singapore
authorized package status:
?? .team/ledgers/acceptance/baseline-bundle-bypass-probes.sh
?? .team/ledgers/acceptance/baseline-bundle-final.sh
?? .team/ledgers/acceptance/baseline-bundle-impl.sh
?? .team/ledgers/acceptance/baseline-bundle-measure.sh
?? .team/ledgers/acceptance/baseline-bundle-migrate.sh
?? .team/ledgers/acceptance/baseline-bundle-probe.sh
?? .team/ledgers/acceptance/baseline-bundle-real-chain-probe.sh
?? .team/ledgers/acceptance/baseline-bundle-repro.sh
?? .team/ledgers/acceptance/baseline-bundle-test.sh
?? .team/ledgers/acceptance/baseline-bundle-user-gate.sh
?? .team/ledgers/acceptance/baseline-bundle-verify.sh
?? .team/ledgers/baseline-bundle-v1.json
?? .team/ledgers/src/baseline-bundle-v1.py
?? .team/nodes/spec-sol/baseline-bundle/
product scope status (pre-existing server binary modification preserved; no App/tools changes):
 M server/agentmirrord-night-4120c0884
source/json sha256:
985cbba1e37ed26be2d875963489356521e70aec354460ab2f89d681b7e9d1e9  .team/ledgers/src/baseline-bundle-v1.py
f03eb469071580d1a64fc3f8d8949f74e88b436af903ae5f4aea97c879671b0a  .team/ledgers/baseline-bundle-v1.json
