## headscale-configtest.log


## headscale.stderr


## headscale-cli.stderr


## sandbox-check.log


## go-build.log


## daemon.stderr
time=2026-08-10T16:47:03.503+08:00 level=INFO msg="single-instance guard acquired" pidfile=TASK_TMP/daemon-state/agentmirrord.pid
time=2026-08-10T16:47:03.504+08:00 level=INFO msg="pairing token source=explicit"
time=2026-08-10T16:47:03.504+08:00 level=INFO msg="agentmirrord starting" listen=127.0.0.1:43920 qr_listen="" token_source=explicit upload_dir="" max_upload_mib=20 list_interval=2s
time=2026-08-10T16:47:03.504+08:00 level=INFO msg="tailnet 已启用" hostname=MacBook-Pro.local state_dir=TASK_TMP/daemon-state/tsnet
time=2026-08-10T16:47:03.504+08:00 level=INFO msg="tailnet 入网中（等待 Tailscale 控制面握手）…"
2026/08/10 16:47:03 tsnet running state path TASK_TMP/daemon-state/tsnet/tailscaled.state
2026/08/10 16:47:03 tsnet starting with hostname "MacBook-Pro.local", varRoot "TASK_TMP/daemon-state/tsnet"
2026/08/10 16:47:03 LocalBackend state is NeedsLogin; running StartLoginInteractive...
2026/08/10 16:47:03 AuthLoop: state is Starting; done
time=2026-08-10T16:47:06.658+08:00 level=INFO msg="tailnet 已入网" ip=100.64.0.1
time=2026-08-10T16:49:40.146+08:00 level=INFO msg="shutting down"


## android-start-user.log
Success: user started


## android-switch-user.log


## android-data-init.log
Starting: Intent { cmp=dev.agentmirror.app/.MainActivity }


## android-device-ready.log
[exec] wake emulator device=emulator-5554 key=KEYCODE_WAKEUP
[exec] dismiss keyguard device=emulator-5554 user=25
[policy] camera=no foreground_mouse=no window_targeting=no
[state] wakefulness=Awake user_state=RUNNING_UNLOCKED


## android-app-start.log
Starting: Intent { cmp=dev.agentmirror.app/.MainActivity }


## pairing-injection.log
method=adb_private_store_stdin
secret_transport=stdin
temporary_android_user=yes
app_private_store_owner_verified=yes
app_private_store_context_verified=yes
production_keystore_migration_required=yes
camera_used=no
foreground_mouse_used=no
window_targeting_used=no
daemon_auth_bypassed=no
security_rationale=temporary app-private store only; production Keystore migration, daemon token auth, and real tsnet join remain mandatory


## app-logcat-redacted.log
--------- beginning of main
08-10 16:47:29.728 11607 11607 I agentmirror.app: Late-enabling -Xcheck:jni
08-10 16:47:29.759 11607 11607 I agentmirror.app: Using CollectorTypeCMC GC.
08-10 16:47:29.784 11607 11607 D nativeloader: Load libframework-connectivity-tiramisu-jni.so using APEX ns com_android_tethering for caller /apex/com.android.tethering/javalib/framework-connectivity-t.jar: ok
08-10 16:47:29.862 11607 11607 D nativeloader: Load libstats_jni.so using APEX ns com_android_os_statsd for caller /apex/com.android.os.statsd/javalib/framework-statsd.jar: ok
08-10 16:47:29.892 11607 11607 D ApplicationLoaders: Returning zygote-cached class loader: /system_ext/framework/androidx.window.extensions.jar
08-10 16:47:29.895 11607 11607 D ApplicationLoaders: Returning zygote-cached class loader: /system_ext/framework/androidx.window.sidecar.jar
08-10 16:47:29.903 11607 11607 W ziparchive: Unable to open '/data/app/~~_Qb2iN1ljRZ7IgEr7iwU0g==/dev.agentmirror.app-R4GPZc1N52VvcXHjRFuQtA==/base.dm': No such file or directory
08-10 16:47:29.903 11607 11607 W ziparchive: Unable to open '/data/app/~~_Qb2iN1ljRZ7IgEr7iwU0g==/dev.agentmirror.app-R4GPZc1N52VvcXHjRFuQtA==/base.dm': No such file or directory
08-10 16:47:30.389 11607 11607 D nativeloader: Configuring clns-7 for other apk /data/app/~~_Qb2iN1ljRZ7IgEr7iwU0g==/dev.agentmirror.app-R4GPZc1N52VvcXHjRFuQtA==/base.apk. target_sdk_version=35, uses_libraries=, library_path=/data/app/~~_Qb2iN1ljRZ7IgEr7iwU0g==/dev.agentmirror.app-R4GPZc1N52VvcXHjRFuQtA==/lib/arm64:/data/app/~~_Qb2iN1ljRZ7IgEr7iwU0g==/dev.agentmirror.app-R4GPZc1N52VvcXHjRFuQtA==/base.apk!/lib/arm64-v8a, permitted_path=/data:/mnt/expand:/data/user/25/dev.agentmirror.app
08-10 16:47:30.390 11607 11607 D CompatChangeReporter: Compat change id reported: 202956589; UID 2510207; state: ENABLED
08-10 16:47:30.396 11607 11607 V GraphicsEnvironment: Currently set values for:
08-10 16:47:30.396 11607 11607 V GraphicsEnvironment:   angle_gl_driver_selection_pkgs=[]
08-10 16:47:30.396 11607 11607 V GraphicsEnvironment:   angle_gl_driver_selection_values=[]
08-10 16:47:30.396 11607 11607 V GraphicsEnvironment: Global.Settings values are invalid: number of packages: 0, number of values: 0
08-10 16:47:30.396 11607 11607 V GraphicsEnvironment: Neither updatable production driver nor prerelease driver is supported.
08-10 16:47:30.412 11607 11607 D CompatChangeReporter: Compat change id reported: 279646685; UID 2510207; state: ENABLED
08-10 16:47:30.620 11607 11607 D CompatChangeReporter: Compat change id reported: 309578419; UID 2510207; state: ENABLED
08-10 16:47:30.814 11607 11607 W HWUI    : Unknown dataspace 0
08-10 16:47:30.839 11607 11797 D nativeloader: Load /data/app/~~_Qb2iN1ljRZ7IgEr7iwU0g==/dev.agentmirror.app-R4GPZc1N52VvcXHjRFuQtA==/base.apk!/lib/arm64-v8a/libgojni.so using ns clns-7 from class loader (caller=/data/app/~~_Qb2iN1ljRZ7IgEr7iwU0g==/dev.agentmirror.app-R4GPZc1N52VvcXHjRFuQtA==/base.apk!classes10.dex): ok
08-10 16:47:31.011 11607 11797 I GoLog   : tsnet running state path /data/user/25/dev.agentmirror.app/files/tsnet/tailscaled.state
08-10 16:47:31.017 11607 11797 I GoLog   : tsnet starting with hostname "agentmirror-sdk-gphone64-arm64", varRoot "/data/user/25/dev.agentmirror.app/files/tsnet"
08-10 16:47:31.021 11607 11797 I GoLog   : LocalBackend state is NeedsLogin; running StartLoginInteractive...
08-10 16:47:31.479 11607 11607 W agentmirror.app: Accessing hidden method Landroid/os/SystemProperties;->addChangeCallback(Ljava/lang/Runnable;)V (unsupported, reflection, allowed)
08-10 16:47:31.843 11607 11743 I EGL_emulation: Opening libGLESv1_CM_emulation.so
08-10 16:47:31.844 11607 11743 I EGL_emulation: Opening libGLESv2_emulation.so
08-10 16:47:31.848 11607 11743 W HWUI    : Failed to choose config with EGL_SWAP_BEHAVIOR_PRESERVED, retrying without...
08-10 16:47:31.848 11607 11743 W HWUI    : Failed to initialize 101010-2 format, error = EGL_SUCCESS
08-10 16:47:31.886 11607 11743 I Gralloc4: mapper 4.x is not supported
08-10 16:47:31.966 11607 11860 E GoLog   : s_glBindAttribLocation: bind attrib 0 name inPosition
08-10 16:47:31.966 11607 11860 E GoLog   : s_glBindAttribLocation: bind attrib 1 name inColor
08-10 16:47:31.966 11607 11860 E GoLog   : s_glBindAttribLocation: bind attrib 2 name inCircleEdge
08-10 16:47:31.972 11607 11860 E GoLog   : s_glBindAttribLocation: bind attrib 0 name inPosition
08-10 16:47:31.972 11607 11860 E GoLog   : s_glBindAttribLocation: bind attrib 1 name inColor
08-10 16:47:31.972 11607 11860 E GoLog   : s_glBindAttribLocation: bind attrib 2 name inCircleEdge
08-10 16:47:31.972 11607 11860 E GoLog   : s_glBindAttribLocation: bind attrib 3 name inClipPlane
08-10 16:47:31.972 11607 11860 E GoLog   : s_glBindAttribLocation: bind attrib 4 name inIsectPlane
08-10 16:47:31.972 11607 11860 E GoLog   : s_glBindAttribLocation: bind attrib 5 name inRoundCapCenters
08-10 16:47:31.983 11607 11860 E GoLog   : s_glBindAttribLocation: bind attrib 0 name inPosition
08-10 16:47:31.983 11607 11860 E GoLog   : s_glBindAttribLocation: bind attrib 1 name inColor
08-10 16:47:31.983 11607 11860 E GoLog   : s_glBindAttribLocation: bind attrib 2 name inTextureCoords
08-10 16:47:31.994 11607 11620 I agentmirror.app: Compiler allocated 5250KB to compile void android.view.ViewRootImpl.performTraversals()
08-10 16:47:32.007 11607 11633 I HWUI    : Davey! duration=1163ms; Flags=1, FrameTimelineVsyncId=950367, IntendedVsync=63532412807571, Vsync=63532412807571, InputEventId=0, HandleInputStart=63532417818252, AnimationStart=63532417821835, PerformTraversalsStart=63532417822960, DrawStart=63533491105211, FrameDeadline=63532429474237, FrameInterval=63532417803585, FrameStartTime=16666666, SyncQueued=63533495562044, SyncStart=63533496687711, IssueDrawCommandsStart=63533502465336, SwapBuffers=63533567822002, FrameCompleted=63533576972211, DequeueBufferDuration=2334, QueueBufferDuration=158458, GpuCompleted=63533576908086, SwapBuffersCompleted=63533576972211, DisplayPresentTime=72904454231359566, CommandSubmissionCompleted=63533567822002, 
08-10 16:47:32.025 11607 11607 I Choreographer: Skipped 65 frames!  The application may be doing too much work on its main thread.
08-10 16:47:32.050 11607 11860 E GoLog   : s_glBindAttribLocation: bind attrib 0 name inPosition
08-10 16:47:32.052 11607 11860 E GoLog   : s_glBindAttribLocation: bind attrib 1 name inColor
08-10 16:47:32.060 11607 11860 E GoLog   : s_glBindAttribLocation: bind attrib 2 name inCircleEdge
08-10 16:47:32.060 11607 11860 E GoLog   : s_glBindAttribLocation: bind attrib 3 name inClipPlane
08-10 16:47:32.060 11607 11860 E GoLog   : s_glBindAttribLocation: bind attrib 4 name inUnionPlane
08-10 16:47:32.060 11607 11860 E GoLog   : s_glBindAttribLocation: bind attrib 5 name inRoundCapCenters
08-10 16:47:32.215 11607 11633 I HWUI    : Davey! duration=1276ms; Flags=0, FrameTimelineVsyncId=950412, IntendedVsync=63532512807567, Vsync=63533596140857, InputEventId=0, HandleInputStart=63533607239211, AnimationStart=63533607241294, PerformTraversalsStart=63533612949586, DrawStart=63533615038961, FrameDeadline=63533596140857, FrameInterval=63533606578211, FrameStartTime=16666666, SyncQueued=63533622687836, SyncStart=63533622709211, IssueDrawCommandsStart=63533622743377, SwapBuffers=63533649808252, FrameCompleted=63533788889127, DequeueBufferDuration=2334, QueueBufferDuration=199833, GpuCompleted=63533788752169, SwapBuffersCompleted=63533788889127, DisplayPresentTime=144115222452437076, CommandSubmissionCompleted=63533649808252, 
08-10 16:47:36.402 11607 12622 D ProfileInstaller: Installing profile for dev.agentmirror.app
08-10 16:48:36.032 11607 13544 D TrafficStats: tagSocket(105) with statsTag=0xffffffff, statsUid=-1


## app-install.log
Performing Streamed Install
Success


## app-restore.log
Performing Streamed Install
Success

