Starting a Gradle Daemon, 1 busy Daemon could not be reused, use --status for details
> Task :app:preBuild UP-TO-DATE
> Task :corral-core:core-terminal:checkKotlinGradlePluginConfigurationErrors SKIPPED
> Task :app:preDebugBuild UP-TO-DATE
> Task :app:mergeDebugNativeDebugMetadata NO-SOURCE
> Task :app:checkKotlinGradlePluginConfigurationErrors SKIPPED
> Task :app:checkDebugAarMetadata UP-TO-DATE
> Task :corral-core:core-terminal:compileKotlin UP-TO-DATE
> Task :corral-core:core-terminal:compileJava NO-SOURCE
> Task :corral-core:terminal:checkKotlinGradlePluginConfigurationErrors SKIPPED
> Task :corral-core:terminal:compileKotlin NO-SOURCE
> Task :corral-core:terminal:compileJava NO-SOURCE
> Task :app:processDebugNavigationResources UP-TO-DATE
> Task :corral-core:terminal:processResources NO-SOURCE
> Task :app:compileDebugNavigationResources UP-TO-DATE
> Task :corral-core:terminal:classes UP-TO-DATE
> Task :app:generateDebugResValues UP-TO-DATE
> Task :corral-core:terminal:jar UP-TO-DATE
> Task :corral-core:core-terminal:processResources NO-SOURCE
> Task :corral-core:core-terminal:classes UP-TO-DATE
> Task :corral-core:core-terminal:jar UP-TO-DATE
> Task :corral-core:core-conn:checkKotlinGradlePluginConfigurationErrors SKIPPED
> Task :corral-core:core-protocol:checkKotlinGradlePluginConfigurationErrors SKIPPED
> Task :app:mapDebugSourceSetPaths UP-TO-DATE
> Task :app:generateDebugResources UP-TO-DATE
> Task :corral-core:core-protocol:compileKotlin UP-TO-DATE
> Task :corral-core:core-protocol:compileJava NO-SOURCE
> Task :app:mergeDebugResources UP-TO-DATE
> Task :app:packageDebugResources UP-TO-DATE
> Task :app:parseDebugLocalResources UP-TO-DATE
> Task :app:createDebugCompatibleScreenManifests UP-TO-DATE
> Task :corral-core:core-conn:compileKotlin UP-TO-DATE
> Task :app:extractDeepLinksDebug UP-TO-DATE
> Task :corral-core:core-conn:compileJava NO-SOURCE
> Task :corral-core:core-conn:processResources NO-SOURCE
> Task :corral-core:core-conn:classes UP-TO-DATE
> Task :corral-core:core-conn:jar UP-TO-DATE
> Task :corral-core:core-protocol:processResources NO-SOURCE
> Task :corral-core:core-protocol:classes UP-TO-DATE
> Task :corral-core:core-protocol:jar UP-TO-DATE
> Task :app:processDebugMainManifest UP-TO-DATE
> Task :app:processDebugManifest UP-TO-DATE
> Task :app:processDebugManifestForPackage UP-TO-DATE
> Task :app:processDebugResources UP-TO-DATE
> Task :app:compileDebugKotlin UP-TO-DATE
> Task :app:javaPreCompileDebug UP-TO-DATE
> Task :app:compileDebugJavaWithJavac NO-SOURCE
> Task :app:mergeDebugShaders UP-TO-DATE
> Task :app:compileDebugShaders NO-SOURCE
> Task :app:generateDebugAssets UP-TO-DATE
> Task :app:mergeDebugAssets UP-TO-DATE
> Task :app:compressDebugAssets UP-TO-DATE
> Task :app:desugarDebugFileDependencies UP-TO-DATE
> Task :app:dexBuilderDebug UP-TO-DATE
> Task :app:mergeDebugGlobalSynthetics UP-TO-DATE
> Task :app:processDebugJavaRes UP-TO-DATE
> Task :app:mergeDebugJavaResource UP-TO-DATE
> Task :app:checkDebugDuplicateClasses UP-TO-DATE
> Task :app:mergeExtDexDebug UP-TO-DATE
> Task :app:mergeLibDexDebug UP-TO-DATE
> Task :app:mergeProjectDexDebug UP-TO-DATE
> Task :app:mergeDebugJniLibFolders UP-TO-DATE
> Task :app:mergeDebugNativeLibs UP-TO-DATE
> Task :app:stripDebugDebugSymbols UP-TO-DATE
> Task :app:validateSigningDebug UP-TO-DATE
> Task :app:writeDebugAppMetadata UP-TO-DATE
> Task :app:writeDebugSigningConfigVersions UP-TO-DATE
> Task :app:packageDebug UP-TO-DATE
> Task :app:createDebugApkListingFileRedirect UP-TO-DATE
> Task :app:assembleDebug UP-TO-DATE

BUILD SUCCESSFUL in 10s
44 actionable tasks: 44 up-to-date
