Night mode: no
Starting: Intent { cmp=dev.agentmirror.app/.MainActivity }
Status: ok
LaunchState: COLD
Activity: dev.agentmirror.app/.MainActivity
TotalTime: 6215
WaitTime: 6222
Complete
Night mode: yes
Night mode: no
Starting: Intent { cmp=dev.agentmirror.app/.MainActivity }
Status: ok
LaunchState: COLD
Activity: dev.agentmirror.app/.MainActivity
TotalTime: 6998
WaitTime: 7004
Complete
Night mode: yes
DENSITY 480 TOKEN_LIGHT term-theme-light source=app-theme
TERM_BG_LIGHT (247, 248, 251) luma 248 dist_paper 0 dist_ansi0 41 paperLuma 248 ansi0Luma 233 pad (24, 329) view (12, 305, 1248, 2404)
DENSITY 480 TOKEN_DARK term-theme-dark source=app-theme TERM_BG_DARK (10, 17, 32) luma 16
SHOT /Volumes/nvme/Projects/远程Agent安卓/.team/nodes/vz-bg/shot-d480-dark.png
DENSITY 440 TOKEN_LIGHT term-theme-light source=app-theme
TERM_BG_LIGHT (247, 248, 251) luma 248 dist_paper 0 dist_ansi0 41 paperLuma 248 ansi0Luma 233 pad (23, 315) view (11, 291, 1249, 2435)
DENSITY 440 TOKEN_DARK term-theme-dark source=app-theme TERM_BG_DARK (10, 17, 32) luma 16
SHOT /Volumes/nvme/Projects/远程Agent安卓/.team/nodes/vz-bg/shot-d440-dark.png
PASS t.bg densities [(480, (247, 248, 251), (10, 17, 32), 'term-theme-light source=app-theme', 'term-theme-dark source=app-theme'), (440, (247, 248, 251), (10, 17, 32), 'term-theme-light source=app-theme', 'term-theme-dark source=app-theme')]
PASS ui-check.sh
