ok  	github.com/agentmirror/agentmirror/cmd/agentmirrord	(cached)
2026/08/22 01:34:05 INFO proctree: ps ps_ms=46
2026/08/22 01:34:05 INFO proctree: ps ps_ms=47
--- FAIL: TestConnectedIdleEconomyScopedDiscoveryConsumesOnlyExplicitDirs (0.52s)
    connected_idle_economy_test.go:154: scoped model = [], want exactly one pane
2026/08/22 01:34:25 INFO proctree: ps ps_ms=48
2026/08/22 01:34:25 INFO proctree: ps ps_ms=49
2026/08/22 01:34:27 INFO proctree: ps ps_ms=49
2026/08/22 01:34:27 INFO proctree: ps ps_ms=50
2026/08/22 01:34:27 INFO proctree: ps ps_ms=47
2026/08/22 01:34:47 INFO proctree: ps ps_ms=49
2026/08/22 01:34:47 INFO proctree: ps ps_ms=47
2026/08/22 01:34:48 INFO proctree: ps ps_ms=51
2026/08/22 01:34:48 INFO proctree: ps ps_ms=56
2026/08/22 01:34:48 INFO proctree: ps ps_ms=58
2026/08/22 01:34:49 INFO proctree: ps ps_ms=51
2026/08/22 01:34:49 INFO proctree: ps ps_ms=51
2026/08/22 01:34:49 INFO proctree: ps ps_ms=51
2026/08/22 01:34:50 INFO proctree: ps ps_ms=51
2026/08/22 01:34:50 INFO proctree: ps ps_ms=49
FAIL
FAIL	github.com/agentmirror/agentmirror/internal/api	47.050s
--- FAIL: TestInjectAfterPreviewWaitsExactRemaining (2.09s)
    inject_attachment_test.go:383: InjectAfterPreview with remaining=400ms took 2.092329375s, want well under the full 2s PasteSettleDelay
FAIL
FAIL	github.com/agentmirror/agentmirror/internal/bridge	25.307s
ok  	github.com/agentmirror/agentmirror/internal/config	(cached)
ok  	github.com/agentmirror/agentmirror/internal/discovery	1.995s
ok  	github.com/agentmirror/agentmirror/internal/overlay	1.402s
ok  	github.com/agentmirror/agentmirror/internal/pairing	(cached)
ok  	github.com/agentmirror/agentmirror/internal/protocol	(cached)
ok  	github.com/agentmirror/agentmirror/internal/provider	(cached)
ok  	github.com/agentmirror/agentmirror/internal/tsnetd	(cached)
FAIL
